2025-12-15 00:29:46,887 [INFO] WebApp:194 - Connection lost
2025-12-15 00:29:46,929 [ERROR] LogOutputStream:75 - [STDERR_REDIRECT] [Fatal Error] :1:1: Premature end of file.
2025-12-15 00:29:46,929 [ERROR] LogOutputStream:75 - [STDERR_REDIRECT] 
2025-12-15 00:29:46,973 [ERROR] LogOutputStream:75 - [STDERR_REDIRECT] [Fatal Error] :1:1: Premature end of file.
2025-12-15 00:29:46,973 [ERROR] LogOutputStream:75 - [STDERR_REDIRECT] 
2025-12-15 00:29:47,002 [ERROR] LogOutputStream:75 - [STDERR_REDIRECT] [Fatal Error] :1:1: Premature end of file.
2025-12-15 00:29:47,002 [ERROR] LogOutputStream:75 - [STDERR_REDIRECT] 
2025-12-15 00:29:47,020 [ERROR] LogOutputStream:75 - [STDERR_REDIRECT] [Fatal Error] :1:1: Premature end of file.
2025-12-15 00:29:47,020 [ERROR] LogOutputStream:75 - [STDERR_REDIRECT] 
2025-12-15 00:29:47,042 [ERROR] LogOutputStream:75 - [STDERR_REDIRECT] [Fatal Error] :1:1: Premature end of file.
2025-12-15 00:29:47,042 [ERROR] LogOutputStream:75 - [STDERR_REDIRECT] 
2025-12-15 00:29:47,083 [INFO] WebApp:191 - Connection restablished
2025-12-15 00:29:47,087 [ERROR] LogOutputStream:75 - [STDERR_REDIRECT] [Fatal Error] :1:1: Premature end of file.
2025-12-15 00:29:47,087 [ERROR] LogOutputStream:75 - [STDERR_REDIRECT] 
2025-12-15 00:29:47,202 [ERROR] LogOutputStream:75 - [STDERR_REDIRECT] [Fatal Error] :1:1: Premature end of file.
2025-12-15 00:29:47,202 [ERROR] LogOutputStream:75 - [STDERR_REDIRECT] 
2025-12-15 00:29:47,265 [ERROR] LogOutputStream:75 - [STDERR_REDIRECT] [Fatal Error] :1:1: Premature end of file.
2025-12-15 00:29:47,265 [ERROR] LogOutputStream:75 - [STDERR_REDIRECT] 
2025-12-15 00:29:47,317 [ERROR] LogOutputStream:75 - [STDERR_REDIRECT] [Fatal Error] :1:1: Premature end of file.
2025-12-15 00:29:47,317 [ERROR] LogOutputStream:75 - [STDERR_REDIRECT] 
2025-12-15 00:29:47,374 [ERROR] LogOutputStream:75 - [STDERR_REDIRECT] [Fatal Error] :1:1: Premature end of file.
2025-12-15 00:29:47,374 [ERROR] LogOutputStream:75 - [STDERR_REDIRECT] 
2025-12-15 00:29:47,414 [ERROR] LogOutputStream:75 - [STDERR_REDIRECT] [Fatal Error] :1:1: Premature end of file.
2025-12-15 00:29:47,414 [ERROR] LogOutputStream:75 - [STDERR_REDIRECT] 
2025-12-15 00:29:47,444 [ERROR] LogOutputStream:75 - [STDERR_REDIRECT] [Fatal Error] :1:1: Premature end of file.
2025-12-15 00:29:47,444 [ERROR] LogOutputStream:75 - [STDERR_REDIRECT] 
2025-12-15 00:29:47,469 [ERROR] LogOutputStream:75 - [STDERR_REDIRECT] [Fatal Error] :1:1: Premature end of file.
2025-12-15 00:29:47,469 [ERROR] LogOutputStream:75 - [STDERR_REDIRECT] 
2025-12-15 00:29:47,510 [ERROR] LogOutputStream:75 - [STDERR_REDIRECT] [Fatal Error] :1:1: Premature end of file.
2025-12-15 00:29:47,511 [ERROR] LogOutputStream:75 - [STDERR_REDIRECT] 
2025-12-15 00:29:47,535 [ERROR] LogOutputStream:75 - [STDERR_REDIRECT] [Fatal Error] :1:1: Premature end of file.
2025-12-15 00:29:47,535 [ERROR] LogOutputStream:75 - [STDERR_REDIRECT] 
2025-12-15 00:29:47,564 [ERROR] LogOutputStream:75 - [STDERR_REDIRECT] [Fatal Error] :1:1: Premature end of file.
2025-12-15 00:29:47,564 [ERROR] LogOutputStream:75 - [STDERR_REDIRECT] 
2025-12-15 00:29:47,596 [ERROR] LogOutputStream:75 - [STDERR_REDIRECT] [Fatal Error] :1:1: Premature end of file.
2025-12-15 00:29:47,598 [ERROR] LogOutputStream:75 - [STDERR_REDIRECT] 
2025-12-15 00:29:47,637 [ERROR] LogOutputStream:75 - [STDERR_REDIRECT] [Fatal Error] :1:1: Premature end of file.
2025-12-15 00:29:47,637 [ERROR] LogOutputStream:75 - [STDERR_REDIRECT] 
2025-12-15 00:29:47,701 [ERROR] LogOutputStream:75 - [STDERR_REDIRECT] [Fatal Error] :1:1: Premature end of file.
2025-12-15 00:29:47,701 [ERROR] LogOutputStream:75 - [STDERR_REDIRECT] 
2025-12-15 00:29:47,739 [ERROR] LogOutputStream:75 - [STDERR_REDIRECT] [Fatal Error] :1:1: Premature end of file.
2025-12-15 00:29:47,739 [ERROR] LogOutputStream:75 - [STDERR_REDIRECT] 
2025-12-15 00:29:47,766 [ERROR] LogOutputStream:75 - [STDERR_REDIRECT] [Fatal Error] :1:1: Premature end of file.
2025-12-15 00:29:47,768 [ERROR] LogOutputStream:75 - [STDERR_REDIRECT] 
2025-12-15 00:29:47,792 [ERROR] LogOutputStream:75 - [STDERR_REDIRECT] [Fatal Error] :1:1: Premature end of file.
2025-12-15 00:29:47,792 [ERROR] LogOutputStream:75 - [STDERR_REDIRECT] 
2025-12-15 00:29:47,818 [ERROR] LogOutputStream:75 - [STDERR_REDIRECT] [Fatal Error] :1:1: Premature end of file.
2025-12-15 00:29:47,818 [ERROR] LogOutputStream:75 - [STDERR_REDIRECT] 
2025-12-15 00:29:47,838 [ERROR] LogOutputStream:75 - [STDERR_REDIRECT] [Fatal Error] :1:1: Premature end of file.
2025-12-15 00:29:47,838 [ERROR] LogOutputStream:75 - [STDERR_REDIRECT] 
2025-12-15 00:29:47,875 [ERROR] LogOutputStream:75 - [STDERR_REDIRECT] [Fatal Error] :1:1: Premature end of file.
2025-12-15 00:29:47,875 [ERROR] LogOutputStream:75 - [STDERR_REDIRECT] 
2025-12-15 00:29:47,959 [ERROR] LogOutputStream:75 - [STDERR_REDIRECT] [Fatal Error] :1:1: Premature end of file.
2025-12-15 00:29:47,959 [ERROR] LogOutputStream:75 - [STDERR_REDIRECT] 
2025-12-15 00:29:48,014 [ERROR] LogOutputStream:75 - [STDERR_REDIRECT] [Fatal Error] :1:1: Premature end of file.
2025-12-15 00:29:48,014 [ERROR] LogOutputStream:75 - [STDERR_REDIRECT] 
2025-12-15 00:29:48,077 [ERROR] LogOutputStream:75 - [STDERR_REDIRECT] [Fatal Error] :1:1: Premature end of file.
2025-12-15 00:29:48,077 [ERROR] LogOutputStream:75 - [STDERR_REDIRECT] 
2025-12-15 00:29:48,116 [ERROR] LogOutputStream:75 - [STDERR_REDIRECT] [Fatal Error] :1:1: Premature end of file.
2025-12-15 00:29:48,116 [ERROR] LogOutputStream:75 - [STDERR_REDIRECT] 
2025-12-15 00:29:48,153 [ERROR] LogOutputStream:75 - [STDERR_REDIRECT] [Fatal Error] :1:1: Premature end of file.
2025-12-15 00:29:48,153 [ERROR] LogOutputStream:75 - [STDERR_REDIRECT] 
2025-12-15 00:29:48,184 [ERROR] LogOutputStream:75 - [STDERR_REDIRECT] [Fatal Error] :1:1: Premature end of file.
2025-12-15 00:29:48,184 [ERROR] LogOutputStream:75 - [STDERR_REDIRECT] 
2025-12-15 00:29:48,218 [ERROR] LogOutputStream:75 - [STDERR_REDIRECT] [Fatal Error] :1:1: Premature end of file.
2025-12-15 00:29:48,218 [ERROR] LogOutputStream:75 - [STDERR_REDIRECT] 
2025-12-15 00:29:48,251 [ERROR] LogOutputStream:75 - [STDERR_REDIRECT] [Fatal Error] :1:1: Premature end of file.
2025-12-15 00:29:48,251 [ERROR] LogOutputStream:75 - [STDERR_REDIRECT] 
2025-12-15 00:29:48,282 [ERROR] LogOutputStream:75 - [STDERR_REDIRECT] [Fatal Error] :1:1: Premature end of file.
2025-12-15 00:29:48,282 [ERROR] LogOutputStream:75 - [STDERR_REDIRECT] 
2025-12-15 00:29:48,322 [ERROR] LogOutputStream:75 - [STDERR_REDIRECT] [Fatal Error] :1:1: Premature end of file.
2025-12-15 00:29:48,322 [ERROR] LogOutputStream:75 - [STDERR_REDIRECT] 
2025-12-15 00:29:48,354 [ERROR] LogOutputStream:75 - [STDERR_REDIRECT] [Fatal Error] :1:1: Premature end of file.
2025-12-15 00:29:48,354 [ERROR] LogOutputStream:75 - [STDERR_REDIRECT] 
2025-12-15 00:29:48,387 [ERROR] LogOutputStream:75 - [STDERR_REDIRECT] [Fatal Error] :1:1: Premature end of file.
2025-12-15 00:29:48,387 [ERROR] LogOutputStream:75 - [STDERR_REDIRECT] 
2025-12-15 00:29:48,426 [ERROR] LogOutputStream:75 - [STDERR_REDIRECT] [Fatal Error] :1:1: Premature end of file.
2025-12-15 00:29:48,426 [ERROR] LogOutputStream:75 - [STDERR_REDIRECT] 
2025-12-15 00:29:48,457 [ERROR] LogOutputStream:75 - [STDERR_REDIRECT] [Fatal Error] :1:1: Premature end of file.
2025-12-15 00:29:48,457 [ERROR] LogOutputStream:75 - [STDERR_REDIRECT] 
2025-12-15 00:29:48,491 [ERROR] LogOutputStream:75 - [STDERR_REDIRECT] [Fatal Error] :1:1: Premature end of file.
2025-12-15 00:29:48,491 [ERROR] LogOutputStream:75 - [STDERR_REDIRECT] 
2025-12-15 00:29:48,529 [ERROR] LogOutputStream:75 - [STDERR_REDIRECT] [Fatal Error] :1:1: Premature end of file.
2025-12-15 00:29:48,529 [ERROR] LogOutputStream:75 - [STDERR_REDIRECT] 
2025-12-15 00:29:48,560 [ERROR] LogOutputStream:75 - [STDERR_REDIRECT] [Fatal Error] :1:1: Premature end of file.
2025-12-15 00:29:48,560 [ERROR] LogOutputStream:75 - [STDERR_REDIRECT] 
2025-12-15 00:29:48,591 [ERROR] LogOutputStream:75 - [STDERR_REDIRECT] [Fatal Error] :1:1: Premature end of file.
2025-12-15 00:29:48,591 [ERROR] LogOutputStream:75 - [STDERR_REDIRECT] 
2025-12-15 00:29:48,629 [ERROR] LogOutputStream:75 - [STDERR_REDIRECT] [Fatal Error] :1:1: Premature end of file.
2025-12-15 00:29:48,629 [ERROR] LogOutputStream:75 - [STDERR_REDIRECT] 
2025-12-15 00:29:48,653 [ERROR] LogOutputStream:75 - [STDERR_REDIRECT] [Fatal Error] :1:1: Premature end of file.
2025-12-15 00:29:48,653 [ERROR] LogOutputStream:75 - [STDERR_REDIRECT] 
2025-12-15 00:29:48,681 [ERROR] LogOutputStream:75 - [STDERR_REDIRECT] [Fatal Error] :1:1: Premature end of file.
2025-12-15 00:29:48,681 [ERROR] LogOutputStream:75 - [STDERR_REDIRECT] 
2025-12-15 00:29:48,703 [ERROR] LogOutputStream:75 - [STDERR_REDIRECT] [Fatal Error] :1:1: Premature end of file.
2025-12-15 00:29:48,703 [ERROR] LogOutputStream:75 - [STDERR_REDIRECT] 
2025-12-15 00:29:48,727 [ERROR] LogOutputStream:75 - [STDERR_REDIRECT] [Fatal Error] :1:1: Premature end of file.
2025-12-15 00:29:48,727 [ERROR] LogOutputStream:75 - [STDERR_REDIRECT] 
2025-12-15 00:29:48,753 [ERROR] LogOutputStream:75 - [STDERR_REDIRECT] [Fatal Error] :1:1: Premature end of file.
2025-12-15 00:29:48,753 [ERROR] LogOutputStream:75 - [STDERR_REDIRECT] 
2025-12-15 00:29:48,774 [ERROR] LogOutputStream:75 - [STDERR_REDIRECT] [Fatal Error] :1:1: Premature end of file.
2025-12-15 00:29:48,775 [ERROR] LogOutputStream:75 - [STDERR_REDIRECT] 
2025-12-15 00:29:48,796 [ERROR] LogOutputStream:75 - [STDERR_REDIRECT] [Fatal Error] :1:1: Premature end of file.
2025-12-15 00:29:48,796 [ERROR] LogOutputStream:75 - [STDERR_REDIRECT] 
2025-12-15 00:29:48,816 [ERROR] LogOutputStream:75 - [STDERR_REDIRECT] [Fatal Error] :1:1: Premature end of file.
2025-12-15 00:29:48,816 [ERROR] LogOutputStream:75 - [STDERR_REDIRECT] 
2025-12-15 00:29:48,837 [ERROR] LogOutputStream:75 - [STDERR_REDIRECT] [Fatal Error] :1:1: Premature end of file.
2025-12-15 00:29:48,837 [ERROR] LogOutputStream:75 - [STDERR_REDIRECT] 
2025-12-15 00:29:48,857 [ERROR] LogOutputStream:75 - [STDERR_REDIRECT] [Fatal Error] :1:1: Premature end of file.
2025-12-15 00:29:48,857 [ERROR] LogOutputStream:75 - [STDERR_REDIRECT] 
2025-12-15 00:29:48,879 [ERROR] LogOutputStream:75 - [STDERR_REDIRECT] [Fatal Error] :1:1: Premature end of file.
2025-12-15 00:29:48,879 [ERROR] LogOutputStream:75 - [STDERR_REDIRECT] 
2025-12-15 00:29:48,903 [ERROR] LogOutputStream:75 - [STDERR_REDIRECT] [Fatal Error] :1:1: Premature end of file.
2025-12-15 00:29:48,903 [ERROR] LogOutputStream:75 - [STDERR_REDIRECT] 
2025-12-15 00:29:48,931 [ERROR] LogOutputStream:75 - [STDERR_REDIRECT] [Fatal Error] :1:1: Premature end of file.
2025-12-15 00:29:48,931 [ERROR] LogOutputStream:75 - [STDERR_REDIRECT] 
2025-12-15 00:29:48,959 [ERROR] LogOutputStream:75 - [STDERR_REDIRECT] [Fatal Error] :1:1: Premature end of file.
2025-12-15 00:29:48,959 [ERROR] LogOutputStream:75 - [STDERR_REDIRECT] 
2025-12-15 00:29:48,984 [ERROR] LogOutputStream:75 - [STDERR_REDIRECT] [Fatal Error] :1:1: Premature end of file.
2025-12-15 00:29:48,984 [ERROR] LogOutputStream:75 - [STDERR_REDIRECT] 
2025-12-15 00:29:49,011 [ERROR] LogOutputStream:75 - [STDERR_REDIRECT] [Fatal Error] :1:1: Premature end of file.
2025-12-15 00:29:49,011 [ERROR] LogOutputStream:75 - [STDERR_REDIRECT] 
2025-12-15 00:29:49,044 [ERROR] LogOutputStream:75 - [STDERR_REDIRECT] [Fatal Error] :1:1: Premature end of file.
2025-12-15 00:29:49,044 [ERROR] LogOutputStream:75 - [STDERR_REDIRECT] 
2025-12-15 00:29:49,079 [ERROR] LogOutputStream:75 - [STDERR_REDIRECT] [Fatal Error] :1:1: Premature end of file.
2025-12-15 00:29:49,079 [ERROR] LogOutputStream:75 - [STDERR_REDIRECT] 
2025-12-15 00:29:49,117 [ERROR] LogOutputStream:75 - [STDERR_REDIRECT] [Fatal Error] :1:1: Premature end of file.
2025-12-15 00:29:49,117 [ERROR] LogOutputStream:75 - [STDERR_REDIRECT] 
2025-12-15 00:29:49,143 [ERROR] LogOutputStream:75 - [STDERR_REDIRECT] [Fatal Error] :1:1: Premature end of file.
2025-12-15 00:29:49,143 [ERROR] LogOutputStream:75 - [STDERR_REDIRECT] 
2025-12-15 00:29:49,165 [ERROR] LogOutputStream:75 - [STDERR_REDIRECT] [Fatal Error] :1:1: Premature end of file.
2025-12-15 00:29:49,165 [ERROR] LogOutputStream:75 - [STDERR_REDIRECT] 
2025-12-15 00:29:49,190 [ERROR] LogOutputStream:75 - [STDERR_REDIRECT] [Fatal Error] :1:1: Premature end of file.
2025-12-15 00:29:49,190 [ERROR] LogOutputStream:75 - [STDERR_REDIRECT] 
2025-12-15 00:29:49,215 [ERROR] LogOutputStream:75 - [STDERR_REDIRECT] [Fatal Error] :1:1: Premature end of file.
2025-12-15 00:29:49,215 [ERROR] LogOutputStream:75 - [STDERR_REDIRECT] 
2025-12-15 00:29:49,235 [ERROR] LogOutputStream:75 - [STDERR_REDIRECT] [Fatal Error] :1:1: Premature end of file.
2025-12-15 00:29:49,235 [ERROR] LogOutputStream:75 - [STDERR_REDIRECT] 
2025-12-15 00:29:49,261 [ERROR] LogOutputStream:75 - [STDERR_REDIRECT] [Fatal Error] :1:1: Premature end of file.
2025-12-15 00:29:49,261 [ERROR] LogOutputStream:75 - [STDERR_REDIRECT] 
2025-12-15 00:29:49,287 [ERROR] LogOutputStream:75 - [STDERR_REDIRECT] [Fatal Error] :1:1: Premature end of file.
2025-12-15 00:29:49,287 [ERROR] LogOutputStream:75 - [STDERR_REDIRECT] 
2025-12-15 00:29:49,313 [ERROR] LogOutputStream:75 - [STDERR_REDIRECT] [Fatal Error] :1:1: Premature end of file.
2025-12-15 00:29:49,313 [ERROR] LogOutputStream:75 - [STDERR_REDIRECT] 
2025-12-15 00:29:49,339 [ERROR] LogOutputStream:75 - [STDERR_REDIRECT] [Fatal Error] :1:1: Premature end of file.
2025-12-15 00:29:49,341 [ERROR] LogOutputStream:75 - [STDERR_REDIRECT] 
2025-12-15 00:29:49,363 [ERROR] LogOutputStream:75 - [STDERR_REDIRECT] [Fatal Error] :1:1: Premature end of file.
2025-12-15 00:29:49,363 [ERROR] LogOutputStream:75 - [STDERR_REDIRECT] 
2025-12-15 00:29:49,386 [ERROR] LogOutputStream:75 - [STDERR_REDIRECT] [Fatal Error] :1:1: Premature end of file.
2025-12-15 00:29:49,386 [ERROR] LogOutputStream:75 - [STDERR_REDIRECT] 
2025-12-15 00:29:49,410 [ERROR] LogOutputStream:75 - [STDERR_REDIRECT] [Fatal Error] :1:1: Premature end of file.
2025-12-15 00:29:49,410 [ERROR] LogOutputStream:75 - [STDERR_REDIRECT] 
2025-12-15 00:29:49,434 [ERROR] LogOutputStream:75 - [STDERR_REDIRECT] [Fatal Error] :1:1: Premature end of file.
2025-12-15 00:29:49,434 [ERROR] LogOutputStream:75 - [STDERR_REDIRECT] 
2025-12-15 00:29:49,462 [ERROR] LogOutputStream:75 - [STDERR_REDIRECT] [Fatal Error] :1:1: Premature end of file.
2025-12-15 00:29:49,462 [ERROR] LogOutputStream:75 - [STDERR_REDIRECT] 
2025-12-15 00:29:49,487 [ERROR] LogOutputStream:75 - [STDERR_REDIRECT] [Fatal Error] :1:1: Premature end of file.
2025-12-15 00:29:49,487 [ERROR] LogOutputStream:75 - [STDERR_REDIRECT] 
2025-12-15 00:29:49,511 [ERROR] LogOutputStream:75 - [STDERR_REDIRECT] [Fatal Error] :1:1: Premature end of file.
2025-12-15 00:29:49,511 [ERROR] LogOutputStream:75 - [STDERR_REDIRECT] 
2025-12-15 00:29:49,532 [ERROR] LogOutputStream:75 - [STDERR_REDIRECT] [Fatal Error] :1:1: Premature end of file.
2025-12-15 00:29:49,532 [ERROR] LogOutputStream:75 - [STDERR_REDIRECT] 
2025-12-15 00:29:49,556 [ERROR] LogOutputStream:75 - [STDERR_REDIRECT] [Fatal Error] :1:1: Premature end of file.
2025-12-15 00:29:49,556 [ERROR] LogOutputStream:75 - [STDERR_REDIRECT] 
2025-12-15 00:29:49,578 [ERROR] LogOutputStream:75 - [STDERR_REDIRECT] [Fatal Error] :1:1: Premature end of file.
2025-12-15 00:29:49,578 [ERROR] LogOutputStream:75 - [STDERR_REDIRECT] 
2025-12-15 00:29:49,599 [ERROR] LogOutputStream:75 - [STDERR_REDIRECT] [Fatal Error] :1:1: Premature end of file.
2025-12-15 00:29:49,599 [ERROR] LogOutputStream:75 - [STDERR_REDIRECT] 
2025-12-15 00:29:49,619 [ERROR] LogOutputStream:75 - [STDERR_REDIRECT] [Fatal Error] :1:1: Premature end of file.
2025-12-15 00:29:49,619 [ERROR] LogOutputStream:75 - [STDERR_REDIRECT] 
2025-12-15 00:29:49,641 [ERROR] LogOutputStream:75 - [STDERR_REDIRECT] [Fatal Error] :1:1: Premature end of file.
2025-12-15 00:29:49,641 [ERROR] LogOutputStream:75 - [STDERR_REDIRECT] 
2025-12-15 00:29:49,662 [ERROR] LogOutputStream:75 - [STDERR_REDIRECT] [Fatal Error] :1:1: Premature end of file.
2025-12-15 00:29:49,662 [ERROR] LogOutputStream:75 - [STDERR_REDIRECT] 
2025-12-15 00:29:49,682 [ERROR] LogOutputStream:75 - [STDERR_REDIRECT] [Fatal Error] :1:1: Premature end of file.
2025-12-15 00:29:49,682 [ERROR] LogOutputStream:75 - [STDERR_REDIRECT] 
2025-12-15 00:29:49,702 [ERROR] LogOutputStream:75 - [STDERR_REDIRECT] [Fatal Error] :1:1: Premature end of file.
2025-12-15 00:29:49,702 [ERROR] LogOutputStream:75 - [STDERR_REDIRECT] 
2025-12-15 00:29:49,724 [ERROR] LogOutputStream:75 - [STDERR_REDIRECT] [Fatal Error] :1:1: Premature end of file.
2025-12-15 00:29:49,724 [ERROR] LogOutputStream:75 - [STDERR_REDIRECT] 
2025-12-15 00:29:49,743 [ERROR] LogOutputStream:75 - [STDERR_REDIRECT] [Fatal Error] :1:1: Premature end of file.
2025-12-15 00:29:49,743 [ERROR] LogOutputStream:75 - [STDERR_REDIRECT] 
2025-12-15 00:29:49,761 [ERROR] LogOutputStream:75 - [STDERR_REDIRECT] [Fatal Error] :1:1: Premature end of file.
2025-12-15 00:29:49,761 [ERROR] LogOutputStream:75 - [STDERR_REDIRECT] 
2025-12-15 00:29:49,785 [ERROR] LogOutputStream:75 - [STDERR_REDIRECT] [Fatal Error] :1:1: Premature end of file.
2025-12-15 00:29:49,785 [ERROR] LogOutputStream:75 - [STDERR_REDIRECT] 
2025-12-15 00:29:49,805 [ERROR] LogOutputStream:75 - [STDERR_REDIRECT] [Fatal Error] :1:1: Premature end of file.
2025-12-15 00:29:49,805 [ERROR] LogOutputStream:75 - [STDERR_REDIRECT] 
2025-12-15 00:29:49,825 [ERROR] LogOutputStream:75 - [STDERR_REDIRECT] [Fatal Error] :1:1: Premature end of file.
2025-12-15 00:29:49,825 [ERROR] LogOutputStream:75 - [STDERR_REDIRECT] 
2025-12-15 00:29:49,847 [ERROR] LogOutputStream:75 - [STDERR_REDIRECT] [Fatal Error] :1:1: Premature end of file.
2025-12-15 00:29:49,847 [ERROR] LogOutputStream:75 - [STDERR_REDIRECT] 
2025-12-15 00:29:49,870 [ERROR] LogOutputStream:75 - [STDERR_REDIRECT] [Fatal Error] :1:1: Premature end of file.
2025-12-15 00:29:49,870 [ERROR] LogOutputStream:75 - [STDERR_REDIRECT] 
2025-12-15 00:29:49,891 [ERROR] LogOutputStream:75 - [STDERR_REDIRECT] [Fatal Error] :1:1: Premature end of file.
2025-12-15 00:29:49,891 [ERROR] LogOutputStream:75 - [STDERR_REDIRECT] 
2025-12-15 00:29:49,913 [ERROR] LogOutputStream:75 - [STDERR_REDIRECT] [Fatal Error] :1:1: Premature end of file.
2025-12-15 00:29:49,913 [ERROR] LogOutputStream:75 - [STDERR_REDIRECT] 
2025-12-15 00:29:49,935 [ERROR] LogOutputStream:75 - [STDERR_REDIRECT] [Fatal Error] :1:1: Premature end of file.
2025-12-15 00:29:49,935 [ERROR] LogOutputStream:75 - [STDERR_REDIRECT] 
2025-12-15 00:29:49,957 [ERROR] LogOutputStream:75 - [STDERR_REDIRECT] [Fatal Error] :1:1: Premature end of file.
2025-12-15 00:29:49,957 [ERROR] LogOutputStream:75 - [STDERR_REDIRECT] 
2025-12-15 00:29:49,977 [ERROR] LogOutputStream:75 - [STDERR_REDIRECT] [Fatal Error] :1:1: Premature end of file.
2025-12-15 00:29:49,977 [ERROR] LogOutputStream:75 - [STDERR_REDIRECT] 
2025-12-15 00:29:50,001 [ERROR] LogOutputStream:75 - [STDERR_REDIRECT] [Fatal Error] :1:1: Premature end of file.
2025-12-15 00:29:50,001 [ERROR] LogOutputStream:75 - [STDERR_REDIRECT] 
2025-12-15 00:29:50,021 [ERROR] LogOutputStream:75 - [STDERR_REDIRECT] [Fatal Error] :1:1: Premature end of file.
2025-12-15 00:29:50,021 [ERROR] LogOutputStream:75 - [STDERR_REDIRECT] 
2025-12-15 00:29:50,041 [ERROR] LogOutputStream:75 - [STDERR_REDIRECT] [Fatal Error] :1:1: Premature end of file.
2025-12-15 00:29:50,041 [ERROR] LogOutputStream:75 - [STDERR_REDIRECT] 
2025-12-15 00:29:50,064 [ERROR] LogOutputStream:75 - [STDERR_REDIRECT] [Fatal Error] :1:1: Premature end of file.
2025-12-15 00:29:50,064 [ERROR] LogOutputStream:75 - [STDERR_REDIRECT] 
2025-12-15 00:29:50,084 [ERROR] LogOutputStream:75 - [STDERR_REDIRECT] [Fatal Error] :1:1: Premature end of file.
2025-12-15 00:29:50,084 [ERROR] LogOutputStream:75 - [STDERR_REDIRECT] 
2025-12-15 00:29:50,107 [ERROR] LogOutputStream:75 - [STDERR_REDIRECT] [Fatal Error] :1:1: Premature end of file.
2025-12-15 00:29:50,107 [ERROR] LogOutputStream:75 - [STDERR_REDIRECT] 
2025-12-15 00:29:50,129 [ERROR] LogOutputStream:75 - [STDERR_REDIRECT] [Fatal Error] :1:1: Premature end of file.
2025-12-15 00:29:50,129 [ERROR] LogOutputStream:75 - [STDERR_REDIRECT] 
2025-12-15 00:29:50,161 [ERROR] LogOutputStream:75 - [STDERR_REDIRECT] [Fatal Error] :1:1: Premature end of file.
2025-12-15 00:29:50,161 [ERROR] LogOutputStream:75 - [STDERR_REDIRECT] 
2025-12-15 00:29:50,185 [ERROR] LogOutputStream:75 - [STDERR_REDIRECT] [Fatal Error] :1:1: Premature end of file.
2025-12-15 00:29:50,185 [ERROR] LogOutputStream:75 - [STDERR_REDIRECT] 
2025-12-15 00:29:50,209 [ERROR] LogOutputStream:75 - [STDERR_REDIRECT] [Fatal Error] :1:1: Premature end of file.
2025-12-15 00:29:50,209 [ERROR] LogOutputStream:75 - [STDERR_REDIRECT] 
2025-12-15 00:29:50,232 [ERROR] LogOutputStream:75 - [STDERR_REDIRECT] [Fatal Error] :1:1: Premature end of file.
2025-12-15 00:29:50,232 [ERROR] LogOutputStream:75 - [STDERR_REDIRECT] 
2025-12-15 00:29:50,258 [ERROR] LogOutputStream:75 - [STDERR_REDIRECT] [Fatal Error] :1:1: Premature end of file.
2025-12-15 00:29:50,258 [ERROR] LogOutputStream:75 - [STDERR_REDIRECT] 
2025-12-15 00:29:50,282 [ERROR] LogOutputStream:75 - [STDERR_REDIRECT] [Fatal Error] :1:1: Premature end of file.
2025-12-15 00:29:50,282 [ERROR] LogOutputStream:75 - [STDERR_REDIRECT] 
2025-12-15 00:29:50,302 [ERROR] LogOutputStream:75 - [STDERR_REDIRECT] [Fatal Error] :1:1: Premature end of file.
2025-12-15 00:29:50,302 [ERROR] LogOutputStream:75 - [STDERR_REDIRECT] 
2025-12-15 00:29:50,327 [ERROR] LogOutputStream:75 - [STDERR_REDIRECT] [Fatal Error] :1:1: Premature end of file.
2025-12-15 00:29:50,327 [ERROR] LogOutputStream:75 - [STDERR_REDIRECT] 
2025-12-15 00:29:50,351 [ERROR] LogOutputStream:75 - [STDERR_REDIRECT] [Fatal Error] :1:1: Premature end of file.
2025-12-15 00:29:50,351 [ERROR] LogOutputStream:75 - [STDERR_REDIRECT] 
2025-12-15 00:29:50,373 [ERROR] LogOutputStream:75 - [STDERR_REDIRECT] [Fatal Error] :1:1: Premature end of file.
2025-12-15 00:29:50,373 [ERROR] LogOutputStream:75 - [STDERR_REDIRECT] 
2025-12-15 00:29:50,395 [ERROR] LogOutputStream:75 - [STDERR_REDIRECT] [Fatal Error] :1:1: Premature end of file.
2025-12-15 00:29:50,395 [ERROR] LogOutputStream:75 - [STDERR_REDIRECT] 
2025-12-15 00:29:50,417 [ERROR] LogOutputStream:75 - [STDERR_REDIRECT] [Fatal Error] :1:1: Premature end of file.
2025-12-15 00:29:50,419 [ERROR] LogOutputStream:75 - [STDERR_REDIRECT] 
2025-12-15 00:29:50,474 [ERROR] LogOutputStream:75 - [STDERR_REDIRECT] [Fatal Error] :1:1: Premature end of file.
2025-12-15 00:29:50,474 [ERROR] LogOutputStream:75 - [STDERR_REDIRECT] 
2025-12-15 00:29:50,622 [ERROR] LogOutputStream:75 - [STDERR_REDIRECT] [Fatal Error] :1:1: Premature end of file.
2025-12-15 00:29:50,622 [ERROR] LogOutputStream:75 - [STDERR_REDIRECT] 
2025-12-15 00:29:50,655 [ERROR] LogOutputStream:75 - [STDERR_REDIRECT] [Fatal Error] :1:1: Premature end of file.
2025-12-15 00:29:50,655 [ERROR] LogOutputStream:75 - [STDERR_REDIRECT] 
2025-12-15 00:29:50,686 [ERROR] LogOutputStream:75 - [STDERR_REDIRECT] [Fatal Error] :1:1: Premature end of file.
2025-12-15 00:29:50,686 [ERROR] LogOutputStream:75 - [STDERR_REDIRECT] 
2025-12-15 00:29:50,720 [ERROR] LogOutputStream:75 - [STDERR_REDIRECT] [Fatal Error] :1:1: Premature end of file.
2025-12-15 00:29:50,720 [ERROR] LogOutputStream:75 - [STDERR_REDIRECT] 
2025-12-15 00:29:50,746 [ERROR] LogOutputStream:75 - [STDERR_REDIRECT] [Fatal Error] :1:1: Premature end of file.
2025-12-15 00:29:50,746 [ERROR] LogOutputStream:75 - [STDERR_REDIRECT] 
2025-12-15 00:29:50,771 [ERROR] LogOutputStream:75 - [STDERR_REDIRECT] [Fatal Error] :1:1: Premature end of file.
2025-12-15 00:29:50,771 [ERROR] LogOutputStream:75 - [STDERR_REDIRECT] 
2025-12-15 00:29:50,792 [ERROR] LogOutputStream:75 - [STDERR_REDIRECT] [Fatal Error] :1:1: Premature end of file.
2025-12-15 00:29:50,792 [ERROR] LogOutputStream:75 - [STDERR_REDIRECT] 
2025-12-15 00:29:50,816 [ERROR] LogOutputStream:75 - [STDERR_REDIRECT] [Fatal Error] :1:1: Premature end of file.
2025-12-15 00:29:50,816 [ERROR] LogOutputStream:75 - [STDERR_REDIRECT] 
2025-12-15 00:29:50,838 [ERROR] LogOutputStream:75 - [STDERR_REDIRECT] [Fatal Error] :1:1: Premature end of file.
2025-12-15 00:29:50,838 [ERROR] LogOutputStream:75 - [STDERR_REDIRECT] 
2025-12-15 00:29:50,863 [ERROR] LogOutputStream:75 - [STDERR_REDIRECT] [Fatal Error] :1:1: Premature end of file.
2025-12-15 00:29:50,863 [ERROR] LogOutputStream:75 - [STDERR_REDIRECT] 
2025-12-15 00:29:50,887 [ERROR] LogOutputStream:75 - [STDERR_REDIRECT] [Fatal Error] :1:1: Premature end of file.
2025-12-15 00:29:50,887 [ERROR] LogOutputStream:75 - [STDERR_REDIRECT] 
2025-12-15 00:29:50,910 [ERROR] LogOutputStream:75 - [STDERR_REDIRECT] [Fatal Error] :1:1: Premature end of file.
2025-12-15 00:29:50,910 [ERROR] LogOutputStream:75 - [STDERR_REDIRECT] 
2025-12-15 00:29:50,934 [ERROR] LogOutputStream:75 - [STDERR_REDIRECT] [Fatal Error] :1:1: Premature end of file.
2025-12-15 00:29:50,934 [ERROR] LogOutputStream:75 - [STDERR_REDIRECT] 
2025-12-15 00:29:50,956 [ERROR] LogOutputStream:75 - [STDERR_REDIRECT] [Fatal Error] :1:1: Premature end of file.
2025-12-15 00:29:50,957 [ERROR] LogOutputStream:75 - [STDERR_REDIRECT] 
2025-12-15 00:29:50,972 [ERROR] LogOutputStream:75 - [STDERR_REDIRECT] [Fatal Error] :1:1: Premature end of file.
2025-12-15 00:29:50,972 [ERROR] LogOutputStream:75 - [STDERR_REDIRECT] 
2025-12-15 00:29:50,986 [ERROR] LogOutputStream:75 - [STDERR_REDIRECT] [Fatal Error] :1:1: Premature end of file.
2025-12-15 00:29:50,986 [ERROR] LogOutputStream:75 - [STDERR_REDIRECT] 
2025-12-15 00:29:51,003 [ERROR] LogOutputStream:75 - [STDERR_REDIRECT] [Fatal Error] :1:1: Premature end of file.
2025-12-15 00:29:51,003 [ERROR] LogOutputStream:75 - [STDERR_REDIRECT] 
2025-12-15 00:29:51,025 [ERROR] LogOutputStream:75 - [STDERR_REDIRECT] [Fatal Error] :1:1: Premature end of file.
2025-12-15 00:29:51,026 [ERROR] LogOutputStream:75 - [STDERR_REDIRECT] 
2025-12-15 00:29:51,045 [ERROR] LogOutputStream:75 - [STDERR_REDIRECT] [Fatal Error] :1:1: Premature end of file.
2025-12-15 00:29:51,046 [ERROR] LogOutputStream:75 - [STDERR_REDIRECT] 
2025-12-15 00:29:51,070 [ERROR] LogOutputStream:75 - [STDERR_REDIRECT] [Fatal Error] :1:1: Premature end of file.
2025-12-15 00:29:51,070 [ERROR] LogOutputStream:75 - [STDERR_REDIRECT] 
2025-12-15 00:29:51,096 [ERROR] LogOutputStream:75 - [STDERR_REDIRECT] [Fatal Error] :1:1: Premature end of file.
2025-12-15 00:29:51,096 [ERROR] LogOutputStream:75 - [STDERR_REDIRECT] 
2025-12-15 00:29:51,125 [ERROR] LogOutputStream:75 - [STDERR_REDIRECT] [Fatal Error] :1:1: Premature end of file.
2025-12-15 00:29:51,125 [ERROR] LogOutputStream:75 - [STDERR_REDIRECT] 
2025-12-15 00:29:51,152 [ERROR] LogOutputStream:75 - [STDERR_REDIRECT] [Fatal Error] :1:1: Premature end of file.
2025-12-15 00:29:51,153 [ERROR] LogOutputStream:75 - [STDERR_REDIRECT] 
2025-12-15 00:29:51,185 [ERROR] LogOutputStream:75 - [STDERR_REDIRECT] [Fatal Error] :1:1: Premature end of file.
2025-12-15 00:29:51,185 [ERROR] LogOutputStream:75 - [STDERR_REDIRECT] 
2025-12-15 00:29:51,216 [ERROR] LogOutputStream:75 - [STDERR_REDIRECT] [Fatal Error] :1:1: Premature end of file.
2025-12-15 00:29:51,216 [ERROR] LogOutputStream:75 - [STDERR_REDIRECT] 
2025-12-15 00:29:51,243 [ERROR] LogOutputStream:75 - [STDERR_REDIRECT] [Fatal Error] :1:1: Premature end of file.
2025-12-15 00:29:51,243 [ERROR] LogOutputStream:75 - [STDERR_REDIRECT] 
2025-12-15 00:29:51,275 [ERROR] LogOutputStream:75 - [STDERR_REDIRECT] [Fatal Error] :1:1: Premature end of file.
2025-12-15 00:29:51,276 [ERROR] LogOutputStream:75 - [STDERR_REDIRECT] 
2025-12-15 00:29:51,305 [ERROR] LogOutputStream:75 - [STDERR_REDIRECT] [Fatal Error] :1:1: Premature end of file.
2025-12-15 00:29:51,305 [ERROR] LogOutputStream:75 - [STDERR_REDIRECT] 
2025-12-15 00:29:51,334 [ERROR] LogOutputStream:75 - [STDERR_REDIRECT] [Fatal Error] :1:1: Premature end of file.
2025-12-15 00:29:51,334 [ERROR] LogOutputStream:75 - [STDERR_REDIRECT] 
2025-12-15 00:29:51,363 [ERROR] LogOutputStream:75 - [STDERR_REDIRECT] [Fatal Error] :1:1: Premature end of file.
2025-12-15 00:29:51,364 [ERROR] LogOutputStream:75 - [STDERR_REDIRECT] 
2025-12-15 00:29:51,393 [ERROR] LogOutputStream:75 - [STDERR_REDIRECT] [Fatal Error] :1:1: Premature end of file.
2025-12-15 00:29:51,393 [ERROR] LogOutputStream:75 - [STDERR_REDIRECT] 
2025-12-15 00:29:51,420 [ERROR] LogOutputStream:75 - [STDERR_REDIRECT] [Fatal Error] :1:1: Premature end of file.
2025-12-15 00:29:51,420 [ERROR] LogOutputStream:75 - [STDERR_REDIRECT] 
2025-12-15 00:29:51,443 [ERROR] LogOutputStream:75 - [STDERR_REDIRECT] [Fatal Error] :1:1: Premature end of file.
2025-12-15 00:29:51,444 [ERROR] LogOutputStream:75 - [STDERR_REDIRECT] 
2025-12-15 00:29:51,475 [ERROR] LogOutputStream:75 - [STDERR_REDIRECT] [Fatal Error] :1:1: Premature end of file.
2025-12-15 00:29:51,475 [ERROR] LogOutputStream:75 - [STDERR_REDIRECT] 
2025-12-15 00:29:51,505 [ERROR] LogOutputStream:75 - [STDERR_REDIRECT] [Fatal Error] :1:1: Premature end of file.
2025-12-15 00:29:51,506 [ERROR] LogOutputStream:75 - [STDERR_REDIRECT] 
2025-12-15 00:29:51,532 [ERROR] LogOutputStream:75 - [STDERR_REDIRECT] [Fatal Error] :1:1: Premature end of file.
2025-12-15 00:29:51,532 [ERROR] LogOutputStream:75 - [STDERR_REDIRECT] 
2025-12-15 00:29:51,561 [ERROR] LogOutputStream:75 - [STDERR_REDIRECT] [Fatal Error] :1:1: Premature end of file.
2025-12-15 00:29:51,562 [ERROR] LogOutputStream:75 - [STDERR_REDIRECT] 
2025-12-15 00:29:51,587 [ERROR] LogOutputStream:75 - [STDERR_REDIRECT] [Fatal Error] :1:1: Premature end of file.
2025-12-15 00:29:51,587 [ERROR] LogOutputStream:75 - [STDERR_REDIRECT] 
2025-12-15 00:29:51,613 [ERROR] LogOutputStream:75 - [STDERR_REDIRECT] [Fatal Error] :1:1: Premature end of file.
2025-12-15 00:29:51,613 [ERROR] LogOutputStream:75 - [STDERR_REDIRECT] 
2025-12-15 00:29:51,640 [ERROR] LogOutputStream:75 - [STDERR_REDIRECT] [Fatal Error] :1:1: Premature end of file.
2025-12-15 00:29:51,640 [ERROR] LogOutputStream:75 - [STDERR_REDIRECT] 
2025-12-15 00:29:51,668 [ERROR] LogOutputStream:75 - [STDERR_REDIRECT] [Fatal Error] :1:1: Premature end of file.
2025-12-15 00:29:51,668 [ERROR] LogOutputStream:75 - [STDERR_REDIRECT] 
2025-12-15 00:29:51,693 [ERROR] LogOutputStream:75 - [STDERR_REDIRECT] [Fatal Error] :1:1: Premature end of file.
2025-12-15 00:29:51,693 [ERROR] LogOutputStream:75 - [STDERR_REDIRECT] 
2025-12-15 00:29:51,714 [ERROR] LogOutputStream:75 - [STDERR_REDIRECT] [Fatal Error] :1:1: Premature end of file.
2025-12-15 00:29:51,714 [ERROR] LogOutputStream:75 - [STDERR_REDIRECT] 
2025-12-15 00:29:51,741 [ERROR] LogOutputStream:75 - [STDERR_REDIRECT] [Fatal Error] :1:1: Premature end of file.
2025-12-15 00:29:51,742 [ERROR] LogOutputStream:75 - [STDERR_REDIRECT] 
2025-12-15 00:29:51,765 [ERROR] LogOutputStream:75 - [STDERR_REDIRECT] [Fatal Error] :1:1: Premature end of file.
2025-12-15 00:29:51,765 [ERROR] LogOutputStream:75 - [STDERR_REDIRECT] 
2025-12-15 00:29:51,786 [ERROR] LogOutputStream:75 - [STDERR_REDIRECT] [Fatal Error] :1:1: Premature end of file.
2025-12-15 00:29:51,786 [ERROR] LogOutputStream:75 - [STDERR_REDIRECT] 
2025-12-15 00:29:51,803 [ERROR] LogOutputStream:75 - [STDERR_REDIRECT] [Fatal Error] :1:1: Premature end of file.
2025-12-15 00:29:51,804 [ERROR] LogOutputStream:75 - [STDERR_REDIRECT] 
2025-12-15 00:29:51,819 [ERROR] LogOutputStream:75 - [STDERR_REDIRECT] [Fatal Error] :1:1: Premature end of file.
2025-12-15 00:29:51,820 [ERROR] LogOutputStream:75 - [STDERR_REDIRECT] 
2025-12-15 00:29:51,839 [ERROR] LogOutputStream:75 - [STDERR_REDIRECT] [Fatal Error] :1:1: Premature end of file.
2025-12-15 00:29:51,839 [ERROR] LogOutputStream:75 - [STDERR_REDIRECT] 
2025-12-15 00:29:51,860 [ERROR] LogOutputStream:75 - [STDERR_REDIRECT] [Fatal Error] :1:1: Premature end of file.
2025-12-15 00:29:51,860 [ERROR] LogOutputStream:75 - [STDERR_REDIRECT] 
2025-12-15 00:29:51,880 [ERROR] LogOutputStream:75 - [STDERR_REDIRECT] [Fatal Error] :1:1: Premature end of file.
2025-12-15 00:29:51,880 [ERROR] LogOutputStream:75 - [STDERR_REDIRECT] 
2025-12-15 00:29:51,899 [ERROR] LogOutputStream:75 - [STDERR_REDIRECT] [Fatal Error] :1:1: Premature end of file.
2025-12-15 00:29:51,899 [ERROR] LogOutputStream:75 - [STDERR_REDIRECT] 
2025-12-15 00:29:51,925 [ERROR] LogOutputStream:75 - [STDERR_REDIRECT] [Fatal Error] :1:1: Premature end of file.
2025-12-15 00:29:51,925 [ERROR] LogOutputStream:75 - [STDERR_REDIRECT] 
2025-12-15 00:29:51,951 [ERROR] LogOutputStream:75 - [STDERR_REDIRECT] [Fatal Error] :1:1: Premature end of file.
2025-12-15 00:29:51,951 [ERROR] LogOutputStream:75 - [STDERR_REDIRECT] 
2025-12-15 00:29:51,974 [ERROR] LogOutputStream:75 - [STDERR_REDIRECT] [Fatal Error] :1:1: Premature end of file.
2025-12-15 00:29:51,974 [ERROR] LogOutputStream:75 - [STDERR_REDIRECT] 
2025-12-15 00:29:52,006 [ERROR] LogOutputStream:75 - [STDERR_REDIRECT] [Fatal Error] :1:1: Premature end of file.
2025-12-15 00:29:52,006 [ERROR] LogOutputStream:75 - [STDERR_REDIRECT] 
2025-12-15 00:29:52,029 [ERROR] LogOutputStream:75 - [STDERR_REDIRECT] [Fatal Error] :1:1: Premature end of file.
2025-12-15 00:29:52,029 [ERROR] LogOutputStream:75 - [STDERR_REDIRECT] 
2025-12-15 00:29:52,052 [ERROR] LogOutputStream:75 - [STDERR_REDIRECT] [Fatal Error] :1:1: Premature end of file.
2025-12-15 00:29:52,052 [ERROR] LogOutputStream:75 - [STDERR_REDIRECT] 
2025-12-15 00:29:52,077 [ERROR] LogOutputStream:75 - [STDERR_REDIRECT] [Fatal Error] :1:1: Premature end of file.
2025-12-15 00:29:52,077 [ERROR] LogOutputStream:75 - [STDERR_REDIRECT] 
2025-12-15 00:29:52,098 [ERROR] LogOutputStream:75 - [STDERR_REDIRECT] [Fatal Error] :1:1: Premature end of file.
2025-12-15 00:29:52,098 [ERROR] LogOutputStream:75 - [STDERR_REDIRECT] 
2025-12-15 00:29:52,117 [ERROR] LogOutputStream:75 - [STDERR_REDIRECT] [Fatal Error] :1:1: Premature end of file.
2025-12-15 00:29:52,117 [ERROR] LogOutputStream:75 - [STDERR_REDIRECT] 
2025-12-15 00:29:52,139 [ERROR] LogOutputStream:75 - [STDERR_REDIRECT] [Fatal Error] :1:1: Premature end of file.
2025-12-15 00:29:52,139 [ERROR] LogOutputStream:75 - [STDERR_REDIRECT] 
2025-12-15 00:29:52,170 [ERROR] LogOutputStream:75 - [STDERR_REDIRECT] [Fatal Error] :1:1: Premature end of file.
2025-12-15 00:29:52,171 [ERROR] LogOutputStream:75 - [STDERR_REDIRECT] 
2025-12-15 00:29:52,202 [ERROR] LogOutputStream:75 - [STDERR_REDIRECT] [Fatal Error] :1:1: Premature end of file.
2025-12-15 00:29:52,202 [ERROR] LogOutputStream:75 - [STDERR_REDIRECT] 
2025-12-15 00:29:52,216 [ERROR] LogOutputStream:75 - [STDERR_REDIRECT] [Fatal Error] :1:1: Premature end of file.
2025-12-15 00:29:52,216 [ERROR] LogOutputStream:75 - [STDERR_REDIRECT] 
2025-12-15 00:29:52,230 [ERROR] LogOutputStream:75 - [STDERR_REDIRECT] [Fatal Error] :1:1: Premature end of file.
2025-12-15 00:29:52,230 [ERROR] LogOutputStream:75 - [STDERR_REDIRECT] 
2025-12-15 00:29:52,242 [ERROR] LogOutputStream:75 - [STDERR_REDIRECT] [Fatal Error] :1:1: Premature end of file.
2025-12-15 00:29:52,242 [ERROR] LogOutputStream:75 - [STDERR_REDIRECT] 
2025-12-15 00:29:52,255 [ERROR] LogOutputStream:75 - [STDERR_REDIRECT] [Fatal Error] :1:1: Premature end of file.
2025-12-15 00:29:52,255 [ERROR] LogOutputStream:75 - [STDERR_REDIRECT] 
2025-12-15 00:29:52,267 [ERROR] LogOutputStream:75 - [STDERR_REDIRECT] [Fatal Error] :1:1: Premature end of file.
2025-12-15 00:29:52,267 [ERROR] LogOutputStream:75 - [STDERR_REDIRECT] 
2025-12-15 00:29:52,280 [ERROR] LogOutputStream:75 - [STDERR_REDIRECT] [Fatal Error] :1:1: Premature end of file.
2025-12-15 00:29:52,280 [ERROR] LogOutputStream:75 - [STDERR_REDIRECT] 
2025-12-15 00:29:52,292 [ERROR] LogOutputStream:75 - [STDERR_REDIRECT] [Fatal Error] :1:1: Premature end of file.
2025-12-15 00:29:52,292 [ERROR] LogOutputStream:75 - [STDERR_REDIRECT] 
2025-12-15 00:29:52,316 [ERROR] LogOutputStream:75 - [STDERR_REDIRECT] [Fatal Error] :1:1: Premature end of file.
2025-12-15 00:29:52,316 [ERROR] LogOutputStream:75 - [STDERR_REDIRECT] 
2025-12-15 00:29:52,335 [ERROR] LogOutputStream:75 - [STDERR_REDIRECT] [Fatal Error] :1:1: Premature end of file.
2025-12-15 00:29:52,335 [ERROR] LogOutputStream:75 - [STDERR_REDIRECT] 
2025-12-15 00:29:52,355 [ERROR] LogOutputStream:75 - [STDERR_REDIRECT] [Fatal Error] :1:1: Premature end of file.
2025-12-15 00:29:52,356 [ERROR] LogOutputStream:75 - [STDERR_REDIRECT] 
2025-12-15 00:29:52,380 [ERROR] LogOutputStream:75 - [STDERR_REDIRECT] [Fatal Error] :1:1: Premature end of file.
2025-12-15 00:29:52,380 [ERROR] LogOutputStream:75 - [STDERR_REDIRECT] 
2025-12-15 00:29:52,400 [ERROR] LogOutputStream:75 - [STDERR_REDIRECT] [Fatal Error] :1:1: Premature end of file.
2025-12-15 00:29:52,400 [ERROR] LogOutputStream:75 - [STDERR_REDIRECT] 
2025-12-15 00:29:52,416 [ERROR] LogOutputStream:75 - [STDERR_REDIRECT] [Fatal Error] :1:1: Premature end of file.
2025-12-15 00:29:52,416 [ERROR] LogOutputStream:75 - [STDERR_REDIRECT] 
2025-12-15 00:29:52,430 [ERROR] LogOutputStream:75 - [STDERR_REDIRECT] [Fatal Error] :1:1: Premature end of file.
2025-12-15 00:29:52,430 [ERROR] LogOutputStream:75 - [STDERR_REDIRECT] 
2025-12-15 00:29:52,444 [ERROR] LogOutputStream:75 - [STDERR_REDIRECT] [Fatal Error] :1:1: Premature end of file.
2025-12-15 00:29:52,444 [ERROR] LogOutputStream:75 - [STDERR_REDIRECT] 
2025-12-15 00:29:52,458 [ERROR] LogOutputStream:75 - [STDERR_REDIRECT] [Fatal Error] :1:1: Premature end of file.
2025-12-15 00:29:52,458 [ERROR] LogOutputStream:75 - [STDERR_REDIRECT] 
2025-12-15 00:29:52,470 [ERROR] LogOutputStream:75 - [STDERR_REDIRECT] [Fatal Error] :1:1: Premature end of file.
2025-12-15 00:29:52,470 [ERROR] LogOutputStream:75 - [STDERR_REDIRECT] 
2025-12-15 00:29:52,483 [ERROR] LogOutputStream:75 - [STDERR_REDIRECT] [Fatal Error] :1:1: Premature end of file.
2025-12-15 00:29:52,483 [ERROR] LogOutputStream:75 - [STDERR_REDIRECT] 
2025-12-15 00:29:52,494 [ERROR] LogOutputStream:75 - [STDERR_REDIRECT] [Fatal Error] :1:1: Premature end of file.
2025-12-15 00:29:52,494 [ERROR] LogOutputStream:75 - [STDERR_REDIRECT] 
2025-12-15 00:29:52,504 [ERROR] LogOutputStream:75 - [STDERR_REDIRECT] [Fatal Error] :1:1: Premature end of file.
2025-12-15 00:29:52,504 [ERROR] LogOutputStream:75 - [STDERR_REDIRECT] 
2025-12-15 00:29:52,514 [ERROR] LogOutputStream:75 - [STDERR_REDIRECT] [Fatal Error] :1:1: Premature end of file.
2025-12-15 00:29:52,514 [ERROR] LogOutputStream:75 - [STDERR_REDIRECT] 
2025-12-15 00:29:52,524 [ERROR] LogOutputStream:75 - [STDERR_REDIRECT] [Fatal Error] :1:1: Premature end of file.
2025-12-15 00:29:52,524 [ERROR] LogOutputStream:75 - [STDERR_REDIRECT] 
2025-12-15 00:29:52,536 [ERROR] LogOutputStream:75 - [STDERR_REDIRECT] [Fatal Error] :1:1: Premature end of file.
2025-12-15 00:29:52,536 [ERROR] LogOutputStream:75 - [STDERR_REDIRECT] 
2025-12-15 00:29:52,547 [ERROR] LogOutputStream:75 - [STDERR_REDIRECT] [Fatal Error] :1:1: Premature end of file.
2025-12-15 00:29:52,547 [ERROR] LogOutputStream:75 - [STDERR_REDIRECT] 
2025-12-15 00:29:52,559 [ERROR] LogOutputStream:75 - [STDERR_REDIRECT] [Fatal Error] :1:1: Premature end of file.
2025-12-15 00:29:52,559 [ERROR] LogOutputStream:75 - [STDERR_REDIRECT] 
2025-12-15 00:29:52,585 [ERROR] LogOutputStream:75 - [STDERR_REDIRECT] [Fatal Error] :1:1: Premature end of file.
2025-12-15 00:29:52,585 [ERROR] LogOutputStream:75 - [STDERR_REDIRECT] 
2025-12-15 00:29:52,614 [ERROR] LogOutputStream:75 - [STDERR_REDIRECT] [Fatal Error] :1:1: Premature end of file.
2025-12-15 00:29:52,614 [ERROR] LogOutputStream:75 - [STDERR_REDIRECT] 
2025-12-15 00:29:52,640 [ERROR] LogOutputStream:75 - [STDERR_REDIRECT] [Fatal Error] :1:1: Premature end of file.
2025-12-15 00:29:52,641 [ERROR] LogOutputStream:75 - [STDERR_REDIRECT] 
2025-12-15 00:29:52,670 [ERROR] LogOutputStream:75 - [STDERR_REDIRECT] [Fatal Error] :1:1: Premature end of file.
2025-12-15 00:29:52,670 [ERROR] LogOutputStream:75 - [STDERR_REDIRECT] 
2025-12-15 00:29:52,684 [ERROR] LogOutputStream:75 - [STDERR_REDIRECT] [Fatal Error] :1:1: Premature end of file.
2025-12-15 00:29:52,684 [ERROR] LogOutputStream:75 - [STDERR_REDIRECT] 
2025-12-15 00:29:52,699 [ERROR] LogOutputStream:75 - [STDERR_REDIRECT] [Fatal Error] :1:1: Premature end of file.
2025-12-15 00:29:52,699 [ERROR] LogOutputStream:75 - [STDERR_REDIRECT] 
2025-12-15 00:29:52,711 [ERROR] LogOutputStream:75 - [STDERR_REDIRECT] [Fatal Error] :1:1: Premature end of file.
2025-12-15 00:29:52,711 [ERROR] LogOutputStream:75 - [STDERR_REDIRECT] 
2025-12-15 00:29:52,723 [ERROR] LogOutputStream:75 - [STDERR_REDIRECT] [Fatal Error] :1:1: Premature end of file.
2025-12-15 00:29:52,723 [ERROR] LogOutputStream:75 - [STDERR_REDIRECT] 
2025-12-15 00:29:52,734 [ERROR] LogOutputStream:75 - [STDERR_REDIRECT] [Fatal Error] :1:1: Premature end of file.
2025-12-15 00:29:52,734 [ERROR] LogOutputStream:75 - [STDERR_REDIRECT] 
2025-12-15 00:29:52,744 [ERROR] LogOutputStream:75 - [STDERR_REDIRECT] [Fatal Error] :1:1: Premature end of file.
2025-12-15 00:29:52,744 [ERROR] LogOutputStream:75 - [STDERR_REDIRECT] 
2025-12-15 00:29:52,754 [ERROR] LogOutputStream:75 - [STDERR_REDIRECT] [Fatal Error] :1:1: Premature end of file.
2025-12-15 00:29:52,754 [ERROR] LogOutputStream:75 - [STDERR_REDIRECT] 
2025-12-15 00:29:52,764 [ERROR] LogOutputStream:75 - [STDERR_REDIRECT] [Fatal Error] :1:1: Premature end of file.
2025-12-15 00:29:52,764 [ERROR] LogOutputStream:75 - [STDERR_REDIRECT] 
2025-12-15 00:29:52,773 [ERROR] LogOutputStream:75 - [STDERR_REDIRECT] [Fatal Error] :1:1: Premature end of file.
2025-12-15 00:29:52,773 [ERROR] LogOutputStream:75 - [STDERR_REDIRECT] 
2025-12-15 00:29:52,784 [ERROR] LogOutputStream:75 - [STDERR_REDIRECT] [Fatal Error] :1:1: Premature end of file.
2025-12-15 00:29:52,784 [ERROR] LogOutputStream:75 - [STDERR_REDIRECT] 
2025-12-15 00:29:52,793 [ERROR] LogOutputStream:75 - [STDERR_REDIRECT] [Fatal Error] :1:1: Premature end of file.
2025-12-15 00:29:52,793 [ERROR] LogOutputStream:75 - [STDERR_REDIRECT] 
2025-12-15 00:29:52,803 [ERROR] LogOutputStream:75 - [STDERR_REDIRECT] [Fatal Error] :1:1: Premature end of file.
2025-12-15 00:29:52,803 [ERROR] LogOutputStream:75 - [STDERR_REDIRECT] 
2025-12-15 00:29:52,813 [ERROR] LogOutputStream:75 - [STDERR_REDIRECT] [Fatal Error] :1:1: Premature end of file.
2025-12-15 00:29:52,813 [ERROR] LogOutputStream:75 - [STDERR_REDIRECT] 
2025-12-15 00:29:52,823 [ERROR] LogOutputStream:75 - [STDERR_REDIRECT] [Fatal Error] :1:1: Premature end of file.
2025-12-15 00:29:52,823 [ERROR] LogOutputStream:75 - [STDERR_REDIRECT] 
2025-12-15 00:29:52,833 [ERROR] LogOutputStream:75 - [STDERR_REDIRECT] [Fatal Error] :1:1: Premature end of file.
2025-12-15 00:29:52,833 [ERROR] LogOutputStream:75 - [STDERR_REDIRECT] 
2025-12-15 00:29:52,844 [ERROR] LogOutputStream:75 - [STDERR_REDIRECT] [Fatal Error] :1:1: Premature end of file.
2025-12-15 00:29:52,844 [ERROR] LogOutputStream:75 - [STDERR_REDIRECT] 
2025-12-15 00:29:52,854 [ERROR] LogOutputStream:75 - [STDERR_REDIRECT] [Fatal Error] :1:1: Premature end of file.
2025-12-15 00:29:52,854 [ERROR] LogOutputStream:75 - [STDERR_REDIRECT] 
2025-12-15 00:29:52,865 [ERROR] LogOutputStream:75 - [STDERR_REDIRECT] [Fatal Error] :1:1: Premature end of file.
2025-12-15 00:29:52,865 [ERROR] LogOutputStream:75 - [STDERR_REDIRECT] 
2025-12-15 00:29:52,876 [ERROR] LogOutputStream:75 - [STDERR_REDIRECT] [Fatal Error] :1:1: Premature end of file.
2025-12-15 00:29:52,876 [ERROR] LogOutputStream:75 - [STDERR_REDIRECT] 
2025-12-15 00:29:52,886 [ERROR] LogOutputStream:75 - [STDERR_REDIRECT] [Fatal Error] :1:1: Premature end of file.
2025-12-15 00:29:52,886 [ERROR] LogOutputStream:75 - [STDERR_REDIRECT] 
2025-12-15 00:29:52,897 [ERROR] LogOutputStream:75 - [STDERR_REDIRECT] [Fatal Error] :1:1: Premature end of file.
2025-12-15 00:29:52,897 [ERROR] LogOutputStream:75 - [STDERR_REDIRECT] 
2025-12-15 00:29:52,908 [ERROR] LogOutputStream:75 - [STDERR_REDIRECT] [Fatal Error] :1:1: Premature end of file.
2025-12-15 00:29:52,908 [ERROR] LogOutputStream:75 - [STDERR_REDIRECT] 
2025-12-15 00:29:52,919 [ERROR] LogOutputStream:75 - [STDERR_REDIRECT] [Fatal Error] :1:1: Premature end of file.
2025-12-15 00:29:52,919 [ERROR] LogOutputStream:75 - [STDERR_REDIRECT] 
2025-12-15 00:29:52,930 [ERROR] LogOutputStream:75 - [STDERR_REDIRECT] [Fatal Error] :1:1: Premature end of file.
2025-12-15 00:29:52,930 [ERROR] LogOutputStream:75 - [STDERR_REDIRECT] 
2025-12-15 00:29:52,940 [ERROR] LogOutputStream:75 - [STDERR_REDIRECT] [Fatal Error] :1:1: Premature end of file.
2025-12-15 00:29:52,940 [ERROR] LogOutputStream:75 - [STDERR_REDIRECT] 
2025-12-15 00:29:52,950 [ERROR] LogOutputStream:75 - [STDERR_REDIRECT] [Fatal Error] :1:1: Premature end of file.
2025-12-15 00:29:52,950 [ERROR] LogOutputStream:75 - [STDERR_REDIRECT] 
2025-12-15 00:29:52,960 [ERROR] LogOutputStream:75 - [STDERR_REDIRECT] [Fatal Error] :1:1: Premature end of file.
2025-12-15 00:29:52,960 [ERROR] LogOutputStream:75 - [STDERR_REDIRECT] 
2025-12-15 00:29:52,970 [ERROR] LogOutputStream:75 - [STDERR_REDIRECT] [Fatal Error] :1:1: Premature end of file.
2025-12-15 00:29:52,970 [ERROR] LogOutputStream:75 - [STDERR_REDIRECT] 
2025-12-15 00:29:52,981 [ERROR] LogOutputStream:75 - [STDERR_REDIRECT] [Fatal Error] :1:1: Premature end of file.
2025-12-15 00:29:52,981 [ERROR] LogOutputStream:75 - [STDERR_REDIRECT] 
2025-12-15 00:29:52,991 [ERROR] LogOutputStream:75 - [STDERR_REDIRECT] [Fatal Error] :1:1: Premature end of file.
2025-12-15 00:29:52,991 [ERROR] LogOutputStream:75 - [STDERR_REDIRECT] 
2025-12-15 00:29:53,001 [ERROR] LogOutputStream:75 - [STDERR_REDIRECT] [Fatal Error] :1:1: Premature end of file.
2025-12-15 00:29:53,001 [ERROR] LogOutputStream:75 - [STDERR_REDIRECT] 
2025-12-15 00:29:53,012 [ERROR] LogOutputStream:75 - [STDERR_REDIRECT] [Fatal Error] :1:1: Premature end of file.
2025-12-15 00:29:53,012 [ERROR] LogOutputStream:75 - [STDERR_REDIRECT] 
2025-12-15 00:29:53,022 [ERROR] LogOutputStream:75 - [STDERR_REDIRECT] [Fatal Error] :1:1: Premature end of file.
2025-12-15 00:29:53,022 [ERROR] LogOutputStream:75 - [STDERR_REDIRECT] 
2025-12-15 00:29:53,032 [ERROR] LogOutputStream:75 - [STDERR_REDIRECT] [Fatal Error] :1:1: Premature end of file.
2025-12-15 00:29:53,032 [ERROR] LogOutputStream:75 - [STDERR_REDIRECT] 
2025-12-15 00:29:53,042 [ERROR] LogOutputStream:75 - [STDERR_REDIRECT] [Fatal Error] :1:1: Premature end of file.
2025-12-15 00:29:53,042 [ERROR] LogOutputStream:75 - [STDERR_REDIRECT] 
2025-12-15 00:29:53,052 [ERROR] LogOutputStream:75 - [STDERR_REDIRECT] [Fatal Error] :1:1: Premature end of file.
2025-12-15 00:29:53,052 [ERROR] LogOutputStream:75 - [STDERR_REDIRECT] 
2025-12-15 00:29:53,062 [ERROR] LogOutputStream:75 - [STDERR_REDIRECT] [Fatal Error] :1:1: Premature end of file.
2025-12-15 00:29:53,062 [ERROR] LogOutputStream:75 - [STDERR_REDIRECT] 
2025-12-15 00:29:53,072 [ERROR] LogOutputStream:75 - [STDERR_REDIRECT] [Fatal Error] :1:1: Premature end of file.
2025-12-15 00:29:53,072 [ERROR] LogOutputStream:75 - [STDERR_REDIRECT] 
2025-12-15 00:29:53,082 [ERROR] LogOutputStream:75 - [STDERR_REDIRECT] [Fatal Error] :1:1: Premature end of file.
2025-12-15 00:29:53,082 [ERROR] LogOutputStream:75 - [STDERR_REDIRECT] 
2025-12-15 00:29:53,093 [ERROR] LogOutputStream:75 - [STDERR_REDIRECT] [Fatal Error] :1:1: Premature end of file.
2025-12-15 00:29:53,093 [ERROR] LogOutputStream:75 - [STDERR_REDIRECT] 
2025-12-15 00:29:53,103 [ERROR] LogOutputStream:75 - [STDERR_REDIRECT] [Fatal Error] :1:1: Premature end of file.
2025-12-15 00:29:53,103 [ERROR] LogOutputStream:75 - [STDERR_REDIRECT] 
2025-12-15 00:29:53,114 [ERROR] LogOutputStream:75 - [STDERR_REDIRECT] [Fatal Error] :1:1: Premature end of file.
2025-12-15 00:29:53,114 [ERROR] LogOutputStream:75 - [STDERR_REDIRECT] 
2025-12-15 00:29:53,126 [ERROR] LogOutputStream:75 - [STDERR_REDIRECT] [Fatal Error] :1:1: Premature end of file.
2025-12-15 00:29:53,126 [ERROR] LogOutputStream:75 - [STDERR_REDIRECT] 
2025-12-15 00:29:53,136 [ERROR] LogOutputStream:75 - [STDERR_REDIRECT] [Fatal Error] :1:1: Premature end of file.
2025-12-15 00:29:53,136 [ERROR] LogOutputStream:75 - [STDERR_REDIRECT] 
2025-12-15 00:29:53,150 [ERROR] LogOutputStream:75 - [STDERR_REDIRECT] [Fatal Error] :1:1: Premature end of file.
2025-12-15 00:29:53,150 [ERROR] LogOutputStream:75 - [STDERR_REDIRECT] 
2025-12-15 00:29:53,160 [ERROR] LogOutputStream:75 - [STDERR_REDIRECT] [Fatal Error] :1:1: Premature end of file.
2025-12-15 00:29:53,160 [ERROR] LogOutputStream:75 - [STDERR_REDIRECT] 
2025-12-15 00:29:53,171 [ERROR] LogOutputStream:75 - [STDERR_REDIRECT] [Fatal Error] :1:1: Premature end of file.
2025-12-15 00:29:53,171 [ERROR] LogOutputStream:75 - [STDERR_REDIRECT] 
2025-12-15 00:29:53,181 [ERROR] LogOutputStream:75 - [STDERR_REDIRECT] [Fatal Error] :1:1: Premature end of file.
2025-12-15 00:29:53,181 [ERROR] LogOutputStream:75 - [STDERR_REDIRECT] 
2025-12-15 00:29:53,190 [ERROR] LogOutputStream:75 - [STDERR_REDIRECT] [Fatal Error] :1:1: Premature end of file.
2025-12-15 00:29:53,190 [ERROR] LogOutputStream:75 - [STDERR_REDIRECT] 
2025-12-15 00:29:53,200 [ERROR] LogOutputStream:75 - [STDERR_REDIRECT] [Fatal Error] :1:1: Premature end of file.
2025-12-15 00:29:53,200 [ERROR] LogOutputStream:75 - [STDERR_REDIRECT] 
2025-12-15 00:29:53,211 [ERROR] LogOutputStream:75 - [STDERR_REDIRECT] [Fatal Error] :1:1: Premature end of file.
2025-12-15 00:29:53,211 [ERROR] LogOutputStream:75 - [STDERR_REDIRECT] 
2025-12-15 00:29:53,221 [ERROR] LogOutputStream:75 - [STDERR_REDIRECT] [Fatal Error] :1:1: Premature end of file.
2025-12-15 00:29:53,221 [ERROR] LogOutputStream:75 - [STDERR_REDIRECT] 
2025-12-15 00:29:53,232 [ERROR] LogOutputStream:75 - [STDERR_REDIRECT] [Fatal Error] :1:1: Premature end of file.
2025-12-15 00:29:53,232 [ERROR] LogOutputStream:75 - [STDERR_REDIRECT] 
2025-12-15 00:29:53,242 [ERROR] LogOutputStream:75 - [STDERR_REDIRECT] [Fatal Error] :1:1: Premature end of file.
2025-12-15 00:29:53,242 [ERROR] LogOutputStream:75 - [STDERR_REDIRECT] 
2025-12-15 00:29:53,252 [ERROR] LogOutputStream:75 - [STDERR_REDIRECT] [Fatal Error] :1:1: Premature end of file.
2025-12-15 00:29:53,252 [ERROR] LogOutputStream:75 - [STDERR_REDIRECT] 
2025-12-15 00:29:53,262 [ERROR] LogOutputStream:75 - [STDERR_REDIRECT] [Fatal Error] :1:1: Premature end of file.
2025-12-15 00:29:53,262 [ERROR] LogOutputStream:75 - [STDERR_REDIRECT] 
2025-12-15 00:29:53,272 [ERROR] LogOutputStream:75 - [STDERR_REDIRECT] [Fatal Error] :1:1: Premature end of file.
2025-12-15 00:29:53,272 [ERROR] LogOutputStream:75 - [STDERR_REDIRECT] 
2025-12-15 00:29:53,282 [ERROR] LogOutputStream:75 - [STDERR_REDIRECT] [Fatal Error] :1:1: Premature end of file.
2025-12-15 00:29:53,282 [ERROR] LogOutputStream:75 - [STDERR_REDIRECT] 
2025-12-15 00:29:53,295 [ERROR] LogOutputStream:75 - [STDERR_REDIRECT] [Fatal Error] :1:1: Premature end of file.
2025-12-15 00:29:53,295 [ERROR] LogOutputStream:75 - [STDERR_REDIRECT] 
2025-12-15 00:29:53,307 [ERROR] LogOutputStream:75 - [STDERR_REDIRECT] [Fatal Error] :1:1: Premature end of file.
2025-12-15 00:29:53,307 [ERROR] LogOutputStream:75 - [STDERR_REDIRECT] 
2025-12-15 00:29:53,317 [ERROR] LogOutputStream:75 - [STDERR_REDIRECT] [Fatal Error] :1:1: Premature end of file.
2025-12-15 00:29:53,317 [ERROR] LogOutputStream:75 - [STDERR_REDIRECT] 
2025-12-15 00:29:53,328 [ERROR] LogOutputStream:75 - [STDERR_REDIRECT] [Fatal Error] :1:1: Premature end of file.
2025-12-15 00:29:53,328 [ERROR] LogOutputStream:75 - [STDERR_REDIRECT] 
2025-12-15 00:29:53,339 [ERROR] LogOutputStream:75 - [STDERR_REDIRECT] [Fatal Error] :1:1: Premature end of file.
2025-12-15 00:29:53,339 [ERROR] LogOutputStream:75 - [STDERR_REDIRECT] 
2025-12-15 00:29:53,349 [ERROR] LogOutputStream:75 - [STDERR_REDIRECT] [Fatal Error] :1:1: Premature end of file.
2025-12-15 00:29:53,349 [ERROR] LogOutputStream:75 - [STDERR_REDIRECT] 
2025-12-15 00:29:53,359 [ERROR] LogOutputStream:75 - [STDERR_REDIRECT] [Fatal Error] :1:1: Premature end of file.
2025-12-15 00:29:53,359 [ERROR] LogOutputStream:75 - [STDERR_REDIRECT] 
2025-12-15 00:29:53,369 [ERROR] LogOutputStream:75 - [STDERR_REDIRECT] [Fatal Error] :1:1: Premature end of file.
2025-12-15 00:29:53,369 [ERROR] LogOutputStream:75 - [STDERR_REDIRECT] 
2025-12-15 00:29:53,379 [ERROR] LogOutputStream:75 - [STDERR_REDIRECT] [Fatal Error] :1:1: Premature end of file.
2025-12-15 00:29:53,379 [ERROR] LogOutputStream:75 - [STDERR_REDIRECT] 
2025-12-15 00:29:53,389 [ERROR] LogOutputStream:75 - [STDERR_REDIRECT] [Fatal Error] :1:1: Premature end of file.
2025-12-15 00:29:53,389 [ERROR] LogOutputStream:75 - [STDERR_REDIRECT] 
2025-12-15 00:29:53,400 [ERROR] LogOutputStream:75 - [STDERR_REDIRECT] [Fatal Error] :1:1: Premature end of file.
2025-12-15 00:29:53,400 [ERROR] LogOutputStream:75 - [STDERR_REDIRECT] 
2025-12-15 00:29:53,411 [ERROR] LogOutputStream:75 - [STDERR_REDIRECT] [Fatal Error] :1:1: Premature end of file.
2025-12-15 00:29:53,411 [ERROR] LogOutputStream:75 - [STDERR_REDIRECT] 
2025-12-15 00:29:53,422 [ERROR] LogOutputStream:75 - [STDERR_REDIRECT] [Fatal Error] :1:1: Premature end of file.
2025-12-15 00:29:53,422 [ERROR] LogOutputStream:75 - [STDERR_REDIRECT] 
2025-12-15 00:29:53,433 [ERROR] LogOutputStream:75 - [STDERR_REDIRECT] [Fatal Error] :1:1: Premature end of file.
2025-12-15 00:29:53,433 [ERROR] LogOutputStream:75 - [STDERR_REDIRECT] 
2025-12-15 00:29:53,443 [ERROR] LogOutputStream:75 - [STDERR_REDIRECT] [Fatal Error] :1:1: Premature end of file.
2025-12-15 00:29:53,443 [ERROR] LogOutputStream:75 - [STDERR_REDIRECT] 
2025-12-15 00:29:53,453 [ERROR] LogOutputStream:75 - [STDERR_REDIRECT] [Fatal Error] :1:1: Premature end of file.
2025-12-15 00:29:53,453 [ERROR] LogOutputStream:75 - [STDERR_REDIRECT] 
2025-12-15 00:29:53,464 [ERROR] LogOutputStream:75 - [STDERR_REDIRECT] [Fatal Error] :1:1: Premature end of file.
2025-12-15 00:29:53,464 [ERROR] LogOutputStream:75 - [STDERR_REDIRECT] 
2025-12-15 00:29:53,489 [ERROR] LogOutputStream:75 - [STDERR_REDIRECT] [Fatal Error] :1:1: Premature end of file.
2025-12-15 00:29:53,489 [ERROR] LogOutputStream:75 - [STDERR_REDIRECT] 
2025-12-15 00:29:53,501 [ERROR] LogOutputStream:75 - [STDERR_REDIRECT] [Fatal Error] :1:1: Premature end of file.
2025-12-15 00:29:53,501 [ERROR] LogOutputStream:75 - [STDERR_REDIRECT] 
2025-12-15 00:29:53,511 [ERROR] LogOutputStream:75 - [STDERR_REDIRECT] [Fatal Error] :1:1: Premature end of file.
2025-12-15 00:29:53,511 [ERROR] LogOutputStream:75 - [STDERR_REDIRECT] 
2025-12-15 00:29:53,521 [ERROR] LogOutputStream:75 - [STDERR_REDIRECT] [Fatal Error] :1:1: Premature end of file.
2025-12-15 00:29:53,521 [ERROR] LogOutputStream:75 - [STDERR_REDIRECT] 
2025-12-15 00:29:53,531 [ERROR] LogOutputStream:75 - [STDERR_REDIRECT] [Fatal Error] :1:1: Premature end of file.
2025-12-15 00:29:53,531 [ERROR] LogOutputStream:75 - [STDERR_REDIRECT] 
2025-12-15 00:29:53,540 [ERROR] LogOutputStream:75 - [STDERR_REDIRECT] [Fatal Error] :1:1: Premature end of file.
2025-12-15 00:29:53,540 [ERROR] LogOutputStream:75 - [STDERR_REDIRECT] 
2025-12-15 00:29:53,551 [ERROR] LogOutputStream:75 - [STDERR_REDIRECT] [Fatal Error] :1:1: Premature end of file.
2025-12-15 00:29:53,552 [ERROR] LogOutputStream:75 - [STDERR_REDIRECT] 
2025-12-15 00:29:53,562 [ERROR] LogOutputStream:75 - [STDERR_REDIRECT] [Fatal Error] :1:1: Premature end of file.
2025-12-15 00:29:53,562 [ERROR] LogOutputStream:75 - [STDERR_REDIRECT] 
2025-12-15 00:29:53,573 [ERROR] LogOutputStream:75 - [STDERR_REDIRECT] [Fatal Error] :1:1: Premature end of file.
2025-12-15 00:29:53,573 [ERROR] LogOutputStream:75 - [STDERR_REDIRECT] 
2025-12-15 00:29:53,583 [ERROR] LogOutputStream:75 - [STDERR_REDIRECT] [Fatal Error] :1:1: Premature end of file.
2025-12-15 00:29:53,583 [ERROR] LogOutputStream:75 - [STDERR_REDIRECT] 
2025-12-15 00:29:53,595 [ERROR] LogOutputStream:75 - [STDERR_REDIRECT] [Fatal Error] :1:1: Premature end of file.
2025-12-15 00:29:53,595 [ERROR] LogOutputStream:75 - [STDERR_REDIRECT] 
2025-12-15 00:29:53,605 [ERROR] LogOutputStream:75 - [STDERR_REDIRECT] [Fatal Error] :1:1: Premature end of file.
2025-12-15 00:29:53,605 [ERROR] LogOutputStream:75 - [STDERR_REDIRECT] 
2025-12-15 00:29:53,616 [ERROR] LogOutputStream:75 - [STDERR_REDIRECT] [Fatal Error] :1:1: Premature end of file.
2025-12-15 00:29:53,616 [ERROR] LogOutputStream:75 - [STDERR_REDIRECT] 
2025-12-15 00:29:53,627 [ERROR] LogOutputStream:75 - [STDERR_REDIRECT] [Fatal Error] :1:1: Premature end of file.
2025-12-15 00:29:53,627 [ERROR] LogOutputStream:75 - [STDERR_REDIRECT] 
2025-12-15 00:29:53,637 [ERROR] LogOutputStream:75 - [STDERR_REDIRECT] [Fatal Error] :1:1: Premature end of file.
2025-12-15 00:29:53,637 [ERROR] LogOutputStream:75 - [STDERR_REDIRECT] 
2025-12-15 00:29:53,647 [ERROR] LogOutputStream:75 - [STDERR_REDIRECT] [Fatal Error] :1:1: Premature end of file.
2025-12-15 00:29:53,647 [ERROR] LogOutputStream:75 - [STDERR_REDIRECT] 
2025-12-15 00:29:53,657 [ERROR] LogOutputStream:75 - [STDERR_REDIRECT] [Fatal Error] :1:1: Premature end of file.
2025-12-15 00:29:53,657 [ERROR] LogOutputStream:75 - [STDERR_REDIRECT] 
2025-12-15 00:29:53,671 [ERROR] LogOutputStream:75 - [STDERR_REDIRECT] [Fatal Error] :1:1: Premature end of file.
2025-12-15 00:29:53,671 [ERROR] LogOutputStream:75 - [STDERR_REDIRECT] 
2025-12-15 00:29:53,682 [ERROR] LogOutputStream:75 - [STDERR_REDIRECT] [Fatal Error] :1:1: Premature end of file.
2025-12-15 00:29:53,682 [ERROR] LogOutputStream:75 - [STDERR_REDIRECT] 
2025-12-15 00:29:53,692 [ERROR] LogOutputStream:75 - [STDERR_REDIRECT] [Fatal Error] :1:1: Premature end of file.
2025-12-15 00:29:53,692 [ERROR] LogOutputStream:75 - [STDERR_REDIRECT] 
2025-12-15 00:29:53,703 [ERROR] LogOutputStream:75 - [STDERR_REDIRECT] [Fatal Error] :1:1: Premature end of file.
2025-12-15 00:29:53,703 [ERROR] LogOutputStream:75 - [STDERR_REDIRECT] 
2025-12-15 00:29:53,714 [ERROR] LogOutputStream:75 - [STDERR_REDIRECT] [Fatal Error] :1:1: Premature end of file.
2025-12-15 00:29:53,714 [ERROR] LogOutputStream:75 - [STDERR_REDIRECT] 
2025-12-15 00:29:53,724 [ERROR] LogOutputStream:75 - [STDERR_REDIRECT] [Fatal Error] :1:1: Premature end of file.
2025-12-15 00:29:53,724 [ERROR] LogOutputStream:75 - [STDERR_REDIRECT] 
2025-12-15 00:29:53,735 [ERROR] LogOutputStream:75 - [STDERR_REDIRECT] [Fatal Error] :1:1: Premature end of file.
2025-12-15 00:29:53,735 [ERROR] LogOutputStream:75 - [STDERR_REDIRECT] 
2025-12-15 00:29:53,746 [ERROR] LogOutputStream:75 - [STDERR_REDIRECT] [Fatal Error] :1:1: Premature end of file.
2025-12-15 00:29:53,747 [ERROR] LogOutputStream:75 - [STDERR_REDIRECT] 
2025-12-15 00:29:53,762 [ERROR] LogOutputStream:75 - [STDERR_REDIRECT] [Fatal Error] :1:1: Premature end of file.
2025-12-15 00:29:53,762 [ERROR] LogOutputStream:75 - [STDERR_REDIRECT] 
2025-12-15 00:29:53,772 [ERROR] LogOutputStream:75 - [STDERR_REDIRECT] [Fatal Error] :1:1: Premature end of file.
2025-12-15 00:29:53,772 [ERROR] LogOutputStream:75 - [STDERR_REDIRECT] 
2025-12-15 00:29:53,783 [ERROR] LogOutputStream:75 - [STDERR_REDIRECT] [Fatal Error] :1:1: Premature end of file.
2025-12-15 00:29:53,783 [ERROR] LogOutputStream:75 - [STDERR_REDIRECT] 
2025-12-15 00:29:53,793 [ERROR] LogOutputStream:75 - [STDERR_REDIRECT] [Fatal Error] :1:1: Premature end of file.
2025-12-15 00:29:53,793 [ERROR] LogOutputStream:75 - [STDERR_REDIRECT] 
2025-12-15 00:29:53,803 [ERROR] LogOutputStream:75 - [STDERR_REDIRECT] [Fatal Error] :1:1: Premature end of file.
2025-12-15 00:29:53,803 [ERROR] LogOutputStream:75 - [STDERR_REDIRECT] 
2025-12-15 00:29:53,813 [ERROR] LogOutputStream:75 - [STDERR_REDIRECT] [Fatal Error] :1:1: Premature end of file.
2025-12-15 00:29:53,813 [ERROR] LogOutputStream:75 - [STDERR_REDIRECT] 
2025-12-15 00:29:53,824 [ERROR] LogOutputStream:75 - [STDERR_REDIRECT] [Fatal Error] :1:1: Premature end of file.
2025-12-15 00:29:53,824 [ERROR] LogOutputStream:75 - [STDERR_REDIRECT] 
2025-12-15 00:29:53,834 [ERROR] LogOutputStream:75 - [STDERR_REDIRECT] [Fatal Error] :1:1: Premature end of file.
2025-12-15 00:29:53,834 [ERROR] LogOutputStream:75 - [STDERR_REDIRECT] 
2025-12-15 00:29:53,844 [ERROR] LogOutputStream:75 - [STDERR_REDIRECT] [Fatal Error] :1:1: Premature end of file.
2025-12-15 00:29:53,844 [ERROR] LogOutputStream:75 - [STDERR_REDIRECT] 
2025-12-15 00:29:53,854 [ERROR] LogOutputStream:75 - [STDERR_REDIRECT] [Fatal Error] :1:1: Premature end of file.
2025-12-15 00:29:53,854 [ERROR] LogOutputStream:75 - [STDERR_REDIRECT] 
2025-12-15 00:29:53,864 [ERROR] LogOutputStream:75 - [STDERR_REDIRECT] [Fatal Error] :1:1: Premature end of file.
2025-12-15 00:29:53,864 [ERROR] LogOutputStream:75 - [STDERR_REDIRECT] 
2025-12-15 00:29:53,875 [ERROR] LogOutputStream:75 - [STDERR_REDIRECT] [Fatal Error] :1:1: Premature end of file.
2025-12-15 00:29:53,875 [ERROR] LogOutputStream:75 - [STDERR_REDIRECT] 
2025-12-15 00:29:53,886 [ERROR] LogOutputStream:75 - [STDERR_REDIRECT] [Fatal Error] :1:1: Premature end of file.
2025-12-15 00:29:53,886 [ERROR] LogOutputStream:75 - [STDERR_REDIRECT] 
2025-12-15 00:29:53,895 [ERROR] LogOutputStream:75 - [STDERR_REDIRECT] [Fatal Error] :1:1: Premature end of file.
2025-12-15 00:29:53,895 [ERROR] LogOutputStream:75 - [STDERR_REDIRECT] 
2025-12-15 00:29:53,906 [ERROR] LogOutputStream:75 - [STDERR_REDIRECT] [Fatal Error] :1:1: Premature end of file.
2025-12-15 00:29:53,906 [ERROR] LogOutputStream:75 - [STDERR_REDIRECT] 
2025-12-15 00:29:53,916 [ERROR] LogOutputStream:75 - [STDERR_REDIRECT] [Fatal Error] :1:1: Premature end of file.
2025-12-15 00:29:53,916 [ERROR] LogOutputStream:75 - [STDERR_REDIRECT] 
2025-12-15 00:29:53,926 [ERROR] LogOutputStream:75 - [STDERR_REDIRECT] [Fatal Error] :1:1: Premature end of file.
2025-12-15 00:29:53,926 [ERROR] LogOutputStream:75 - [STDERR_REDIRECT] 
2025-12-15 00:29:53,936 [ERROR] LogOutputStream:75 - [STDERR_REDIRECT] [Fatal Error] :1:1: Premature end of file.
2025-12-15 00:29:53,936 [ERROR] LogOutputStream:75 - [STDERR_REDIRECT] 
2025-12-15 00:29:53,947 [ERROR] LogOutputStream:75 - [STDERR_REDIRECT] [Fatal Error] :1:1: Premature end of file.
2025-12-15 00:29:53,947 [ERROR] LogOutputStream:75 - [STDERR_REDIRECT] 
2025-12-15 00:29:53,957 [ERROR] LogOutputStream:75 - [STDERR_REDIRECT] [Fatal Error] :1:1: Premature end of file.
2025-12-15 00:29:53,957 [ERROR] LogOutputStream:75 - [STDERR_REDIRECT] 
2025-12-15 00:29:53,967 [ERROR] LogOutputStream:75 - [STDERR_REDIRECT] [Fatal Error] :1:1: Premature end of file.
2025-12-15 00:29:53,967 [ERROR] LogOutputStream:75 - [STDERR_REDIRECT] 
2025-12-15 00:29:53,978 [ERROR] LogOutputStream:75 - [STDERR_REDIRECT] [Fatal Error] :1:1: Premature end of file.
2025-12-15 00:29:53,978 [ERROR] LogOutputStream:75 - [STDERR_REDIRECT] 
2025-12-15 00:29:53,989 [ERROR] LogOutputStream:75 - [STDERR_REDIRECT] [Fatal Error] :1:1: Premature end of file.
2025-12-15 00:29:53,989 [ERROR] LogOutputStream:75 - [STDERR_REDIRECT] 
2025-12-15 00:29:53,999 [ERROR] LogOutputStream:75 - [STDERR_REDIRECT] [Fatal Error] :1:1: Premature end of file.
2025-12-15 00:29:53,999 [ERROR] LogOutputStream:75 - [STDERR_REDIRECT] 
2025-12-15 00:29:54,009 [ERROR] LogOutputStream:75 - [STDERR_REDIRECT] [Fatal Error] :1:1: Premature end of file.
2025-12-15 00:29:54,009 [ERROR] LogOutputStream:75 - [STDERR_REDIRECT] 
2025-12-15 00:29:54,019 [ERROR] LogOutputStream:75 - [STDERR_REDIRECT] [Fatal Error] :1:1: Premature end of file.
2025-12-15 00:29:54,019 [ERROR] LogOutputStream:75 - [STDERR_REDIRECT] 
2025-12-15 00:29:54,030 [ERROR] LogOutputStream:75 - [STDERR_REDIRECT] [Fatal Error] :1:1: Premature end of file.
2025-12-15 00:29:54,030 [ERROR] LogOutputStream:75 - [STDERR_REDIRECT] 
2025-12-15 00:29:54,041 [ERROR] LogOutputStream:75 - [STDERR_REDIRECT] [Fatal Error] :1:1: Premature end of file.
2025-12-15 00:29:54,041 [ERROR] LogOutputStream:75 - [STDERR_REDIRECT] 
2025-12-15 00:29:54,051 [ERROR] LogOutputStream:75 - [STDERR_REDIRECT] [Fatal Error] :1:1: Premature end of file.
2025-12-15 00:29:54,051 [ERROR] LogOutputStream:75 - [STDERR_REDIRECT] 
2025-12-15 00:29:54,061 [ERROR] LogOutputStream:75 - [STDERR_REDIRECT] [Fatal Error] :1:1: Premature end of file.
2025-12-15 00:29:54,061 [ERROR] LogOutputStream:75 - [STDERR_REDIRECT] 
2025-12-15 00:29:54,071 [ERROR] LogOutputStream:75 - [STDERR_REDIRECT] [Fatal Error] :1:1: Premature end of file.
2025-12-15 00:29:54,071 [ERROR] LogOutputStream:75 - [STDERR_REDIRECT] 
2025-12-15 00:29:54,082 [ERROR] LogOutputStream:75 - [STDERR_REDIRECT] [Fatal Error] :1:1: Premature end of file.
2025-12-15 00:29:54,082 [ERROR] LogOutputStream:75 - [STDERR_REDIRECT] 
2025-12-15 00:29:54,091 [ERROR] LogOutputStream:75 - [STDERR_REDIRECT] [Fatal Error] :1:1: Premature end of file.
2025-12-15 00:29:54,091 [ERROR] LogOutputStream:75 - [STDERR_REDIRECT] 
2025-12-15 00:29:54,102 [ERROR] LogOutputStream:75 - [STDERR_REDIRECT] [Fatal Error] :1:1: Premature end of file.
2025-12-15 00:29:54,102 [ERROR] LogOutputStream:75 - [STDERR_REDIRECT] 
2025-12-15 00:29:54,112 [ERROR] LogOutputStream:75 - [STDERR_REDIRECT] [Fatal Error] :1:1: Premature end of file.
2025-12-15 00:29:54,112 [ERROR] LogOutputStream:75 - [STDERR_REDIRECT] 
2025-12-15 00:29:54,122 [ERROR] LogOutputStream:75 - [STDERR_REDIRECT] [Fatal Error] :1:1: Premature end of file.
2025-12-15 00:29:54,122 [ERROR] LogOutputStream:75 - [STDERR_REDIRECT] 
2025-12-15 00:29:54,133 [ERROR] LogOutputStream:75 - [STDERR_REDIRECT] [Fatal Error] :1:1: Premature end of file.
2025-12-15 00:29:54,133 [ERROR] LogOutputStream:75 - [STDERR_REDIRECT] 
2025-12-15 00:29:54,143 [ERROR] LogOutputStream:75 - [STDERR_REDIRECT] [Fatal Error] :1:1: Premature end of file.
2025-12-15 00:29:54,143 [ERROR] LogOutputStream:75 - [STDERR_REDIRECT] 
2025-12-15 00:29:54,153 [ERROR] LogOutputStream:75 - [STDERR_REDIRECT] [Fatal Error] :1:1: Premature end of file.
2025-12-15 00:29:54,153 [ERROR] LogOutputStream:75 - [STDERR_REDIRECT] 
2025-12-15 00:29:54,163 [ERROR] LogOutputStream:75 - [STDERR_REDIRECT] [Fatal Error] :1:1: Premature end of file.
2025-12-15 00:29:54,163 [ERROR] LogOutputStream:75 - [STDERR_REDIRECT] 
2025-12-15 00:29:54,174 [ERROR] LogOutputStream:75 - [STDERR_REDIRECT] [Fatal Error] :1:1: Premature end of file.
2025-12-15 00:29:54,174 [ERROR] LogOutputStream:75 - [STDERR_REDIRECT] 
2025-12-15 00:29:54,186 [ERROR] LogOutputStream:75 - [STDERR_REDIRECT] [Fatal Error] :1:1: Premature end of file.
2025-12-15 00:29:54,186 [ERROR] LogOutputStream:75 - [STDERR_REDIRECT] 
2025-12-15 00:29:54,202 [ERROR] LogOutputStream:75 - [STDERR_REDIRECT] [Fatal Error] :1:1: Premature end of file.
2025-12-15 00:29:54,202 [ERROR] LogOutputStream:75 - [STDERR_REDIRECT] 
2025-12-15 00:29:54,213 [ERROR] LogOutputStream:75 - [STDERR_REDIRECT] [Fatal Error] :1:1: Premature end of file.
2025-12-15 00:29:54,213 [ERROR] LogOutputStream:75 - [STDERR_REDIRECT] 
2025-12-15 00:29:54,225 [ERROR] LogOutputStream:75 - [STDERR_REDIRECT] [Fatal Error] :1:1: Premature end of file.
2025-12-15 00:29:54,225 [ERROR] LogOutputStream:75 - [STDERR_REDIRECT] 
2025-12-15 00:29:54,235 [ERROR] LogOutputStream:75 - [STDERR_REDIRECT] [Fatal Error] :1:1: Premature end of file.
2025-12-15 00:29:54,235 [ERROR] LogOutputStream:75 - [STDERR_REDIRECT] 
2025-12-15 00:29:54,246 [ERROR] LogOutputStream:75 - [STDERR_REDIRECT] [Fatal Error] :1:1: Premature end of file.
2025-12-15 00:29:54,246 [ERROR] LogOutputStream:75 - [STDERR_REDIRECT] 
2025-12-15 00:29:54,256 [ERROR] LogOutputStream:75 - [STDERR_REDIRECT] [Fatal Error] :1:1: Premature end of file.
2025-12-15 00:29:54,256 [ERROR] LogOutputStream:75 - [STDERR_REDIRECT] 
2025-12-15 00:29:54,266 [ERROR] LogOutputStream:75 - [STDERR_REDIRECT] [Fatal Error] :1:1: Premature end of file.
2025-12-15 00:29:54,266 [ERROR] LogOutputStream:75 - [STDERR_REDIRECT] 
2025-12-15 00:29:54,276 [ERROR] LogOutputStream:75 - [STDERR_REDIRECT] [Fatal Error] :1:1: Premature end of file.
2025-12-15 00:29:54,276 [ERROR] LogOutputStream:75 - [STDERR_REDIRECT] 
2025-12-15 00:29:54,287 [ERROR] LogOutputStream:75 - [STDERR_REDIRECT] [Fatal Error] :1:1: Premature end of file.
2025-12-15 00:29:54,287 [ERROR] LogOutputStream:75 - [STDERR_REDIRECT] 
2025-12-15 00:29:54,298 [ERROR] LogOutputStream:75 - [STDERR_REDIRECT] [Fatal Error] :1:1: Premature end of file.
2025-12-15 00:29:54,298 [ERROR] LogOutputStream:75 - [STDERR_REDIRECT] 
2025-12-15 00:29:54,309 [ERROR] LogOutputStream:75 - [STDERR_REDIRECT] [Fatal Error] :1:1: Premature end of file.
2025-12-15 00:29:54,309 [ERROR] LogOutputStream:75 - [STDERR_REDIRECT] 
2025-12-15 00:29:54,319 [ERROR] LogOutputStream:75 - [STDERR_REDIRECT] [Fatal Error] :1:1: Premature end of file.
2025-12-15 00:29:54,319 [ERROR] LogOutputStream:75 - [STDERR_REDIRECT] 
2025-12-15 00:29:54,329 [ERROR] LogOutputStream:75 - [STDERR_REDIRECT] [Fatal Error] :1:1: Premature end of file.
2025-12-15 00:29:54,329 [ERROR] LogOutputStream:75 - [STDERR_REDIRECT] 
2025-12-15 00:29:54,339 [ERROR] LogOutputStream:75 - [STDERR_REDIRECT] [Fatal Error] :1:1: Premature end of file.
2025-12-15 00:29:54,339 [ERROR] LogOutputStream:75 - [STDERR_REDIRECT] 
2025-12-15 00:29:54,349 [ERROR] LogOutputStream:75 - [STDERR_REDIRECT] [Fatal Error] :1:1: Premature end of file.
2025-12-15 00:29:54,349 [ERROR] LogOutputStream:75 - [STDERR_REDIRECT] 
2025-12-15 00:29:54,359 [ERROR] LogOutputStream:75 - [STDERR_REDIRECT] [Fatal Error] :1:1: Premature end of file.
2025-12-15 00:29:54,359 [ERROR] LogOutputStream:75 - [STDERR_REDIRECT] 
2025-12-15 00:29:54,369 [ERROR] LogOutputStream:75 - [STDERR_REDIRECT] [Fatal Error] :1:1: Premature end of file.
2025-12-15 00:29:54,369 [ERROR] LogOutputStream:75 - [STDERR_REDIRECT] 
2025-12-15 00:29:54,378 [ERROR] LogOutputStream:75 - [STDERR_REDIRECT] [Fatal Error] :1:1: Premature end of file.
2025-12-15 00:29:54,379 [ERROR] LogOutputStream:75 - [STDERR_REDIRECT] 
2025-12-15 00:29:54,389 [ERROR] LogOutputStream:75 - [STDERR_REDIRECT] [Fatal Error] :1:1: Premature end of file.
2025-12-15 00:29:54,389 [ERROR] LogOutputStream:75 - [STDERR_REDIRECT] 
2025-12-15 00:29:54,398 [ERROR] LogOutputStream:75 - [STDERR_REDIRECT] [Fatal Error] :1:1: Premature end of file.
2025-12-15 00:29:54,398 [ERROR] LogOutputStream:75 - [STDERR_REDIRECT] 
2025-12-15 00:29:54,408 [ERROR] LogOutputStream:75 - [STDERR_REDIRECT] [Fatal Error] :1:1: Premature end of file.
2025-12-15 00:29:54,408 [ERROR] LogOutputStream:75 - [STDERR_REDIRECT] 
2025-12-15 00:29:54,418 [ERROR] LogOutputStream:75 - [STDERR_REDIRECT] [Fatal Error] :1:1: Premature end of file.
2025-12-15 00:29:54,418 [ERROR] LogOutputStream:75 - [STDERR_REDIRECT] 
2025-12-15 00:29:54,428 [ERROR] LogOutputStream:75 - [STDERR_REDIRECT] [Fatal Error] :1:1: Premature end of file.
2025-12-15 00:29:54,428 [ERROR] LogOutputStream:75 - [STDERR_REDIRECT] 
2025-12-15 00:29:54,438 [ERROR] LogOutputStream:75 - [STDERR_REDIRECT] [Fatal Error] :1:1: Premature end of file.
2025-12-15 00:29:54,439 [ERROR] LogOutputStream:75 - [STDERR_REDIRECT] 
2025-12-15 00:29:54,449 [ERROR] LogOutputStream:75 - [STDERR_REDIRECT] [Fatal Error] :1:1: Premature end of file.
2025-12-15 00:29:54,449 [ERROR] LogOutputStream:75 - [STDERR_REDIRECT] 
2025-12-15 00:29:54,459 [ERROR] LogOutputStream:75 - [STDERR_REDIRECT] [Fatal Error] :1:1: Premature end of file.
2025-12-15 00:29:54,459 [ERROR] LogOutputStream:75 - [STDERR_REDIRECT] 
2025-12-15 00:29:54,469 [ERROR] LogOutputStream:75 - [STDERR_REDIRECT] [Fatal Error] :1:1: Premature end of file.
2025-12-15 00:29:54,469 [ERROR] LogOutputStream:75 - [STDERR_REDIRECT] 
2025-12-15 00:29:54,480 [ERROR] LogOutputStream:75 - [STDERR_REDIRECT] [Fatal Error] :1:1: Premature end of file.
2025-12-15 00:29:54,480 [ERROR] LogOutputStream:75 - [STDERR_REDIRECT] 
2025-12-15 00:29:54,490 [ERROR] LogOutputStream:75 - [STDERR_REDIRECT] [Fatal Error] :1:1: Premature end of file.
2025-12-15 00:29:54,490 [ERROR] LogOutputStream:75 - [STDERR_REDIRECT] 
2025-12-15 00:29:54,500 [ERROR] LogOutputStream:75 - [STDERR_REDIRECT] [Fatal Error] :1:1: Premature end of file.
2025-12-15 00:29:54,500 [ERROR] LogOutputStream:75 - [STDERR_REDIRECT] 
2025-12-15 00:29:54,511 [ERROR] LogOutputStream:75 - [STDERR_REDIRECT] [Fatal Error] :1:1: Premature end of file.
2025-12-15 00:29:54,511 [ERROR] LogOutputStream:75 - [STDERR_REDIRECT] 
2025-12-15 00:29:54,522 [ERROR] LogOutputStream:75 - [STDERR_REDIRECT] [Fatal Error] :1:1: Premature end of file.
2025-12-15 00:29:54,522 [ERROR] LogOutputStream:75 - [STDERR_REDIRECT] 
2025-12-15 00:29:54,533 [ERROR] LogOutputStream:75 - [STDERR_REDIRECT] [Fatal Error] :1:1: Premature end of file.
2025-12-15 00:29:54,533 [ERROR] LogOutputStream:75 - [STDERR_REDIRECT] 
2025-12-15 00:29:54,543 [ERROR] LogOutputStream:75 - [STDERR_REDIRECT] [Fatal Error] :1:1: Premature end of file.
2025-12-15 00:29:54,543 [ERROR] LogOutputStream:75 - [STDERR_REDIRECT] 
2025-12-15 00:29:54,554 [ERROR] LogOutputStream:75 - [STDERR_REDIRECT] [Fatal Error] :1:1: Premature end of file.
2025-12-15 00:29:54,554 [ERROR] LogOutputStream:75 - [STDERR_REDIRECT] 
2025-12-15 00:29:54,564 [ERROR] LogOutputStream:75 - [STDERR_REDIRECT] [Fatal Error] :1:1: Premature end of file.
2025-12-15 00:29:54,564 [ERROR] LogOutputStream:75 - [STDERR_REDIRECT] 
2025-12-15 00:29:54,575 [ERROR] LogOutputStream:75 - [STDERR_REDIRECT] [Fatal Error] :1:1: Premature end of file.
2025-12-15 00:29:54,576 [ERROR] LogOutputStream:75 - [STDERR_REDIRECT] 
2025-12-15 00:29:54,586 [ERROR] LogOutputStream:75 - [STDERR_REDIRECT] [Fatal Error] :1:1: Premature end of file.
2025-12-15 00:29:54,586 [ERROR] LogOutputStream:75 - [STDERR_REDIRECT] 
2025-12-15 00:29:54,595 [ERROR] LogOutputStream:75 - [STDERR_REDIRECT] [Fatal Error] :1:1: Premature end of file.
2025-12-15 00:29:54,595 [ERROR] LogOutputStream:75 - [STDERR_REDIRECT] 
2025-12-15 00:29:54,605 [ERROR] LogOutputStream:75 - [STDERR_REDIRECT] [Fatal Error] :1:1: Premature end of file.
2025-12-15 00:29:54,605 [ERROR] LogOutputStream:75 - [STDERR_REDIRECT] 
2025-12-15 00:29:54,615 [ERROR] LogOutputStream:75 - [STDERR_REDIRECT] [Fatal Error] :1:1: Premature end of file.
2025-12-15 00:29:54,615 [ERROR] LogOutputStream:75 - [STDERR_REDIRECT] 
2025-12-15 00:29:54,625 [ERROR] LogOutputStream:75 - [STDERR_REDIRECT] [Fatal Error] :1:1: Premature end of file.
2025-12-15 00:29:54,625 [ERROR] LogOutputStream:75 - [STDERR_REDIRECT] 
2025-12-15 00:29:54,636 [ERROR] LogOutputStream:75 - [STDERR_REDIRECT] [Fatal Error] :1:1: Premature end of file.
2025-12-15 00:29:54,636 [ERROR] LogOutputStream:75 - [STDERR_REDIRECT] 
2025-12-15 00:29:54,646 [ERROR] LogOutputStream:75 - [STDERR_REDIRECT] [Fatal Error] :1:1: Premature end of file.
2025-12-15 00:29:54,646 [ERROR] LogOutputStream:75 - [STDERR_REDIRECT] 
2025-12-15 00:29:54,657 [ERROR] LogOutputStream:75 - [STDERR_REDIRECT] [Fatal Error] :1:1: Premature end of file.
2025-12-15 00:29:54,657 [ERROR] LogOutputStream:75 - [STDERR_REDIRECT] 
2025-12-15 00:29:54,667 [ERROR] LogOutputStream:75 - [STDERR_REDIRECT] [Fatal Error] :1:1: Premature end of file.
2025-12-15 00:29:54,667 [ERROR] LogOutputStream:75 - [STDERR_REDIRECT] 
2025-12-15 00:29:54,678 [ERROR] LogOutputStream:75 - [STDERR_REDIRECT] [Fatal Error] :1:1: Premature end of file.
2025-12-15 00:29:54,678 [ERROR] LogOutputStream:75 - [STDERR_REDIRECT] 
2025-12-15 00:29:54,689 [ERROR] LogOutputStream:75 - [STDERR_REDIRECT] [Fatal Error] :1:1: Premature end of file.
2025-12-15 00:29:54,689 [ERROR] LogOutputStream:75 - [STDERR_REDIRECT] 
2025-12-15 00:29:54,699 [ERROR] LogOutputStream:75 - [STDERR_REDIRECT] [Fatal Error] :1:1: Premature end of file.
2025-12-15 00:29:54,699 [ERROR] LogOutputStream:75 - [STDERR_REDIRECT] 
2025-12-15 00:29:54,710 [ERROR] LogOutputStream:75 - [STDERR_REDIRECT] [Fatal Error] :1:1: Premature end of file.
2025-12-15 00:29:54,710 [ERROR] LogOutputStream:75 - [STDERR_REDIRECT] 
2025-12-15 00:29:54,720 [ERROR] LogOutputStream:75 - [STDERR_REDIRECT] [Fatal Error] :1:1: Premature end of file.
2025-12-15 00:29:54,720 [ERROR] LogOutputStream:75 - [STDERR_REDIRECT] 
2025-12-15 00:29:54,730 [ERROR] LogOutputStream:75 - [STDERR_REDIRECT] [Fatal Error] :1:1: Premature end of file.
2025-12-15 00:29:54,730 [ERROR] LogOutputStream:75 - [STDERR_REDIRECT] 
2025-12-15 00:29:54,741 [ERROR] LogOutputStream:75 - [STDERR_REDIRECT] [Fatal Error] :1:1: Premature end of file.
2025-12-15 00:29:54,741 [ERROR] LogOutputStream:75 - [STDERR_REDIRECT] 
2025-12-15 00:29:54,753 [ERROR] LogOutputStream:75 - [STDERR_REDIRECT] [Fatal Error] :1:1: Premature end of file.
2025-12-15 00:29:54,753 [ERROR] LogOutputStream:75 - [STDERR_REDIRECT] 
2025-12-15 00:29:54,764 [ERROR] LogOutputStream:75 - [STDERR_REDIRECT] [Fatal Error] :1:1: Premature end of file.
2025-12-15 00:29:54,764 [ERROR] LogOutputStream:75 - [STDERR_REDIRECT] 
2025-12-15 00:29:54,780 [ERROR] LogOutputStream:75 - [STDERR_REDIRECT] [Fatal Error] :1:1: Premature end of file.
2025-12-15 00:29:54,780 [ERROR] LogOutputStream:75 - [STDERR_REDIRECT] 
2025-12-15 00:29:54,790 [ERROR] LogOutputStream:75 - [STDERR_REDIRECT] [Fatal Error] :1:1: Premature end of file.
2025-12-15 00:29:54,790 [ERROR] LogOutputStream:75 - [STDERR_REDIRECT] 
2025-12-15 00:29:54,801 [ERROR] LogOutputStream:75 - [STDERR_REDIRECT] [Fatal Error] :1:1: Premature end of file.
2025-12-15 00:29:54,801 [ERROR] LogOutputStream:75 - [STDERR_REDIRECT] 
2025-12-15 00:29:54,812 [ERROR] LogOutputStream:75 - [STDERR_REDIRECT] [Fatal Error] :1:1: Premature end of file.
2025-12-15 00:29:54,812 [ERROR] LogOutputStream:75 - [STDERR_REDIRECT] 
2025-12-15 00:29:54,826 [ERROR] LogOutputStream:75 - [STDERR_REDIRECT] [Fatal Error] :1:1: Premature end of file.
2025-12-15 00:29:54,826 [ERROR] LogOutputStream:75 - [STDERR_REDIRECT] 
2025-12-15 00:29:54,836 [ERROR] LogOutputStream:75 - [STDERR_REDIRECT] [Fatal Error] :1:1: Premature end of file.
2025-12-15 00:29:54,836 [ERROR] LogOutputStream:75 - [STDERR_REDIRECT] 
2025-12-15 00:29:54,846 [ERROR] LogOutputStream:75 - [STDERR_REDIRECT] [Fatal Error] :1:1: Premature end of file.
2025-12-15 00:29:54,846 [ERROR] LogOutputStream:75 - [STDERR_REDIRECT] 
2025-12-15 00:29:54,856 [ERROR] LogOutputStream:75 - [STDERR_REDIRECT] [Fatal Error] :1:1: Premature end of file.
2025-12-15 00:29:54,856 [ERROR] LogOutputStream:75 - [STDERR_REDIRECT] 
2025-12-15 00:29:54,867 [ERROR] LogOutputStream:75 - [STDERR_REDIRECT] [Fatal Error] :1:1: Premature end of file.
2025-12-15 00:29:54,867 [ERROR] LogOutputStream:75 - [STDERR_REDIRECT] 
2025-12-15 00:29:54,877 [ERROR] LogOutputStream:75 - [STDERR_REDIRECT] [Fatal Error] :1:1: Premature end of file.
2025-12-15 00:29:54,877 [ERROR] LogOutputStream:75 - [STDERR_REDIRECT] 
2025-12-15 00:29:54,887 [ERROR] LogOutputStream:75 - [STDERR_REDIRECT] [Fatal Error] :1:1: Premature end of file.
2025-12-15 00:29:54,887 [ERROR] LogOutputStream:75 - [STDERR_REDIRECT] 
2025-12-15 00:29:54,899 [ERROR] LogOutputStream:75 - [STDERR_REDIRECT] [Fatal Error] :1:1: Premature end of file.
2025-12-15 00:29:54,899 [ERROR] LogOutputStream:75 - [STDERR_REDIRECT] 
2025-12-15 00:29:54,909 [ERROR] LogOutputStream:75 - [STDERR_REDIRECT] [Fatal Error] :1:1: Premature end of file.
2025-12-15 00:29:54,909 [ERROR] LogOutputStream:75 - [STDERR_REDIRECT] 
2025-12-15 00:29:54,919 [ERROR] LogOutputStream:75 - [STDERR_REDIRECT] [Fatal Error] :1:1: Premature end of file.
2025-12-15 00:29:54,919 [ERROR] LogOutputStream:75 - [STDERR_REDIRECT] 
2025-12-15 00:29:54,930 [ERROR] LogOutputStream:75 - [STDERR_REDIRECT] [Fatal Error] :1:1: Premature end of file.
2025-12-15 00:29:54,930 [ERROR] LogOutputStream:75 - [STDERR_REDIRECT] 
2025-12-15 00:29:54,940 [ERROR] LogOutputStream:75 - [STDERR_REDIRECT] [Fatal Error] :1:1: Premature end of file.
2025-12-15 00:29:54,940 [ERROR] LogOutputStream:75 - [STDERR_REDIRECT] 
2025-12-15 00:29:54,950 [ERROR] LogOutputStream:75 - [STDERR_REDIRECT] [Fatal Error] :1:1: Premature end of file.
2025-12-15 00:29:54,950 [ERROR] LogOutputStream:75 - [STDERR_REDIRECT] 
2025-12-15 00:29:54,960 [ERROR] LogOutputStream:75 - [STDERR_REDIRECT] [Fatal Error] :1:1: Premature end of file.
2025-12-15 00:29:54,960 [ERROR] LogOutputStream:75 - [STDERR_REDIRECT] 
2025-12-15 00:29:54,970 [ERROR] LogOutputStream:75 - [STDERR_REDIRECT] [Fatal Error] :1:1: Premature end of file.
2025-12-15 00:29:54,971 [ERROR] LogOutputStream:75 - [STDERR_REDIRECT] 
2025-12-15 00:29:54,981 [ERROR] LogOutputStream:75 - [STDERR_REDIRECT] [Fatal Error] :1:1: Premature end of file.
2025-12-15 00:29:54,981 [ERROR] LogOutputStream:75 - [STDERR_REDIRECT] 
2025-12-15 00:29:54,990 [ERROR] LogOutputStream:75 - [STDERR_REDIRECT] [Fatal Error] :1:1: Premature end of file.
2025-12-15 00:29:54,990 [ERROR] LogOutputStream:75 - [STDERR_REDIRECT] 
2025-12-15 00:29:55,000 [ERROR] LogOutputStream:75 - [STDERR_REDIRECT] [Fatal Error] :1:1: Premature end of file.
2025-12-15 00:29:55,001 [ERROR] LogOutputStream:75 - [STDERR_REDIRECT] 
2025-12-15 00:29:55,011 [ERROR] LogOutputStream:75 - [STDERR_REDIRECT] [Fatal Error] :1:1: Premature end of file.
2025-12-15 00:29:55,011 [ERROR] LogOutputStream:75 - [STDERR_REDIRECT] 
2025-12-15 00:29:55,021 [ERROR] LogOutputStream:75 - [STDERR_REDIRECT] [Fatal Error] :1:1: Premature end of file.
2025-12-15 00:29:55,021 [ERROR] LogOutputStream:75 - [STDERR_REDIRECT] 
2025-12-15 00:29:55,031 [ERROR] LogOutputStream:75 - [STDERR_REDIRECT] [Fatal Error] :1:1: Premature end of file.
2025-12-15 00:29:55,031 [ERROR] LogOutputStream:75 - [STDERR_REDIRECT] 
2025-12-15 00:29:55,042 [ERROR] LogOutputStream:75 - [STDERR_REDIRECT] [Fatal Error] :1:1: Premature end of file.
2025-12-15 00:29:55,042 [ERROR] LogOutputStream:75 - [STDERR_REDIRECT] 
2025-12-15 00:29:55,053 [ERROR] LogOutputStream:75 - [STDERR_REDIRECT] [Fatal Error] :1:1: Premature end of file.
2025-12-15 00:29:55,053 [ERROR] LogOutputStream:75 - [STDERR_REDIRECT] 
2025-12-15 00:29:55,064 [ERROR] LogOutputStream:75 - [STDERR_REDIRECT] [Fatal Error] :1:1: Premature end of file.
2025-12-15 00:29:55,064 [ERROR] LogOutputStream:75 - [STDERR_REDIRECT] 
2025-12-15 00:29:55,075 [ERROR] LogOutputStream:75 - [STDERR_REDIRECT] [Fatal Error] :1:1: Premature end of file.
2025-12-15 00:29:55,075 [ERROR] LogOutputStream:75 - [STDERR_REDIRECT] 
2025-12-15 00:29:55,086 [ERROR] LogOutputStream:75 - [STDERR_REDIRECT] [Fatal Error] :1:1: Premature end of file.
2025-12-15 00:29:55,086 [ERROR] LogOutputStream:75 - [STDERR_REDIRECT] 
2025-12-15 00:29:55,097 [ERROR] LogOutputStream:75 - [STDERR_REDIRECT] [Fatal Error] :1:1: Premature end of file.
2025-12-15 00:29:55,097 [ERROR] LogOutputStream:75 - [STDERR_REDIRECT] 
2025-12-15 00:29:55,107 [ERROR] LogOutputStream:75 - [STDERR_REDIRECT] [Fatal Error] :1:1: Premature end of file.
2025-12-15 00:29:55,107 [ERROR] LogOutputStream:75 - [STDERR_REDIRECT] 
2025-12-15 00:29:55,118 [ERROR] LogOutputStream:75 - [STDERR_REDIRECT] [Fatal Error] :1:1: Premature end of file.
2025-12-15 00:29:55,118 [ERROR] LogOutputStream:75 - [STDERR_REDIRECT] 
2025-12-15 00:29:55,128 [ERROR] LogOutputStream:75 - [STDERR_REDIRECT] [Fatal Error] :1:1: Premature end of file.
2025-12-15 00:29:55,128 [ERROR] LogOutputStream:75 - [STDERR_REDIRECT] 
2025-12-15 00:29:55,138 [ERROR] LogOutputStream:75 - [STDERR_REDIRECT] [Fatal Error] :1:1: Premature end of file.
2025-12-15 00:29:55,138 [ERROR] LogOutputStream:75 - [STDERR_REDIRECT] 
2025-12-15 00:29:55,148 [ERROR] LogOutputStream:75 - [STDERR_REDIRECT] [Fatal Error] :1:1: Premature end of file.
2025-12-15 00:29:55,148 [ERROR] LogOutputStream:75 - [STDERR_REDIRECT] 
2025-12-15 00:29:55,161 [ERROR] LogOutputStream:75 - [STDERR_REDIRECT] [Fatal Error] :1:1: Premature end of file.
2025-12-15 00:29:55,161 [ERROR] LogOutputStream:75 - [STDERR_REDIRECT] 
2025-12-15 00:29:55,172 [ERROR] LogOutputStream:75 - [STDERR_REDIRECT] [Fatal Error] :1:1: Premature end of file.
2025-12-15 00:29:55,172 [ERROR] LogOutputStream:75 - [STDERR_REDIRECT] 
2025-12-15 00:29:55,182 [ERROR] LogOutputStream:75 - [STDERR_REDIRECT] [Fatal Error] :1:1: Premature end of file.
2025-12-15 00:29:55,182 [ERROR] LogOutputStream:75 - [STDERR_REDIRECT] 
2025-12-15 00:29:55,193 [ERROR] LogOutputStream:75 - [STDERR_REDIRECT] [Fatal Error] :1:1: Premature end of file.
2025-12-15 00:29:55,193 [ERROR] LogOutputStream:75 - [STDERR_REDIRECT] 
2025-12-15 00:29:55,204 [ERROR] LogOutputStream:75 - [STDERR_REDIRECT] [Fatal Error] :1:1: Premature end of file.
2025-12-15 00:29:55,204 [ERROR] LogOutputStream:75 - [STDERR_REDIRECT] 
2025-12-15 00:29:55,216 [ERROR] LogOutputStream:75 - [STDERR_REDIRECT] [Fatal Error] :1:1: Premature end of file.
2025-12-15 00:29:55,216 [ERROR] LogOutputStream:75 - [STDERR_REDIRECT] 
2025-12-15 00:29:55,228 [ERROR] LogOutputStream:75 - [STDERR_REDIRECT] [Fatal Error] :1:1: Premature end of file.
2025-12-15 00:29:55,228 [ERROR] LogOutputStream:75 - [STDERR_REDIRECT] 
2025-12-15 00:29:55,239 [ERROR] LogOutputStream:75 - [STDERR_REDIRECT] [Fatal Error] :1:1: Premature end of file.
2025-12-15 00:29:55,239 [ERROR] LogOutputStream:75 - [STDERR_REDIRECT] 
2025-12-15 00:29:55,249 [ERROR] LogOutputStream:75 - [STDERR_REDIRECT] [Fatal Error] :1:1: Premature end of file.
2025-12-15 00:29:55,249 [ERROR] LogOutputStream:75 - [STDERR_REDIRECT] 
2025-12-15 00:29:55,266 [ERROR] LogOutputStream:75 - [STDERR_REDIRECT] [Fatal Error] :1:1: Premature end of file.
2025-12-15 00:29:55,266 [ERROR] LogOutputStream:75 - [STDERR_REDIRECT] 
2025-12-15 00:29:55,276 [ERROR] LogOutputStream:75 - [STDERR_REDIRECT] [Fatal Error] :1:1: Premature end of file.
2025-12-15 00:29:55,276 [ERROR] LogOutputStream:75 - [STDERR_REDIRECT] 
2025-12-15 00:29:55,287 [ERROR] LogOutputStream:75 - [STDERR_REDIRECT] [Fatal Error] :1:1: Premature end of file.
2025-12-15 00:29:55,287 [ERROR] LogOutputStream:75 - [STDERR_REDIRECT] 
2025-12-15 00:29:55,298 [ERROR] LogOutputStream:75 - [STDERR_REDIRECT] [Fatal Error] :1:1: Premature end of file.
2025-12-15 00:29:55,298 [ERROR] LogOutputStream:75 - [STDERR_REDIRECT] 
2025-12-15 00:29:55,309 [ERROR] LogOutputStream:75 - [STDERR_REDIRECT] [Fatal Error] :1:1: Premature end of file.
2025-12-15 00:29:55,309 [ERROR] LogOutputStream:75 - [STDERR_REDIRECT] 
2025-12-15 00:29:55,319 [ERROR] LogOutputStream:75 - [STDERR_REDIRECT] [Fatal Error] :1:1: Premature end of file.
2025-12-15 00:29:55,320 [ERROR] LogOutputStream:75 - [STDERR_REDIRECT] 
2025-12-15 00:29:55,330 [ERROR] LogOutputStream:75 - [STDERR_REDIRECT] [Fatal Error] :1:1: Premature end of file.
2025-12-15 00:29:55,330 [ERROR] LogOutputStream:75 - [STDERR_REDIRECT] 
2025-12-15 00:29:55,341 [ERROR] LogOutputStream:75 - [STDERR_REDIRECT] [Fatal Error] :1:1: Premature end of file.
2025-12-15 00:29:55,341 [ERROR] LogOutputStream:75 - [STDERR_REDIRECT] 
2025-12-15 00:29:55,352 [ERROR] LogOutputStream:75 - [STDERR_REDIRECT] [Fatal Error] :1:1: Premature end of file.
2025-12-15 00:29:55,352 [ERROR] LogOutputStream:75 - [STDERR_REDIRECT] 
2025-12-15 00:29:55,362 [ERROR] LogOutputStream:75 - [STDERR_REDIRECT] [Fatal Error] :1:1: Premature end of file.
2025-12-15 00:29:55,362 [ERROR] LogOutputStream:75 - [STDERR_REDIRECT] 
2025-12-15 00:29:55,372 [ERROR] LogOutputStream:75 - [STDERR_REDIRECT] [Fatal Error] :1:1: Premature end of file.
2025-12-15 00:29:55,372 [ERROR] LogOutputStream:75 - [STDERR_REDIRECT] 
2025-12-15 00:29:55,383 [ERROR] LogOutputStream:75 - [STDERR_REDIRECT] [Fatal Error] :1:1: Premature end of file.
2025-12-15 00:29:55,383 [ERROR] LogOutputStream:75 - [STDERR_REDIRECT] 
2025-12-15 00:29:55,394 [ERROR] LogOutputStream:75 - [STDERR_REDIRECT] [Fatal Error] :1:1: Premature end of file.
2025-12-15 00:29:55,394 [ERROR] LogOutputStream:75 - [STDERR_REDIRECT] 
2025-12-15 00:29:55,405 [ERROR] LogOutputStream:75 - [STDERR_REDIRECT] [Fatal Error] :1:1: Premature end of file.
2025-12-15 00:29:55,405 [ERROR] LogOutputStream:75 - [STDERR_REDIRECT] 
2025-12-15 00:29:55,415 [ERROR] LogOutputStream:75 - [STDERR_REDIRECT] [Fatal Error] :1:1: Premature end of file.
2025-12-15 00:29:55,415 [ERROR] LogOutputStream:75 - [STDERR_REDIRECT] 
2025-12-15 00:29:55,426 [ERROR] LogOutputStream:75 - [STDERR_REDIRECT] [Fatal Error] :1:1: Premature end of file.
2025-12-15 00:29:55,426 [ERROR] LogOutputStream:75 - [STDERR_REDIRECT] 
2025-12-15 00:29:55,436 [ERROR] LogOutputStream:75 - [STDERR_REDIRECT] [Fatal Error] :1:1: Premature end of file.
2025-12-15 00:29:55,436 [ERROR] LogOutputStream:75 - [STDERR_REDIRECT] 
2025-12-15 00:29:55,447 [ERROR] LogOutputStream:75 - [STDERR_REDIRECT] [Fatal Error] :1:1: Premature end of file.
2025-12-15 00:29:55,447 [ERROR] LogOutputStream:75 - [STDERR_REDIRECT] 
2025-12-15 00:29:55,458 [ERROR] LogOutputStream:75 - [STDERR_REDIRECT] [Fatal Error] :1:1: Premature end of file.
2025-12-15 00:29:55,459 [ERROR] LogOutputStream:75 - [STDERR_REDIRECT] 
2025-12-15 00:29:55,461 [ERROR] LogOutputStream:75 - [STDERR_REDIRECT] 
