C:/Users/kerem/OneDrive/Documents/magic-time/BLESensorsPnPL/Drivers/BSP/Components/ism330dhcx/ism330dhcx.c:101:9:ISM330DHCX_RegisterBusIO	24	static
C:/Users/kerem/OneDrive/Documents/magic-time/BLESensorsPnPL/Drivers/BSP/Components/ism330dhcx/ism330dhcx.c:159:9:ISM330DHCX_Init	16	static
C:/Users/kerem/OneDrive/Documents/magic-time/BLESensorsPnPL/Drivers/BSP/Components/ism330dhcx/ism330dhcx.c:245:9:ISM330DHCX_DeInit	16	static
C:/Users/kerem/OneDrive/Documents/magic-time/BLESensorsPnPL/Drivers/BSP/Components/ism330dhcx/ism330dhcx.c:273:9:ISM330DHCX_ReadID	16	static
C:/Users/kerem/OneDrive/Documents/magic-time/BLESensorsPnPL/Drivers/BSP/Components/ism330dhcx/ism330dhcx.c:289:9:ISM330DHCX_GetCapabilities	16	static
C:/Users/kerem/OneDrive/Documents/magic-time/BLESensorsPnPL/Drivers/BSP/Components/ism330dhcx/ism330dhcx.c:312:9:ISM330DHCX_ACC_Enable	16	static
C:/Users/kerem/OneDrive/Documents/magic-time/BLESensorsPnPL/Drivers/BSP/Components/ism330dhcx/ism330dhcx.c:336:9:ISM330DHCX_ACC_Disable	16	static
C:/Users/kerem/OneDrive/Documents/magic-time/BLESensorsPnPL/Drivers/BSP/Components/ism330dhcx/ism330dhcx.c:367:9:ISM330DHCX_ACC_GetSensitivity	24	static
C:/Users/kerem/OneDrive/Documents/magic-time/BLESensorsPnPL/Drivers/BSP/Components/ism330dhcx/ism330dhcx.c:411:9:ISM330DHCX_ACC_GetOutputDataRate	24	static
C:/Users/kerem/OneDrive/Documents/magic-time/BLESensorsPnPL/Drivers/BSP/Components/ism330dhcx/ism330dhcx.c:486:9:ISM330DHCX_ACC_SetOutputDataRate	16	static
C:/Users/kerem/OneDrive/Documents/magic-time/BLESensorsPnPL/Drivers/BSP/Components/ism330dhcx/ism330dhcx.c:505:9:ISM330DHCX_ACC_GetFullScale	24	static
C:/Users/kerem/OneDrive/Documents/magic-time/BLESensorsPnPL/Drivers/BSP/Components/ism330dhcx/ism330dhcx.c:548:9:ISM330DHCX_ACC_SetFullScale	24	static
C:/Users/kerem/OneDrive/Documents/magic-time/BLESensorsPnPL/Drivers/BSP/Components/ism330dhcx/ism330dhcx.c:573:9:ISM330DHCX_ACC_GetAxesRaw	24	static
C:/Users/kerem/OneDrive/Documents/magic-time/BLESensorsPnPL/Drivers/BSP/Components/ism330dhcx/ism330dhcx.c:597:9:ISM330DHCX_ACC_GetAxes	32	static
C:/Users/kerem/OneDrive/Documents/magic-time/BLESensorsPnPL/Drivers/BSP/Components/ism330dhcx/ism330dhcx.c:627:9:ISM330DHCX_GYRO_Enable	16	static
C:/Users/kerem/OneDrive/Documents/magic-time/BLESensorsPnPL/Drivers/BSP/Components/ism330dhcx/ism330dhcx.c:651:9:ISM330DHCX_GYRO_Disable	16	static
C:/Users/kerem/OneDrive/Documents/magic-time/BLESensorsPnPL/Drivers/BSP/Components/ism330dhcx/ism330dhcx.c:682:9:ISM330DHCX_GYRO_GetSensitivity	24	static
C:/Users/kerem/OneDrive/Documents/magic-time/BLESensorsPnPL/Drivers/BSP/Components/ism330dhcx/ism330dhcx.c:734:9:ISM330DHCX_GYRO_GetOutputDataRate	24	static
C:/Users/kerem/OneDrive/Documents/magic-time/BLESensorsPnPL/Drivers/BSP/Components/ism330dhcx/ism330dhcx.c:805:9:ISM330DHCX_GYRO_SetOutputDataRate	16	static
C:/Users/kerem/OneDrive/Documents/magic-time/BLESensorsPnPL/Drivers/BSP/Components/ism330dhcx/ism330dhcx.c:824:9:ISM330DHCX_GYRO_GetFullScale	24	static
C:/Users/kerem/OneDrive/Documents/magic-time/BLESensorsPnPL/Drivers/BSP/Components/ism330dhcx/ism330dhcx.c:875:9:ISM330DHCX_GYRO_SetFullScale	24	static
C:/Users/kerem/OneDrive/Documents/magic-time/BLESensorsPnPL/Drivers/BSP/Components/ism330dhcx/ism330dhcx.c:900:9:ISM330DHCX_GYRO_GetAxesRaw	24	static
C:/Users/kerem/OneDrive/Documents/magic-time/BLESensorsPnPL/Drivers/BSP/Components/ism330dhcx/ism330dhcx.c:924:9:ISM330DHCX_GYRO_GetAxes	32	static
C:/Users/kerem/OneDrive/Documents/magic-time/BLESensorsPnPL/Drivers/BSP/Components/ism330dhcx/ism330dhcx.c:956:9:ISM330DHCX_Read_Reg	24	static
C:/Users/kerem/OneDrive/Documents/magic-time/BLESensorsPnPL/Drivers/BSP/Components/ism330dhcx/ism330dhcx.c:973:9:ISM330DHCX_Write_Reg	16	static
C:/Users/kerem/OneDrive/Documents/magic-time/BLESensorsPnPL/Drivers/BSP/Components/ism330dhcx/ism330dhcx.c:989:9:ISM330DHCX_Set_Interrupt_Latch	16	static
C:/Users/kerem/OneDrive/Documents/magic-time/BLESensorsPnPL/Drivers/BSP/Components/ism330dhcx/ism330dhcx.c:1010:9:ISM330DHCX_Set_INT1_Drdy	24	static
C:/Users/kerem/OneDrive/Documents/magic-time/BLESensorsPnPL/Drivers/BSP/Components/ism330dhcx/ism330dhcx.c:1035:9:ISM330DHCX_Set_INT2_Drdy	24	static
C:/Users/kerem/OneDrive/Documents/magic-time/BLESensorsPnPL/Drivers/BSP/Components/ism330dhcx/ism330dhcx.c:1061:9:ISM330DHCX_Set_Drdy_Mode	16	static
C:/Users/kerem/OneDrive/Documents/magic-time/BLESensorsPnPL/Drivers/BSP/Components/ism330dhcx/ism330dhcx.c:1076:9:ISM330DHCX_ACC_Enable_Free_Fall_Detection	40	static
C:/Users/kerem/OneDrive/Documents/magic-time/BLESensorsPnPL/Drivers/BSP/Components/ism330dhcx/ism330dhcx.c:1162:9:ISM330DHCX_ACC_Disable_Free_Fall_Detection	32	static
C:/Users/kerem/OneDrive/Documents/magic-time/BLESensorsPnPL/Drivers/BSP/Components/ism330dhcx/ism330dhcx.c:1213:9:ISM330DHCX_ACC_Set_Free_Fall_Threshold	16	static
C:/Users/kerem/OneDrive/Documents/magic-time/BLESensorsPnPL/Drivers/BSP/Components/ism330dhcx/ism330dhcx.c:1229:9:ISM330DHCX_ACC_Set_Free_Fall_Duration	16	static
C:/Users/kerem/OneDrive/Documents/magic-time/BLESensorsPnPL/Drivers/BSP/Components/ism330dhcx/ism330dhcx.c:1245:9:ISM330DHCX_ACC_Enable_Wake_Up_Detection	40	static
C:/Users/kerem/OneDrive/Documents/magic-time/BLESensorsPnPL/Drivers/BSP/Components/ism330dhcx/ism330dhcx.c:1319:9:ISM330DHCX_ACC_Disable_Wake_Up_Detection	32	static
C:/Users/kerem/OneDrive/Documents/magic-time/BLESensorsPnPL/Drivers/BSP/Components/ism330dhcx/ism330dhcx.c:1370:9:ISM330DHCX_ACC_Set_Wake_Up_Threshold	16	static
C:/Users/kerem/OneDrive/Documents/magic-time/BLESensorsPnPL/Drivers/BSP/Components/ism330dhcx/ism330dhcx.c:1387:9:ISM330DHCX_ACC_Set_Wake_Up_Duration	16	static
C:/Users/kerem/OneDrive/Documents/magic-time/BLESensorsPnPL/Drivers/BSP/Components/ism330dhcx/ism330dhcx.c:1404:9:ISM330DHCX_ACC_Enable_Single_Tap_Detection	40	static
C:/Users/kerem/OneDrive/Documents/magic-time/BLESensorsPnPL/Drivers/BSP/Components/ism330dhcx/ism330dhcx.c:1506:9:ISM330DHCX_ACC_Disable_Single_Tap_Detection	32	static
C:/Users/kerem/OneDrive/Documents/magic-time/BLESensorsPnPL/Drivers/BSP/Components/ism330dhcx/ism330dhcx.c:1581:9:ISM330DHCX_ACC_Enable_Double_Tap_Detection	40	static
C:/Users/kerem/OneDrive/Documents/magic-time/BLESensorsPnPL/Drivers/BSP/Components/ism330dhcx/ism330dhcx.c:1691:9:ISM330DHCX_ACC_Disable_Double_Tap_Detection	32	static
C:/Users/kerem/OneDrive/Documents/magic-time/BLESensorsPnPL/Drivers/BSP/Components/ism330dhcx/ism330dhcx.c:1778:9:ISM330DHCX_ACC_Set_Tap_Threshold	16	static
C:/Users/kerem/OneDrive/Documents/magic-time/BLESensorsPnPL/Drivers/BSP/Components/ism330dhcx/ism330dhcx.c:1795:9:ISM330DHCX_ACC_Set_Tap_Shock_Time	16	static
C:/Users/kerem/OneDrive/Documents/magic-time/BLESensorsPnPL/Drivers/BSP/Components/ism330dhcx/ism330dhcx.c:1812:9:ISM330DHCX_ACC_Set_Tap_Quiet_Time	16	static
C:/Users/kerem/OneDrive/Documents/magic-time/BLESensorsPnPL/Drivers/BSP/Components/ism330dhcx/ism330dhcx.c:1829:9:ISM330DHCX_ACC_Set_Tap_Duration_Time	16	static
C:/Users/kerem/OneDrive/Documents/magic-time/BLESensorsPnPL/Drivers/BSP/Components/ism330dhcx/ism330dhcx.c:1846:9:ISM330DHCX_ACC_Enable_6D_Orientation	40	static
C:/Users/kerem/OneDrive/Documents/magic-time/BLESensorsPnPL/Drivers/BSP/Components/ism330dhcx/ism330dhcx.c:1914:9:ISM330DHCX_ACC_Disable_6D_Orientation	32	static
C:/Users/kerem/OneDrive/Documents/magic-time/BLESensorsPnPL/Drivers/BSP/Components/ism330dhcx/ism330dhcx.c:1959:9:ISM330DHCX_ACC_Set_6D_Orientation_Threshold	16	static
C:/Users/kerem/OneDrive/Documents/magic-time/BLESensorsPnPL/Drivers/BSP/Components/ism330dhcx/ism330dhcx.c:1975:9:ISM330DHCX_ACC_Get_6D_Orientation_XL	24	static
C:/Users/kerem/OneDrive/Documents/magic-time/BLESensorsPnPL/Drivers/BSP/Components/ism330dhcx/ism330dhcx.c:1995:9:ISM330DHCX_ACC_Get_6D_Orientation_XH	24	static
C:/Users/kerem/OneDrive/Documents/magic-time/BLESensorsPnPL/Drivers/BSP/Components/ism330dhcx/ism330dhcx.c:2015:9:ISM330DHCX_ACC_Get_6D_Orientation_YL	24	static
C:/Users/kerem/OneDrive/Documents/magic-time/BLESensorsPnPL/Drivers/BSP/Components/ism330dhcx/ism330dhcx.c:2035:9:ISM330DHCX_ACC_Get_6D_Orientation_YH	24	static
C:/Users/kerem/OneDrive/Documents/magic-time/BLESensorsPnPL/Drivers/BSP/Components/ism330dhcx/ism330dhcx.c:2055:9:ISM330DHCX_ACC_Get_6D_Orientation_ZL	24	static
C:/Users/kerem/OneDrive/Documents/magic-time/BLESensorsPnPL/Drivers/BSP/Components/ism330dhcx/ism330dhcx.c:2075:9:ISM330DHCX_ACC_Get_6D_Orientation_ZH	24	static
C:/Users/kerem/OneDrive/Documents/magic-time/BLESensorsPnPL/Drivers/BSP/Components/ism330dhcx/ism330dhcx.c:2095:9:ISM330DHCX_ACC_Get_Event_Status	40	static
C:/Users/kerem/OneDrive/Documents/magic-time/BLESensorsPnPL/Drivers/BSP/Components/ism330dhcx/ism330dhcx.c:2185:9:ISM330DHCX_ACC_Set_SelfTest	24	static
C:/Users/kerem/OneDrive/Documents/magic-time/BLESensorsPnPL/Drivers/BSP/Components/ism330dhcx/ism330dhcx.c:2208:9:ISM330DHCX_ACC_Get_DRDY_Status	16	static
C:/Users/kerem/OneDrive/Documents/magic-time/BLESensorsPnPL/Drivers/BSP/Components/ism330dhcx/ism330dhcx.c:2224:9:ISM330DHCX_ACC_Get_Init_Status	16	static
C:/Users/kerem/OneDrive/Documents/magic-time/BLESensorsPnPL/Drivers/BSP/Components/ism330dhcx/ism330dhcx.c:2242:9:ISM330DHCX_ACC_Enable_HP_Filter	16	static
C:/Users/kerem/OneDrive/Documents/magic-time/BLESensorsPnPL/Drivers/BSP/Components/ism330dhcx/ism330dhcx.c:2257:9:ISM330DHCX_GYRO_Set_SelfTest	24	static
C:/Users/kerem/OneDrive/Documents/magic-time/BLESensorsPnPL/Drivers/BSP/Components/ism330dhcx/ism330dhcx.c:2281:9:ISM330DHCX_GYRO_Get_DRDY_Status	16	static
C:/Users/kerem/OneDrive/Documents/magic-time/BLESensorsPnPL/Drivers/BSP/Components/ism330dhcx/ism330dhcx.c:2297:9:ISM330DHCX_GYRO_Get_Init_Status	16	static
C:/Users/kerem/OneDrive/Documents/magic-time/BLESensorsPnPL/Drivers/BSP/Components/ism330dhcx/ism330dhcx.c:2315:9:ISM330DHCX_FIFO_Get_Num_Samples	16	static
C:/Users/kerem/OneDrive/Documents/magic-time/BLESensorsPnPL/Drivers/BSP/Components/ism330dhcx/ism330dhcx.c:2331:9:ISM330DHCX_FIFO_Get_Full_Status	24	static
C:/Users/kerem/OneDrive/Documents/magic-time/BLESensorsPnPL/Drivers/BSP/Components/ism330dhcx/ism330dhcx.c:2356:9:ISM330DHCX_FIFO_Get_All_Status	24	static
C:/Users/kerem/OneDrive/Documents/magic-time/BLESensorsPnPL/Drivers/BSP/Components/ism330dhcx/ism330dhcx.c:2385:9:ISM330DHCX_FIFO_ACC_Set_BDR	24	static
C:/Users/kerem/OneDrive/Documents/magic-time/BLESensorsPnPL/Drivers/BSP/Components/ism330dhcx/ism330dhcx.c:2414:9:ISM330DHCX_FIFO_GYRO_Set_BDR	24	static
C:/Users/kerem/OneDrive/Documents/magic-time/BLESensorsPnPL/Drivers/BSP/Components/ism330dhcx/ism330dhcx.c:2443:9:ISM330DHCX_FIFO_Set_INT1_FIFO_Full	24	static
C:/Users/kerem/OneDrive/Documents/magic-time/BLESensorsPnPL/Drivers/BSP/Components/ism330dhcx/ism330dhcx.c:2468:9:ISM330DHCX_FIFO_Set_INT1_FIFO_Threshold	24	static
C:/Users/kerem/OneDrive/Documents/magic-time/BLESensorsPnPL/Drivers/BSP/Components/ism330dhcx/ism330dhcx.c:2493:9:ISM330DHCX_FIFO_Set_INT1_FIFO_Overrun	24	static
C:/Users/kerem/OneDrive/Documents/magic-time/BLESensorsPnPL/Drivers/BSP/Components/ism330dhcx/ism330dhcx.c:2518:9:ISM330DHCX_FIFO_Set_INT2_FIFO_Full	24	static
C:/Users/kerem/OneDrive/Documents/magic-time/BLESensorsPnPL/Drivers/BSP/Components/ism330dhcx/ism330dhcx.c:2543:9:ISM330DHCX_FIFO_Set_INT2_FIFO_Threshold	24	static
C:/Users/kerem/OneDrive/Documents/magic-time/BLESensorsPnPL/Drivers/BSP/Components/ism330dhcx/ism330dhcx.c:2568:9:ISM330DHCX_FIFO_Set_INT2_FIFO_Overrun	24	static
C:/Users/kerem/OneDrive/Documents/magic-time/BLESensorsPnPL/Drivers/BSP/Components/ism330dhcx/ism330dhcx.c:2593:9:ISM330DHCX_FIFO_Set_Watermark_Level	16	static
C:/Users/kerem/OneDrive/Documents/magic-time/BLESensorsPnPL/Drivers/BSP/Components/ism330dhcx/ism330dhcx.c:2609:9:ISM330DHCX_FIFO_Set_Stop_On_Fth	16	static
C:/Users/kerem/OneDrive/Documents/magic-time/BLESensorsPnPL/Drivers/BSP/Components/ism330dhcx/ism330dhcx.c:2625:9:ISM330DHCX_FIFO_Set_Mode	24	static
C:/Users/kerem/OneDrive/Documents/magic-time/BLESensorsPnPL/Drivers/BSP/Components/ism330dhcx/ism330dhcx.c:2663:9:ISM330DHCX_FIFO_Get_Tag	24	static
C:/Users/kerem/OneDrive/Documents/magic-time/BLESensorsPnPL/Drivers/BSP/Components/ism330dhcx/ism330dhcx.c:2683:9:ISM330DHCX_FIFO_Get_Data	16	static
C:/Users/kerem/OneDrive/Documents/magic-time/BLESensorsPnPL/Drivers/BSP/Components/ism330dhcx/ism330dhcx.c:2699:9:ISM330DHCX_FIFO_ACC_Get_Axes	48	static
C:/Users/kerem/OneDrive/Documents/magic-time/BLESensorsPnPL/Drivers/BSP/Components/ism330dhcx/ism330dhcx.c:2737:9:ISM330DHCX_FIFO_GYRO_Get_Axes	48	static
C:/Users/kerem/OneDrive/Documents/magic-time/BLESensorsPnPL/Drivers/BSP/Components/ism330dhcx/ism330dhcx.c:2775:9:ISM330DHCX_FIFO_Full_Set_INT1	24	static
C:/Users/kerem/OneDrive/Documents/magic-time/BLESensorsPnPL/Drivers/BSP/Components/ism330dhcx/ism330dhcx.c:2800:9:ISM330DHCX_FIFO_Set_INT2_Drdy	24	static
C:/Users/kerem/OneDrive/Documents/magic-time/BLESensorsPnPL/Drivers/BSP/Components/ism330dhcx/ism330dhcx.c:2825:9:ISM330DHCX_FIFO_Get_Data_Word	24	static
C:/Users/kerem/OneDrive/Documents/magic-time/BLESensorsPnPL/Drivers/BSP/Components/ism330dhcx/ism330dhcx.c:2847:9:ISM330DHCX_FIFO_ACC_Get_Axis	48	static
C:/Users/kerem/OneDrive/Documents/magic-time/BLESensorsPnPL/Drivers/BSP/Components/ism330dhcx/ism330dhcx.c:2885:9:ISM330DHCX_FIFO_GYRO_Get_Axis	48	static
C:/Users/kerem/OneDrive/Documents/magic-time/BLESensorsPnPL/Drivers/BSP/Components/ism330dhcx/ism330dhcx.c:2922:9:ISM330DHCX_ACC_Enable_DRDY_On_INT1	24	static
C:/Users/kerem/OneDrive/Documents/magic-time/BLESensorsPnPL/Drivers/BSP/Components/ism330dhcx/ism330dhcx.c:2948:9:ISM330DHCX_ACC_Disable_DRDY_On_INT1	24	static
C:/Users/kerem/OneDrive/Documents/magic-time/BLESensorsPnPL/Drivers/BSP/Components/ism330dhcx/ism330dhcx.c:2973:9:ISM330DHCX_GYRO_Enable_DRDY_On_INT2	24	static
C:/Users/kerem/OneDrive/Documents/magic-time/BLESensorsPnPL/Drivers/BSP/Components/ism330dhcx/ism330dhcx.c:2999:9:ISM330DHCX_GYRO_Disable_DRDY_On_INT2	24	static
C:/Users/kerem/OneDrive/Documents/magic-time/BLESensorsPnPL/Drivers/BSP/Components/ism330dhcx/ism330dhcx.c:3025:9:ISM330DHCX_DRDY_Set_Mode	16	static
C:/Users/kerem/OneDrive/Documents/magic-time/BLESensorsPnPL/Drivers/BSP/Components/ism330dhcx/ism330dhcx.c:3042:9:ISM330DHCX_ACC_GetActualOutputDataRate	24	static
C:/Users/kerem/OneDrive/Documents/magic-time/BLESensorsPnPL/Drivers/BSP/Components/ism330dhcx/ism330dhcx.c:3060:9:ISM330DHCX_GYRO_GetActualOutputDataRate	24	static
C:/Users/kerem/OneDrive/Documents/magic-time/BLESensorsPnPL/Drivers/BSP/Components/ism330dhcx/ism330dhcx.c:3079:9:ISM330DHCX_Set_Mem_Bank	24	static
C:/Users/kerem/OneDrive/Documents/magic-time/BLESensorsPnPL/Drivers/BSP/Components/ism330dhcx/ism330dhcx.c:3110:16:ISM330DHCX_ACC_SetOutputDataRate_When_Enabled	24	static
C:/Users/kerem/OneDrive/Documents/magic-time/BLESensorsPnPL/Drivers/BSP/Components/ism330dhcx/ism330dhcx.c:3140:16:ISM330DHCX_ACC_SetOutputDataRate_When_Disabled	16	static
C:/Users/kerem/OneDrive/Documents/magic-time/BLESensorsPnPL/Drivers/BSP/Components/ism330dhcx/ism330dhcx.c:3162:16:ISM330DHCX_GYRO_SetOutputDataRate_When_Enabled	24	static
C:/Users/kerem/OneDrive/Documents/magic-time/BLESensorsPnPL/Drivers/BSP/Components/ism330dhcx/ism330dhcx.c:3192:16:ISM330DHCX_GYRO_SetOutputDataRate_When_Disabled	16	static
C:/Users/kerem/OneDrive/Documents/magic-time/BLESensorsPnPL/Drivers/BSP/Components/ism330dhcx/ism330dhcx.c:3215:16:ISM330DHCX_GetActualOutputDataRate	32	static
C:/Users/kerem/OneDrive/Documents/magic-time/BLESensorsPnPL/Drivers/BSP/Components/ism330dhcx/ism330dhcx.c:3255:16:ReadRegWrap	40	static
C:/Users/kerem/OneDrive/Documents/magic-time/BLESensorsPnPL/Drivers/BSP/Components/ism330dhcx/ism330dhcx.c:3270:16:WriteRegWrap	40	static
