C:/Users/kerem/OneDrive/Documents/magic-time/BLESensorsPnPL/Drivers/BSP/Components/stts22h/stts22h_reg.c:48:16:stts22h_read_reg	40	static
C:/Users/kerem/OneDrive/Documents/magic-time/BLESensorsPnPL/Drivers/BSP/Components/stts22h/stts22h_reg.c:71:16:stts22h_write_reg	40	static
C:/Users/kerem/OneDrive/Documents/magic-time/BLESensorsPnPL/Drivers/BSP/Components/stts22h/stts22h_reg.c:96:9:stts22h_from_lsb_to_celsius	16	static
C:/Users/kerem/OneDrive/Documents/magic-time/BLESensorsPnPL/Drivers/BSP/Components/stts22h/stts22h_reg.c:122:9:stts22h_temp_data_rate_set	24	static
C:/Users/kerem/OneDrive/Documents/magic-time/BLESensorsPnPL/Drivers/BSP/Components/stts22h/stts22h_reg.c:150:9:stts22h_temp_data_rate_get	24	static
C:/Users/kerem/OneDrive/Documents/magic-time/BLESensorsPnPL/Drivers/BSP/Components/stts22h/stts22h_reg.c:207:9:stts22h_block_data_update_set	24	static
C:/Users/kerem/OneDrive/Documents/magic-time/BLESensorsPnPL/Drivers/BSP/Components/stts22h/stts22h_reg.c:231:9:stts22h_block_data_update_get	24	static
C:/Users/kerem/OneDrive/Documents/magic-time/BLESensorsPnPL/Drivers/BSP/Components/stts22h/stts22h_reg.c:248:9:stts22h_temp_flag_data_ready_get	24	static
C:/Users/kerem/OneDrive/Documents/magic-time/BLESensorsPnPL/Drivers/BSP/Components/stts22h/stts22h_reg.c:290:9:stts22h_temperature_raw_get	24	static
C:/Users/kerem/OneDrive/Documents/magic-time/BLESensorsPnPL/Drivers/BSP/Components/stts22h/stts22h_reg.c:322:9:stts22h_dev_id_get	24	static
C:/Users/kerem/OneDrive/Documents/magic-time/BLESensorsPnPL/Drivers/BSP/Components/stts22h/stts22h_reg.c:339:9:stts22h_dev_status_get	24	static
C:/Users/kerem/OneDrive/Documents/magic-time/BLESensorsPnPL/Drivers/BSP/Components/stts22h/stts22h_reg.c:372:9:stts22h_smbus_interface_set	24	static
C:/Users/kerem/OneDrive/Documents/magic-time/BLESensorsPnPL/Drivers/BSP/Components/stts22h/stts22h_reg.c:397:9:stts22h_smbus_interface_get	24	static
C:/Users/kerem/OneDrive/Documents/magic-time/BLESensorsPnPL/Drivers/BSP/Components/stts22h/stts22h_reg.c:433:9:stts22h_auto_increment_set	24	static
C:/Users/kerem/OneDrive/Documents/magic-time/BLESensorsPnPL/Drivers/BSP/Components/stts22h/stts22h_reg.c:458:9:stts22h_auto_increment_get	24	static
C:/Users/kerem/OneDrive/Documents/magic-time/BLESensorsPnPL/Drivers/BSP/Components/stts22h/stts22h_reg.c:488:9:stts22h_temp_trshld_high_set	24	static
C:/Users/kerem/OneDrive/Documents/magic-time/BLESensorsPnPL/Drivers/BSP/Components/stts22h/stts22h_reg.c:514:9:stts22h_temp_trshld_high_get	24	static
C:/Users/kerem/OneDrive/Documents/magic-time/BLESensorsPnPL/Drivers/BSP/Components/stts22h/stts22h_reg.c:534:9:stts22h_temp_trshld_low_set	24	static
C:/Users/kerem/OneDrive/Documents/magic-time/BLESensorsPnPL/Drivers/BSP/Components/stts22h/stts22h_reg.c:560:9:stts22h_temp_trshld_low_get	24	static
C:/Users/kerem/OneDrive/Documents/magic-time/BLESensorsPnPL/Drivers/BSP/Components/stts22h/stts22h_reg.c:580:9:stts22h_temp_trshld_src_get	24	static
