C:/Users/kerem/OneDrive/Documents/stm32-prototype/BLESensorsPnPL/Drivers/BSP/Components/iis2mdc/iis2mdc_reg.c:47:16:iis2mdc_read_reg	40	static
C:/Users/kerem/OneDrive/Documents/stm32-prototype/BLESensorsPnPL/Drivers/BSP/Components/iis2mdc/iis2mdc_reg.c:70:16:iis2mdc_write_reg	40	static
C:/Users/kerem/OneDrive/Documents/stm32-prototype/BLESensorsPnPL/Drivers/BSP/Components/iis2mdc/iis2mdc_reg.c:95:9:iis2mdc_from_lsb_to_mgauss	16	static
C:/Users/kerem/OneDrive/Documents/stm32-prototype/BLESensorsPnPL/Drivers/BSP/Components/iis2mdc/iis2mdc_reg.c:100:9:iis2mdc_from_lsb_to_celsius	16	static
C:/Users/kerem/OneDrive/Documents/stm32-prototype/BLESensorsPnPL/Drivers/BSP/Components/iis2mdc/iis2mdc_reg.c:131:9:iis2mdc_mag_user_offset_set	32	static
C:/Users/kerem/OneDrive/Documents/stm32-prototype/BLESensorsPnPL/Drivers/BSP/Components/iis2mdc/iis2mdc_reg.c:160:9:iis2mdc_mag_user_offset_get	32	static
C:/Users/kerem/OneDrive/Documents/stm32-prototype/BLESensorsPnPL/Drivers/BSP/Components/iis2mdc/iis2mdc_reg.c:184:9:iis2mdc_operating_mode_set	24	static
C:/Users/kerem/OneDrive/Documents/stm32-prototype/BLESensorsPnPL/Drivers/BSP/Components/iis2mdc/iis2mdc_reg.c:209:9:iis2mdc_operating_mode_get	24	static
C:/Users/kerem/OneDrive/Documents/stm32-prototype/BLESensorsPnPL/Drivers/BSP/Components/iis2mdc/iis2mdc_reg.c:247:9:iis2mdc_data_rate_set	24	static
C:/Users/kerem/OneDrive/Documents/stm32-prototype/BLESensorsPnPL/Drivers/BSP/Components/iis2mdc/iis2mdc_reg.c:271:9:iis2mdc_data_rate_get	24	static
C:/Users/kerem/OneDrive/Documents/stm32-prototype/BLESensorsPnPL/Drivers/BSP/Components/iis2mdc/iis2mdc_reg.c:312:9:iis2mdc_power_mode_set	24	static
C:/Users/kerem/OneDrive/Documents/stm32-prototype/BLESensorsPnPL/Drivers/BSP/Components/iis2mdc/iis2mdc_reg.c:336:9:iis2mdc_power_mode_get	24	static
C:/Users/kerem/OneDrive/Documents/stm32-prototype/BLESensorsPnPL/Drivers/BSP/Components/iis2mdc/iis2mdc_reg.c:369:9:iis2mdc_offset_temp_comp_set	24	static
C:/Users/kerem/OneDrive/Documents/stm32-prototype/BLESensorsPnPL/Drivers/BSP/Components/iis2mdc/iis2mdc_reg.c:393:9:iis2mdc_offset_temp_comp_get	24	static
C:/Users/kerem/OneDrive/Documents/stm32-prototype/BLESensorsPnPL/Drivers/BSP/Components/iis2mdc/iis2mdc_reg.c:412:9:iis2mdc_low_pass_bandwidth_set	24	static
C:/Users/kerem/OneDrive/Documents/stm32-prototype/BLESensorsPnPL/Drivers/BSP/Components/iis2mdc/iis2mdc_reg.c:437:9:iis2mdc_low_pass_bandwidth_get	24	static
C:/Users/kerem/OneDrive/Documents/stm32-prototype/BLESensorsPnPL/Drivers/BSP/Components/iis2mdc/iis2mdc_reg.c:472:9:iis2mdc_set_rst_mode_set	24	static
C:/Users/kerem/OneDrive/Documents/stm32-prototype/BLESensorsPnPL/Drivers/BSP/Components/iis2mdc/iis2mdc_reg.c:497:9:iis2mdc_set_rst_mode_get	24	static
C:/Users/kerem/OneDrive/Documents/stm32-prototype/BLESensorsPnPL/Drivers/BSP/Components/iis2mdc/iis2mdc_reg.c:540:9:iis2mdc_set_rst_sensor_single_set	24	static
C:/Users/kerem/OneDrive/Documents/stm32-prototype/BLESensorsPnPL/Drivers/BSP/Components/iis2mdc/iis2mdc_reg.c:569:9:iis2mdc_set_rst_sensor_single_get	24	static
C:/Users/kerem/OneDrive/Documents/stm32-prototype/BLESensorsPnPL/Drivers/BSP/Components/iis2mdc/iis2mdc_reg.c:589:9:iis2mdc_block_data_update_set	24	static
C:/Users/kerem/OneDrive/Documents/stm32-prototype/BLESensorsPnPL/Drivers/BSP/Components/iis2mdc/iis2mdc_reg.c:613:9:iis2mdc_block_data_update_get	24	static
C:/Users/kerem/OneDrive/Documents/stm32-prototype/BLESensorsPnPL/Drivers/BSP/Components/iis2mdc/iis2mdc_reg.c:632:9:iis2mdc_mag_data_ready_get	24	static
C:/Users/kerem/OneDrive/Documents/stm32-prototype/BLESensorsPnPL/Drivers/BSP/Components/iis2mdc/iis2mdc_reg.c:651:9:iis2mdc_mag_data_ovr_get	24	static
C:/Users/kerem/OneDrive/Documents/stm32-prototype/BLESensorsPnPL/Drivers/BSP/Components/iis2mdc/iis2mdc_reg.c:670:9:iis2mdc_magnetic_raw_get	32	static
C:/Users/kerem/OneDrive/Documents/stm32-prototype/BLESensorsPnPL/Drivers/BSP/Components/iis2mdc/iis2mdc_reg.c:694:9:iis2mdc_temperature_raw_get	24	static
C:/Users/kerem/OneDrive/Documents/stm32-prototype/BLESensorsPnPL/Drivers/BSP/Components/iis2mdc/iis2mdc_reg.c:726:9:iis2mdc_device_id_get	24	static
C:/Users/kerem/OneDrive/Documents/stm32-prototype/BLESensorsPnPL/Drivers/BSP/Components/iis2mdc/iis2mdc_reg.c:744:9:iis2mdc_reset_set	24	static
C:/Users/kerem/OneDrive/Documents/stm32-prototype/BLESensorsPnPL/Drivers/BSP/Components/iis2mdc/iis2mdc_reg.c:768:9:iis2mdc_reset_get	24	static
C:/Users/kerem/OneDrive/Documents/stm32-prototype/BLESensorsPnPL/Drivers/BSP/Components/iis2mdc/iis2mdc_reg.c:787:9:iis2mdc_boot_set	24	static
C:/Users/kerem/OneDrive/Documents/stm32-prototype/BLESensorsPnPL/Drivers/BSP/Components/iis2mdc/iis2mdc_reg.c:811:9:iis2mdc_boot_get	24	static
C:/Users/kerem/OneDrive/Documents/stm32-prototype/BLESensorsPnPL/Drivers/BSP/Components/iis2mdc/iis2mdc_reg.c:830:9:iis2mdc_self_test_set	24	static
C:/Users/kerem/OneDrive/Documents/stm32-prototype/BLESensorsPnPL/Drivers/BSP/Components/iis2mdc/iis2mdc_reg.c:854:9:iis2mdc_self_test_get	24	static
C:/Users/kerem/OneDrive/Documents/stm32-prototype/BLESensorsPnPL/Drivers/BSP/Components/iis2mdc/iis2mdc_reg.c:873:9:iis2mdc_data_format_set	24	static
C:/Users/kerem/OneDrive/Documents/stm32-prototype/BLESensorsPnPL/Drivers/BSP/Components/iis2mdc/iis2mdc_reg.c:897:9:iis2mdc_data_format_get	24	static
C:/Users/kerem/OneDrive/Documents/stm32-prototype/BLESensorsPnPL/Drivers/BSP/Components/iis2mdc/iis2mdc_reg.c:930:9:iis2mdc_status_get	24	static
C:/Users/kerem/OneDrive/Documents/stm32-prototype/BLESensorsPnPL/Drivers/BSP/Components/iis2mdc/iis2mdc_reg.c:963:9:iis2mdc_offset_int_conf_set	24	static
C:/Users/kerem/OneDrive/Documents/stm32-prototype/BLESensorsPnPL/Drivers/BSP/Components/iis2mdc/iis2mdc_reg.c:990:9:iis2mdc_offset_int_conf_get	24	static
C:/Users/kerem/OneDrive/Documents/stm32-prototype/BLESensorsPnPL/Drivers/BSP/Components/iis2mdc/iis2mdc_reg.c:1024:9:iis2mdc_drdy_on_pin_set	24	static
C:/Users/kerem/OneDrive/Documents/stm32-prototype/BLESensorsPnPL/Drivers/BSP/Components/iis2mdc/iis2mdc_reg.c:1048:9:iis2mdc_drdy_on_pin_get	24	static
C:/Users/kerem/OneDrive/Documents/stm32-prototype/BLESensorsPnPL/Drivers/BSP/Components/iis2mdc/iis2mdc_reg.c:1067:9:iis2mdc_int_on_pin_set	24	static
C:/Users/kerem/OneDrive/Documents/stm32-prototype/BLESensorsPnPL/Drivers/BSP/Components/iis2mdc/iis2mdc_reg.c:1091:9:iis2mdc_int_on_pin_get	24	static
C:/Users/kerem/OneDrive/Documents/stm32-prototype/BLESensorsPnPL/Drivers/BSP/Components/iis2mdc/iis2mdc_reg.c:1110:9:iis2mdc_int_gen_conf_set	24	static
C:/Users/kerem/OneDrive/Documents/stm32-prototype/BLESensorsPnPL/Drivers/BSP/Components/iis2mdc/iis2mdc_reg.c:1128:9:iis2mdc_int_gen_conf_get	24	static
C:/Users/kerem/OneDrive/Documents/stm32-prototype/BLESensorsPnPL/Drivers/BSP/Components/iis2mdc/iis2mdc_reg.c:1146:9:iis2mdc_int_gen_source_get	24	static
C:/Users/kerem/OneDrive/Documents/stm32-prototype/BLESensorsPnPL/Drivers/BSP/Components/iis2mdc/iis2mdc_reg.c:1166:9:iis2mdc_int_gen_threshold_set	24	static
C:/Users/kerem/OneDrive/Documents/stm32-prototype/BLESensorsPnPL/Drivers/BSP/Components/iis2mdc/iis2mdc_reg.c:1188:9:iis2mdc_int_gen_threshold_get	24	static
C:/Users/kerem/OneDrive/Documents/stm32-prototype/BLESensorsPnPL/Drivers/BSP/Components/iis2mdc/iis2mdc_reg.c:1221:9:iis2mdc_i2c_interface_set	24	static
C:/Users/kerem/OneDrive/Documents/stm32-prototype/BLESensorsPnPL/Drivers/BSP/Components/iis2mdc/iis2mdc_reg.c:1246:9:iis2mdc_i2c_interface_get	24	static
