C:/Users/kerem/OneDrive/Documents/stm32-prototype/BLESensorsPnPL/Drivers/BSP/Components/ilps22qs/ilps22qs.c:92:9:ILPS22QS_RegisterBusIO	24	static
C:/Users/kerem/OneDrive/Documents/stm32-prototype/BLESensorsPnPL/Drivers/BSP/Components/ilps22qs/ilps22qs.c:150:9:ILPS22QS_Init	16	static
C:/Users/kerem/OneDrive/Documents/stm32-prototype/BLESensorsPnPL/Drivers/BSP/Components/ilps22qs/ilps22qs.c:170:9:ILPS22QS_DeInit	16	static
C:/Users/kerem/OneDrive/Documents/stm32-prototype/BLESensorsPnPL/Drivers/BSP/Components/ilps22qs/ilps22qs.c:196:9:ILPS22QS_ReadID	24	static
C:/Users/kerem/OneDrive/Documents/stm32-prototype/BLESensorsPnPL/Drivers/BSP/Components/ilps22qs/ilps22qs.c:215:9:ILPS22QS_GetCapabilities	16	static
C:/Users/kerem/OneDrive/Documents/stm32-prototype/BLESensorsPnPL/Drivers/BSP/Components/ilps22qs/ilps22qs.c:238:9:ILPS22QS_Get_Init_Status	16	static
C:/Users/kerem/OneDrive/Documents/stm32-prototype/BLESensorsPnPL/Drivers/BSP/Components/ilps22qs/ilps22qs.c:255:9:ILPS22QS_PRESS_Enable	16	static
C:/Users/kerem/OneDrive/Documents/stm32-prototype/BLESensorsPnPL/Drivers/BSP/Components/ilps22qs/ilps22qs.c:279:9:ILPS22QS_PRESS_Disable	24	static
C:/Users/kerem/OneDrive/Documents/stm32-prototype/BLESensorsPnPL/Drivers/BSP/Components/ilps22qs/ilps22qs.c:321:9:ILPS22QS_PRESS_GetOutputDataRate	16	static
C:/Users/kerem/OneDrive/Documents/stm32-prototype/BLESensorsPnPL/Drivers/BSP/Components/ilps22qs/ilps22qs.c:332:9:ILPS22QS_PRESS_SetOutputDataRate	16	static
C:/Users/kerem/OneDrive/Documents/stm32-prototype/BLESensorsPnPL/Drivers/BSP/Components/ilps22qs/ilps22qs.c:351:9:ILPS22QS_PRESS_GetPressure	48	static
C:/Users/kerem/OneDrive/Documents/stm32-prototype/BLESensorsPnPL/Drivers/BSP/Components/ilps22qs/ilps22qs.c:387:9:ILPS22QS_PRESS_Get_DRDY_Status	24	static
C:/Users/kerem/OneDrive/Documents/stm32-prototype/BLESensorsPnPL/Drivers/BSP/Components/ilps22qs/ilps22qs.c:406:9:ILPS22QS_TEMP_Enable	16	static
C:/Users/kerem/OneDrive/Documents/stm32-prototype/BLESensorsPnPL/Drivers/BSP/Components/ilps22qs/ilps22qs.c:430:9:ILPS22QS_TEMP_Disable	24	static
C:/Users/kerem/OneDrive/Documents/stm32-prototype/BLESensorsPnPL/Drivers/BSP/Components/ilps22qs/ilps22qs.c:472:9:ILPS22QS_TEMP_GetOutputDataRate	16	static
C:/Users/kerem/OneDrive/Documents/stm32-prototype/BLESensorsPnPL/Drivers/BSP/Components/ilps22qs/ilps22qs.c:483:9:ILPS22QS_TEMP_SetOutputDataRate	16	static
C:/Users/kerem/OneDrive/Documents/stm32-prototype/BLESensorsPnPL/Drivers/BSP/Components/ilps22qs/ilps22qs.c:502:9:ILPS22QS_TEMP_GetTemperature	48	static
C:/Users/kerem/OneDrive/Documents/stm32-prototype/BLESensorsPnPL/Drivers/BSP/Components/ilps22qs/ilps22qs.c:538:9:ILPS22QS_TEMP_Get_DRDY_Status	24	static
C:/Users/kerem/OneDrive/Documents/stm32-prototype/BLESensorsPnPL/Drivers/BSP/Components/ilps22qs/ilps22qs.c:559:9:ILPS22QS_Read_Reg	24	static
C:/Users/kerem/OneDrive/Documents/stm32-prototype/BLESensorsPnPL/Drivers/BSP/Components/ilps22qs/ilps22qs.c:576:9:ILPS22QS_Write_Reg	16	static
C:/Users/kerem/OneDrive/Documents/stm32-prototype/BLESensorsPnPL/Drivers/BSP/Components/ilps22qs/ilps22qs.c:600:16:ILPS22QS_GetOutputDataRate	32	static
C:/Users/kerem/OneDrive/Documents/stm32-prototype/BLESensorsPnPL/Drivers/BSP/Components/ilps22qs/ilps22qs.c:662:16:ILPS22QS_SetOutputDataRate_When_Enabled	24	static
C:/Users/kerem/OneDrive/Documents/stm32-prototype/BLESensorsPnPL/Drivers/BSP/Components/ilps22qs/ilps22qs.c:699:16:ILPS22QS_SetOutputDataRate_When_Disabled	16	static
C:/Users/kerem/OneDrive/Documents/stm32-prototype/BLESensorsPnPL/Drivers/BSP/Components/ilps22qs/ilps22qs.c:718:16:ILPS22QS_Initialize	32	static
C:/Users/kerem/OneDrive/Documents/stm32-prototype/BLESensorsPnPL/Drivers/BSP/Components/ilps22qs/ilps22qs.c:773:9:ILPS22QS_Set_One_Shot	24	static
C:/Users/kerem/OneDrive/Documents/stm32-prototype/BLESensorsPnPL/Drivers/BSP/Components/ilps22qs/ilps22qs.c:797:9:ILPS22QS_Get_One_Shot_Status	24	static
C:/Users/kerem/OneDrive/Documents/stm32-prototype/BLESensorsPnPL/Drivers/BSP/Components/ilps22qs/ilps22qs.c:832:9:ILPS22QS_Set_AVG	24	static
C:/Users/kerem/OneDrive/Documents/stm32-prototype/BLESensorsPnPL/Drivers/BSP/Components/ilps22qs/ilps22qs.c:889:9:ILPS22QS_Set_LPF	24	static
C:/Users/kerem/OneDrive/Documents/stm32-prototype/BLESensorsPnPL/Drivers/BSP/Components/ilps22qs/ilps22qs.c:933:16:ReadRegWrap	40	static
C:/Users/kerem/OneDrive/Documents/stm32-prototype/BLESensorsPnPL/Drivers/BSP/Components/ilps22qs/ilps22qs.c:948:16:WriteRegWrap	40	static
