C:/Users/kerem/OneDrive/Documents/stm32-prototype/BLESensorsPnPL/Drivers/BSP/Components/ST25DV/st25dv.c:150:9:ST25DV_RegisterBusIO	24	static
C:/Users/kerem/OneDrive/Documents/stm32-prototype/BLESensorsPnPL/Drivers/BSP/Components/ST25DV/st25dv.c:186:9:ST25DV_Init	24	static
C:/Users/kerem/OneDrive/Documents/stm32-prototype/BLESensorsPnPL/Drivers/BSP/Components/ST25DV/st25dv.c:208:9:ST25DV_ReadID	16	static
C:/Users/kerem/OneDrive/Documents/stm32-prototype/BLESensorsPnPL/Drivers/BSP/Components/ST25DV/st25dv.c:219:9:ST25DV_ReadICRev	16	static
C:/Users/kerem/OneDrive/Documents/stm32-prototype/BLESensorsPnPL/Drivers/BSP/Components/ST25DV/st25dv.c:232:9:ST25DV_IsDeviceReady	16	static
C:/Users/kerem/OneDrive/Documents/stm32-prototype/BLESensorsPnPL/Drivers/BSP/Components/ST25DV/st25dv.c:252:9:ST25DV_GetGPOStatus	24	static
C:/Users/kerem/OneDrive/Documents/stm32-prototype/BLESensorsPnPL/Drivers/BSP/Components/ST25DV/st25dv.c:283:9:ST25DV_ConfigureGPO	16	static
C:/Users/kerem/OneDrive/Documents/stm32-prototype/BLESensorsPnPL/Drivers/BSP/Components/ST25DV/st25dv.c:295:9:ST25DV_ReadITPulse	24	static
C:/Users/kerem/OneDrive/Documents/stm32-prototype/BLESensorsPnPL/Drivers/BSP/Components/ST25DV/st25dv.c:319:9:ST25DV_WriteITPulse	24	static
C:/Users/kerem/OneDrive/Documents/stm32-prototype/BLESensorsPnPL/Drivers/BSP/Components/ST25DV/st25dv.c:337:9:ST25DV_ReadData	32	static
C:/Users/kerem/OneDrive/Documents/stm32-prototype/BLESensorsPnPL/Drivers/BSP/Components/ST25DV/st25dv.c:350:9:ST25DV_WriteData	56	static
C:/Users/kerem/OneDrive/Documents/stm32-prototype/BLESensorsPnPL/Drivers/BSP/Components/ST25DV/st25dv.c:409:9:ST25DV_ReadRegister	32	static
C:/Users/kerem/OneDrive/Documents/stm32-prototype/BLESensorsPnPL/Drivers/BSP/Components/ST25DV/st25dv.c:423:9:ST25DV_WriteRegister	56	static
C:/Users/kerem/OneDrive/Documents/stm32-prototype/BLESensorsPnPL/Drivers/BSP/Components/ST25DV/st25dv.c:479:9:ST25DV_ReadUID	32	static
C:/Users/kerem/OneDrive/Documents/stm32-prototype/BLESensorsPnPL/Drivers/BSP/Components/ST25DV/st25dv.c:515:9:ST25DV_ReadDSFID	16	static
C:/Users/kerem/OneDrive/Documents/stm32-prototype/BLESensorsPnPL/Drivers/BSP/Components/ST25DV/st25dv.c:526:9:ST25DV_ReadDsfidRFProtection	24	static
C:/Users/kerem/OneDrive/Documents/stm32-prototype/BLESensorsPnPL/Drivers/BSP/Components/ST25DV/st25dv.c:555:9:ST25DV_ReadAFI	16	static
C:/Users/kerem/OneDrive/Documents/stm32-prototype/BLESensorsPnPL/Drivers/BSP/Components/ST25DV/st25dv.c:566:9:ST25DV_ReadAfiRFProtection	24	static
C:/Users/kerem/OneDrive/Documents/stm32-prototype/BLESensorsPnPL/Drivers/BSP/Components/ST25DV/st25dv.c:595:9:ST25DV_ReadI2CProtectZone	24	static
C:/Users/kerem/OneDrive/Documents/stm32-prototype/BLESensorsPnPL/Drivers/BSP/Components/ST25DV/st25dv.c:623:9:ST25DV_WriteI2CProtectZonex	24	static
C:/Users/kerem/OneDrive/Documents/stm32-prototype/BLESensorsPnPL/Drivers/BSP/Components/ST25DV/st25dv.c:662:9:ST25DV_ReadLockCCFile	24	static
C:/Users/kerem/OneDrive/Documents/stm32-prototype/BLESensorsPnPL/Drivers/BSP/Components/ST25DV/st25dv.c:703:9:ST25DV_WriteLockCCFile	24	static
C:/Users/kerem/OneDrive/Documents/stm32-prototype/BLESensorsPnPL/Drivers/BSP/Components/ST25DV/st25dv.c:740:9:ST25DV_ReadLockCFG	24	static
C:/Users/kerem/OneDrive/Documents/stm32-prototype/BLESensorsPnPL/Drivers/BSP/Components/ST25DV/st25dv.c:770:9:ST25DV_WriteLockCFG	24	static
C:/Users/kerem/OneDrive/Documents/stm32-prototype/BLESensorsPnPL/Drivers/BSP/Components/ST25DV/st25dv.c:786:9:ST25DV_PresentI2CPassword	48	static
C:/Users/kerem/OneDrive/Documents/stm32-prototype/BLESensorsPnPL/Drivers/BSP/Components/ST25DV/st25dv.c:811:9:ST25DV_WriteI2CPassword	48	static
C:/Users/kerem/OneDrive/Documents/stm32-prototype/BLESensorsPnPL/Drivers/BSP/Components/ST25DV/st25dv.c:837:9:ST25DV_ReadRFZxSS	32	static
C:/Users/kerem/OneDrive/Documents/stm32-prototype/BLESensorsPnPL/Drivers/BSP/Components/ST25DV/st25dv.c:881:9:ST25DV_WriteRFZxSS	32	static
C:/Users/kerem/OneDrive/Documents/stm32-prototype/BLESensorsPnPL/Drivers/BSP/Components/ST25DV/st25dv.c:919:9:ST25DV_ReadEndZonex	32	static
C:/Users/kerem/OneDrive/Documents/stm32-prototype/BLESensorsPnPL/Drivers/BSP/Components/ST25DV/st25dv.c:952:9:ST25DV_WriteEndZonex	24	static
C:/Users/kerem/OneDrive/Documents/stm32-prototype/BLESensorsPnPL/Drivers/BSP/Components/ST25DV/st25dv.c:983:9:ST25DV_InitEndZone	32	static
C:/Users/kerem/OneDrive/Documents/stm32-prototype/BLESensorsPnPL/Drivers/BSP/Components/ST25DV/st25dv.c:1031:9:ST25DV_CreateUserZone	40	static
C:/Users/kerem/OneDrive/Documents/stm32-prototype/BLESensorsPnPL/Drivers/BSP/Components/ST25DV/st25dv.c:1111:9:ST25DV_ReadMemSize	24	static
C:/Users/kerem/OneDrive/Documents/stm32-prototype/BLESensorsPnPL/Drivers/BSP/Components/ST25DV/st25dv.c:1139:9:ST25DV_ReadEHMode	24	static
C:/Users/kerem/OneDrive/Documents/stm32-prototype/BLESensorsPnPL/Drivers/BSP/Components/ST25DV/st25dv.c:1168:9:ST25DV_WriteEHMode	24	static
C:/Users/kerem/OneDrive/Documents/stm32-prototype/BLESensorsPnPL/Drivers/BSP/Components/ST25DV/st25dv.c:1184:9:ST25DV_ReadRFMngt	24	static
C:/Users/kerem/OneDrive/Documents/stm32-prototype/BLESensorsPnPL/Drivers/BSP/Components/ST25DV/st25dv.c:1224:9:ST25DV_WriteRFMngt	16	static
C:/Users/kerem/OneDrive/Documents/stm32-prototype/BLESensorsPnPL/Drivers/BSP/Components/ST25DV/st25dv.c:1235:9:ST25DV_GetRFDisable	24	static
C:/Users/kerem/OneDrive/Documents/stm32-prototype/BLESensorsPnPL/Drivers/BSP/Components/ST25DV/st25dv.c:1265:9:ST25DV_SetRFDisable	24	static
C:/Users/kerem/OneDrive/Documents/stm32-prototype/BLESensorsPnPL/Drivers/BSP/Components/ST25DV/st25dv.c:1278:9:ST25DV_ResetRFDisable	24	static
C:/Users/kerem/OneDrive/Documents/stm32-prototype/BLESensorsPnPL/Drivers/BSP/Components/ST25DV/st25dv.c:1291:9:ST25DV_GetRFSleep	24	static
C:/Users/kerem/OneDrive/Documents/stm32-prototype/BLESensorsPnPL/Drivers/BSP/Components/ST25DV/st25dv.c:1322:9:ST25DV_SetRFSleep	24	static
C:/Users/kerem/OneDrive/Documents/stm32-prototype/BLESensorsPnPL/Drivers/BSP/Components/ST25DV/st25dv.c:1335:9:ST25DV_ResetRFSleep	24	static
C:/Users/kerem/OneDrive/Documents/stm32-prototype/BLESensorsPnPL/Drivers/BSP/Components/ST25DV/st25dv.c:1348:9:ST25DV_ReadMBMode	24	static
C:/Users/kerem/OneDrive/Documents/stm32-prototype/BLESensorsPnPL/Drivers/BSP/Components/ST25DV/st25dv.c:1379:9:ST25DV_WriteMBMode	24	static
C:/Users/kerem/OneDrive/Documents/stm32-prototype/BLESensorsPnPL/Drivers/BSP/Components/ST25DV/st25dv.c:1397:9:ST25DV_ReadMBWDG	24	static
C:/Users/kerem/OneDrive/Documents/stm32-prototype/BLESensorsPnPL/Drivers/BSP/Components/ST25DV/st25dv.c:1417:9:ST25DV_WriteMBWDG	16	static
C:/Users/kerem/OneDrive/Documents/stm32-prototype/BLESensorsPnPL/Drivers/BSP/Components/ST25DV/st25dv.c:1430:9:ST25DV_ReadMailboxData	32	static
C:/Users/kerem/OneDrive/Documents/stm32-prototype/BLESensorsPnPL/Drivers/BSP/Components/ST25DV/st25dv.c:1446:9:ST25DV_WriteMailboxData	40	static
C:/Users/kerem/OneDrive/Documents/stm32-prototype/BLESensorsPnPL/Drivers/BSP/Components/ST25DV/st25dv.c:1471:9:ST25DV_ReadMailboxRegister	32	static
C:/Users/kerem/OneDrive/Documents/stm32-prototype/BLESensorsPnPL/Drivers/BSP/Components/ST25DV/st25dv.c:1488:9:ST25DV_WriteMailboxRegister	32	static
C:/Users/kerem/OneDrive/Documents/stm32-prototype/BLESensorsPnPL/Drivers/BSP/Components/ST25DV/st25dv.c:1505:9:ST25DV_ReadI2CSecuritySession_Dyn	24	static
C:/Users/kerem/OneDrive/Documents/stm32-prototype/BLESensorsPnPL/Drivers/BSP/Components/ST25DV/st25dv.c:1544:9:ST25DV_ReadITSTStatus_Dyn	16	static
C:/Users/kerem/OneDrive/Documents/stm32-prototype/BLESensorsPnPL/Drivers/BSP/Components/ST25DV/st25dv.c:1555:9:ST25DV_ReadGPO_Dyn	16	static
C:/Users/kerem/OneDrive/Documents/stm32-prototype/BLESensorsPnPL/Drivers/BSP/Components/ST25DV/st25dv.c:1566:9:ST25DV_GetGPO_en_Dyn	24	static
C:/Users/kerem/OneDrive/Documents/stm32-prototype/BLESensorsPnPL/Drivers/BSP/Components/ST25DV/st25dv.c:1596:9:ST25DV_SetGPO_en_Dyn	24	static
C:/Users/kerem/OneDrive/Documents/stm32-prototype/BLESensorsPnPL/Drivers/BSP/Components/ST25DV/st25dv.c:1609:9:ST25DV_ResetGPO_en_Dyn	24	static
C:/Users/kerem/OneDrive/Documents/stm32-prototype/BLESensorsPnPL/Drivers/BSP/Components/ST25DV/st25dv.c:1622:9:ST25DV_ReadEHCtrl_Dyn	24	static
C:/Users/kerem/OneDrive/Documents/stm32-prototype/BLESensorsPnPL/Drivers/BSP/Components/ST25DV/st25dv.c:1683:9:ST25DV_GetEHENMode_Dyn	24	static
C:/Users/kerem/OneDrive/Documents/stm32-prototype/BLESensorsPnPL/Drivers/BSP/Components/ST25DV/st25dv.c:1712:9:ST25DV_SetEHENMode_Dyn	24	static
C:/Users/kerem/OneDrive/Documents/stm32-prototype/BLESensorsPnPL/Drivers/BSP/Components/ST25DV/st25dv.c:1724:9:ST25DV_ResetEHENMode_Dyn	24	static
C:/Users/kerem/OneDrive/Documents/stm32-prototype/BLESensorsPnPL/Drivers/BSP/Components/ST25DV/st25dv.c:1737:9:ST25DV_GetEHON_Dyn	24	static
C:/Users/kerem/OneDrive/Documents/stm32-prototype/BLESensorsPnPL/Drivers/BSP/Components/ST25DV/st25dv.c:1767:9:ST25DV_GetRFField_Dyn	24	static
C:/Users/kerem/OneDrive/Documents/stm32-prototype/BLESensorsPnPL/Drivers/BSP/Components/ST25DV/st25dv.c:1797:9:ST25DV_GetVCC_Dyn	24	static
C:/Users/kerem/OneDrive/Documents/stm32-prototype/BLESensorsPnPL/Drivers/BSP/Components/ST25DV/st25dv.c:1827:9:ST25DV_ReadRFMngt_Dyn	24	static
C:/Users/kerem/OneDrive/Documents/stm32-prototype/BLESensorsPnPL/Drivers/BSP/Components/ST25DV/st25dv.c:1868:9:ST25DV_WriteRFMngt_Dyn	16	static
C:/Users/kerem/OneDrive/Documents/stm32-prototype/BLESensorsPnPL/Drivers/BSP/Components/ST25DV/st25dv.c:1879:9:ST25DV_GetRFDisable_Dyn	24	static
C:/Users/kerem/OneDrive/Documents/stm32-prototype/BLESensorsPnPL/Drivers/BSP/Components/ST25DV/st25dv.c:1908:9:ST25DV_SetRFDisable_Dyn	24	static
C:/Users/kerem/OneDrive/Documents/stm32-prototype/BLESensorsPnPL/Drivers/BSP/Components/ST25DV/st25dv.c:1919:9:ST25DV_ResetRFDisable_Dyn	24	static
C:/Users/kerem/OneDrive/Documents/stm32-prototype/BLESensorsPnPL/Drivers/BSP/Components/ST25DV/st25dv.c:1931:9:ST25DV_GetRFSleep_Dyn	24	static
C:/Users/kerem/OneDrive/Documents/stm32-prototype/BLESensorsPnPL/Drivers/BSP/Components/ST25DV/st25dv.c:1960:9:ST25DV_SetRFSleep_Dyn	24	static
C:/Users/kerem/OneDrive/Documents/stm32-prototype/BLESensorsPnPL/Drivers/BSP/Components/ST25DV/st25dv.c:1971:9:ST25DV_ResetRFSleep_Dyn	24	static
C:/Users/kerem/OneDrive/Documents/stm32-prototype/BLESensorsPnPL/Drivers/BSP/Components/ST25DV/st25dv.c:1983:9:ST25DV_ReadMBCtrl_Dyn	24	static
C:/Users/kerem/OneDrive/Documents/stm32-prototype/BLESensorsPnPL/Drivers/BSP/Components/ST25DV/st25dv.c:2010:9:ST25DV_GetMBEN_Dyn	24	static
C:/Users/kerem/OneDrive/Documents/stm32-prototype/BLESensorsPnPL/Drivers/BSP/Components/ST25DV/st25dv.c:2038:9:ST25DV_SetMBEN_Dyn	24	static
C:/Users/kerem/OneDrive/Documents/stm32-prototype/BLESensorsPnPL/Drivers/BSP/Components/ST25DV/st25dv.c:2050:9:ST25DV_ResetMBEN_Dyn	24	static
C:/Users/kerem/OneDrive/Documents/stm32-prototype/BLESensorsPnPL/Drivers/BSP/Components/ST25DV/st25dv.c:2063:9:ST25DV_ReadMBLength_Dyn	16	static
C:/Users/kerem/OneDrive/Documents/stm32-prototype/BLESensorsPnPL/Drivers/BSP/Components/ST25DV/st25dv.c:2069:16:ReadRegWrap	40	static
C:/Users/kerem/OneDrive/Documents/stm32-prototype/BLESensorsPnPL/Drivers/BSP/Components/ST25DV/st25dv.c:2080:16:WriteRegWrap	48	static
