../Core/Src/main.c:209:20:cs_low	16	static
../Core/Src/main.c:210:20:cs_high	16	static
../Core/Src/main.c:212:19:dev_write	32	static
../Core/Src/main.c:222:19:dev_read	32	static
../Core/Src/main.c:245:13:iis3dwb_init	24	static
../Core/Src/main.c:262:26:stts22h_write_u8	32	static
../Core/Src/main.c:267:26:stts22h_read_n	32	static
../Core/Src/main.c:284:17:i2c2_scan_first_device	16	static
../Core/Src/main.c:293:13:stts22h_find_and_start	112	static
../Core/Src/main.c:350:5:main	408	static
../Core/Src/main.c:635:6:SystemClock_Config	128	static
../Core/Src/main.c:693:6:PeriphCommonClock_Config	208	static
../Core/Src/main.c:732:13:SystemPower_Config	8	static
../Core/Src/main.c:749:13:MX_ADC1_Init	8	static
../Core/Src/main.c:793:13:MX_ADF1_Init	8	static
../Core/Src/main.c:856:13:MX_MDF1_Init	8	static
../Core/Src/main.c:910:13:MX_DAC1_Init	64	static
../Core/Src/main.c:965:13:MX_GPDMA1_Init	16	static
../Core/Src/main.c:1003:13:MX_I2C1_Init	8	static
../Core/Src/main.c:1051:13:MX_I2C2_Init	8	static
../Core/Src/main.c:1099:13:MX_I2C3_Init	8	static
../Core/Src/main.c:1147:13:MX_ICACHE_Init	8	static
../Core/Src/main.c:1179:13:MX_RTC_Init	40	static
../Core/Src/main.c:1227:13:MX_SAI1_Init	8	static
../Core/Src/main.c:1311:13:MX_SDMMC1_SD_Init	8	static
../Core/Src/main.c:1342:13:MX_SPI1_Init	24	static
../Core/Src/main.c:1399:13:MX_SPI2_Init	24	static
../Core/Src/main.c:1456:13:MX_SPI3_Init	24	static
../Core/Src/main.c:1513:13:MX_TAMP_RTC_Init	72	static
../Core/Src/main.c:1562:13:MX_TIM3_Init	40	static
../Core/Src/main.c:1610:13:MX_USART2_UART_Init	8	static
../Core/Src/main.c:1658:13:MX_USART3_UART_Init	8	static
../Core/Src/main.c:1706:13:MX_USB_OTG_FS_PCD_Init	8	static
../Core/Src/main.c:1742:13:MX_GPIO_Init	64	static
../Core/Src/main.c:1949:6:Error_Handler	4	static,ignoring_inline_asm
