../Core/Src/stm32u5xx_hal_msp.c:90:6:HAL_MspInit	16	static
../Core/Src/stm32u5xx_hal_msp.c:115:6:HAL_ADC_MspInit	48	static
../Core/Src/stm32u5xx_hal_msp.c:150:6:HAL_ADC_MspDeInit	16	static
../Core/Src/stm32u5xx_hal_msp.c:179:6:HAL_MDF_MspInit	160	static
../Core/Src/stm32u5xx_hal_msp.c:351:6:HAL_MDF_MspDeInit	16	static
../Core/Src/stm32u5xx_hal_msp.c:401:6:HAL_DAC_MspInit	248	static
../Core/Src/stm32u5xx_hal_msp.c:446:6:HAL_DAC_MspDeInit	16	static
../Core/Src/stm32u5xx_hal_msp.c:474:6:HAL_I2C_MspInit	272	static
../Core/Src/stm32u5xx_hal_msp.c:650:6:HAL_I2C_MspDeInit	16	static
../Core/Src/stm32u5xx_hal_msp.c:724:6:HAL_RTC_MspInit	224	static
../Core/Src/stm32u5xx_hal_msp.c:760:6:HAL_RTC_MspDeInit	16	static
../Core/Src/stm32u5xx_hal_msp.c:784:6:HAL_SD_MspInit	256	static
../Core/Src/stm32u5xx_hal_msp.c:846:6:HAL_SD_MspDeInit	16	static
../Core/Src/stm32u5xx_hal_msp.c:882:6:HAL_SPI_MspInit	384	static
../Core/Src/stm32u5xx_hal_msp.c:1140:6:HAL_SPI_MspDeInit	16	static
../Core/Src/stm32u5xx_hal_msp.c:1221:6:HAL_TIM_IC_MspInit	48	static
../Core/Src/stm32u5xx_hal_msp.c:1257:6:HAL_TIM_IC_MspDeInit	16	static
../Core/Src/stm32u5xx_hal_msp.c:1285:6:HAL_UART_MspInit	264	static
../Core/Src/stm32u5xx_hal_msp.c:1377:6:HAL_UART_MspDeInit	16	static
../Core/Src/stm32u5xx_hal_msp.c:1429:6:HAL_PCD_MspInit	256	static
../Core/Src/stm32u5xx_hal_msp.c:1488:6:HAL_PCD_MspDeInit	16	static
../Core/Src/stm32u5xx_hal_msp.c:1513:6:HAL_SAI_MspInit	248	static
../Core/Src/stm32u5xx_hal_msp.c:1584:6:HAL_SAI_MspDeInit	16	static
