C:/Users/kerem/OneDrive/Documents/stm32-prototype/BLESensorsPnPL/Drivers/BSP/STWIN.box/STWIN.box_bc.c:168:6:BSP_BC_Sw_Init	8	static
C:/Users/kerem/OneDrive/Documents/stm32-prototype/BLESensorsPnPL/Drivers/BSP/STWIN.box/STWIN.box_bc.c:181:9:BSP_BC_Sw_CmdSend	24	static,ignoring_inline_asm
C:/Users/kerem/OneDrive/Documents/stm32-prototype/BLESensorsPnPL/Drivers/BSP/STWIN.box/STWIN.box_bc.c:218:9:BSP_BC_Chg_Init	8	static
C:/Users/kerem/OneDrive/Documents/stm32-prototype/BLESensorsPnPL/Drivers/BSP/STWIN.box/STWIN.box_bc.c:227:9:BSP_BC_Chg_DeInit	8	static
C:/Users/kerem/OneDrive/Documents/stm32-prototype/BLESensorsPnPL/Drivers/BSP/STWIN.box/STWIN.box_bc.c:241:6:BSP_BC_ChgPinHasToggled	16	static
C:/Users/kerem/OneDrive/Documents/stm32-prototype/BLESensorsPnPL/Drivers/BSP/STWIN.box/STWIN.box_bc.c:287:9:BSP_BC_IsChgPinToggling	16	static
C:/Users/kerem/OneDrive/Documents/stm32-prototype/BLESensorsPnPL/Drivers/BSP/STWIN.box/STWIN.box_bc.c:313:9:BSP_BC_BatMs_Init	8	static
C:/Users/kerem/OneDrive/Documents/stm32-prototype/BLESensorsPnPL/Drivers/BSP/STWIN.box/STWIN.box_bc.c:337:9:BSP_BC_BatMs_DeInit	16	static
C:/Users/kerem/OneDrive/Documents/stm32-prototype/BLESensorsPnPL/Drivers/BSP/STWIN.box/STWIN.box_bc.c:356:6:BSP_BC_GetState	16	static
C:/Users/kerem/OneDrive/Documents/stm32-prototype/BLESensorsPnPL/Drivers/BSP/STWIN.box/STWIN.box_bc.c:375:9:BSP_BC_GetVoltage	24	static
C:/Users/kerem/OneDrive/Documents/stm32-prototype/BLESensorsPnPL/Drivers/BSP/STWIN.box/STWIN.box_bc.c:418:9:BSP_BC_GetVoltageAndLevel	24	static
C:/Users/kerem/OneDrive/Documents/stm32-prototype/BLESensorsPnPL/Drivers/BSP/STWIN.box/STWIN.box_bc.c:477:9:BC_BatMs_ADC_Initialization	16	static
C:/Users/kerem/OneDrive/Documents/stm32-prototype/BLESensorsPnPL/Drivers/BSP/STWIN.box/STWIN.box_bc.c:520:6:BC_BatMs_ADC_MspInit	256	static
C:/Users/kerem/OneDrive/Documents/stm32-prototype/BLESensorsPnPL/Drivers/BSP/STWIN.box/STWIN.box_bc.c:573:6:BC_BatMs_ADC_MspDeInit	16	static
C:/Users/kerem/OneDrive/Documents/stm32-prototype/BLESensorsPnPL/Drivers/BSP/STWIN.box/STWIN.box_bc.c:595:9:BC_BatMs_ADC_DeInitialization	8	static
C:/Users/kerem/OneDrive/Documents/stm32-prototype/BLESensorsPnPL/Drivers/BSP/STWIN.box/STWIN.box_bc.c:618:6:BC_Sw_IO_Init	32	static
C:/Users/kerem/OneDrive/Documents/stm32-prototype/BLESensorsPnPL/Drivers/BSP/STWIN.box/STWIN.box_bc.c:639:6:BC_Sw_Cmd_Handler	8	static
C:/Users/kerem/OneDrive/Documents/stm32-prototype/BLESensorsPnPL/Drivers/BSP/STWIN.box/STWIN.box_bc.c:690:6:BC_Chg_Freq2Status	16	static
C:/Users/kerem/OneDrive/Documents/stm32-prototype/BLESensorsPnPL/Drivers/BSP/STWIN.box/STWIN.box_bc.c:717:9:BC_Chg_TIM_Init	64	static
C:/Users/kerem/OneDrive/Documents/stm32-prototype/BLESensorsPnPL/Drivers/BSP/STWIN.box/STWIN.box_bc.c:801:6:HAL_TIM_IC_CaptureCallback	16	static
C:/Users/kerem/OneDrive/Documents/stm32-prototype/BLESensorsPnPL/Drivers/BSP/STWIN.box/STWIN.box_bc.c:818:9:BC_Sw_TIM_Init	64	static
C:/Users/kerem/OneDrive/Documents/stm32-prototype/BLESensorsPnPL/Drivers/BSP/STWIN.box/STWIN.box_bc.c:881:6:HAL_TIM_PeriodElapsedCallback	16	static
C:/Users/kerem/OneDrive/Documents/stm32-prototype/BLESensorsPnPL/Drivers/BSP/STWIN.box/STWIN.box_bc.c:896:6:TIM4_IRQHandler	8	static
C:/Users/kerem/OneDrive/Documents/stm32-prototype/BLESensorsPnPL/Drivers/BSP/STWIN.box/STWIN.box_bc.c:922:6:HAL_TIM_IC_MspInit	48	static
C:/Users/kerem/OneDrive/Documents/stm32-prototype/BLESensorsPnPL/Drivers/BSP/STWIN.box/STWIN.box_bc.c:958:6:HAL_TIM_IC_MspDeInit	16	static
C:/Users/kerem/OneDrive/Documents/stm32-prototype/BLESensorsPnPL/Drivers/BSP/STWIN.box/STWIN.box_bc.c:974:16:BC_BatMs_ADC_Channel_Init	40	static
C:/Users/kerem/OneDrive/Documents/stm32-prototype/BLESensorsPnPL/Drivers/BSP/STWIN.box/STWIN.box_bc.c:1000:6:TIM5_IRQHandler	8	static
