C:/Users/kerem/OneDrive/Documents/stm32-prototype/BLESensorsPnPL/Drivers/BSP/STWIN.box/STWIN.box_audio.c:114:16:BSP_AUDIO_IN_Init	16	static
C:/Users/kerem/OneDrive/Documents/stm32-prototype/BLESensorsPnPL/Drivers/BSP/STWIN.box/STWIN.box_audio.c:382:16:BSP_AUDIO_IN_DeInit	24	static
C:/Users/kerem/OneDrive/Documents/stm32-prototype/BLESensorsPnPL/Drivers/BSP/STWIN.box/STWIN.box_audio.c:443:9:BSP_AUDIO_IN_Record	32	static
C:/Users/kerem/OneDrive/Documents/stm32-prototype/BLESensorsPnPL/Drivers/BSP/STWIN.box/STWIN.box_audio.c:494:9:BSP_AUDIO_IN_Stop	24	static
C:/Users/kerem/OneDrive/Documents/stm32-prototype/BLESensorsPnPL/Drivers/BSP/STWIN.box/STWIN.box_audio.c:538:9:BSP_AUDIO_IN_Pause	24	static
C:/Users/kerem/OneDrive/Documents/stm32-prototype/BLESensorsPnPL/Drivers/BSP/STWIN.box/STWIN.box_audio.c:583:9:BSP_AUDIO_IN_Resume	24	static
C:/Users/kerem/OneDrive/Documents/stm32-prototype/BLESensorsPnPL/Drivers/BSP/STWIN.box/STWIN.box_audio.c:629:9:BSP_AUDIO_IN_RecordChannels	24	static
C:/Users/kerem/OneDrive/Documents/stm32-prototype/BLESensorsPnPL/Drivers/BSP/STWIN.box/STWIN.box_audio.c:644:9:BSP_AUDIO_IN_StopChannels	16	static
C:/Users/kerem/OneDrive/Documents/stm32-prototype/BLESensorsPnPL/Drivers/BSP/STWIN.box/STWIN.box_audio.c:658:9:BSP_AUDIO_IN_PauseChannels	16	static
C:/Users/kerem/OneDrive/Documents/stm32-prototype/BLESensorsPnPL/Drivers/BSP/STWIN.box/STWIN.box_audio.c:672:9:BSP_AUDIO_IN_ResumeChannels	16	static
C:/Users/kerem/OneDrive/Documents/stm32-prototype/BLESensorsPnPL/Drivers/BSP/STWIN.box/STWIN.box_audio.c:686:9:BSP_AUDIO_IN_SetDevice	40	static
C:/Users/kerem/OneDrive/Documents/stm32-prototype/BLESensorsPnPL/Drivers/BSP/STWIN.box/STWIN.box_audio.c:723:9:BSP_AUDIO_IN_GetDevice	24	static
C:/Users/kerem/OneDrive/Documents/stm32-prototype/BLESensorsPnPL/Drivers/BSP/STWIN.box/STWIN.box_audio.c:746:9:BSP_AUDIO_IN_SetSampleRate	40	static
C:/Users/kerem/OneDrive/Documents/stm32-prototype/BLESensorsPnPL/Drivers/BSP/STWIN.box/STWIN.box_audio.c:783:9:BSP_AUDIO_IN_GetSampleRate	24	static
C:/Users/kerem/OneDrive/Documents/stm32-prototype/BLESensorsPnPL/Drivers/BSP/STWIN.box/STWIN.box_audio.c:808:9:BSP_AUDIO_IN_SetBitsPerSample	40	static
C:/Users/kerem/OneDrive/Documents/stm32-prototype/BLESensorsPnPL/Drivers/BSP/STWIN.box/STWIN.box_audio.c:845:9:BSP_AUDIO_IN_GetBitsPerSample	24	static
C:/Users/kerem/OneDrive/Documents/stm32-prototype/BLESensorsPnPL/Drivers/BSP/STWIN.box/STWIN.box_audio.c:868:9:BSP_AUDIO_IN_SetChannelsNbr	40	static
C:/Users/kerem/OneDrive/Documents/stm32-prototype/BLESensorsPnPL/Drivers/BSP/STWIN.box/STWIN.box_audio.c:905:9:BSP_AUDIO_IN_GetChannelsNbr	24	static
C:/Users/kerem/OneDrive/Documents/stm32-prototype/BLESensorsPnPL/Drivers/BSP/STWIN.box/STWIN.box_audio.c:928:9:BSP_AUDIO_IN_SetVolume	24	static
C:/Users/kerem/OneDrive/Documents/stm32-prototype/BLESensorsPnPL/Drivers/BSP/STWIN.box/STWIN.box_audio.c:952:9:BSP_AUDIO_IN_GetVolume	24	static
C:/Users/kerem/OneDrive/Documents/stm32-prototype/BLESensorsPnPL/Drivers/BSP/STWIN.box/STWIN.box_audio.c:976:9:BSP_AUDIO_IN_GetState	24	static
C:/Users/kerem/OneDrive/Documents/stm32-prototype/BLESensorsPnPL/Drivers/BSP/STWIN.box/STWIN.box_audio.c:1003:6:HAL_MDF_AcqCpltCallback	24	static
C:/Users/kerem/OneDrive/Documents/stm32-prototype/BLESensorsPnPL/Drivers/BSP/STWIN.box/STWIN.box_audio.c:1051:6:HAL_MDF_AcqHalfCpltCallback	24	static
C:/Users/kerem/OneDrive/Documents/stm32-prototype/BLESensorsPnPL/Drivers/BSP/STWIN.box/STWIN.box_audio.c:1097:13:BSP_AUDIO_IN_TransferComplete_CallBack	16	static
C:/Users/kerem/OneDrive/Documents/stm32-prototype/BLESensorsPnPL/Drivers/BSP/STWIN.box/STWIN.box_audio.c:1111:13:BSP_AUDIO_IN_HalfTransfer_CallBack	16	static
C:/Users/kerem/OneDrive/Documents/stm32-prototype/BLESensorsPnPL/Drivers/BSP/STWIN.box/STWIN.box_audio.c:1125:13:BSP_AUDIO_IN_Error_CallBack	16	static
C:/Users/kerem/OneDrive/Documents/stm32-prototype/BLESensorsPnPL/Drivers/BSP/STWIN.box/STWIN.box_audio.c:1142:6:MX_ADC1_Init	40	static
C:/Users/kerem/OneDrive/Documents/stm32-prototype/BLESensorsPnPL/Drivers/BSP/STWIN.box/STWIN.box_audio.c:1211:6:HAL_MDF_MspInit	368	static
C:/Users/kerem/OneDrive/Documents/stm32-prototype/BLESensorsPnPL/Drivers/BSP/STWIN.box/STWIN.box_audio.c:1418:6:HAL_ADC_MspInit	248	static
C:/Users/kerem/OneDrive/Documents/stm32-prototype/BLESensorsPnPL/Drivers/BSP/STWIN.box/STWIN.box_audio.c:1468:6:HAL_ADC_MspDeInit	16	static
