C:/Users/kerem/OneDrive/Documents/stm32-prototype/BLESensorsPnPL/Drivers/BSP/STWIN.box/STWIN.box_motion_sensors.c:98:9:BSP_MOTION_SENSOR_Init	64	static
C:/Users/kerem/OneDrive/Documents/stm32-prototype/BLESensorsPnPL/Drivers/BSP/STWIN.box/STWIN.box_motion_sensors.c:262:9:BSP_MOTION_SENSOR_DeInit	24	static
C:/Users/kerem/OneDrive/Documents/stm32-prototype/BLESensorsPnPL/Drivers/BSP/STWIN.box/STWIN.box_motion_sensors.c:288:9:BSP_MOTION_SENSOR_GetCapabilities	24	static
C:/Users/kerem/OneDrive/Documents/stm32-prototype/BLESensorsPnPL/Drivers/BSP/STWIN.box/STWIN.box_motion_sensors.c:314:9:BSP_MOTION_SENSOR_ReadID	24	static
C:/Users/kerem/OneDrive/Documents/stm32-prototype/BLESensorsPnPL/Drivers/BSP/STWIN.box/STWIN.box_motion_sensors.c:343:9:BSP_MOTION_SENSOR_Enable	24	static
C:/Users/kerem/OneDrive/Documents/stm32-prototype/BLESensorsPnPL/Drivers/BSP/STWIN.box/STWIN.box_motion_sensors.c:382:9:BSP_MOTION_SENSOR_Disable	24	static
C:/Users/kerem/OneDrive/Documents/stm32-prototype/BLESensorsPnPL/Drivers/BSP/STWIN.box/STWIN.box_motion_sensors.c:422:9:BSP_MOTION_SENSOR_GetAxes	32	static
C:/Users/kerem/OneDrive/Documents/stm32-prototype/BLESensorsPnPL/Drivers/BSP/STWIN.box/STWIN.box_motion_sensors.c:462:9:BSP_MOTION_SENSOR_GetAxesRaw	32	static
C:/Users/kerem/OneDrive/Documents/stm32-prototype/BLESensorsPnPL/Drivers/BSP/STWIN.box/STWIN.box_motion_sensors.c:502:9:BSP_MOTION_SENSOR_GetSensitivity	32	static
C:/Users/kerem/OneDrive/Documents/stm32-prototype/BLESensorsPnPL/Drivers/BSP/STWIN.box/STWIN.box_motion_sensors.c:542:9:BSP_MOTION_SENSOR_GetOutputDataRate	32	static
C:/Users/kerem/OneDrive/Documents/stm32-prototype/BLESensorsPnPL/Drivers/BSP/STWIN.box/STWIN.box_motion_sensors.c:582:9:BSP_MOTION_SENSOR_GetFullScale	32	static
C:/Users/kerem/OneDrive/Documents/stm32-prototype/BLESensorsPnPL/Drivers/BSP/STWIN.box/STWIN.box_motion_sensors.c:622:9:BSP_MOTION_SENSOR_SetOutputDataRate	32	static
C:/Users/kerem/OneDrive/Documents/stm32-prototype/BLESensorsPnPL/Drivers/BSP/STWIN.box/STWIN.box_motion_sensors.c:662:9:BSP_MOTION_SENSOR_SetFullScale	32	static
C:/Users/kerem/OneDrive/Documents/stm32-prototype/BLESensorsPnPL/Drivers/BSP/STWIN.box/STWIN.box_motion_sensors.c:697:16:IIS2DLPC_0_Probe	88	static
C:/Users/kerem/OneDrive/Documents/stm32-prototype/BLESensorsPnPL/Drivers/BSP/STWIN.box/STWIN.box_motion_sensors.c:763:16:BSP_IIS2DLPC_Init	40	static
C:/Users/kerem/OneDrive/Documents/stm32-prototype/BLESensorsPnPL/Drivers/BSP/STWIN.box/STWIN.box_motion_sensors.c:813:16:BSP_IIS2DLPC_DeInit	16	static
C:/Users/kerem/OneDrive/Documents/stm32-prototype/BLESensorsPnPL/Drivers/BSP/STWIN.box/STWIN.box_motion_sensors.c:825:16:BSP_IIS2DLPC_WriteReg	32	static
C:/Users/kerem/OneDrive/Documents/stm32-prototype/BLESensorsPnPL/Drivers/BSP/STWIN.box/STWIN.box_motion_sensors.c:847:16:BSP_IIS2DLPC_ReadReg	32	static
C:/Users/kerem/OneDrive/Documents/stm32-prototype/BLESensorsPnPL/Drivers/BSP/STWIN.box/STWIN.box_motion_sensors.c:877:16:IIS2MDC_0_Probe	88	static
C:/Users/kerem/OneDrive/Documents/stm32-prototype/BLESensorsPnPL/Drivers/BSP/STWIN.box/STWIN.box_motion_sensors.c:942:9:BSP_IIS2MDC_WriteReg	32	static
C:/Users/kerem/OneDrive/Documents/stm32-prototype/BLESensorsPnPL/Drivers/BSP/STWIN.box/STWIN.box_motion_sensors.c:955:9:BSP_IIS2MDC_ReadReg	32	static
C:/Users/kerem/OneDrive/Documents/stm32-prototype/BLESensorsPnPL/Drivers/BSP/STWIN.box/STWIN.box_motion_sensors.c:1145:16:ISM330DHCX_0_Probe	88	static
C:/Users/kerem/OneDrive/Documents/stm32-prototype/BLESensorsPnPL/Drivers/BSP/STWIN.box/STWIN.box_motion_sensors.c:1221:16:BSP_ISM330DHCX_Init	40	static
C:/Users/kerem/OneDrive/Documents/stm32-prototype/BLESensorsPnPL/Drivers/BSP/STWIN.box/STWIN.box_motion_sensors.c:1272:16:BSP_ISM330DHCX_DeInit	16	static
C:/Users/kerem/OneDrive/Documents/stm32-prototype/BLESensorsPnPL/Drivers/BSP/STWIN.box/STWIN.box_motion_sensors.c:1284:16:BSP_ISM330DHCX_WriteReg	32	static
C:/Users/kerem/OneDrive/Documents/stm32-prototype/BLESensorsPnPL/Drivers/BSP/STWIN.box/STWIN.box_motion_sensors.c:1306:16:BSP_ISM330DHCX_ReadReg	32	static
