C:/Users/kerem/OneDrive/Documents/stm32-prototype/BLESensorsPnPL/Middlewares/Third_Party/parson/parson.c:203:15:read_file	40	static
C:/Users/kerem/OneDrive/Documents/stm32-prototype/BLESensorsPnPL/Middlewares/Third_Party/parson/parson.c:236:13:remove_comments	56	static
C:/Users/kerem/OneDrive/Documents/stm32-prototype/BLESensorsPnPL/Middlewares/Third_Party/parson/parson.c:271:15:parson_strndup	24	static
C:/Users/kerem/OneDrive/Documents/stm32-prototype/BLESensorsPnPL/Middlewares/Third_Party/parson/parson.c:282:15:parson_strdup	16	static
C:/Users/kerem/OneDrive/Documents/stm32-prototype/BLESensorsPnPL/Middlewares/Third_Party/parson/parson.c:286:12:hex_char_to_int	16	static
C:/Users/kerem/OneDrive/Documents/stm32-prototype/BLESensorsPnPL/Middlewares/Third_Party/parson/parson.c:297:20:parse_utf16_hex	32	static
C:/Users/kerem/OneDrive/Documents/stm32-prototype/BLESensorsPnPL/Middlewares/Third_Party/parson/parson.c:313:12:num_bytes_in_utf8_sequence	16	static
C:/Users/kerem/OneDrive/Documents/stm32-prototype/BLESensorsPnPL/Middlewares/Third_Party/parson/parson.c:328:20:verify_utf8_sequence	24	static
C:/Users/kerem/OneDrive/Documents/stm32-prototype/BLESensorsPnPL/Middlewares/Third_Party/parson/parson.c:370:12:is_valid_utf8	24	static
C:/Users/kerem/OneDrive/Documents/stm32-prototype/BLESensorsPnPL/Middlewares/Third_Party/parson/parson.c:382:22:is_decimal	16	static
C:/Users/kerem/OneDrive/Documents/stm32-prototype/BLESensorsPnPL/Middlewares/Third_Party/parson/parson.c:397:22:hash_string	32	static
C:/Users/kerem/OneDrive/Documents/stm32-prototype/BLESensorsPnPL/Middlewares/Third_Party/parson/parson.c:418:22:json_object_make	24	static
C:/Users/kerem/OneDrive/Documents/stm32-prototype/BLESensorsPnPL/Middlewares/Third_Party/parson/parson.c:433:20:json_object_init	24	static
C:/Users/kerem/OneDrive/Documents/stm32-prototype/BLESensorsPnPL/Middlewares/Third_Party/parson/parson.c:475:13:json_object_deinit	32	static
C:/Users/kerem/OneDrive/Documents/stm32-prototype/BLESensorsPnPL/Middlewares/Third_Party/parson/parson.c:503:20:json_object_grow_and_rehash	88	static
C:/Users/kerem/OneDrive/Documents/stm32-prototype/BLESensorsPnPL/Middlewares/Third_Party/parson/parson.c:533:15:json_object_get_cell_ix	56	static
C:/Users/kerem/OneDrive/Documents/stm32-prototype/BLESensorsPnPL/Middlewares/Third_Party/parson/parson.c:564:20:json_object_add	48	static
C:/Users/kerem/OneDrive/Documents/stm32-prototype/BLESensorsPnPL/Middlewares/Third_Party/parson/parson.c:600:21:json_object_getn_value	48	static
C:/Users/kerem/OneDrive/Documents/stm32-prototype/BLESensorsPnPL/Middlewares/Third_Party/parson/parson.c:618:20:json_object_remove_internal	72	static
C:/Users/kerem/OneDrive/Documents/stm32-prototype/BLESensorsPnPL/Middlewares/Third_Party/parson/parson.c:678:20:json_object_dotremove_internal	40	static
C:/Users/kerem/OneDrive/Documents/stm32-prototype/BLESensorsPnPL/Middlewares/Third_Party/parson/parson.c:693:13:json_object_free	16	static
C:/Users/kerem/OneDrive/Documents/stm32-prototype/BLESensorsPnPL/Middlewares/Third_Party/parson/parson.c:699:21:json_array_make	24	static
C:/Users/kerem/OneDrive/Documents/stm32-prototype/BLESensorsPnPL/Middlewares/Third_Party/parson/parson.c:711:20:json_array_add	24	static
C:/Users/kerem/OneDrive/Documents/stm32-prototype/BLESensorsPnPL/Middlewares/Third_Party/parson/parson.c:724:20:json_array_resize	24	static
C:/Users/kerem/OneDrive/Documents/stm32-prototype/BLESensorsPnPL/Middlewares/Third_Party/parson/parson.c:742:13:json_array_free	24	static
C:/Users/kerem/OneDrive/Documents/stm32-prototype/BLESensorsPnPL/Middlewares/Third_Party/parson/parson.c:752:21:json_value_init_string_no_copy	24	static
C:/Users/kerem/OneDrive/Documents/stm32-prototype/BLESensorsPnPL/Middlewares/Third_Party/parson/parson.c:765:20:skip_quotes	16	static
C:/Users/kerem/OneDrive/Documents/stm32-prototype/BLESensorsPnPL/Middlewares/Third_Party/parson/parson.c:785:20:parse_utf16	40	static
C:/Users/kerem/OneDrive/Documents/stm32-prototype/BLESensorsPnPL/Middlewares/Third_Party/parson/parson.c:834:14:process_string	48	static
C:/Users/kerem/OneDrive/Documents/stm32-prototype/BLESensorsPnPL/Middlewares/Third_Party/parson/parson.c:891:15:get_quoted_string	32	static
C:/Users/kerem/OneDrive/Documents/stm32-prototype/BLESensorsPnPL/Middlewares/Third_Party/parson/parson.c:902:21:parse_value	16	static
C:/Users/kerem/OneDrive/Documents/stm32-prototype/BLESensorsPnPL/Middlewares/Third_Party/parson/parson.c:927:21:parse_object_value	40	static
C:/Users/kerem/OneDrive/Documents/stm32-prototype/BLESensorsPnPL/Middlewares/Third_Party/parson/parson.c:1000:21:parse_array_value	32	static
C:/Users/kerem/OneDrive/Documents/stm32-prototype/BLESensorsPnPL/Middlewares/Third_Party/parson/parson.c:1049:21:parse_string_value	32	static
C:/Users/kerem/OneDrive/Documents/stm32-prototype/BLESensorsPnPL/Middlewares/Third_Party/parson/parson.c:1064:21:parse_boolean_value	24	static
C:/Users/kerem/OneDrive/Documents/stm32-prototype/BLESensorsPnPL/Middlewares/Third_Party/parson/parson.c:1077:21:parse_number_value	32	static
C:/Users/kerem/OneDrive/Documents/stm32-prototype/BLESensorsPnPL/Middlewares/Third_Party/parson/parson.c:1092:21:parse_null_value	24	static
C:/Users/kerem/OneDrive/Documents/stm32-prototype/BLESensorsPnPL/Middlewares/Third_Party/parson/parson.c:1124:12:json_serialize_to_buffer_r	104	static
C:/Users/kerem/OneDrive/Documents/stm32-prototype/BLESensorsPnPL/Middlewares/Third_Party/parson/parson.c:1269:12:json_serialize_string	40	static
C:/Users/kerem/OneDrive/Documents/stm32-prototype/BLESensorsPnPL/Middlewares/Third_Party/parson/parson.c:1341:14:json_parse_file	24	static
C:/Users/kerem/OneDrive/Documents/stm32-prototype/BLESensorsPnPL/Middlewares/Third_Party/parson/parson.c:1352:14:json_parse_file_with_comments	24	static
C:/Users/kerem/OneDrive/Documents/stm32-prototype/BLESensorsPnPL/Middlewares/Third_Party/parson/parson.c:1363:14:json_parse_string	16	static
C:/Users/kerem/OneDrive/Documents/stm32-prototype/BLESensorsPnPL/Middlewares/Third_Party/parson/parson.c:1373:14:json_parse_string_with_comments	32	static
C:/Users/kerem/OneDrive/Documents/stm32-prototype/BLESensorsPnPL/Middlewares/Third_Party/parson/parson.c:1390:14:json_object_get_value	16	static
C:/Users/kerem/OneDrive/Documents/stm32-prototype/BLESensorsPnPL/Middlewares/Third_Party/parson/parson.c:1397:14:json_object_get_string	16	static
C:/Users/kerem/OneDrive/Documents/stm32-prototype/BLESensorsPnPL/Middlewares/Third_Party/parson/parson.c:1401:8:json_object_get_string_len	16	static
C:/Users/kerem/OneDrive/Documents/stm32-prototype/BLESensorsPnPL/Middlewares/Third_Party/parson/parson.c:1405:8:json_object_get_number	16	static
C:/Users/kerem/OneDrive/Documents/stm32-prototype/BLESensorsPnPL/Middlewares/Third_Party/parson/parson.c:1409:15:json_object_get_object	16	static
C:/Users/kerem/OneDrive/Documents/stm32-prototype/BLESensorsPnPL/Middlewares/Third_Party/parson/parson.c:1413:14:json_object_get_array	16	static
C:/Users/kerem/OneDrive/Documents/stm32-prototype/BLESensorsPnPL/Middlewares/Third_Party/parson/parson.c:1417:5:json_object_get_boolean	16	static
C:/Users/kerem/OneDrive/Documents/stm32-prototype/BLESensorsPnPL/Middlewares/Third_Party/parson/parson.c:1421:14:json_object_dotget_value	24	static
C:/Users/kerem/OneDrive/Documents/stm32-prototype/BLESensorsPnPL/Middlewares/Third_Party/parson/parson.c:1430:14:json_object_dotget_string	16	static
C:/Users/kerem/OneDrive/Documents/stm32-prototype/BLESensorsPnPL/Middlewares/Third_Party/parson/parson.c:1434:8:json_object_dotget_string_len	16	static
C:/Users/kerem/OneDrive/Documents/stm32-prototype/BLESensorsPnPL/Middlewares/Third_Party/parson/parson.c:1438:8:json_object_dotget_number	16	static
C:/Users/kerem/OneDrive/Documents/stm32-prototype/BLESensorsPnPL/Middlewares/Third_Party/parson/parson.c:1442:15:json_object_dotget_object	16	static
C:/Users/kerem/OneDrive/Documents/stm32-prototype/BLESensorsPnPL/Middlewares/Third_Party/parson/parson.c:1446:14:json_object_dotget_array	16	static
C:/Users/kerem/OneDrive/Documents/stm32-prototype/BLESensorsPnPL/Middlewares/Third_Party/parson/parson.c:1450:5:json_object_dotget_boolean	16	static
C:/Users/kerem/OneDrive/Documents/stm32-prototype/BLESensorsPnPL/Middlewares/Third_Party/parson/parson.c:1454:8:json_object_get_count	16	static
C:/Users/kerem/OneDrive/Documents/stm32-prototype/BLESensorsPnPL/Middlewares/Third_Party/parson/parson.c:1458:14:json_object_get_name	16	static
C:/Users/kerem/OneDrive/Documents/stm32-prototype/BLESensorsPnPL/Middlewares/Third_Party/parson/parson.c:1465:14:json_object_get_value_at	16	static
C:/Users/kerem/OneDrive/Documents/stm32-prototype/BLESensorsPnPL/Middlewares/Third_Party/parson/parson.c:1472:13:json_object_get_wrapping_value	16	static
C:/Users/kerem/OneDrive/Documents/stm32-prototype/BLESensorsPnPL/Middlewares/Third_Party/parson/parson.c:1479:5:json_object_has_value	16	static
C:/Users/kerem/OneDrive/Documents/stm32-prototype/BLESensorsPnPL/Middlewares/Third_Party/parson/parson.c:1483:5:json_object_has_value_of_type	32	static
C:/Users/kerem/OneDrive/Documents/stm32-prototype/BLESensorsPnPL/Middlewares/Third_Party/parson/parson.c:1488:5:json_object_dothas_value	16	static
C:/Users/kerem/OneDrive/Documents/stm32-prototype/BLESensorsPnPL/Middlewares/Third_Party/parson/parson.c:1492:5:json_object_dothas_value_of_type	32	static
C:/Users/kerem/OneDrive/Documents/stm32-prototype/BLESensorsPnPL/Middlewares/Third_Party/parson/parson.c:1498:14:json_array_get_value	16	static
C:/Users/kerem/OneDrive/Documents/stm32-prototype/BLESensorsPnPL/Middlewares/Third_Party/parson/parson.c:1505:14:json_array_get_string	16	static
C:/Users/kerem/OneDrive/Documents/stm32-prototype/BLESensorsPnPL/Middlewares/Third_Party/parson/parson.c:1509:8:json_array_get_string_len	16	static
C:/Users/kerem/OneDrive/Documents/stm32-prototype/BLESensorsPnPL/Middlewares/Third_Party/parson/parson.c:1513:8:json_array_get_number	16	static
C:/Users/kerem/OneDrive/Documents/stm32-prototype/BLESensorsPnPL/Middlewares/Third_Party/parson/parson.c:1517:15:json_array_get_object	16	static
C:/Users/kerem/OneDrive/Documents/stm32-prototype/BLESensorsPnPL/Middlewares/Third_Party/parson/parson.c:1521:14:json_array_get_array	16	static
C:/Users/kerem/OneDrive/Documents/stm32-prototype/BLESensorsPnPL/Middlewares/Third_Party/parson/parson.c:1525:5:json_array_get_boolean	16	static
C:/Users/kerem/OneDrive/Documents/stm32-prototype/BLESensorsPnPL/Middlewares/Third_Party/parson/parson.c:1529:8:json_array_get_count	16	static
C:/Users/kerem/OneDrive/Documents/stm32-prototype/BLESensorsPnPL/Middlewares/Third_Party/parson/parson.c:1533:14:json_array_get_wrapping_value	16	static
C:/Users/kerem/OneDrive/Documents/stm32-prototype/BLESensorsPnPL/Middlewares/Third_Party/parson/parson.c:1541:17:json_value_get_type	16	static
C:/Users/kerem/OneDrive/Documents/stm32-prototype/BLESensorsPnPL/Middlewares/Third_Party/parson/parson.c:1545:15:json_value_get_object	16	static
C:/Users/kerem/OneDrive/Documents/stm32-prototype/BLESensorsPnPL/Middlewares/Third_Party/parson/parson.c:1549:14:json_value_get_array	16	static
C:/Users/kerem/OneDrive/Documents/stm32-prototype/BLESensorsPnPL/Middlewares/Third_Party/parson/parson.c:1553:28:json_value_get_string_desc	16	static
C:/Users/kerem/OneDrive/Documents/stm32-prototype/BLESensorsPnPL/Middlewares/Third_Party/parson/parson.c:1557:14:json_value_get_string	24	static
C:/Users/kerem/OneDrive/Documents/stm32-prototype/BLESensorsPnPL/Middlewares/Third_Party/parson/parson.c:1562:8:json_value_get_string_len	24	static
C:/Users/kerem/OneDrive/Documents/stm32-prototype/BLESensorsPnPL/Middlewares/Third_Party/parson/parson.c:1567:8:json_value_get_number	16	static
C:/Users/kerem/OneDrive/Documents/stm32-prototype/BLESensorsPnPL/Middlewares/Third_Party/parson/parson.c:1571:5:json_value_get_boolean	16	static
C:/Users/kerem/OneDrive/Documents/stm32-prototype/BLESensorsPnPL/Middlewares/Third_Party/parson/parson.c:1575:14:json_value_get_parent	16	static
C:/Users/kerem/OneDrive/Documents/stm32-prototype/BLESensorsPnPL/Middlewares/Third_Party/parson/parson.c:1579:6:json_value_free	16	static
C:/Users/kerem/OneDrive/Documents/stm32-prototype/BLESensorsPnPL/Middlewares/Third_Party/parson/parson.c:1596:14:json_value_init_object	16	static
C:/Users/kerem/OneDrive/Documents/stm32-prototype/BLESensorsPnPL/Middlewares/Third_Party/parson/parson.c:1611:14:json_value_init_array	16	static
C:/Users/kerem/OneDrive/Documents/stm32-prototype/BLESensorsPnPL/Middlewares/Third_Party/parson/parson.c:1626:14:json_value_init_string	16	static
C:/Users/kerem/OneDrive/Documents/stm32-prototype/BLESensorsPnPL/Middlewares/Third_Party/parson/parson.c:1633:14:json_value_init_string_with_len	24	static
C:/Users/kerem/OneDrive/Documents/stm32-prototype/BLESensorsPnPL/Middlewares/Third_Party/parson/parson.c:1653:14:json_value_init_number	40	static
C:/Users/kerem/OneDrive/Documents/stm32-prototype/BLESensorsPnPL/Middlewares/Third_Party/parson/parson.c:1668:14:json_value_init_boolean	24	static
C:/Users/kerem/OneDrive/Documents/stm32-prototype/BLESensorsPnPL/Middlewares/Third_Party/parson/parson.c:1679:14:json_value_init_null	16	static
C:/Users/kerem/OneDrive/Documents/stm32-prototype/BLESensorsPnPL/Middlewares/Third_Party/parson/parson.c:1689:14:json_value_deep_copy	72	static
C:/Users/kerem/OneDrive/Documents/stm32-prototype/BLESensorsPnPL/Middlewares/Third_Party/parson/parson.c:1779:8:json_serialization_size	96	static
C:/Users/kerem/OneDrive/Documents/stm32-prototype/BLESensorsPnPL/Middlewares/Third_Party/parson/parson.c:1785:13:json_serialize_to_buffer	40	static
C:/Users/kerem/OneDrive/Documents/stm32-prototype/BLESensorsPnPL/Middlewares/Third_Party/parson/parson.c:1798:13:json_serialize_to_file	32	static
C:/Users/kerem/OneDrive/Documents/stm32-prototype/BLESensorsPnPL/Middlewares/Third_Party/parson/parson.c:1820:8:json_serialize_to_string	32	static
C:/Users/kerem/OneDrive/Documents/stm32-prototype/BLESensorsPnPL/Middlewares/Third_Party/parson/parson.c:1839:8:json_serialization_size_pretty	96	static
C:/Users/kerem/OneDrive/Documents/stm32-prototype/BLESensorsPnPL/Middlewares/Third_Party/parson/parson.c:1845:13:json_serialize_to_buffer_pretty	40	static
C:/Users/kerem/OneDrive/Documents/stm32-prototype/BLESensorsPnPL/Middlewares/Third_Party/parson/parson.c:1858:13:json_serialize_to_file_pretty	32	static
C:/Users/kerem/OneDrive/Documents/stm32-prototype/BLESensorsPnPL/Middlewares/Third_Party/parson/parson.c:1880:8:json_serialize_to_string_pretty	32	static
C:/Users/kerem/OneDrive/Documents/stm32-prototype/BLESensorsPnPL/Middlewares/Third_Party/parson/parson.c:1899:6:json_free_serialized_string	16	static
C:/Users/kerem/OneDrive/Documents/stm32-prototype/BLESensorsPnPL/Middlewares/Third_Party/parson/parson.c:1903:13:json_array_remove	24	static
C:/Users/kerem/OneDrive/Documents/stm32-prototype/BLESensorsPnPL/Middlewares/Third_Party/parson/parson.c:1915:13:json_array_replace_value	24	static
C:/Users/kerem/OneDrive/Documents/stm32-prototype/BLESensorsPnPL/Middlewares/Third_Party/parson/parson.c:1925:13:json_array_replace_string	32	static
C:/Users/kerem/OneDrive/Documents/stm32-prototype/BLESensorsPnPL/Middlewares/Third_Party/parson/parson.c:1937:13:json_array_replace_string_with_len	32	static
C:/Users/kerem/OneDrive/Documents/stm32-prototype/BLESensorsPnPL/Middlewares/Third_Party/parson/parson.c:1949:13:json_array_replace_number	32	static
C:/Users/kerem/OneDrive/Documents/stm32-prototype/BLESensorsPnPL/Middlewares/Third_Party/parson/parson.c:1961:13:json_array_replace_boolean	32	static
C:/Users/kerem/OneDrive/Documents/stm32-prototype/BLESensorsPnPL/Middlewares/Third_Party/parson/parson.c:1973:13:json_array_replace_null	24	static
C:/Users/kerem/OneDrive/Documents/stm32-prototype/BLESensorsPnPL/Middlewares/Third_Party/parson/parson.c:1985:13:json_array_clear	24	static
C:/Users/kerem/OneDrive/Documents/stm32-prototype/BLESensorsPnPL/Middlewares/Third_Party/parson/parson.c:1997:13:json_array_append_value	16	static
C:/Users/kerem/OneDrive/Documents/stm32-prototype/BLESensorsPnPL/Middlewares/Third_Party/parson/parson.c:2004:13:json_array_append_string	24	static
C:/Users/kerem/OneDrive/Documents/stm32-prototype/BLESensorsPnPL/Middlewares/Third_Party/parson/parson.c:2016:13:json_array_append_string_with_len	32	static
C:/Users/kerem/OneDrive/Documents/stm32-prototype/BLESensorsPnPL/Middlewares/Third_Party/parson/parson.c:2028:13:json_array_append_number	32	static
C:/Users/kerem/OneDrive/Documents/stm32-prototype/BLESensorsPnPL/Middlewares/Third_Party/parson/parson.c:2040:13:json_array_append_boolean	24	static
C:/Users/kerem/OneDrive/Documents/stm32-prototype/BLESensorsPnPL/Middlewares/Third_Party/parson/parson.c:2052:13:json_array_append_null	24	static
C:/Users/kerem/OneDrive/Documents/stm32-prototype/BLESensorsPnPL/Middlewares/Third_Party/parson/parson.c:2064:13:json_object_set_value	64	static
C:/Users/kerem/OneDrive/Documents/stm32-prototype/BLESensorsPnPL/Middlewares/Third_Party/parson/parson.c:2107:13:json_object_set_string	32	static
C:/Users/kerem/OneDrive/Documents/stm32-prototype/BLESensorsPnPL/Middlewares/Third_Party/parson/parson.c:2116:13:json_object_set_string_with_len	32	static
C:/Users/kerem/OneDrive/Documents/stm32-prototype/BLESensorsPnPL/Middlewares/Third_Party/parson/parson.c:2125:13:json_object_set_number	32	static
C:/Users/kerem/OneDrive/Documents/stm32-prototype/BLESensorsPnPL/Middlewares/Third_Party/parson/parson.c:2134:13:json_object_set_boolean	32	static
C:/Users/kerem/OneDrive/Documents/stm32-prototype/BLESensorsPnPL/Middlewares/Third_Party/parson/parson.c:2143:13:json_object_set_null	24	static
C:/Users/kerem/OneDrive/Documents/stm32-prototype/BLESensorsPnPL/Middlewares/Third_Party/parson/parson.c:2152:13:json_object_dotset_value	56	static
C:/Users/kerem/OneDrive/Documents/stm32-prototype/BLESensorsPnPL/Middlewares/Third_Party/parson/parson.c:2203:13:json_object_dotset_string	32	static
C:/Users/kerem/OneDrive/Documents/stm32-prototype/BLESensorsPnPL/Middlewares/Third_Party/parson/parson.c:2215:13:json_object_dotset_string_with_len	32	static
C:/Users/kerem/OneDrive/Documents/stm32-prototype/BLESensorsPnPL/Middlewares/Third_Party/parson/parson.c:2227:13:json_object_dotset_number	32	static
C:/Users/kerem/OneDrive/Documents/stm32-prototype/BLESensorsPnPL/Middlewares/Third_Party/parson/parson.c:2239:13:json_object_dotset_boolean	32	static
C:/Users/kerem/OneDrive/Documents/stm32-prototype/BLESensorsPnPL/Middlewares/Third_Party/parson/parson.c:2251:13:json_object_dotset_null	24	static
C:/Users/kerem/OneDrive/Documents/stm32-prototype/BLESensorsPnPL/Middlewares/Third_Party/parson/parson.c:2263:13:json_object_remove	16	static
C:/Users/kerem/OneDrive/Documents/stm32-prototype/BLESensorsPnPL/Middlewares/Third_Party/parson/parson.c:2267:13:json_object_dotremove	16	static
C:/Users/kerem/OneDrive/Documents/stm32-prototype/BLESensorsPnPL/Middlewares/Third_Party/parson/parson.c:2271:13:json_object_clear	24	static
C:/Users/kerem/OneDrive/Documents/stm32-prototype/BLESensorsPnPL/Middlewares/Third_Party/parson/parson.c:2290:13:json_validate	64	static
C:/Users/kerem/OneDrive/Documents/stm32-prototype/BLESensorsPnPL/Middlewares/Third_Party/parson/parson.c:2350:5:json_value_equals	88	static
C:/Users/kerem/OneDrive/Documents/stm32-prototype/BLESensorsPnPL/Middlewares/Third_Party/parson/parson.c:2415:17:json_type	16	static
C:/Users/kerem/OneDrive/Documents/stm32-prototype/BLESensorsPnPL/Middlewares/Third_Party/parson/parson.c:2419:15:json_object	16	static
C:/Users/kerem/OneDrive/Documents/stm32-prototype/BLESensorsPnPL/Middlewares/Third_Party/parson/parson.c:2423:14:json_array	16	static
C:/Users/kerem/OneDrive/Documents/stm32-prototype/BLESensorsPnPL/Middlewares/Third_Party/parson/parson.c:2427:14:json_string	16	static
C:/Users/kerem/OneDrive/Documents/stm32-prototype/BLESensorsPnPL/Middlewares/Third_Party/parson/parson.c:2431:8:json_string_len	16	static
C:/Users/kerem/OneDrive/Documents/stm32-prototype/BLESensorsPnPL/Middlewares/Third_Party/parson/parson.c:2435:8:json_number	16	static
C:/Users/kerem/OneDrive/Documents/stm32-prototype/BLESensorsPnPL/Middlewares/Third_Party/parson/parson.c:2439:5:json_boolean	16	static
C:/Users/kerem/OneDrive/Documents/stm32-prototype/BLESensorsPnPL/Middlewares/Third_Party/parson/parson.c:2443:6:json_set_allocation_functions	16	static
C:/Users/kerem/OneDrive/Documents/stm32-prototype/BLESensorsPnPL/Middlewares/Third_Party/parson/parson.c:2448:6:json_set_escape_slashes	16	static
C:/Users/kerem/OneDrive/Documents/stm32-prototype/BLESensorsPnPL/Middlewares/Third_Party/parson/parson.c:2452:6:json_set_float_serialization_format	16	static
C:/Users/kerem/OneDrive/Documents/stm32-prototype/BLESensorsPnPL/Middlewares/Third_Party/parson/parson.c:2464:6:json_set_number_serialization_function	16	static
C:/Users/kerem/OneDrive/Documents/stm32-prototype/BLESensorsPnPL/Middlewares/Third_Party/parson/parson.c:2470:12:json_serialize_to_buffer_r_float_format	96	static
C:/Users/kerem/OneDrive/Documents/stm32-prototype/BLESensorsPnPL/Middlewares/Third_Party/parson/parson.c:2612:8:json_serialization_size_format	96	static
C:/Users/kerem/OneDrive/Documents/stm32-prototype/BLESensorsPnPL/Middlewares/Third_Party/parson/parson.c:2618:13:json_serialize_to_buffer_format	40	static
