C:/Users/kerem/OneDrive/Documents/stm32-prototype/BLESensorsPnPL/Middlewares/ST/STM32_BLE_Manager/Src/ble_manager.c:408:21:ble_manager_add_config_service	112	static
C:/Users/kerem/OneDrive/Documents/stm32-prototype/BLESensorsPnPL/Middlewares/ST/STM32_BLE_Manager/Src/ble_manager.c:473:21:ble_manager_add_console_service	112	static
C:/Users/kerem/OneDrive/Documents/stm32-prototype/BLESensorsPnPL/Middlewares/ST/STM32_BLE_Manager/Src/ble_manager.c:574:21:update_term_std_out	16	static
C:/Users/kerem/OneDrive/Documents/stm32-prototype/BLESensorsPnPL/Middlewares/ST/STM32_BLE_Manager/Src/ble_manager.c:590:21:update_term_std_err	16	static
C:/Users/kerem/OneDrive/Documents/stm32-prototype/BLESensorsPnPL/Middlewares/ST/STM32_BLE_Manager/Src/ble_manager.c:606:21:std_err_update_after_read	24	static
C:/Users/kerem/OneDrive/Documents/stm32-prototype/BLESensorsPnPL/Middlewares/ST/STM32_BLE_Manager/Src/ble_manager.c:618:21:term_update_after_read	24	static
C:/Users/kerem/OneDrive/Documents/stm32-prototype/BLESensorsPnPL/Middlewares/ST/STM32_BLE_Manager/Src/ble_manager.c:643:13:read_request_term	24	static
C:/Users/kerem/OneDrive/Documents/stm32-prototype/BLESensorsPnPL/Middlewares/ST/STM32_BLE_Manager/Src/ble_manager.c:660:13:read_request_std_err	24	static
C:/Users/kerem/OneDrive/Documents/stm32-prototype/BLESensorsPnPL/Middlewares/ST/STM32_BLE_Manager/Src/ble_manager.c:757:13:attr_mod_request_config	24	static
C:/Users/kerem/OneDrive/Documents/stm32-prototype/BLESensorsPnPL/Middlewares/ST/STM32_BLE_Manager/Src/ble_manager.c:803:13:write_request_config	24	static
C:/Users/kerem/OneDrive/Documents/stm32-prototype/BLESensorsPnPL/Middlewares/ST/STM32_BLE_Manager/Src/ble_manager.c:827:13:attr_mod_request_std_err	24	static
C:/Users/kerem/OneDrive/Documents/stm32-prototype/BLESensorsPnPL/Middlewares/ST/STM32_BLE_Manager/Src/ble_manager.c:855:13:attr_mod_request_term	24	static
C:/Users/kerem/OneDrive/Documents/stm32-prototype/BLESensorsPnPL/Middlewares/ST/STM32_BLE_Manager/Src/ble_manager.c:884:13:attr_mod_request_ext_config	24	static
C:/Users/kerem/OneDrive/Documents/stm32-prototype/BLESensorsPnPL/Middlewares/ST/STM32_BLE_Manager/Src/ble_manager.c:912:13:write_request_ext_config	2384	static
C:/Users/kerem/OneDrive/Documents/stm32-prototype/BLESensorsPnPL/Middlewares/ST/STM32_BLE_Manager/Src/ble_manager.c:1430:29:parse_custom_command	56	static
C:/Users/kerem/OneDrive/Documents/stm32-prototype/BLESensorsPnPL/Middlewares/ST/STM32_BLE_Manager/Src/ble_manager.c:1557:6:generic_clear_custom_commands_list	16	static
C:/Users/kerem/OneDrive/Documents/stm32-prototype/BLESensorsPnPL/Middlewares/ST/STM32_BLE_Manager/Src/ble_manager.c:1576:13:clear_single_command	16	static
C:/Users/kerem/OneDrive/Documents/stm32-prototype/BLESensorsPnPL/Middlewares/ST/STM32_BLE_Manager/Src/ble_manager.c:1605:9:generic_add_custom_command	72	static
C:/Users/kerem/OneDrive/Documents/stm32-prototype/BLESensorsPnPL/Middlewares/ST/STM32_BLE_Manager/Src/ble_manager.c:1777:6:send_new_custom_command_list	32	static
C:/Users/kerem/OneDrive/Documents/stm32-prototype/BLESensorsPnPL/Middlewares/ST/STM32_BLE_Manager/Src/ble_manager.c:1807:13:send_error	32	static
C:/Users/kerem/OneDrive/Documents/stm32-prototype/BLESensorsPnPL/Middlewares/ST/STM32_BLE_Manager/Src/ble_manager.c:1832:6:send_info	32	static
C:/Users/kerem/OneDrive/Documents/stm32-prototype/BLESensorsPnPL/Middlewares/ST/STM32_BLE_Manager/Src/ble_manager.c:1867:13:write_request_term	32	static
C:/Users/kerem/OneDrive/Documents/stm32-prototype/BLESensorsPnPL/Middlewares/ST/STM32_BLE_Manager/Src/ble_manager.c:1891:21:ble_manager_add_features_service	112	static
C:/Users/kerem/OneDrive/Documents/stm32-prototype/BLESensorsPnPL/Middlewares/ST/STM32_BLE_Manager/Src/ble_manager.c:1983:14:safe_aci_gatt_update_char_value	48	static
C:/Users/kerem/OneDrive/Documents/stm32-prototype/BLESensorsPnPL/Middlewares/ST/STM32_BLE_Manager/Src/ble_manager.c:2038:33:ble_ext_config_extract_command_type	40	static
C:/Users/kerem/OneDrive/Documents/stm32-prototype/BLESensorsPnPL/Middlewares/ST/STM32_BLE_Manager/Src/ble_manager.c:2071:29:ask_generic_custom_commands	40	static
C:/Users/kerem/OneDrive/Documents/stm32-prototype/BLESensorsPnPL/Middlewares/ST/STM32_BLE_Manager/Src/ble_manager.c:2119:21:ble_update_ext_conf	24	static
C:/Users/kerem/OneDrive/Documents/stm32-prototype/BLESensorsPnPL/Middlewares/ST/STM32_BLE_Manager/Src/ble_manager.c:2151:14:ble_ext_configuration_update	40	static
C:/Users/kerem/OneDrive/Documents/stm32-prototype/BLESensorsPnPL/Middlewares/ST/STM32_BLE_Manager/Src/ble_manager.c:2206:6:aci_gatt_tx_pool_available_event	16	static
C:/Users/kerem/OneDrive/Documents/stm32-prototype/BLESensorsPnPL/Middlewares/ST/STM32_BLE_Manager/Src/ble_manager.c:2228:14:aci_gatt_update_char_value_wrapper	48	static
C:/Users/kerem/OneDrive/Documents/stm32-prototype/BLESensorsPnPL/Middlewares/ST/STM32_BLE_Manager/Src/ble_manager.c:2272:14:std_err_update	24	static
C:/Users/kerem/OneDrive/Documents/stm32-prototype/BLESensorsPnPL/Middlewares/ST/STM32_BLE_Manager/Src/ble_manager.c:2317:14:ble_std_out_send_buffer	32	static
C:/Users/kerem/OneDrive/Documents/stm32-prototype/BLESensorsPnPL/Middlewares/ST/STM32_BLE_Manager/Src/ble_manager.c:2341:14:term_update	24	static
C:/Users/kerem/OneDrive/Documents/stm32-prototype/BLESensorsPnPL/Middlewares/ST/STM32_BLE_Manager/Src/ble_manager.c:2388:14:config_update	24	static
C:/Users/kerem/OneDrive/Documents/stm32-prototype/BLESensorsPnPL/Middlewares/ST/STM32_BLE_Manager/Src/ble_manager.c:2412:14:config_update_32	40	static
C:/Users/kerem/OneDrive/Documents/stm32-prototype/BLESensorsPnPL/Middlewares/ST/STM32_BLE_Manager/Src/ble_manager.c:2439:6:update_adv_data	16	static
C:/Users/kerem/OneDrive/Documents/stm32-prototype/BLESensorsPnPL/Middlewares/ST/STM32_BLE_Manager/Src/ble_manager.c:2494:6:set_connectable_ble	64	static
C:/Users/kerem/OneDrive/Documents/stm32-prototype/BLESensorsPnPL/Middlewares/ST/STM32_BLE_Manager/Src/ble_manager.c:2578:8:user_stop_advertising	16	static
C:/Users/kerem/OneDrive/Documents/stm32-prototype/BLESensorsPnPL/Middlewares/ST/STM32_BLE_Manager/Src/ble_manager.c:2882:6:set_not_connectable_ble	8	static
C:/Users/kerem/OneDrive/Documents/stm32-prototype/BLESensorsPnPL/Middlewares/ST/STM32_BLE_Manager/Src/ble_manager.c:2935:9:ble_manager_add_char	24	static
C:/Users/kerem/OneDrive/Documents/stm32-prototype/BLESensorsPnPL/Middlewares/ST/STM32_BLE_Manager/Src/ble_manager.c:2957:14:init_ble_manager	16	static
C:/Users/kerem/OneDrive/Documents/stm32-prototype/BLESensorsPnPL/Middlewares/ST/STM32_BLE_Manager/Src/ble_manager.c:3343:13:app_user_evt_rx	40	static
C:/Users/kerem/OneDrive/Documents/stm32-prototype/BLESensorsPnPL/Middlewares/ST/STM32_BLE_Manager/Src/ble_manager.c:3537:21:init_ble_manager_ble_stack	64	static
C:/Users/kerem/OneDrive/Documents/stm32-prototype/BLESensorsPnPL/Middlewares/ST/STM32_BLE_Manager/Src/ble_manager.c:4080:9:get_blue_nrg_version	48	static
C:/Users/kerem/OneDrive/Documents/stm32-prototype/BLESensorsPnPL/Middlewares/ST/STM32_BLE_Manager/Src/ble_manager.c:4108:21:init_ble_manager_services	16	static
C:/Users/kerem/OneDrive/Documents/stm32-prototype/BLESensorsPnPL/Middlewares/ST/STM32_BLE_Manager/Src/ble_manager.c:4243:10:ble_command_tp_parse	48	static
C:/Users/kerem/OneDrive/Documents/stm32-prototype/BLESensorsPnPL/Middlewares/ST/STM32_BLE_Manager/Src/ble_manager.c:4396:10:ble_command_tp_encapsulate	48	static
C:/Users/kerem/OneDrive/Documents/stm32-prototype/BLESensorsPnPL/Middlewares/ST/STM32_BLE_Manager/Src/ble_manager.c:4488:6:hci_le_connection_complete_event	48	static
C:/Users/kerem/OneDrive/Documents/stm32-prototype/BLESensorsPnPL/Middlewares/ST/STM32_BLE_Manager/Src/ble_manager.c:4580:6:hci_disconnection_complete_event	16	static
C:/Users/kerem/OneDrive/Documents/stm32-prototype/BLESensorsPnPL/Middlewares/ST/STM32_BLE_Manager/Src/ble_manager.c:4616:6:aci_gatt_read_permit_req_event	24	static
C:/Users/kerem/OneDrive/Documents/stm32-prototype/BLESensorsPnPL/Middlewares/ST/STM32_BLE_Manager/Src/ble_manager.c:4682:6:aci_gatt_attribute_modified_event	48	static
C:/Users/kerem/OneDrive/Documents/stm32-prototype/BLESensorsPnPL/Middlewares/ST/STM32_BLE_Manager/Src/ble_manager.c:4846:6:aci_att_exchange_mtu_resp_event	16	static
C:/Users/kerem/OneDrive/Documents/stm32-prototype/BLESensorsPnPL/Middlewares/ST/STM32_BLE_Manager/Src/ble_manager.c:4866:6:aci_gap_pass_key_req_event	24	static
C:/Users/kerem/OneDrive/Documents/stm32-prototype/BLESensorsPnPL/Middlewares/ST/STM32_BLE_Manager/Src/ble_manager.c:4903:6:aci_gap_pairing_complete_event	104	static
C:/Users/kerem/OneDrive/Documents/stm32-prototype/BLESensorsPnPL/Middlewares/ST/STM32_BLE_Manager/Src/ble_manager.c:4984:6:aci_l2cap_connection_update_resp_event	16	static
C:/Users/kerem/OneDrive/Documents/stm32-prototype/BLESensorsPnPL/Middlewares/ST/STM32_BLE_Manager/Src/ble_manager.c:4999:6:hci_le_connection_update_complete_event	16	static
C:/Users/kerem/OneDrive/Documents/stm32-prototype/BLESensorsPnPL/Middlewares/ST/STM32_BLE_Manager/Src/ble_manager.c:5022:6:aci_gatt_proc_complete_event	16	static
C:/Users/kerem/OneDrive/Documents/stm32-prototype/BLESensorsPnPL/Middlewares/ST/STM32_BLE_Manager/Src/ble_manager.c:5046:6:hci_le_data_length_change_event	16	static
C:/Users/kerem/OneDrive/Documents/stm32-prototype/BLESensorsPnPL/Middlewares/ST/STM32_BLE_Manager/Src/ble_manager.c:5243:6:aci_gatt_indication_event	32	static
C:/Users/kerem/OneDrive/Documents/stm32-prototype/BLESensorsPnPL/Middlewares/ST/STM32_BLE_Manager/Src/ble_manager.c:5434:6:aci_gatt_proc_timeout_event	16	static
C:/Users/kerem/OneDrive/Documents/stm32-prototype/BLESensorsPnPL/Middlewares/ST/STM32_BLE_Manager/Src/ble_manager.c:5499:6:hci_hardware_error_event	16	static
C:/Users/kerem/OneDrive/Documents/stm32-prototype/BLESensorsPnPL/Middlewares/ST/STM32_BLE_Manager/Src/ble_manager.c:5513:6:aci_gap_bond_lost_event	8	static
C:/Users/kerem/OneDrive/Documents/stm32-prototype/BLESensorsPnPL/Middlewares/ST/STM32_BLE_Manager/Src/ble_manager.c:5526:13:update_white_list	32	static
C:/Users/kerem/OneDrive/Documents/stm32-prototype/BLESensorsPnPL/Middlewares/ST/STM32_BLE_Manager/Src/ble_manager.c:5578:6:aci_gap_numeric_comparison_value_event	16	static
C:/Users/kerem/OneDrive/Documents/stm32-prototype/BLESensorsPnPL/Middlewares/ST/STM32_BLE_Manager/Src/ble_manager.c:5596:6:hci_encryption_change_event	16	static
C:/Users/kerem/OneDrive/Documents/stm32-prototype/BLESensorsPnPL/Middlewares/ST/STM32_BLE_Manager/Src/ble_manager.c:5628:13:connection_completed_function	16	static
C:/Users/kerem/OneDrive/Documents/stm32-prototype/BLESensorsPnPL/Middlewares/ST/STM32_BLE_Manager/Src/ble_manager.c:5655:13:disconnection_completed_function	8	static
C:/Users/kerem/OneDrive/Documents/stm32-prototype/BLESensorsPnPL/Middlewares/ST/STM32_BLE_Manager/Src/ble_manager.c:5671:13:pairing_completed_function	16	static
C:/Users/kerem/OneDrive/Documents/stm32-prototype/BLESensorsPnPL/Middlewares/ST/STM32_BLE_Manager/Src/ble_manager.c:5689:13:set_connectable_function	16	static
C:/Users/kerem/OneDrive/Documents/stm32-prototype/BLESensorsPnPL/Middlewares/ST/STM32_BLE_Manager/Src/ble_manager.c:5702:13:mtu_exchange_resp_event_function	16	static
C:/Users/kerem/OneDrive/Documents/stm32-prototype/BLESensorsPnPL/Middlewares/ST/STM32_BLE_Manager/Src/ble_manager.c:5721:13:aci_gatt_tx_pool_available_event_function	8	static
C:/Users/kerem/OneDrive/Documents/stm32-prototype/BLESensorsPnPL/Middlewares/ST/STM32_BLE_Manager/Src/ble_manager.c:5736:13:hardware_error_event_handler_function	16	static
C:/Users/kerem/OneDrive/Documents/stm32-prototype/BLESensorsPnPL/Middlewares/ST/STM32_BLE_Manager/Src/ble_manager.c:5772:17:debug_console_parsing	112	static
C:/Users/kerem/OneDrive/Documents/stm32-prototype/BLESensorsPnPL/Middlewares/ST/STM32_BLE_Manager/Src/ble_manager.c:5843:13:attr_mod_config_function	16	static
C:/Users/kerem/OneDrive/Documents/stm32-prototype/BLESensorsPnPL/Middlewares/ST/STM32_BLE_Manager/Src/ble_manager.c:5859:13:write_request_config_function	16	static
C:/Users/kerem/OneDrive/Documents/stm32-prototype/BLESensorsPnPL/Middlewares/ST/STM32_BLE_Manager/Src/ble_manager.c:5881:13:ext_ext_config_uid_command_callback	16	static
C:/Users/kerem/OneDrive/Documents/stm32-prototype/BLESensorsPnPL/Middlewares/ST/STM32_BLE_Manager/Src/ble_manager.c:5900:13:ext_config_version_fw_command_callback	32	static
C:/Users/kerem/OneDrive/Documents/stm32-prototype/BLESensorsPnPL/Middlewares/ST/STM32_BLE_Manager/Src/ble_manager.c:5922:13:ext_config_info_command_callback	32	static
C:/Users/kerem/OneDrive/Documents/stm32-prototype/BLESensorsPnPL/Middlewares/ST/STM32_BLE_Manager/Src/ble_manager.c:5953:13:ext_config_help_command_callback	16	static
C:/Users/kerem/OneDrive/Documents/stm32-prototype/BLESensorsPnPL/Middlewares/ST/STM32_BLE_Manager/Src/ble_manager.c:5975:13:ext_config_power_status_command_callback	16	static
C:/Users/kerem/OneDrive/Documents/stm32-prototype/BLESensorsPnPL/Middlewares/ST/STM32_BLE_Manager/Src/ble_manager.c:5996:13:ext_config_change_pin_command_callback	16	static
C:/Users/kerem/OneDrive/Documents/stm32-prototype/BLESensorsPnPL/Middlewares/ST/STM32_BLE_Manager/Src/ble_manager.c:6014:13:ext_config_clear_db_command_callback	8	static
C:/Users/kerem/OneDrive/Documents/stm32-prototype/BLESensorsPnPL/Middlewares/ST/STM32_BLE_Manager/Src/ble_manager.c:6029:13:ext_config_read_cert_command_callback	16	static
C:/Users/kerem/OneDrive/Documents/stm32-prototype/BLESensorsPnPL/Middlewares/ST/STM32_BLE_Manager/Src/ble_manager.c:6047:13:ext_config_set_cert_command_callback	16	static
C:/Users/kerem/OneDrive/Documents/stm32-prototype/BLESensorsPnPL/Middlewares/ST/STM32_BLE_Manager/Src/ble_manager.c:6064:13:ext_config_reboot_on_dfu_mode_command_callback	8	static
C:/Users/kerem/OneDrive/Documents/stm32-prototype/BLESensorsPnPL/Middlewares/ST/STM32_BLE_Manager/Src/ble_manager.c:6079:13:ext_config_power_off_command_callback	8	static
C:/Users/kerem/OneDrive/Documents/stm32-prototype/BLESensorsPnPL/Middlewares/ST/STM32_BLE_Manager/Src/ble_manager.c:6096:13:ext_config_read_banks_fw_id_command_callback	24	static
C:/Users/kerem/OneDrive/Documents/stm32-prototype/BLESensorsPnPL/Middlewares/ST/STM32_BLE_Manager/Src/ble_manager.c:6116:13:ext_config_banks_swap_command_callback	8	static
C:/Users/kerem/OneDrive/Documents/stm32-prototype/BLESensorsPnPL/Middlewares/ST/STM32_BLE_Manager/Src/ble_manager.c:6132:13:ext_config_set_name_command_callback	16	static
C:/Users/kerem/OneDrive/Documents/stm32-prototype/BLESensorsPnPL/Middlewares/ST/STM32_BLE_Manager/Src/ble_manager.c:6151:13:ext_config_read_custom_commands_callback	96	static
C:/Users/kerem/OneDrive/Documents/stm32-prototype/BLESensorsPnPL/Middlewares/ST/STM32_BLE_Manager/Src/ble_manager.c:6408:14:ext_config_custom_command_callback	16	static
C:/Users/kerem/OneDrive/Documents/stm32-prototype/BLESensorsPnPL/Middlewares/ST/STM32_BLE_Manager/Src/ble_manager.c:6477:13:ext_config_set_date_command_callback	16	static
C:/Users/kerem/OneDrive/Documents/stm32-prototype/BLESensorsPnPL/Middlewares/ST/STM32_BLE_Manager/Src/ble_manager.c:6494:13:ext_config_set_time_command_callback	16	static
C:/Users/kerem/OneDrive/Documents/stm32-prototype/BLESensorsPnPL/Middlewares/ST/STM32_BLE_Manager/Src/ble_manager.c:6511:13:ext_config_set_wi_fi_command_callback	24	static
