../Core/Src/main.c:362:24:cycles_now	4	static
../Core/Src/main.c:405:13:LED_AllOff	8	static
../Core/Src/main.c:411:13:LED_ShowTraining	8	static
../Core/Src/main.c:419:13:LED_ShowHealthy	8	static
../Core/Src/main.c:425:13:LED_ShowAnomaly	8	static
../Core/Src/main.c:431:13:LED_ShowSleep	8	static
../Core/Src/main.c:437:13:process_window	160	static
../Core/Src/main.c:501:26:dhcx_read_accel_dma	32	static
../Core/Src/main.c:518:23:iabs32	16	static
../Core/Src/main.c:536:17:calc_mad_total_counts	72	static
../Core/Src/main.c:589:13:debug_print_vibration_window_counts	128	static
../Core/Src/main.c:617:13:dhcx_init_monitor_mode	8	static
../Core/Src/main.c:683:13:enter_monitor_mode	8	static
../Core/Src/main.c:720:13:enter_active_mode	8	static
../Core/Src/main.c:751:13:uart2_printf	272	static
../Core/Src/main.c:791:13:dhcx_set_xl_odr	24	static
../Core/Src/main.c:798:13:dhcx_set_xl_odr_lowpower_104	8	static
../Core/Src/main.c:803:13:dhcx_set_xl_odr_run_1k66	8	static
../Core/Src/main.c:815:16:dhcx_read1	24	static
../Core/Src/main.c:831:13:dhcx_config_wakeup_int1	24	static
../Core/Src/main.c:877:13:enter_stop2	8	static
../Core/Src/main.c:900:13:restore_clocks_after_stop2	8	static
../Core/Src/main.c:924:6:HAL_GPIO_EXTI_Callback	16	static
../Core/Src/main.c:935:6:HAL_GPIO_EXTI_Rising_Callback	16	static
../Core/Src/main.c:940:6:HAL_GPIO_EXTI_Falling_Callback	16	static
../Core/Src/main.c:972:13:dhcx_fifo_enable_watermark	16	static
../Core/Src/main.c:979:13:run_processing	4	static
../Core/Src/main.c:1015:13:wake_debug_poll_10s	24	static
../Core/Src/main.c:1061:13:dhcx_force_int_pushpull_activehigh	16	static
../Core/Src/main.c:1083:13:uart2_print	16	static
../Core/Src/main.c:1128:5:main	304	static
../Core/Src/main.c:1544:6:SystemClock_Config	128	static
../Core/Src/main.c:1602:6:PeriphCommonClock_Config	208	static
../Core/Src/main.c:1641:13:SystemPower_Config	8	static
../Core/Src/main.c:1658:13:MX_ADC1_Init	8	static
../Core/Src/main.c:1702:13:MX_ADF1_Init	8	static
../Core/Src/main.c:1765:13:MX_MDF1_Init	8	static
../Core/Src/main.c:1819:13:MX_DAC1_Init	64	static
../Core/Src/main.c:1874:13:MX_GPDMA1_Init	16	static
../Core/Src/main.c:1912:13:MX_I2C1_Init	8	static
../Core/Src/main.c:1960:13:MX_I2C2_Init	8	static
../Core/Src/main.c:2008:13:MX_I2C3_Init	8	static
../Core/Src/main.c:2056:13:MX_ICACHE_Init	8	static
../Core/Src/main.c:2088:13:MX_RTC_Init	40	static
../Core/Src/main.c:2136:13:MX_SAI1_Init	8	static
../Core/Src/main.c:2220:13:MX_SDMMC1_SD_Init	8	static
../Core/Src/main.c:2251:13:MX_SPI1_Init	24	static
../Core/Src/main.c:2308:13:MX_SPI2_Init	24	static
../Core/Src/main.c:2365:13:MX_SPI3_Init	24	static
../Core/Src/main.c:2422:13:MX_TAMP_RTC_Init	72	static
../Core/Src/main.c:2471:13:MX_TIM3_Init	40	static
../Core/Src/main.c:2519:13:MX_USART2_UART_Init	8	static
../Core/Src/main.c:2567:13:MX_USART3_UART_Init	8	static
../Core/Src/main.c:2615:13:MX_USB_OTG_FS_PCD_Init	8	static
../Core/Src/main.c:2651:13:MX_GPIO_Init	64	static
../Core/Src/main.c:2860:20:cs_low	8	static
../Core/Src/main.c:2861:20:cs_high	8	static
../Core/Src/main.c:2865:6:HAL_SPI_TxRxCpltCallback	16	static
../Core/Src/main.c:2871:6:HAL_SPI_ErrorCallback	16	static
../Core/Src/main.c:2880:26:dhcx_write	24	static
../Core/Src/main.c:2889:26:dhcx_read_dma	24	static
../Core/Src/main.c:2934:13:dhcx_init	8	static
../Core/Src/main.c:2940:16:dhcx_both_ready	16	static
../Core/Src/main.c:2946:16:dhcx_xl_ready	16	static
../Core/Src/main.c:2953:26:dhcx_read_gyro_accel_dma	32	static
../Core/Src/main.c:2976:6:Error_Handler	4	static,ignoring_inline_asm
