../Core/Src/main.c:362:24:cycles_now	1
../Core/Src/main.c:405:13:LED_AllOff	1
../Core/Src/main.c:411:13:LED_ShowTraining	1
../Core/Src/main.c:419:13:LED_ShowHealthy	1
../Core/Src/main.c:425:13:LED_ShowAnomaly	1
../Core/Src/main.c:431:13:LED_ShowSleep	1
../Core/Src/main.c:437:13:process_window	7
../Core/Src/main.c:501:26:dhcx_read_accel_dma	2
../Core/Src/main.c:518:23:iabs32	1
../Core/Src/main.c:536:17:calc_mad_total_counts	5
../Core/Src/main.c:589:13:debug_print_vibration_window_counts	1
../Core/Src/main.c:617:13:dhcx_init_monitor_mode	1
../Core/Src/main.c:683:13:enter_monitor_mode	1
../Core/Src/main.c:720:13:enter_active_mode	1
../Core/Src/main.c:751:13:uart2_printf	3
../Core/Src/main.c:791:13:dhcx_set_xl_odr	1
../Core/Src/main.c:798:13:dhcx_set_xl_odr_lowpower_104	1
../Core/Src/main.c:803:13:dhcx_set_xl_odr_run_1k66	1
../Core/Src/main.c:815:16:dhcx_read1	1
../Core/Src/main.c:831:13:dhcx_config_wakeup_int1	2
../Core/Src/main.c:877:13:enter_stop2	1
../Core/Src/main.c:900:13:restore_clocks_after_stop2	1
../Core/Src/main.c:924:6:HAL_GPIO_EXTI_Callback	2
../Core/Src/main.c:935:6:HAL_GPIO_EXTI_Rising_Callback	1
../Core/Src/main.c:940:6:HAL_GPIO_EXTI_Falling_Callback	1
../Core/Src/main.c:972:13:dhcx_fifo_enable_watermark	1
../Core/Src/main.c:979:13:run_processing	1
../Core/Src/main.c:1015:13:wake_debug_poll_10s	4
../Core/Src/main.c:1061:13:dhcx_force_int_pushpull_activehigh	1
../Core/Src/main.c:1083:13:uart2_print	1
../Core/Src/main.c:1128:5:main	18
../Core/Src/main.c:1544:6:SystemClock_Config	4
../Core/Src/main.c:1602:6:PeriphCommonClock_Config	2
../Core/Src/main.c:1641:13:SystemPower_Config	1
../Core/Src/main.c:1658:13:MX_ADC1_Init	2
../Core/Src/main.c:1702:13:MX_ADF1_Init	2
../Core/Src/main.c:1765:13:MX_MDF1_Init	2
../Core/Src/main.c:1819:13:MX_DAC1_Init	4
../Core/Src/main.c:1874:13:MX_GPDMA1_Init	1
../Core/Src/main.c:1912:13:MX_I2C1_Init	4
../Core/Src/main.c:1960:13:MX_I2C2_Init	4
../Core/Src/main.c:2008:13:MX_I2C3_Init	4
../Core/Src/main.c:2056:13:MX_ICACHE_Init	3
../Core/Src/main.c:2088:13:MX_RTC_Init	3
../Core/Src/main.c:2136:13:MX_SAI1_Init	3
../Core/Src/main.c:2220:13:MX_SDMMC1_SD_Init	2
../Core/Src/main.c:2251:13:MX_SPI1_Init	3
../Core/Src/main.c:2308:13:MX_SPI2_Init	3
../Core/Src/main.c:2365:13:MX_SPI3_Init	3
../Core/Src/main.c:2422:13:MX_TAMP_RTC_Init	3
../Core/Src/main.c:2471:13:MX_TIM3_Init	4
../Core/Src/main.c:2519:13:MX_USART2_UART_Init	5
../Core/Src/main.c:2567:13:MX_USART3_UART_Init	5
../Core/Src/main.c:2615:13:MX_USB_OTG_FS_PCD_Init	2
../Core/Src/main.c:2651:13:MX_GPIO_Init	1
../Core/Src/main.c:2860:20:cs_low	1
../Core/Src/main.c:2861:20:cs_high	1
../Core/Src/main.c:2865:6:HAL_SPI_TxRxCpltCallback	2
../Core/Src/main.c:2871:6:HAL_SPI_ErrorCallback	2
../Core/Src/main.c:2880:26:dhcx_write	1
../Core/Src/main.c:2889:26:dhcx_read_dma	4
../Core/Src/main.c:2934:13:dhcx_init	1
../Core/Src/main.c:2940:16:dhcx_both_ready	2
../Core/Src/main.c:2946:16:dhcx_xl_ready	2
../Core/Src/main.c:2953:26:dhcx_read_gyro_accel_dma	2
../Core/Src/main.c:2976:6:Error_Handler	1
