../Core/Src/main.c:372:24:cycles_now	4	static
../Core/Src/main.c:421:13:LED_AllOff	8	static
../Core/Src/main.c:427:13:LED_ShowTraining	8	static
../Core/Src/main.c:435:13:LED_ShowHealthy	8	static
../Core/Src/main.c:441:13:LED_ShowAnomaly	8	static
../Core/Src/main.c:447:13:LED_ShowSleep	8	static
../Core/Src/main.c:453:13:process_window	160	static
../Core/Src/main.c:514:26:dhcx_read_accel_dma	32	static
../Core/Src/main.c:531:23:iabs32	16	static
../Core/Src/main.c:549:17:calc_mad_total_counts	72	static
../Core/Src/main.c:602:17:calc_mad_total_counts_from_arrays	72	static
../Core/Src/main.c:632:13:debug_print_vibration_window_counts	128	static
../Core/Src/main.c:660:13:dhcx_init_monitor_mode	8	static
../Core/Src/main.c:726:13:enter_monitor_mode	8	static
../Core/Src/main.c:763:13:enter_active_mode	8	static
../Core/Src/main.c:794:13:uart2_printf	272	static
../Core/Src/main.c:834:13:dhcx_set_xl_odr	24	static
../Core/Src/main.c:841:13:dhcx_set_xl_odr_lowpower_104	8	static
../Core/Src/main.c:846:13:dhcx_set_xl_odr_run_1k66	8	static
../Core/Src/main.c:858:16:dhcx_read1	24	static
../Core/Src/main.c:874:13:dhcx_config_wakeup_int1	24	static
../Core/Src/main.c:920:13:enter_stop2	8	static
../Core/Src/main.c:943:13:restore_clocks_after_stop2	8	static
../Core/Src/main.c:967:6:HAL_GPIO_EXTI_Callback	16	static
../Core/Src/main.c:978:6:HAL_GPIO_EXTI_Rising_Callback	16	static
../Core/Src/main.c:983:6:HAL_GPIO_EXTI_Falling_Callback	16	static
../Core/Src/main.c:1015:13:dhcx_fifo_enable_watermark	16	static
../Core/Src/main.c:1022:13:run_processing	4	static
../Core/Src/main.c:1058:13:wake_debug_poll_10s	24	static
../Core/Src/main.c:1104:13:dhcx_force_int_pushpull_activehigh	16	static
../Core/Src/main.c:1126:13:uart2_print	16	static
../Core/Src/main.c:1171:5:main	296	static
../Core/Src/main.c:1612:6:SystemClock_Config	128	static
../Core/Src/main.c:1670:6:PeriphCommonClock_Config	208	static
../Core/Src/main.c:1709:13:SystemPower_Config	8	static
../Core/Src/main.c:1726:13:MX_ADC1_Init	8	static
../Core/Src/main.c:1770:13:MX_ADF1_Init	8	static
../Core/Src/main.c:1833:13:MX_MDF1_Init	8	static
../Core/Src/main.c:1887:13:MX_DAC1_Init	64	static
../Core/Src/main.c:1942:13:MX_GPDMA1_Init	16	static
../Core/Src/main.c:1980:13:MX_I2C1_Init	8	static
../Core/Src/main.c:2028:13:MX_I2C2_Init	8	static
../Core/Src/main.c:2076:13:MX_I2C3_Init	8	static
../Core/Src/main.c:2124:13:MX_ICACHE_Init	8	static
../Core/Src/main.c:2156:13:MX_RTC_Init	40	static
../Core/Src/main.c:2204:13:MX_SAI1_Init	8	static
../Core/Src/main.c:2288:13:MX_SDMMC1_SD_Init	8	static
../Core/Src/main.c:2319:13:MX_SPI1_Init	24	static
../Core/Src/main.c:2376:13:MX_SPI2_Init	24	static
../Core/Src/main.c:2433:13:MX_SPI3_Init	24	static
../Core/Src/main.c:2490:13:MX_TAMP_RTC_Init	72	static
../Core/Src/main.c:2539:13:MX_TIM3_Init	40	static
../Core/Src/main.c:2587:13:MX_USART2_UART_Init	8	static
../Core/Src/main.c:2635:13:MX_USART3_UART_Init	8	static
../Core/Src/main.c:2683:13:MX_USB_OTG_FS_PCD_Init	8	static
../Core/Src/main.c:2719:13:MX_GPIO_Init	64	static
../Core/Src/main.c:2928:20:cs_low	8	static
../Core/Src/main.c:2929:20:cs_high	8	static
../Core/Src/main.c:2933:6:HAL_SPI_TxRxCpltCallback	16	static
../Core/Src/main.c:2939:6:HAL_SPI_ErrorCallback	16	static
../Core/Src/main.c:2948:26:dhcx_write	24	static
../Core/Src/main.c:2957:26:dhcx_read_dma	24	static
../Core/Src/main.c:3002:13:dhcx_init	8	static
../Core/Src/main.c:3008:16:dhcx_both_ready	16	static
../Core/Src/main.c:3014:16:dhcx_xl_ready	16	static
../Core/Src/main.c:3021:38:dhcx_read_gyro_accel_dma	32	static
../Core/Src/main.c:3044:6:Error_Handler	4	static,ignoring_inline_asm
