C:/Users/kerem/OneDrive/Documents/magic-time/BLESensorsPnPL/Drivers/BSP/STWIN.box/STWIN.box_nfctag.c:42:9:BSP_NFCTAG_Init	48	static
C:/Users/kerem/OneDrive/Documents/magic-time/BLESensorsPnPL/Drivers/BSP/STWIN.box/STWIN.box_nfctag.c:80:17:NFC_GetTick	8	static
C:/Users/kerem/OneDrive/Documents/magic-time/BLESensorsPnPL/Drivers/BSP/STWIN.box/STWIN.box_nfctag.c:91:6:BSP_NFCTAG_DeInit	16	static
C:/Users/kerem/OneDrive/Documents/magic-time/BLESensorsPnPL/Drivers/BSP/STWIN.box/STWIN.box_nfctag.c:107:9:BSP_NFCTAG_isInitialized	24	static
C:/Users/kerem/OneDrive/Documents/magic-time/BLESensorsPnPL/Drivers/BSP/STWIN.box/STWIN.box_nfctag.c:123:13:BSP_NFCTAG_GPIO_Callback	4	static
C:/Users/kerem/OneDrive/Documents/magic-time/BLESensorsPnPL/Drivers/BSP/STWIN.box/STWIN.box_nfctag.c:133:9:BSP_NFCTAG_GPIO_Init	40	static
C:/Users/kerem/OneDrive/Documents/magic-time/BLESensorsPnPL/Drivers/BSP/STWIN.box/STWIN.box_nfctag.c:168:13:NFCTAG_GPIO_EXTI_Callback	8	static
C:/Users/kerem/OneDrive/Documents/magic-time/BLESensorsPnPL/Drivers/BSP/STWIN.box/STWIN.box_nfctag.c:178:9:BSP_NFCTAG_ReadID	16	static
C:/Users/kerem/OneDrive/Documents/magic-time/BLESensorsPnPL/Drivers/BSP/STWIN.box/STWIN.box_nfctag.c:194:9:BSP_NFCTAG_IsDeviceReady	16	static
C:/Users/kerem/OneDrive/Documents/magic-time/BLESensorsPnPL/Drivers/BSP/STWIN.box/STWIN.box_nfctag.c:212:9:BSP_NFCTAG_ConfigIT	16	static
C:/Users/kerem/OneDrive/Documents/magic-time/BLESensorsPnPL/Drivers/BSP/STWIN.box/STWIN.box_nfctag.c:229:9:BSP_NFCTAG_GetITStatus	16	static
C:/Users/kerem/OneDrive/Documents/magic-time/BLESensorsPnPL/Drivers/BSP/STWIN.box/STWIN.box_nfctag.c:247:9:BSP_NFCTAG_ReadData	32	static
C:/Users/kerem/OneDrive/Documents/magic-time/BLESensorsPnPL/Drivers/BSP/STWIN.box/STWIN.box_nfctag.c:265:9:BSP_NFCTAG_WriteData	32	static
C:/Users/kerem/OneDrive/Documents/magic-time/BLESensorsPnPL/Drivers/BSP/STWIN.box/STWIN.box_nfctag.c:283:9:BSP_NFCTAG_ReadRegister	24	static
C:/Users/kerem/OneDrive/Documents/magic-time/BLESensorsPnPL/Drivers/BSP/STWIN.box/STWIN.box_nfctag.c:297:9:BSP_NFCTAG_WriteRegister	32	static
C:/Users/kerem/OneDrive/Documents/magic-time/BLESensorsPnPL/Drivers/BSP/STWIN.box/STWIN.box_nfctag.c:316:10:BSP_NFCTAG_GetByteSize	24	static
C:/Users/kerem/OneDrive/Documents/magic-time/BLESensorsPnPL/Drivers/BSP/STWIN.box/STWIN.box_nfctag.c:330:9:BSP_NFCTAG_ReadICRev	16	static
C:/Users/kerem/OneDrive/Documents/magic-time/BLESensorsPnPL/Drivers/BSP/STWIN.box/STWIN.box_nfctag.c:342:9:BSP_NFCTAG_ReadITPulse	16	static
C:/Users/kerem/OneDrive/Documents/magic-time/BLESensorsPnPL/Drivers/BSP/STWIN.box/STWIN.box_nfctag.c:354:9:BSP_NFCTAG_WriteITPulse	16	static
C:/Users/kerem/OneDrive/Documents/magic-time/BLESensorsPnPL/Drivers/BSP/STWIN.box/STWIN.box_nfctag.c:365:9:BSP_NFCTAG_ReadUID	16	static
C:/Users/kerem/OneDrive/Documents/magic-time/BLESensorsPnPL/Drivers/BSP/STWIN.box/STWIN.box_nfctag.c:376:9:BSP_NFCTAG_ReadDSFID	16	static
C:/Users/kerem/OneDrive/Documents/magic-time/BLESensorsPnPL/Drivers/BSP/STWIN.box/STWIN.box_nfctag.c:387:9:BSP_NFCTAG_ReadDsfidRFProtection	16	static
C:/Users/kerem/OneDrive/Documents/magic-time/BLESensorsPnPL/Drivers/BSP/STWIN.box/STWIN.box_nfctag.c:398:9:BSP_NFCTAG_ReadAFI	16	static
C:/Users/kerem/OneDrive/Documents/magic-time/BLESensorsPnPL/Drivers/BSP/STWIN.box/STWIN.box_nfctag.c:409:9:BSP_NFCTAG_ReadAfiRFProtection	16	static
C:/Users/kerem/OneDrive/Documents/magic-time/BLESensorsPnPL/Drivers/BSP/STWIN.box/STWIN.box_nfctag.c:420:9:BSP_NFCTAG_ReadI2CProtectZone	16	static
C:/Users/kerem/OneDrive/Documents/magic-time/BLESensorsPnPL/Drivers/BSP/STWIN.box/STWIN.box_nfctag.c:433:9:BSP_NFCTAG_WriteI2CProtectZonex	16	static
C:/Users/kerem/OneDrive/Documents/magic-time/BLESensorsPnPL/Drivers/BSP/STWIN.box/STWIN.box_nfctag.c:444:9:BSP_NFCTAG_ReadLockCCFile	16	static
C:/Users/kerem/OneDrive/Documents/magic-time/BLESensorsPnPL/Drivers/BSP/STWIN.box/STWIN.box_nfctag.c:457:9:BSP_NFCTAG_WriteLockCCFile	16	static
C:/Users/kerem/OneDrive/Documents/magic-time/BLESensorsPnPL/Drivers/BSP/STWIN.box/STWIN.box_nfctag.c:468:9:BSP_NFCTAG_ReadLockCFG	16	static
C:/Users/kerem/OneDrive/Documents/magic-time/BLESensorsPnPL/Drivers/BSP/STWIN.box/STWIN.box_nfctag.c:480:9:BSP_NFCTAG_WriteLockCFG	16	static
C:/Users/kerem/OneDrive/Documents/magic-time/BLESensorsPnPL/Drivers/BSP/STWIN.box/STWIN.box_nfctag.c:491:9:BSP_NFCTAG_PresentI2CPassword	24	static
C:/Users/kerem/OneDrive/Documents/magic-time/BLESensorsPnPL/Drivers/BSP/STWIN.box/STWIN.box_nfctag.c:503:9:BSP_NFCTAG_WriteI2CPassword	24	static
C:/Users/kerem/OneDrive/Documents/magic-time/BLESensorsPnPL/Drivers/BSP/STWIN.box/STWIN.box_nfctag.c:515:9:BSP_NFCTAG_ReadRFZxSS	24	static
C:/Users/kerem/OneDrive/Documents/magic-time/BLESensorsPnPL/Drivers/BSP/STWIN.box/STWIN.box_nfctag.c:528:9:BSP_NFCTAG_WriteRFZxSS	24	static
C:/Users/kerem/OneDrive/Documents/magic-time/BLESensorsPnPL/Drivers/BSP/STWIN.box/STWIN.box_nfctag.c:540:9:BSP_NFCTAG_ReadEndZonex	24	static
C:/Users/kerem/OneDrive/Documents/magic-time/BLESensorsPnPL/Drivers/BSP/STWIN.box/STWIN.box_nfctag.c:555:9:BSP_NFCTAG_WriteEndZonex	16	static
C:/Users/kerem/OneDrive/Documents/magic-time/BLESensorsPnPL/Drivers/BSP/STWIN.box/STWIN.box_nfctag.c:568:9:BSP_NFCTAG_InitEndZone	16	static
C:/Users/kerem/OneDrive/Documents/magic-time/BLESensorsPnPL/Drivers/BSP/STWIN.box/STWIN.box_nfctag.c:583:9:BSP_NFCTAG_CreateUserZone	32	static
C:/Users/kerem/OneDrive/Documents/magic-time/BLESensorsPnPL/Drivers/BSP/STWIN.box/STWIN.box_nfctag.c:594:9:BSP_NFCTAG_ReadMemSize	16	static
C:/Users/kerem/OneDrive/Documents/magic-time/BLESensorsPnPL/Drivers/BSP/STWIN.box/STWIN.box_nfctag.c:605:9:BSP_NFCTAG_ReadEHMode	16	static
C:/Users/kerem/OneDrive/Documents/magic-time/BLESensorsPnPL/Drivers/BSP/STWIN.box/STWIN.box_nfctag.c:617:9:BSP_NFCTAG_WriteEHMode	16	static
C:/Users/kerem/OneDrive/Documents/magic-time/BLESensorsPnPL/Drivers/BSP/STWIN.box/STWIN.box_nfctag.c:628:9:BSP_NFCTAG_ReadRFMngt	16	static
C:/Users/kerem/OneDrive/Documents/magic-time/BLESensorsPnPL/Drivers/BSP/STWIN.box/STWIN.box_nfctag.c:640:9:BSP_NFCTAG_WriteRFMngt	16	static
C:/Users/kerem/OneDrive/Documents/magic-time/BLESensorsPnPL/Drivers/BSP/STWIN.box/STWIN.box_nfctag.c:651:9:BSP_NFCTAG_GetRFDisable	16	static
C:/Users/kerem/OneDrive/Documents/magic-time/BLESensorsPnPL/Drivers/BSP/STWIN.box/STWIN.box_nfctag.c:662:9:BSP_NFCTAG_SetRFDisable	16	static
C:/Users/kerem/OneDrive/Documents/magic-time/BLESensorsPnPL/Drivers/BSP/STWIN.box/STWIN.box_nfctag.c:673:9:BSP_NFCTAG_ResetRFDisable	16	static
C:/Users/kerem/OneDrive/Documents/magic-time/BLESensorsPnPL/Drivers/BSP/STWIN.box/STWIN.box_nfctag.c:684:9:BSP_NFCTAG_GetRFSleep	16	static
C:/Users/kerem/OneDrive/Documents/magic-time/BLESensorsPnPL/Drivers/BSP/STWIN.box/STWIN.box_nfctag.c:695:9:BSP_NFCTAG_SetRFSleep	16	static
C:/Users/kerem/OneDrive/Documents/magic-time/BLESensorsPnPL/Drivers/BSP/STWIN.box/STWIN.box_nfctag.c:706:9:BSP_NFCTAG_ResetRFSleep	16	static
C:/Users/kerem/OneDrive/Documents/magic-time/BLESensorsPnPL/Drivers/BSP/STWIN.box/STWIN.box_nfctag.c:717:9:BSP_NFCTAG_ReadMBMode	16	static
C:/Users/kerem/OneDrive/Documents/magic-time/BLESensorsPnPL/Drivers/BSP/STWIN.box/STWIN.box_nfctag.c:729:9:BSP_NFCTAG_WriteMBMode	16	static
C:/Users/kerem/OneDrive/Documents/magic-time/BLESensorsPnPL/Drivers/BSP/STWIN.box/STWIN.box_nfctag.c:740:9:BSP_NFCTAG_ReadMBWDG	16	static
C:/Users/kerem/OneDrive/Documents/magic-time/BLESensorsPnPL/Drivers/BSP/STWIN.box/STWIN.box_nfctag.c:752:9:BSP_NFCTAG_WriteMBWDG	16	static
C:/Users/kerem/OneDrive/Documents/magic-time/BLESensorsPnPL/Drivers/BSP/STWIN.box/STWIN.box_nfctag.c:765:9:BSP_NFCTAG_ReadMailboxData	24	static
C:/Users/kerem/OneDrive/Documents/magic-time/BLESensorsPnPL/Drivers/BSP/STWIN.box/STWIN.box_nfctag.c:777:9:BSP_NFCTAG_WriteMailboxData	24	static
C:/Users/kerem/OneDrive/Documents/magic-time/BLESensorsPnPL/Drivers/BSP/STWIN.box/STWIN.box_nfctag.c:790:9:BSP_NFCTAG_ReadMailboxRegister	24	static
C:/Users/kerem/OneDrive/Documents/magic-time/BLESensorsPnPL/Drivers/BSP/STWIN.box/STWIN.box_nfctag.c:803:9:BSP_NFCTAG_WriteMailboxRegister	24	static
C:/Users/kerem/OneDrive/Documents/magic-time/BLESensorsPnPL/Drivers/BSP/STWIN.box/STWIN.box_nfctag.c:814:9:BSP_NFCTAG_ReadI2CSecuritySession_Dyn	16	static
C:/Users/kerem/OneDrive/Documents/magic-time/BLESensorsPnPL/Drivers/BSP/STWIN.box/STWIN.box_nfctag.c:834:9:BSP_NFCTAG_ReadITSTStatus_Dyn	16	static
C:/Users/kerem/OneDrive/Documents/magic-time/BLESensorsPnPL/Drivers/BSP/STWIN.box/STWIN.box_nfctag.c:845:9:BSP_NFCTAG_ReadGPO_Dyn	16	static
C:/Users/kerem/OneDrive/Documents/magic-time/BLESensorsPnPL/Drivers/BSP/STWIN.box/STWIN.box_nfctag.c:856:9:BSP_NFCTAG_GetGPO_en_Dyn	16	static
C:/Users/kerem/OneDrive/Documents/magic-time/BLESensorsPnPL/Drivers/BSP/STWIN.box/STWIN.box_nfctag.c:867:9:BSP_NFCTAG_SetGPO_en_Dyn	16	static
C:/Users/kerem/OneDrive/Documents/magic-time/BLESensorsPnPL/Drivers/BSP/STWIN.box/STWIN.box_nfctag.c:878:9:BSP_NFCTAG_ResetGPO_en_Dyn	16	static
C:/Users/kerem/OneDrive/Documents/magic-time/BLESensorsPnPL/Drivers/BSP/STWIN.box/STWIN.box_nfctag.c:889:9:BSP_NFCTAG_ReadEHCtrl_Dyn	16	static
C:/Users/kerem/OneDrive/Documents/magic-time/BLESensorsPnPL/Drivers/BSP/STWIN.box/STWIN.box_nfctag.c:900:9:BSP_NFCTAG_GetEHENMode_Dyn	16	static
C:/Users/kerem/OneDrive/Documents/magic-time/BLESensorsPnPL/Drivers/BSP/STWIN.box/STWIN.box_nfctag.c:910:9:BSP_NFCTAG_SetEHENMode_Dyn	16	static
C:/Users/kerem/OneDrive/Documents/magic-time/BLESensorsPnPL/Drivers/BSP/STWIN.box/STWIN.box_nfctag.c:920:9:BSP_NFCTAG_ResetEHENMode_Dyn	16	static
C:/Users/kerem/OneDrive/Documents/magic-time/BLESensorsPnPL/Drivers/BSP/STWIN.box/STWIN.box_nfctag.c:931:9:BSP_NFCTAG_GetEHON_Dyn	16	static
C:/Users/kerem/OneDrive/Documents/magic-time/BLESensorsPnPL/Drivers/BSP/STWIN.box/STWIN.box_nfctag.c:942:9:BSP_NFCTAG_GetRFField_Dyn	16	static
C:/Users/kerem/OneDrive/Documents/magic-time/BLESensorsPnPL/Drivers/BSP/STWIN.box/STWIN.box_nfctag.c:953:9:BSP_NFCTAG_GetVCC_Dyn	16	static
C:/Users/kerem/OneDrive/Documents/magic-time/BLESensorsPnPL/Drivers/BSP/STWIN.box/STWIN.box_nfctag.c:964:9:BSP_NFCTAG_ReadRFMngt_Dyn	16	static
C:/Users/kerem/OneDrive/Documents/magic-time/BLESensorsPnPL/Drivers/BSP/STWIN.box/STWIN.box_nfctag.c:975:9:BSP_NFCTAG_WriteRFMngt_Dyn	16	static
C:/Users/kerem/OneDrive/Documents/magic-time/BLESensorsPnPL/Drivers/BSP/STWIN.box/STWIN.box_nfctag.c:986:9:BSP_NFCTAG_GetRFDisable_Dyn	16	static
C:/Users/kerem/OneDrive/Documents/magic-time/BLESensorsPnPL/Drivers/BSP/STWIN.box/STWIN.box_nfctag.c:996:9:BSP_NFCTAG_SetRFDisable_Dyn	16	static
C:/Users/kerem/OneDrive/Documents/magic-time/BLESensorsPnPL/Drivers/BSP/STWIN.box/STWIN.box_nfctag.c:1006:9:BSP_NFCTAG_ResetRFDisable_Dyn	16	static
C:/Users/kerem/OneDrive/Documents/magic-time/BLESensorsPnPL/Drivers/BSP/STWIN.box/STWIN.box_nfctag.c:1017:9:BSP_NFCTAG_GetRFSleep_Dyn	16	static
C:/Users/kerem/OneDrive/Documents/magic-time/BLESensorsPnPL/Drivers/BSP/STWIN.box/STWIN.box_nfctag.c:1027:9:BSP_NFCTAG_SetRFSleep_Dyn	16	static
C:/Users/kerem/OneDrive/Documents/magic-time/BLESensorsPnPL/Drivers/BSP/STWIN.box/STWIN.box_nfctag.c:1037:9:BSP_NFCTAG_ResetRFSleep_Dyn	16	static
C:/Users/kerem/OneDrive/Documents/magic-time/BLESensorsPnPL/Drivers/BSP/STWIN.box/STWIN.box_nfctag.c:1048:9:BSP_NFCTAG_ReadMBCtrl_Dyn	16	static
C:/Users/kerem/OneDrive/Documents/magic-time/BLESensorsPnPL/Drivers/BSP/STWIN.box/STWIN.box_nfctag.c:1058:9:BSP_NFCTAG_GetMBEN_Dyn	16	static
C:/Users/kerem/OneDrive/Documents/magic-time/BLESensorsPnPL/Drivers/BSP/STWIN.box/STWIN.box_nfctag.c:1068:9:BSP_NFCTAG_SetMBEN_Dyn	16	static
C:/Users/kerem/OneDrive/Documents/magic-time/BLESensorsPnPL/Drivers/BSP/STWIN.box/STWIN.box_nfctag.c:1078:9:BSP_NFCTAG_ResetMBEN_Dyn	16	static
C:/Users/kerem/OneDrive/Documents/magic-time/BLESensorsPnPL/Drivers/BSP/STWIN.box/STWIN.box_nfctag.c:1089:9:BSP_NFCTAG_ReadMBLength_Dyn	16	static
C:/Users/kerem/OneDrive/Documents/magic-time/BLESensorsPnPL/Drivers/BSP/STWIN.box/STWIN.box_nfctag.c:1102:9:BSP_NFCTAG_ChangeITPulse	40	static
C:/Users/kerem/OneDrive/Documents/magic-time/BLESensorsPnPL/Drivers/BSP/STWIN.box/STWIN.box_nfctag.c:1133:9:BSP_NFCTAG_WriteConfigIT	40	static
C:/Users/kerem/OneDrive/Documents/magic-time/BLESensorsPnPL/Drivers/BSP/STWIN.box/STWIN.box_nfctag.c:1163:9:BSP_NFCTAG_ChangeMBMode	40	static
C:/Users/kerem/OneDrive/Documents/magic-time/BLESensorsPnPL/Drivers/BSP/STWIN.box/STWIN.box_nfctag.c:1189:9:BSP_NFCTAG_ChangeI2CPassword	32	static
C:/Users/kerem/OneDrive/Documents/magic-time/BLESensorsPnPL/Drivers/BSP/STWIN.box/STWIN.box_nfctag.c:1224:9:BSP_NFCTAG_ChangeMBWDG	40	static
