C:/Users/kerem/OneDrive/Documents/bro-to_type/BLEDefaultFw/Src/app_bledefaultfw.c:110:6:MX_BLEDefaultFw_Init	16	static
C:/Users/kerem/OneDrive/Documents/bro-to_type/BLEDefaultFw/Src/app_bledefaultfw.c:159:6:MX_BLEDefaultFw_Process	104	static,ignoring_inline_asm
C:/Users/kerem/OneDrive/Documents/bro-to_type/BLEDefaultFw/Src/app_bledefaultfw.c:305:6:STBOX1_Error_Handler	32	static
C:/Users/kerem/OneDrive/Documents/bro-to_type/BLEDefaultFw/Src/app_bledefaultfw.c:332:13:BSP_Enable_LDO	32	static
C:/Users/kerem/OneDrive/Documents/bro-to_type/BLEDefaultFw/Src/app_bledefaultfw.c:354:6:BSP_Disable_LDO	8	static
C:/Users/kerem/OneDrive/Documents/bro-to_type/BLEDefaultFw/Src/app_bledefaultfw.c:364:13:User_Init	64	static
C:/Users/kerem/OneDrive/Documents/bro-to_type/BLEDefaultFw/Src/app_bledefaultfw.c:419:13:PrintInfo	40	static
C:/Users/kerem/OneDrive/Documents/bro-to_type/BLEDefaultFw/Src/app_bledefaultfw.c:449:13:InitTimers	40	static
C:/Users/kerem/OneDrive/Documents/bro-to_type/BLEDefaultFw/Src/app_bledefaultfw.c:511:13:InitMemsSensors	8	static
C:/Users/kerem/OneDrive/Documents/bro-to_type/BLEDefaultFw/Src/app_bledefaultfw.c:635:13:BLE_Pairing_ST25DV	936	static
C:/Users/kerem/OneDrive/Documents/bro-to_type/BLEDefaultFw/Src/app_bledefaultfw.c:660:13:ClearSecureDB	16	static
C:/Users/kerem/OneDrive/Documents/bro-to_type/BLEDefaultFw/Src/app_bledefaultfw.c:689:13:SendBatteryInfoData	56	static
C:/Users/kerem/OneDrive/Documents/bro-to_type/BLEDefaultFw/Src/app_bledefaultfw.c:725:13:set_int_pins	8	static
C:/Users/kerem/OneDrive/Documents/bro-to_type/BLEDefaultFw/Src/app_bledefaultfw.c:737:13:callback_power_button	4	static
C:/Users/kerem/OneDrive/Documents/bro-to_type/BLEDefaultFw/Src/app_bledefaultfw.c:748:13:NDEF_Init	8	static
C:/Users/kerem/OneDrive/Documents/bro-to_type/BLEDefaultFw/Src/app_bledefaultfw.c:780:6:BSP_PB_Callback	16	static
C:/Users/kerem/OneDrive/Documents/bro-to_type/BLEDefaultFw/Src/app_bledefaultfw.c:794:6:HAL_TIM_OC_DelayElapsedCallback	24	static
C:/Users/kerem/OneDrive/Documents/bro-to_type/BLEDefaultFw/Src/app_bledefaultfw.c:832:19:MX_SPI2_Init	32	static
