C:/Users/kerem/OneDrive/Documents/bro-to_type/BLEDefaultFw/Src/ble_implementation.c:47:6:bluetooth_init	8	static
C:/Users/kerem/OneDrive/Documents/bro-to_type/BLEDefaultFw/Src/ble_implementation.c:111:13:set_board_name	16	static
C:/Users/kerem/OneDrive/Documents/bro-to_type/BLEDefaultFw/Src/ble_implementation.c:124:13:enable_extended_configuration_command	4	static
C:/Users/kerem/OneDrive/Documents/bro-to_type/BLEDefaultFw/Src/ble_implementation.c:158:6:ble_init_custom_service	8	static
C:/Users/kerem/OneDrive/Documents/bro-to_type/BLEDefaultFw/Src/ble_implementation.c:181:13:ble_set_custom_advertise_data	16	static
C:/Users/kerem/OneDrive/Documents/bro-to_type/BLEDefaultFw/Src/ble_implementation.c:205:13:reset_ble_manager	8	static
