C:/Users/kerem/OneDrive/Documents/bro-to_type/BLEDefaultFw/Src/ble_function.c:56:6:set_board_name	8	static
C:/Users/kerem/OneDrive/Documents/bro-to_type/BLEDefaultFw/Src/ble_function.c:66:6:ble_set_custom_advertise_data	16	static
C:/Users/kerem/OneDrive/Documents/bro-to_type/BLEDefaultFw/Src/ble_function.c:81:10:debug_console_parsing	24	static
C:/Users/kerem/OneDrive/Documents/bro-to_type/BLEDefaultFw/Src/ble_function.c:118:10:DebugConsoleCommandParsing	120	static
C:/Users/kerem/OneDrive/Documents/bro-to_type/BLEDefaultFw/Src/ble_function.c:272:6:disconnection_completed_function	8	static
C:/Users/kerem/OneDrive/Documents/bro-to_type/BLEDefaultFw/Src/ble_function.c:335:6:connection_completed_function	16	static
C:/Users/kerem/OneDrive/Documents/bro-to_type/BLEDefaultFw/Src/ble_function.c:367:6:pairing_completed_function	16	static
C:/Users/kerem/OneDrive/Documents/bro-to_type/BLEDefaultFw/Src/ble_function.c:396:6:notify_event_battery	24	static
C:/Users/kerem/OneDrive/Documents/bro-to_type/BLEDefaultFw/Src/ble_function.c:435:6:notify_event_env	24	static
C:/Users/kerem/OneDrive/Documents/bro-to_type/BLEDefaultFw/Src/ble_function.c:471:6:notify_event_inertial	24	static
C:/Users/kerem/OneDrive/Documents/bro-to_type/BLEDefaultFw/Src/ble_function.c:511:6:read_request_env_function	32	static
C:/Users/kerem/OneDrive/Documents/bro-to_type/BLEDefaultFw/Src/ble_function.c:526:6:EnableDisableDualBoot	64	static
C:/Users/kerem/OneDrive/Documents/bro-to_type/BLEDefaultFw/Src/ble_function.c:587:6:ext_ext_config_uid_command_callback	16	static
C:/Users/kerem/OneDrive/Documents/bro-to_type/BLEDefaultFw/Src/ble_function.c:597:6:ext_config_version_fw_command_callback	32	static
C:/Users/kerem/OneDrive/Documents/bro-to_type/BLEDefaultFw/Src/ble_function.c:612:6:ext_config_info_command_callback	72	static
C:/Users/kerem/OneDrive/Documents/bro-to_type/BLEDefaultFw/Src/ble_function.c:642:6:ext_config_help_command_callback	16	static
C:/Users/kerem/OneDrive/Documents/bro-to_type/BLEDefaultFw/Src/ble_function.c:652:6:ext_config_set_name_command_callback	16	static
C:/Users/kerem/OneDrive/Documents/bro-to_type/BLEDefaultFw/Src/ble_function.c:669:6:ext_config_read_banks_fw_id_command_callback	24	static
C:/Users/kerem/OneDrive/Documents/bro-to_type/BLEDefaultFw/Src/ble_function.c:680:6:ext_config_banks_swap_command_callback	16	static
C:/Users/kerem/OneDrive/Documents/bro-to_type/BLEDefaultFw/Src/ble_function.c:706:6:ext_config_clear_db_command_callback	4	static
