C:/Users/kerem/OneDrive/Documents/bro-to_type/BLEDefaultFw/Src/steval_stwinbx1_bus.c:113:9:BSP_SPI2_Init	16	static
C:/Users/kerem/OneDrive/Documents/bro-to_type/BLEDefaultFw/Src/steval_stwinbx1_bus.c:154:9:BSP_SPI2_DeInit	16	static
C:/Users/kerem/OneDrive/Documents/bro-to_type/BLEDefaultFw/Src/steval_stwinbx1_bus.c:180:9:BSP_SPI2_Send	24	static
C:/Users/kerem/OneDrive/Documents/bro-to_type/BLEDefaultFw/Src/steval_stwinbx1_bus.c:197:10:BSP_SPI2_Recv	24	static
C:/Users/kerem/OneDrive/Documents/bro-to_type/BLEDefaultFw/Src/steval_stwinbx1_bus.c:214:9:BSP_SPI2_SendRecv	40	static
C:/Users/kerem/OneDrive/Documents/bro-to_type/BLEDefaultFw/Src/steval_stwinbx1_bus.c:233:9:BSP_I2C2_Init	16	static
C:/Users/kerem/OneDrive/Documents/bro-to_type/BLEDefaultFw/Src/steval_stwinbx1_bus.c:281:9:BSP_I2C2_DeInit	16	static
C:/Users/kerem/OneDrive/Documents/bro-to_type/BLEDefaultFw/Src/steval_stwinbx1_bus.c:309:9:BSP_I2C2_IsReady	24	static
C:/Users/kerem/OneDrive/Documents/bro-to_type/BLEDefaultFw/Src/steval_stwinbx1_bus.c:330:9:BSP_I2C2_WriteReg	48	static
C:/Users/kerem/OneDrive/Documents/bro-to_type/BLEDefaultFw/Src/steval_stwinbx1_bus.c:356:10:BSP_I2C2_ReadReg	48	static
C:/Users/kerem/OneDrive/Documents/bro-to_type/BLEDefaultFw/Src/steval_stwinbx1_bus.c:384:9:BSP_I2C2_WriteReg16	48	static
C:/Users/kerem/OneDrive/Documents/bro-to_type/BLEDefaultFw/Src/steval_stwinbx1_bus.c:409:10:BSP_I2C2_ReadReg16	48	static
C:/Users/kerem/OneDrive/Documents/bro-to_type/BLEDefaultFw/Src/steval_stwinbx1_bus.c:434:9:BSP_I2C2_Send	32	static
C:/Users/kerem/OneDrive/Documents/bro-to_type/BLEDefaultFw/Src/steval_stwinbx1_bus.c:459:9:BSP_I2C2_Recv	32	static
C:/Users/kerem/OneDrive/Documents/bro-to_type/BLEDefaultFw/Src/steval_stwinbx1_bus.c:483:9:BSP_SPI3_Init	16	static
C:/Users/kerem/OneDrive/Documents/bro-to_type/BLEDefaultFw/Src/steval_stwinbx1_bus.c:524:9:BSP_SPI3_DeInit	16	static
C:/Users/kerem/OneDrive/Documents/bro-to_type/BLEDefaultFw/Src/steval_stwinbx1_bus.c:550:9:BSP_SPI3_Send	24	static
C:/Users/kerem/OneDrive/Documents/bro-to_type/BLEDefaultFw/Src/steval_stwinbx1_bus.c:567:10:BSP_SPI3_Recv	24	static
C:/Users/kerem/OneDrive/Documents/bro-to_type/BLEDefaultFw/Src/steval_stwinbx1_bus.c:584:9:BSP_SPI3_SendRecv	40	static
C:/Users/kerem/OneDrive/Documents/bro-to_type/BLEDefaultFw/Src/steval_stwinbx1_bus.c:759:9:BSP_GetTick	8	static
C:/Users/kerem/OneDrive/Documents/bro-to_type/BLEDefaultFw/Src/steval_stwinbx1_bus.c:765:26:MX_SPI2_Init	32	static
C:/Users/kerem/OneDrive/Documents/bro-to_type/BLEDefaultFw/Src/steval_stwinbx1_bus.c:808:13:SPI2_MspInit	256	static
C:/Users/kerem/OneDrive/Documents/bro-to_type/BLEDefaultFw/Src/steval_stwinbx1_bus.c:858:13:SPI2_MspDeInit	16	static
C:/Users/kerem/OneDrive/Documents/bro-to_type/BLEDefaultFw/Src/steval_stwinbx1_bus.c:884:26:MX_SPI3_Init	32	static
C:/Users/kerem/OneDrive/Documents/bro-to_type/BLEDefaultFw/Src/steval_stwinbx1_bus.c:927:13:SPI3_MspInit	256	static
C:/Users/kerem/OneDrive/Documents/bro-to_type/BLEDefaultFw/Src/steval_stwinbx1_bus.c:986:13:SPI3_MspDeInit	16	static
C:/Users/kerem/OneDrive/Documents/bro-to_type/BLEDefaultFw/Src/steval_stwinbx1_bus.c:1015:26:MX_I2C2_Init	24	static
C:/Users/kerem/OneDrive/Documents/bro-to_type/BLEDefaultFw/Src/steval_stwinbx1_bus.c:1046:13:I2C2_MspInit	256	static
C:/Users/kerem/OneDrive/Documents/bro-to_type/BLEDefaultFw/Src/steval_stwinbx1_bus.c:1093:13:I2C2_MspDeInit	16	static
