C:/Users/kerem/OneDrive/Documents/bro-to_type/BLEDefaultFw/Middlewares/ST/STM32_BLE_Manager/Src/ble_manager.c:369:21:ble_manager_add_config_service	112	static
C:/Users/kerem/OneDrive/Documents/bro-to_type/BLEDefaultFw/Middlewares/ST/STM32_BLE_Manager/Src/ble_manager.c:434:21:ble_manager_add_console_service	112	static
C:/Users/kerem/OneDrive/Documents/bro-to_type/BLEDefaultFw/Middlewares/ST/STM32_BLE_Manager/Src/ble_manager.c:535:21:update_term_std_out	16	static
C:/Users/kerem/OneDrive/Documents/bro-to_type/BLEDefaultFw/Middlewares/ST/STM32_BLE_Manager/Src/ble_manager.c:551:21:update_term_std_err	16	static
C:/Users/kerem/OneDrive/Documents/bro-to_type/BLEDefaultFw/Middlewares/ST/STM32_BLE_Manager/Src/ble_manager.c:567:21:std_err_update_after_read	24	static
C:/Users/kerem/OneDrive/Documents/bro-to_type/BLEDefaultFw/Middlewares/ST/STM32_BLE_Manager/Src/ble_manager.c:579:21:term_update_after_read	24	static
C:/Users/kerem/OneDrive/Documents/bro-to_type/BLEDefaultFw/Middlewares/ST/STM32_BLE_Manager/Src/ble_manager.c:604:13:read_request_term	24	static
C:/Users/kerem/OneDrive/Documents/bro-to_type/BLEDefaultFw/Middlewares/ST/STM32_BLE_Manager/Src/ble_manager.c:621:13:read_request_std_err	24	static
C:/Users/kerem/OneDrive/Documents/bro-to_type/BLEDefaultFw/Middlewares/ST/STM32_BLE_Manager/Src/ble_manager.c:718:13:attr_mod_request_config	24	static
C:/Users/kerem/OneDrive/Documents/bro-to_type/BLEDefaultFw/Middlewares/ST/STM32_BLE_Manager/Src/ble_manager.c:764:13:write_request_config	24	static
C:/Users/kerem/OneDrive/Documents/bro-to_type/BLEDefaultFw/Middlewares/ST/STM32_BLE_Manager/Src/ble_manager.c:788:13:attr_mod_request_std_err	24	static
C:/Users/kerem/OneDrive/Documents/bro-to_type/BLEDefaultFw/Middlewares/ST/STM32_BLE_Manager/Src/ble_manager.c:816:13:attr_mod_request_term	24	static
C:/Users/kerem/OneDrive/Documents/bro-to_type/BLEDefaultFw/Middlewares/ST/STM32_BLE_Manager/Src/ble_manager.c:845:13:attr_mod_request_ext_config	24	static
C:/Users/kerem/OneDrive/Documents/bro-to_type/BLEDefaultFw/Middlewares/ST/STM32_BLE_Manager/Src/ble_manager.c:873:13:write_request_ext_config	2384	static
C:/Users/kerem/OneDrive/Documents/bro-to_type/BLEDefaultFw/Middlewares/ST/STM32_BLE_Manager/Src/ble_manager.c:1391:29:parse_custom_command	56	static
C:/Users/kerem/OneDrive/Documents/bro-to_type/BLEDefaultFw/Middlewares/ST/STM32_BLE_Manager/Src/ble_manager.c:1518:6:generic_clear_custom_commands_list	16	static
C:/Users/kerem/OneDrive/Documents/bro-to_type/BLEDefaultFw/Middlewares/ST/STM32_BLE_Manager/Src/ble_manager.c:1537:13:clear_single_command	16	static
C:/Users/kerem/OneDrive/Documents/bro-to_type/BLEDefaultFw/Middlewares/ST/STM32_BLE_Manager/Src/ble_manager.c:1566:9:generic_add_custom_command	72	static
C:/Users/kerem/OneDrive/Documents/bro-to_type/BLEDefaultFw/Middlewares/ST/STM32_BLE_Manager/Src/ble_manager.c:1738:6:send_new_custom_command_list	32	static
C:/Users/kerem/OneDrive/Documents/bro-to_type/BLEDefaultFw/Middlewares/ST/STM32_BLE_Manager/Src/ble_manager.c:1768:13:send_error	32	static
C:/Users/kerem/OneDrive/Documents/bro-to_type/BLEDefaultFw/Middlewares/ST/STM32_BLE_Manager/Src/ble_manager.c:1793:6:send_info	32	static
C:/Users/kerem/OneDrive/Documents/bro-to_type/BLEDefaultFw/Middlewares/ST/STM32_BLE_Manager/Src/ble_manager.c:1828:13:write_request_term	32	static
C:/Users/kerem/OneDrive/Documents/bro-to_type/BLEDefaultFw/Middlewares/ST/STM32_BLE_Manager/Src/ble_manager.c:1852:21:ble_manager_add_features_service	112	static
C:/Users/kerem/OneDrive/Documents/bro-to_type/BLEDefaultFw/Middlewares/ST/STM32_BLE_Manager/Src/ble_manager.c:1944:14:safe_aci_gatt_update_char_value	48	static
C:/Users/kerem/OneDrive/Documents/bro-to_type/BLEDefaultFw/Middlewares/ST/STM32_BLE_Manager/Src/ble_manager.c:1999:33:ble_ext_config_extract_command_type	40	static
C:/Users/kerem/OneDrive/Documents/bro-to_type/BLEDefaultFw/Middlewares/ST/STM32_BLE_Manager/Src/ble_manager.c:2032:29:ask_generic_custom_commands	40	static
C:/Users/kerem/OneDrive/Documents/bro-to_type/BLEDefaultFw/Middlewares/ST/STM32_BLE_Manager/Src/ble_manager.c:2080:21:ble_update_ext_conf	24	static
C:/Users/kerem/OneDrive/Documents/bro-to_type/BLEDefaultFw/Middlewares/ST/STM32_BLE_Manager/Src/ble_manager.c:2112:14:ble_ext_configuration_update	40	static
C:/Users/kerem/OneDrive/Documents/bro-to_type/BLEDefaultFw/Middlewares/ST/STM32_BLE_Manager/Src/ble_manager.c:2167:6:aci_gatt_tx_pool_available_event	16	static
C:/Users/kerem/OneDrive/Documents/bro-to_type/BLEDefaultFw/Middlewares/ST/STM32_BLE_Manager/Src/ble_manager.c:2189:14:aci_gatt_update_char_value_wrapper	48	static
C:/Users/kerem/OneDrive/Documents/bro-to_type/BLEDefaultFw/Middlewares/ST/STM32_BLE_Manager/Src/ble_manager.c:2233:14:std_err_update	24	static
C:/Users/kerem/OneDrive/Documents/bro-to_type/BLEDefaultFw/Middlewares/ST/STM32_BLE_Manager/Src/ble_manager.c:2278:14:ble_std_out_send_buffer	32	static
C:/Users/kerem/OneDrive/Documents/bro-to_type/BLEDefaultFw/Middlewares/ST/STM32_BLE_Manager/Src/ble_manager.c:2302:14:term_update	24	static
C:/Users/kerem/OneDrive/Documents/bro-to_type/BLEDefaultFw/Middlewares/ST/STM32_BLE_Manager/Src/ble_manager.c:2349:14:config_update	24	static
C:/Users/kerem/OneDrive/Documents/bro-to_type/BLEDefaultFw/Middlewares/ST/STM32_BLE_Manager/Src/ble_manager.c:2373:14:config_update_32	40	static
C:/Users/kerem/OneDrive/Documents/bro-to_type/BLEDefaultFw/Middlewares/ST/STM32_BLE_Manager/Src/ble_manager.c:2400:6:update_adv_data	16	static
C:/Users/kerem/OneDrive/Documents/bro-to_type/BLEDefaultFw/Middlewares/ST/STM32_BLE_Manager/Src/ble_manager.c:2455:6:set_connectable_ble	64	static
C:/Users/kerem/OneDrive/Documents/bro-to_type/BLEDefaultFw/Middlewares/ST/STM32_BLE_Manager/Src/ble_manager.c:2795:6:set_not_connectable_ble	8	static
C:/Users/kerem/OneDrive/Documents/bro-to_type/BLEDefaultFw/Middlewares/ST/STM32_BLE_Manager/Src/ble_manager.c:2848:9:ble_manager_add_char	24	static
C:/Users/kerem/OneDrive/Documents/bro-to_type/BLEDefaultFw/Middlewares/ST/STM32_BLE_Manager/Src/ble_manager.c:2870:14:init_ble_manager	16	static
C:/Users/kerem/OneDrive/Documents/bro-to_type/BLEDefaultFw/Middlewares/ST/STM32_BLE_Manager/Src/ble_manager.c:3256:13:app_user_evt_rx	40	static
C:/Users/kerem/OneDrive/Documents/bro-to_type/BLEDefaultFw/Middlewares/ST/STM32_BLE_Manager/Src/ble_manager.c:3450:21:init_ble_manager_ble_stack	64	static
C:/Users/kerem/OneDrive/Documents/bro-to_type/BLEDefaultFw/Middlewares/ST/STM32_BLE_Manager/Src/ble_manager.c:3993:9:get_blue_nrg_version	48	static
C:/Users/kerem/OneDrive/Documents/bro-to_type/BLEDefaultFw/Middlewares/ST/STM32_BLE_Manager/Src/ble_manager.c:4021:21:init_ble_manager_services	16	static
C:/Users/kerem/OneDrive/Documents/bro-to_type/BLEDefaultFw/Middlewares/ST/STM32_BLE_Manager/Src/ble_manager.c:4156:10:ble_command_tp_parse	48	static
C:/Users/kerem/OneDrive/Documents/bro-to_type/BLEDefaultFw/Middlewares/ST/STM32_BLE_Manager/Src/ble_manager.c:4309:10:ble_command_tp_encapsulate	48	static
C:/Users/kerem/OneDrive/Documents/bro-to_type/BLEDefaultFw/Middlewares/ST/STM32_BLE_Manager/Src/ble_manager.c:4401:6:hci_le_connection_complete_event	48	static
C:/Users/kerem/OneDrive/Documents/bro-to_type/BLEDefaultFw/Middlewares/ST/STM32_BLE_Manager/Src/ble_manager.c:4481:6:hci_disconnection_complete_event	16	static
C:/Users/kerem/OneDrive/Documents/bro-to_type/BLEDefaultFw/Middlewares/ST/STM32_BLE_Manager/Src/ble_manager.c:4512:6:aci_gatt_read_permit_req_event	24	static
C:/Users/kerem/OneDrive/Documents/bro-to_type/BLEDefaultFw/Middlewares/ST/STM32_BLE_Manager/Src/ble_manager.c:4578:6:aci_gatt_attribute_modified_event	48	static
C:/Users/kerem/OneDrive/Documents/bro-to_type/BLEDefaultFw/Middlewares/ST/STM32_BLE_Manager/Src/ble_manager.c:4726:6:aci_att_exchange_mtu_resp_event	16	static
C:/Users/kerem/OneDrive/Documents/bro-to_type/BLEDefaultFw/Middlewares/ST/STM32_BLE_Manager/Src/ble_manager.c:4746:6:aci_gap_pass_key_req_event	24	static
C:/Users/kerem/OneDrive/Documents/bro-to_type/BLEDefaultFw/Middlewares/ST/STM32_BLE_Manager/Src/ble_manager.c:4783:6:aci_gap_pairing_complete_event	104	static
C:/Users/kerem/OneDrive/Documents/bro-to_type/BLEDefaultFw/Middlewares/ST/STM32_BLE_Manager/Src/ble_manager.c:4864:6:aci_l2cap_connection_update_resp_event	16	static
C:/Users/kerem/OneDrive/Documents/bro-to_type/BLEDefaultFw/Middlewares/ST/STM32_BLE_Manager/Src/ble_manager.c:4879:6:hci_le_connection_update_complete_event	16	static
C:/Users/kerem/OneDrive/Documents/bro-to_type/BLEDefaultFw/Middlewares/ST/STM32_BLE_Manager/Src/ble_manager.c:4902:6:aci_gatt_proc_complete_event	16	static
C:/Users/kerem/OneDrive/Documents/bro-to_type/BLEDefaultFw/Middlewares/ST/STM32_BLE_Manager/Src/ble_manager.c:4926:6:hci_le_data_length_change_event	16	static
C:/Users/kerem/OneDrive/Documents/bro-to_type/BLEDefaultFw/Middlewares/ST/STM32_BLE_Manager/Src/ble_manager.c:5123:6:aci_gatt_indication_event	32	static
C:/Users/kerem/OneDrive/Documents/bro-to_type/BLEDefaultFw/Middlewares/ST/STM32_BLE_Manager/Src/ble_manager.c:5302:6:aci_gatt_proc_timeout_event	16	static
C:/Users/kerem/OneDrive/Documents/bro-to_type/BLEDefaultFw/Middlewares/ST/STM32_BLE_Manager/Src/ble_manager.c:5367:6:hci_hardware_error_event	16	static
C:/Users/kerem/OneDrive/Documents/bro-to_type/BLEDefaultFw/Middlewares/ST/STM32_BLE_Manager/Src/ble_manager.c:5381:6:aci_gap_bond_lost_event	8	static
C:/Users/kerem/OneDrive/Documents/bro-to_type/BLEDefaultFw/Middlewares/ST/STM32_BLE_Manager/Src/ble_manager.c:5394:13:update_white_list	32	static
C:/Users/kerem/OneDrive/Documents/bro-to_type/BLEDefaultFw/Middlewares/ST/STM32_BLE_Manager/Src/ble_manager.c:5446:6:aci_gap_numeric_comparison_value_event	16	static
C:/Users/kerem/OneDrive/Documents/bro-to_type/BLEDefaultFw/Middlewares/ST/STM32_BLE_Manager/Src/ble_manager.c:5464:6:hci_encryption_change_event	16	static
C:/Users/kerem/OneDrive/Documents/bro-to_type/BLEDefaultFw/Middlewares/ST/STM32_BLE_Manager/Src/ble_manager.c:5496:13:connection_completed_function	16	static
C:/Users/kerem/OneDrive/Documents/bro-to_type/BLEDefaultFw/Middlewares/ST/STM32_BLE_Manager/Src/ble_manager.c:5523:13:disconnection_completed_function	8	static
C:/Users/kerem/OneDrive/Documents/bro-to_type/BLEDefaultFw/Middlewares/ST/STM32_BLE_Manager/Src/ble_manager.c:5539:13:pairing_completed_function	16	static
C:/Users/kerem/OneDrive/Documents/bro-to_type/BLEDefaultFw/Middlewares/ST/STM32_BLE_Manager/Src/ble_manager.c:5557:13:set_connectable_function	16	static
C:/Users/kerem/OneDrive/Documents/bro-to_type/BLEDefaultFw/Middlewares/ST/STM32_BLE_Manager/Src/ble_manager.c:5570:13:mtu_exchange_resp_event_function	16	static
C:/Users/kerem/OneDrive/Documents/bro-to_type/BLEDefaultFw/Middlewares/ST/STM32_BLE_Manager/Src/ble_manager.c:5589:13:aci_gatt_tx_pool_available_event_function	8	static
C:/Users/kerem/OneDrive/Documents/bro-to_type/BLEDefaultFw/Middlewares/ST/STM32_BLE_Manager/Src/ble_manager.c:5604:13:hardware_error_event_handler_function	16	static
C:/Users/kerem/OneDrive/Documents/bro-to_type/BLEDefaultFw/Middlewares/ST/STM32_BLE_Manager/Src/ble_manager.c:5640:17:debug_console_parsing	112	static
C:/Users/kerem/OneDrive/Documents/bro-to_type/BLEDefaultFw/Middlewares/ST/STM32_BLE_Manager/Src/ble_manager.c:5711:13:attr_mod_config_function	16	static
C:/Users/kerem/OneDrive/Documents/bro-to_type/BLEDefaultFw/Middlewares/ST/STM32_BLE_Manager/Src/ble_manager.c:5727:13:write_request_config_function	16	static
C:/Users/kerem/OneDrive/Documents/bro-to_type/BLEDefaultFw/Middlewares/ST/STM32_BLE_Manager/Src/ble_manager.c:5749:13:ext_ext_config_uid_command_callback	16	static
C:/Users/kerem/OneDrive/Documents/bro-to_type/BLEDefaultFw/Middlewares/ST/STM32_BLE_Manager/Src/ble_manager.c:5768:13:ext_config_version_fw_command_callback	32	static
C:/Users/kerem/OneDrive/Documents/bro-to_type/BLEDefaultFw/Middlewares/ST/STM32_BLE_Manager/Src/ble_manager.c:5790:13:ext_config_info_command_callback	32	static
C:/Users/kerem/OneDrive/Documents/bro-to_type/BLEDefaultFw/Middlewares/ST/STM32_BLE_Manager/Src/ble_manager.c:5821:13:ext_config_help_command_callback	16	static
C:/Users/kerem/OneDrive/Documents/bro-to_type/BLEDefaultFw/Middlewares/ST/STM32_BLE_Manager/Src/ble_manager.c:5843:13:ext_config_power_status_command_callback	16	static
C:/Users/kerem/OneDrive/Documents/bro-to_type/BLEDefaultFw/Middlewares/ST/STM32_BLE_Manager/Src/ble_manager.c:5864:13:ext_config_change_pin_command_callback	16	static
C:/Users/kerem/OneDrive/Documents/bro-to_type/BLEDefaultFw/Middlewares/ST/STM32_BLE_Manager/Src/ble_manager.c:5882:13:ext_config_clear_db_command_callback	8	static
C:/Users/kerem/OneDrive/Documents/bro-to_type/BLEDefaultFw/Middlewares/ST/STM32_BLE_Manager/Src/ble_manager.c:5897:13:ext_config_read_cert_command_callback	16	static
C:/Users/kerem/OneDrive/Documents/bro-to_type/BLEDefaultFw/Middlewares/ST/STM32_BLE_Manager/Src/ble_manager.c:5915:13:ext_config_set_cert_command_callback	16	static
C:/Users/kerem/OneDrive/Documents/bro-to_type/BLEDefaultFw/Middlewares/ST/STM32_BLE_Manager/Src/ble_manager.c:5932:13:ext_config_reboot_on_dfu_mode_command_callback	8	static
C:/Users/kerem/OneDrive/Documents/bro-to_type/BLEDefaultFw/Middlewares/ST/STM32_BLE_Manager/Src/ble_manager.c:5947:13:ext_config_power_off_command_callback	8	static
C:/Users/kerem/OneDrive/Documents/bro-to_type/BLEDefaultFw/Middlewares/ST/STM32_BLE_Manager/Src/ble_manager.c:5964:13:ext_config_read_banks_fw_id_command_callback	24	static
C:/Users/kerem/OneDrive/Documents/bro-to_type/BLEDefaultFw/Middlewares/ST/STM32_BLE_Manager/Src/ble_manager.c:5984:13:ext_config_banks_swap_command_callback	8	static
C:/Users/kerem/OneDrive/Documents/bro-to_type/BLEDefaultFw/Middlewares/ST/STM32_BLE_Manager/Src/ble_manager.c:6000:13:ext_config_set_name_command_callback	16	static
C:/Users/kerem/OneDrive/Documents/bro-to_type/BLEDefaultFw/Middlewares/ST/STM32_BLE_Manager/Src/ble_manager.c:6019:13:ext_config_read_custom_commands_callback	96	static
C:/Users/kerem/OneDrive/Documents/bro-to_type/BLEDefaultFw/Middlewares/ST/STM32_BLE_Manager/Src/ble_manager.c:6276:14:ext_config_custom_command_callback	16	static
C:/Users/kerem/OneDrive/Documents/bro-to_type/BLEDefaultFw/Middlewares/ST/STM32_BLE_Manager/Src/ble_manager.c:6345:13:ext_config_set_date_command_callback	16	static
C:/Users/kerem/OneDrive/Documents/bro-to_type/BLEDefaultFw/Middlewares/ST/STM32_BLE_Manager/Src/ble_manager.c:6362:13:ext_config_set_time_command_callback	16	static
C:/Users/kerem/OneDrive/Documents/bro-to_type/BLEDefaultFw/Middlewares/ST/STM32_BLE_Manager/Src/ble_manager.c:6379:13:ext_config_set_wi_fi_command_callback	24	static
