23:08:36 **** Incremental Build of configuration Debug for project DMA_DHCX ****
make -j8 all 
arm-none-eabi-gcc "../Core/Src/main.c" -mcpu=cortex-m33 -std=gnu11 -g3 -DDEBUG -DUSE_HAL_DRIVER -DSTM32U585xx -c -I../Core/Inc -I"C:/Users/kerem/STM32CubeIDE/workspace_1.19.0/WorkSpaceSteval/Steval_Anomaly/Demo_Final - Copy/libneai_anomaly-17-december-1537_1" -I../Drivers/STM32U5xx_HAL_Driver/Inc -I../Drivers/STM32U5xx_HAL_Driver/Inc/Legacy -I../Drivers/CMSIS/Device/ST/STM32U5xx/Include -I../Drivers/CMSIS/Include -O0 -ffunction-sections -fdata-sections -Wall -fstack-usage -fcyclomatic-complexity -MMD -MP -MF"Core/Src/main.d" -MT"Core/Src/main.o" --specs=nano.specs -mfpu=fpv5-sp-d16 -mfloat-abi=hard -mthumb -o "Core/Src/main.o"
../Core/Src/main.c:1524:13: warning: 'MX_USB_OTG_FS_PCD_Init' defined but not used [-Wunused-function]
 1524 | static void MX_USB_OTG_FS_PCD_Init(void)
      |             ^~~~~~~~~~~~~~~~~~~~~~
../Core/Src/main.c:1476:13: warning: 'MX_USART3_UART_Init' defined but not used [-Wunused-function]
 1476 | static void MX_USART3_UART_Init(void)
      |             ^~~~~~~~~~~~~~~~~~~
../Core/Src/main.c:1380:13: warning: 'MX_TIM3_Init' defined but not used [-Wunused-function]
 1380 | static void MX_TIM3_Init(void)
      |             ^~~~~~~~~~~~
../Core/Src/main.c:1331:13: warning: 'MX_TAMP_RTC_Init' defined but not used [-Wunused-function]
 1331 | static void MX_TAMP_RTC_Init(void)
      |             ^~~~~~~~~~~~~~~~
../Core/Src/main.c:1274:13: warning: 'MX_SPI3_Init' defined but not used [-Wunused-function]
 1274 | static void MX_SPI3_Init(void)
      |             ^~~~~~~~~~~~
../Core/Src/main.c:1160:13: warning: 'MX_SPI1_Init' defined but not used [-Wunused-function]
 1160 | static void MX_SPI1_Init(void)
      |             ^~~~~~~~~~~~
../Core/Src/main.c:1129:13: warning: 'MX_SDMMC1_SD_Init' defined but not used [-Wunused-function]
 1129 | static void MX_SDMMC1_SD_Init(void)
      |             ^~~~~~~~~~~~~~~~~
../Core/Src/main.c:1045:13: warning: 'MX_SAI1_Init' defined but not used [-Wunused-function]
 1045 | static void MX_SAI1_Init(void)
      |             ^~~~~~~~~~~~
../Core/Src/main.c:997:13: warning: 'MX_RTC_Init' defined but not used [-Wunused-function]
  997 | static void MX_RTC_Init(void)
      |             ^~~~~~~~~~~
../Core/Src/main.c:965:13: warning: 'MX_ICACHE_Init' defined but not used [-Wunused-function]
  965 | static void MX_ICACHE_Init(void)
      |             ^~~~~~~~~~~~~~
../Core/Src/main.c:917:13: warning: 'MX_I2C3_Init' defined but not used [-Wunused-function]
  917 | static void MX_I2C3_Init(void)
      |             ^~~~~~~~~~~~
../Core/Src/main.c:869:13: warning: 'MX_I2C2_Init' defined but not used [-Wunused-function]
  869 | static void MX_I2C2_Init(void)
      |             ^~~~~~~~~~~~
../Core/Src/main.c:821:13: warning: 'MX_I2C1_Init' defined but not used [-Wunused-function]
  821 | static void MX_I2C1_Init(void)
      |             ^~~~~~~~~~~~
../Core/Src/main.c:728:13: warning: 'MX_DAC1_Init' defined but not used [-Wunused-function]
  728 | static void MX_DAC1_Init(void)
      |             ^~~~~~~~~~~~
../Core/Src/main.c:674:13: warning: 'MX_MDF1_Init' defined but not used [-Wunused-function]
  674 | static void MX_MDF1_Init(void)
      |             ^~~~~~~~~~~~
../Core/Src/main.c:611:13: warning: 'MX_ADF1_Init' defined but not used [-Wunused-function]
  611 | static void MX_ADF1_Init(void)
      |             ^~~~~~~~~~~~
../Core/Src/main.c:567:13: warning: 'MX_ADC1_Init' defined but not used [-Wunused-function]
  567 | static void MX_ADC1_Init(void)
      |             ^~~~~~~~~~~~
../Core/Src/main.c:550:13: warning: 'SystemPower_Config' defined but not used [-Wunused-function]
  550 | static void SystemPower_Config(void)
      |             ^~~~~~~~~~~~~~~~~~
../Core/Src/main.c:238:13: warning: 'LED_AllOff' defined but not used [-Wunused-function]
  238 | static void LED_AllOff(void)
      |             ^~~~~~~~~~
../Core/Src/main.c:131:17: warning: 'spi_rx' defined but not used [-Wunused-variable]
  131 | static uint8_t  spi_rx[32];
      |                 ^~~~~~
../Core/Src/main.c:130:17: warning: 'spi_tx' defined but not used [-Wunused-variable]
  130 | static uint8_t  spi_tx[32];
      |                 ^~~~~~
../Core/Src/main.c:126:44: warning: 'last_az_mg' defined but not used [-Wunused-variable]
  126 | static int32_t last_ax_mg,   last_ay_mg,   last_az_mg;
      |                                            ^~~~~~~~~~
../Core/Src/main.c:126:30: warning: 'last_ay_mg' defined but not used [-Wunused-variable]
  126 | static int32_t last_ax_mg,   last_ay_mg,   last_az_mg;
      |                              ^~~~~~~~~~
../Core/Src/main.c:126:16: warning: 'last_ax_mg' defined but not used [-Wunused-variable]
  126 | static int32_t last_ax_mg,   last_ay_mg,   last_az_mg;
      |                ^~~~~~~~~~
../Core/Src/main.c:125:44: warning: 'last_gz_mdps' defined but not used [-Wunused-variable]
  125 | static int32_t last_gx_mdps, last_gy_mdps, last_gz_mdps;
      |                                            ^~~~~~~~~~~~
../Core/Src/main.c:125:30: warning: 'last_gy_mdps' defined but not used [-Wunused-variable]
  125 | static int32_t last_gx_mdps, last_gy_mdps, last_gz_mdps;
      |                              ^~~~~~~~~~~~
../Core/Src/main.c:125:16: warning: 'last_gx_mdps' defined but not used [-Wunused-variable]
  125 | static int32_t last_gx_mdps, last_gy_mdps, last_gz_mdps;
      |                ^~~~~~~~~~~~
../Core/Src/main.c:122:43: warning: 'max_total' defined but not used [-Wunused-variable]
  122 | static uint32_t  min_total = 0xFFFFFFFFu, max_total = 0;
      |                                           ^~~~~~~~~
../Core/Src/main.c:122:18: warning: 'min_total' defined but not used [-Wunused-variable]
  122 | static uint32_t  min_total = 0xFFFFFFFFu, max_total = 0;
      |                  ^~~~~~~~~
../Core/Src/main.c:121:60: warning: 'sum_total' defined but not used [-Wunused-variable]
  121 | static uint64_t  sum_setup = 0, sum_dma = 0, sum_post = 0, sum_total = 0;
      |                                                            ^~~~~~~~~
../Core/Src/main.c:121:46: warning: 'sum_post' defined but not used [-Wunused-variable]
  121 | static uint64_t  sum_setup = 0, sum_dma = 0, sum_post = 0, sum_total = 0;
      |                                              ^~~~~~~~
../Core/Src/main.c:121:33: warning: 'sum_dma' defined but not used [-Wunused-variable]
  121 | static uint64_t  sum_setup = 0, sum_dma = 0, sum_post = 0, sum_total = 0;
      |                                 ^~~~~~~
../Core/Src/main.c:121:18: warning: 'sum_setup' defined but not used [-Wunused-variable]
  121 | static uint64_t  sum_setup = 0, sum_dma = 0, sum_post = 0, sum_total = 0;
      |                  ^~~~~~~~~
../Core/Src/main.c:120:18: warning: 'cnt' defined but not used [-Wunused-variable]
  120 | static uint32_t  cnt = 0;
      |                  ^~~
arm-none-eabi-gcc -o "DMA_DHCX.elf" @"objects.list"  -lneai -mcpu=cortex-m33 -T"C:\Users\kerem\STM32CubeIDE\workspace_1.19.0\WorkSpaceSteval\Steval_Anomaly\Demo_Final - Copy\STM32U585AIIXQ_FLASH.ld" --specs=nosys.specs -Wl,-Map="DMA_DHCX.map" -Wl,--gc-sections -static -L"C:\Users\kerem\STM32CubeIDE\workspace_1.19.0\WorkSpaceSteval\Steval_Anomaly\Demo_Final - Copy\libneai_anomaly-17-december-1537_1" --specs=nano.specs -mfpu=fpv5-sp-d16 -mfloat-abi=hard -mthumb -Wl,--start-group -lc -lm -Wl,--end-group
Finished building target: DMA_DHCX.elf
 
arm-none-eabi-size  DMA_DHCX.elf 
arm-none-eabi-objdump -h -S DMA_DHCX.elf  > "DMA_DHCX.list"
arm-none-eabi-objcopy  -O binary DMA_DHCX.elf  "DMA_DHCX.bin"
   text	   data	    bss	    dec	    hex	filename
  47940	   6268	   9148	  63356	   f77c	DMA_DHCX.elf
Finished building: default.size.stdout
 
Finished building: DMA_DHCX.bin
 
Finished building: DMA_DHCX.list
 
23:08:46 **** Incremental Build of configuration Debug for project DMA_DHCX ****
make -j8 all 
arm-none-eabi-size  DMA_DHCX.elf 
   text	   data	    bss	    dec	    hex	filename
  47940	   6268	   9148	  63356	   f77c	DMA_DHCX.elf
Finished building: default.size.stdout
 
23:11:53 **** Incremental Build of configuration Debug for project DMA_DHCX ****
make -j8 all 
arm-none-eabi-size  DMA_DHCX.elf 
   text	   data	    bss	    dec	    hex	filename
  47940	   6268	   9148	  63356	   f77c	DMA_DHCX.elf
Finished building: default.size.stdout
 
23:21:26 **** Incremental Build of configuration Debug for project DMA_DHCX ****
make -j8 all 
arm-none-eabi-gcc "../Core/Src/main.c" -mcpu=cortex-m33 -std=gnu11 -g3 -DDEBUG -DUSE_HAL_DRIVER -DSTM32U585xx -c -I../Core/Inc -I"C:/Users/kerem/STM32CubeIDE/workspace_1.19.0/WorkSpaceSteval/Steval_Anomaly/Demo_Final - Copy/libneai_anomaly-17-december-1537_1" -I../Drivers/STM32U5xx_HAL_Driver/Inc -I../Drivers/STM32U5xx_HAL_Driver/Inc/Legacy -I../Drivers/CMSIS/Device/ST/STM32U5xx/Include -I../Drivers/CMSIS/Include -O0 -ffunction-sections -fdata-sections -Wall -fstack-usage -fcyclomatic-complexity -MMD -MP -MF"Core/Src/main.d" -MT"Core/Src/main.o" --specs=nano.specs -mfpu=fpv5-sp-d16 -mfloat-abi=hard -mthumb -o "Core/Src/main.o"
../Core/Src/main.c:1524:13: warning: 'MX_USB_OTG_FS_PCD_Init' defined but not used [-Wunused-function]
 1524 | static void MX_USB_OTG_FS_PCD_Init(void)
      |             ^~~~~~~~~~~~~~~~~~~~~~
../Core/Src/main.c:1476:13: warning: 'MX_USART3_UART_Init' defined but not used [-Wunused-function]
 1476 | static void MX_USART3_UART_Init(void)
      |             ^~~~~~~~~~~~~~~~~~~
../Core/Src/main.c:1380:13: warning: 'MX_TIM3_Init' defined but not used [-Wunused-function]
 1380 | static void MX_TIM3_Init(void)
      |             ^~~~~~~~~~~~
../Core/Src/main.c:1331:13: warning: 'MX_TAMP_RTC_Init' defined but not used [-Wunused-function]
 1331 | static void MX_TAMP_RTC_Init(void)
      |             ^~~~~~~~~~~~~~~~
../Core/Src/main.c:1274:13: warning: 'MX_SPI3_Init' defined but not used [-Wunused-function]
 1274 | static void MX_SPI3_Init(void)
      |             ^~~~~~~~~~~~
../Core/Src/main.c:1160:13: warning: 'MX_SPI1_Init' defined but not used [-Wunused-function]
 1160 | static void MX_SPI1_Init(void)
      |             ^~~~~~~~~~~~
../Core/Src/main.c:1129:13: warning: 'MX_SDMMC1_SD_Init' defined but not used [-Wunused-function]
 1129 | static void MX_SDMMC1_SD_Init(void)
      |             ^~~~~~~~~~~~~~~~~
../Core/Src/main.c:1045:13: warning: 'MX_SAI1_Init' defined but not used [-Wunused-function]
 1045 | static void MX_SAI1_Init(void)
      |             ^~~~~~~~~~~~
../Core/Src/main.c:997:13: warning: 'MX_RTC_Init' defined but not used [-Wunused-function]
  997 | static void MX_RTC_Init(void)
      |             ^~~~~~~~~~~
../Core/Src/main.c:965:13: warning: 'MX_ICACHE_Init' defined but not used [-Wunused-function]
  965 | static void MX_ICACHE_Init(void)
      |             ^~~~~~~~~~~~~~
../Core/Src/main.c:917:13: warning: 'MX_I2C3_Init' defined but not used [-Wunused-function]
  917 | static void MX_I2C3_Init(void)
      |             ^~~~~~~~~~~~
../Core/Src/main.c:869:13: warning: 'MX_I2C2_Init' defined but not used [-Wunused-function]
  869 | static void MX_I2C2_Init(void)
      |             ^~~~~~~~~~~~
../Core/Src/main.c:821:13: warning: 'MX_I2C1_Init' defined but not used [-Wunused-function]
  821 | static void MX_I2C1_Init(void)
      |             ^~~~~~~~~~~~
../Core/Src/main.c:728:13: warning: 'MX_DAC1_Init' defined but not used [-Wunused-function]
  728 | static void MX_DAC1_Init(void)
      |             ^~~~~~~~~~~~
../Core/Src/main.c:674:13: warning: 'MX_MDF1_Init' defined but not used [-Wunused-function]
  674 | static void MX_MDF1_Init(void)
      |             ^~~~~~~~~~~~
../Core/Src/main.c:611:13: warning: 'MX_ADF1_Init' defined but not used [-Wunused-function]
  611 | static void MX_ADF1_Init(void)
      |             ^~~~~~~~~~~~
../Core/Src/main.c:567:13: warning: 'MX_ADC1_Init' defined but not used [-Wunused-function]
  567 | static void MX_ADC1_Init(void)
      |             ^~~~~~~~~~~~
../Core/Src/main.c:550:13: warning: 'SystemPower_Config' defined but not used [-Wunused-function]
  550 | static void SystemPower_Config(void)
      |             ^~~~~~~~~~~~~~~~~~
../Core/Src/main.c:238:13: warning: 'LED_AllOff' defined but not used [-Wunused-function]
  238 | static void LED_AllOff(void)
      |             ^~~~~~~~~~
../Core/Src/main.c:131:17: warning: 'spi_rx' defined but not used [-Wunused-variable]
  131 | static uint8_t  spi_rx[32];
      |                 ^~~~~~
../Core/Src/main.c:130:17: warning: 'spi_tx' defined but not used [-Wunused-variable]
  130 | static uint8_t  spi_tx[32];
      |                 ^~~~~~
../Core/Src/main.c:126:44: warning: 'last_az_mg' defined but not used [-Wunused-variable]
  126 | static int32_t last_ax_mg,   last_ay_mg,   last_az_mg;
      |                                            ^~~~~~~~~~
../Core/Src/main.c:126:30: warning: 'last_ay_mg' defined but not used [-Wunused-variable]
  126 | static int32_t last_ax_mg,   last_ay_mg,   last_az_mg;
      |                              ^~~~~~~~~~
../Core/Src/main.c:126:16: warning: 'last_ax_mg' defined but not used [-Wunused-variable]
  126 | static int32_t last_ax_mg,   last_ay_mg,   last_az_mg;
      |                ^~~~~~~~~~
../Core/Src/main.c:125:44: warning: 'last_gz_mdps' defined but not used [-Wunused-variable]
  125 | static int32_t last_gx_mdps, last_gy_mdps, last_gz_mdps;
      |                                            ^~~~~~~~~~~~
../Core/Src/main.c:125:30: warning: 'last_gy_mdps' defined but not used [-Wunused-variable]
  125 | static int32_t last_gx_mdps, last_gy_mdps, last_gz_mdps;
      |                              ^~~~~~~~~~~~
../Core/Src/main.c:125:16: warning: 'last_gx_mdps' defined but not used [-Wunused-variable]
  125 | static int32_t last_gx_mdps, last_gy_mdps, last_gz_mdps;
      |                ^~~~~~~~~~~~
../Core/Src/main.c:122:43: warning: 'max_total' defined but not used [-Wunused-variable]
  122 | static uint32_t  min_total = 0xFFFFFFFFu, max_total = 0;
      |                                           ^~~~~~~~~
../Core/Src/main.c:122:18: warning: 'min_total' defined but not used [-Wunused-variable]
  122 | static uint32_t  min_total = 0xFFFFFFFFu, max_total = 0;
      |                  ^~~~~~~~~
../Core/Src/main.c:121:60: warning: 'sum_total' defined but not used [-Wunused-variable]
  121 | static uint64_t  sum_setup = 0, sum_dma = 0, sum_post = 0, sum_total = 0;
      |                                                            ^~~~~~~~~
../Core/Src/main.c:121:46: warning: 'sum_post' defined but not used [-Wunused-variable]
  121 | static uint64_t  sum_setup = 0, sum_dma = 0, sum_post = 0, sum_total = 0;
      |                                              ^~~~~~~~
../Core/Src/main.c:121:33: warning: 'sum_dma' defined but not used [-Wunused-variable]
  121 | static uint64_t  sum_setup = 0, sum_dma = 0, sum_post = 0, sum_total = 0;
      |                                 ^~~~~~~
../Core/Src/main.c:121:18: warning: 'sum_setup' defined but not used [-Wunused-variable]
  121 | static uint64_t  sum_setup = 0, sum_dma = 0, sum_post = 0, sum_total = 0;
      |                  ^~~~~~~~~
../Core/Src/main.c:120:18: warning: 'cnt' defined but not used [-Wunused-variable]
  120 | static uint32_t  cnt = 0;
      |                  ^~~
arm-none-eabi-gcc -o "DMA_DHCX.elf" @"objects.list"  -lneai -mcpu=cortex-m33 -T"C:\Users\kerem\STM32CubeIDE\workspace_1.19.0\WorkSpaceSteval\Steval_Anomaly\Demo_Final - Copy\STM32U585AIIXQ_FLASH.ld" --specs=nosys.specs -Wl,-Map="DMA_DHCX.map" -Wl,--gc-sections -static -L"C:\Users\kerem\STM32CubeIDE\workspace_1.19.0\WorkSpaceSteval\Steval_Anomaly\Demo_Final - Copy\libneai_anomaly-17-december-1537_1" --specs=nano.specs -mfpu=fpv5-sp-d16 -mfloat-abi=hard -mthumb -Wl,--start-group -lc -lm -Wl,--end-group
Finished building target: DMA_DHCX.elf
 
arm-none-eabi-size  DMA_DHCX.elf 
arm-none-eabi-objdump -h -S DMA_DHCX.elf  > "DMA_DHCX.list"
arm-none-eabi-objcopy  -O binary DMA_DHCX.elf  "DMA_DHCX.bin"
   text	   data	    bss	    dec	    hex	filename
  47940	   6268	   9148	  63356	   f77c	DMA_DHCX.elf
Finished building: default.size.stdout
 
Finished building: DMA_DHCX.bin
 
Finished building: DMA_DHCX.list
 
23:31:49 **** Incremental Build of configuration Debug for project DMA_DHCX ****
make -j8 all 
arm-none-eabi-gcc "../Core/Src/main.c" -mcpu=cortex-m33 -std=gnu11 -g3 -DDEBUG -DUSE_HAL_DRIVER -DSTM32U585xx -c -I../Core/Inc -I"C:/Users/kerem/STM32CubeIDE/workspace_1.19.0/WorkSpaceSteval/Steval_Anomaly/Demo_Final - Copy/libneai_anomaly-17-december-1537_1" -I../Drivers/STM32U5xx_HAL_Driver/Inc -I../Drivers/STM32U5xx_HAL_Driver/Inc/Legacy -I../Drivers/CMSIS/Device/ST/STM32U5xx/Include -I../Drivers/CMSIS/Include -O0 -ffunction-sections -fdata-sections -Wall -fstack-usage -fcyclomatic-complexity -MMD -MP -MF"Core/Src/main.d" -MT"Core/Src/main.o" --specs=nano.specs -mfpu=fpv5-sp-d16 -mfloat-abi=hard -mthumb -o "Core/Src/main.o"
../Core/Src/main.c:1525:13: warning: 'MX_USB_OTG_FS_PCD_Init' defined but not used [-Wunused-function]
 1525 | static void MX_USB_OTG_FS_PCD_Init(void)
      |             ^~~~~~~~~~~~~~~~~~~~~~
../Core/Src/main.c:1477:13: warning: 'MX_USART3_UART_Init' defined but not used [-Wunused-function]
 1477 | static void MX_USART3_UART_Init(void)
      |             ^~~~~~~~~~~~~~~~~~~
../Core/Src/main.c:1381:13: warning: 'MX_TIM3_Init' defined but not used [-Wunused-function]
 1381 | static void MX_TIM3_Init(void)
      |             ^~~~~~~~~~~~
../Core/Src/main.c:1332:13: warning: 'MX_TAMP_RTC_Init' defined but not used [-Wunused-function]
 1332 | static void MX_TAMP_RTC_Init(void)
      |             ^~~~~~~~~~~~~~~~
../Core/Src/main.c:1275:13: warning: 'MX_SPI3_Init' defined but not used [-Wunused-function]
 1275 | static void MX_SPI3_Init(void)
      |             ^~~~~~~~~~~~
../Core/Src/main.c:1161:13: warning: 'MX_SPI1_Init' defined but not used [-Wunused-function]
 1161 | static void MX_SPI1_Init(void)
      |             ^~~~~~~~~~~~
../Core/Src/main.c:1130:13: warning: 'MX_SDMMC1_SD_Init' defined but not used [-Wunused-function]
 1130 | static void MX_SDMMC1_SD_Init(void)
      |             ^~~~~~~~~~~~~~~~~
../Core/Src/main.c:1046:13: warning: 'MX_SAI1_Init' defined but not used [-Wunused-function]
 1046 | static void MX_SAI1_Init(void)
      |             ^~~~~~~~~~~~
../Core/Src/main.c:998:13: warning: 'MX_RTC_Init' defined but not used [-Wunused-function]
  998 | static void MX_RTC_Init(void)
      |             ^~~~~~~~~~~
../Core/Src/main.c:966:13: warning: 'MX_ICACHE_Init' defined but not used [-Wunused-function]
  966 | static void MX_ICACHE_Init(void)
      |             ^~~~~~~~~~~~~~
../Core/Src/main.c:918:13: warning: 'MX_I2C3_Init' defined but not used [-Wunused-function]
  918 | static void MX_I2C3_Init(void)
      |             ^~~~~~~~~~~~
../Core/Src/main.c:870:13: warning: 'MX_I2C2_Init' defined but not used [-Wunused-function]
  870 | static void MX_I2C2_Init(void)
      |             ^~~~~~~~~~~~
../Core/Src/main.c:822:13: warning: 'MX_I2C1_Init' defined but not used [-Wunused-function]
  822 | static void MX_I2C1_Init(void)
      |             ^~~~~~~~~~~~
../Core/Src/main.c:729:13: warning: 'MX_DAC1_Init' defined but not used [-Wunused-function]
  729 | static void MX_DAC1_Init(void)
      |             ^~~~~~~~~~~~
../Core/Src/main.c:675:13: warning: 'MX_MDF1_Init' defined but not used [-Wunused-function]
  675 | static void MX_MDF1_Init(void)
      |             ^~~~~~~~~~~~
../Core/Src/main.c:612:13: warning: 'MX_ADF1_Init' defined but not used [-Wunused-function]
  612 | static void MX_ADF1_Init(void)
      |             ^~~~~~~~~~~~
../Core/Src/main.c:568:13: warning: 'MX_ADC1_Init' defined but not used [-Wunused-function]
  568 | static void MX_ADC1_Init(void)
      |             ^~~~~~~~~~~~
../Core/Src/main.c:551:13: warning: 'SystemPower_Config' defined but not used [-Wunused-function]
  551 | static void SystemPower_Config(void)
      |             ^~~~~~~~~~~~~~~~~~
../Core/Src/main.c:238:13: warning: 'LED_AllOff' defined but not used [-Wunused-function]
  238 | static void LED_AllOff(void)
      |             ^~~~~~~~~~
../Core/Src/main.c:131:17: warning: 'spi_rx' defined but not used [-Wunused-variable]
  131 | static uint8_t  spi_rx[32];
      |                 ^~~~~~
../Core/Src/main.c:130:17: warning: 'spi_tx' defined but not used [-Wunused-variable]
  130 | static uint8_t  spi_tx[32];
      |                 ^~~~~~
../Core/Src/main.c:126:44: warning: 'last_az_mg' defined but not used [-Wunused-variable]
  126 | static int32_t last_ax_mg,   last_ay_mg,   last_az_mg;
      |                                            ^~~~~~~~~~
../Core/Src/main.c:126:30: warning: 'last_ay_mg' defined but not used [-Wunused-variable]
  126 | static int32_t last_ax_mg,   last_ay_mg,   last_az_mg;
      |                              ^~~~~~~~~~
../Core/Src/main.c:126:16: warning: 'last_ax_mg' defined but not used [-Wunused-variable]
  126 | static int32_t last_ax_mg,   last_ay_mg,   last_az_mg;
      |                ^~~~~~~~~~
../Core/Src/main.c:125:44: warning: 'last_gz_mdps' defined but not used [-Wunused-variable]
  125 | static int32_t last_gx_mdps, last_gy_mdps, last_gz_mdps;
      |                                            ^~~~~~~~~~~~
../Core/Src/main.c:125:30: warning: 'last_gy_mdps' defined but not used [-Wunused-variable]
  125 | static int32_t last_gx_mdps, last_gy_mdps, last_gz_mdps;
      |                              ^~~~~~~~~~~~
../Core/Src/main.c:125:16: warning: 'last_gx_mdps' defined but not used [-Wunused-variable]
  125 | static int32_t last_gx_mdps, last_gy_mdps, last_gz_mdps;
      |                ^~~~~~~~~~~~
../Core/Src/main.c:122:43: warning: 'max_total' defined but not used [-Wunused-variable]
  122 | static uint32_t  min_total = 0xFFFFFFFFu, max_total = 0;
      |                                           ^~~~~~~~~
../Core/Src/main.c:122:18: warning: 'min_total' defined but not used [-Wunused-variable]
  122 | static uint32_t  min_total = 0xFFFFFFFFu, max_total = 0;
      |                  ^~~~~~~~~
../Core/Src/main.c:121:60: warning: 'sum_total' defined but not used [-Wunused-variable]
  121 | static uint64_t  sum_setup = 0, sum_dma = 0, sum_post = 0, sum_total = 0;
      |                                                            ^~~~~~~~~
../Core/Src/main.c:121:46: warning: 'sum_post' defined but not used [-Wunused-variable]
  121 | static uint64_t  sum_setup = 0, sum_dma = 0, sum_post = 0, sum_total = 0;
      |                                              ^~~~~~~~
../Core/Src/main.c:121:33: warning: 'sum_dma' defined but not used [-Wunused-variable]
  121 | static uint64_t  sum_setup = 0, sum_dma = 0, sum_post = 0, sum_total = 0;
      |                                 ^~~~~~~
../Core/Src/main.c:121:18: warning: 'sum_setup' defined but not used [-Wunused-variable]
  121 | static uint64_t  sum_setup = 0, sum_dma = 0, sum_post = 0, sum_total = 0;
      |                  ^~~~~~~~~
../Core/Src/main.c:120:18: warning: 'cnt' defined but not used [-Wunused-variable]
  120 | static uint32_t  cnt = 0;
      |                  ^~~
arm-none-eabi-gcc -o "DMA_DHCX.elf" @"objects.list"  -lneai -mcpu=cortex-m33 -T"C:\Users\kerem\STM32CubeIDE\workspace_1.19.0\WorkSpaceSteval\Steval_Anomaly\Demo_Final - Copy\STM32U585AIIXQ_FLASH.ld" --specs=nosys.specs -Wl,-Map="DMA_DHCX.map" -Wl,--gc-sections -static -L"C:\Users\kerem\STM32CubeIDE\workspace_1.19.0\WorkSpaceSteval\Steval_Anomaly\Demo_Final - Copy\libneai_anomaly-17-december-1537_1" --specs=nano.specs -mfpu=fpv5-sp-d16 -mfloat-abi=hard -mthumb -Wl,--start-group -lc -lm -Wl,--end-group
Finished building target: DMA_DHCX.elf
 
arm-none-eabi-size  DMA_DHCX.elf 
arm-none-eabi-objdump -h -S DMA_DHCX.elf  > "DMA_DHCX.list"
arm-none-eabi-objcopy  -O binary DMA_DHCX.elf  "DMA_DHCX.bin"
   text	   data	    bss	    dec	    hex	filename
  47940	   6268	   9148	  63356	   f77c	DMA_DHCX.elf
Finished building: default.size.stdout
 
Finished building: DMA_DHCX.bin
 
Finished building: DMA_DHCX.list
 
23:32:59 **** Incremental Build of configuration Debug for project DMA_DHCX ****
make -j8 all 
arm-none-eabi-size  DMA_DHCX.elf 
   text	   data	    bss	    dec	    hex	filename
  47940	   6268	   9148	  63356	   f77c	DMA_DHCX.elf
Finished building: default.size.stdout
 
23:34:21 **** Incremental Build of configuration Debug for project DMA_DHCX ****
make -j8 all 
arm-none-eabi-gcc "../Core/Src/main.c" -mcpu=cortex-m33 -std=gnu11 -g3 -DDEBUG -DUSE_HAL_DRIVER -DSTM32U585xx -c -I../Core/Inc -I"C:/Users/kerem/STM32CubeIDE/workspace_1.19.0/WorkSpaceSteval/Steval_Anomaly/Demo_Final - Copy/libneai_anomaly-17-december-1537_1" -I../Drivers/STM32U5xx_HAL_Driver/Inc -I../Drivers/STM32U5xx_HAL_Driver/Inc/Legacy -I../Drivers/CMSIS/Device/ST/STM32U5xx/Include -I../Drivers/CMSIS/Include -O0 -ffunction-sections -fdata-sections -Wall -fstack-usage -fcyclomatic-complexity -MMD -MP -MF"Core/Src/main.d" -MT"Core/Src/main.o" --specs=nano.specs -mfpu=fpv5-sp-d16 -mfloat-abi=hard -mthumb -o "Core/Src/main.o"
../Core/Src/main.c:1525:13: warning: 'MX_USB_OTG_FS_PCD_Init' defined but not used [-Wunused-function]
 1525 | static void MX_USB_OTG_FS_PCD_Init(void)
      |             ^~~~~~~~~~~~~~~~~~~~~~
../Core/Src/main.c:1477:13: warning: 'MX_USART3_UART_Init' defined but not used [-Wunused-function]
 1477 | static void MX_USART3_UART_Init(void)
      |             ^~~~~~~~~~~~~~~~~~~
../Core/Src/main.c:1381:13: warning: 'MX_TIM3_Init' defined but not used [-Wunused-function]
 1381 | static void MX_TIM3_Init(void)
      |             ^~~~~~~~~~~~
../Core/Src/main.c:1332:13: warning: 'MX_TAMP_RTC_Init' defined but not used [-Wunused-function]
 1332 | static void MX_TAMP_RTC_Init(void)
      |             ^~~~~~~~~~~~~~~~
../Core/Src/main.c:1275:13: warning: 'MX_SPI3_Init' defined but not used [-Wunused-function]
 1275 | static void MX_SPI3_Init(void)
      |             ^~~~~~~~~~~~
../Core/Src/main.c:1161:13: warning: 'MX_SPI1_Init' defined but not used [-Wunused-function]
 1161 | static void MX_SPI1_Init(void)
      |             ^~~~~~~~~~~~
../Core/Src/main.c:1130:13: warning: 'MX_SDMMC1_SD_Init' defined but not used [-Wunused-function]
 1130 | static void MX_SDMMC1_SD_Init(void)
      |             ^~~~~~~~~~~~~~~~~
../Core/Src/main.c:1046:13: warning: 'MX_SAI1_Init' defined but not used [-Wunused-function]
 1046 | static void MX_SAI1_Init(void)
      |             ^~~~~~~~~~~~
../Core/Src/main.c:998:13: warning: 'MX_RTC_Init' defined but not used [-Wunused-function]
  998 | static void MX_RTC_Init(void)
      |             ^~~~~~~~~~~
../Core/Src/main.c:966:13: warning: 'MX_ICACHE_Init' defined but not used [-Wunused-function]
  966 | static void MX_ICACHE_Init(void)
      |             ^~~~~~~~~~~~~~
../Core/Src/main.c:918:13: warning: 'MX_I2C3_Init' defined but not used [-Wunused-function]
  918 | static void MX_I2C3_Init(void)
      |             ^~~~~~~~~~~~
../Core/Src/main.c:870:13: warning: 'MX_I2C2_Init' defined but not used [-Wunused-function]
  870 | static void MX_I2C2_Init(void)
      |             ^~~~~~~~~~~~
../Core/Src/main.c:822:13: warning: 'MX_I2C1_Init' defined but not used [-Wunused-function]
  822 | static void MX_I2C1_Init(void)
      |             ^~~~~~~~~~~~
../Core/Src/main.c:729:13: warning: 'MX_DAC1_Init' defined but not used [-Wunused-function]
  729 | static void MX_DAC1_Init(void)
      |             ^~~~~~~~~~~~
../Core/Src/main.c:675:13: warning: 'MX_MDF1_Init' defined but not used [-Wunused-function]
  675 | static void MX_MDF1_Init(void)
      |             ^~~~~~~~~~~~
../Core/Src/main.c:612:13: warning: 'MX_ADF1_Init' defined but not used [-Wunused-function]
  612 | static void MX_ADF1_Init(void)
      |             ^~~~~~~~~~~~
../Core/Src/main.c:568:13: warning: 'MX_ADC1_Init' defined but not used [-Wunused-function]
  568 | static void MX_ADC1_Init(void)
      |             ^~~~~~~~~~~~
../Core/Src/main.c:551:13: warning: 'SystemPower_Config' defined but not used [-Wunused-function]
  551 | static void SystemPower_Config(void)
      |             ^~~~~~~~~~~~~~~~~~
../Core/Src/main.c:238:13: warning: 'LED_AllOff' defined but not used [-Wunused-function]
  238 | static void LED_AllOff(void)
      |             ^~~~~~~~~~
../Core/Src/main.c:131:17: warning: 'spi_rx' defined but not used [-Wunused-variable]
  131 | static uint8_t  spi_rx[32];
      |                 ^~~~~~
../Core/Src/main.c:130:17: warning: 'spi_tx' defined but not used [-Wunused-variable]
  130 | static uint8_t  spi_tx[32];
      |                 ^~~~~~
../Core/Src/main.c:126:44: warning: 'last_az_mg' defined but not used [-Wunused-variable]
  126 | static int32_t last_ax_mg,   last_ay_mg,   last_az_mg;
      |                                            ^~~~~~~~~~
../Core/Src/main.c:126:30: warning: 'last_ay_mg' defined but not used [-Wunused-variable]
  126 | static int32_t last_ax_mg,   last_ay_mg,   last_az_mg;
      |                              ^~~~~~~~~~
../Core/Src/main.c:126:16: warning: 'last_ax_mg' defined but not used [-Wunused-variable]
  126 | static int32_t last_ax_mg,   last_ay_mg,   last_az_mg;
      |                ^~~~~~~~~~
../Core/Src/main.c:125:44: warning: 'last_gz_mdps' defined but not used [-Wunused-variable]
  125 | static int32_t last_gx_mdps, last_gy_mdps, last_gz_mdps;
      |                                            ^~~~~~~~~~~~
../Core/Src/main.c:125:30: warning: 'last_gy_mdps' defined but not used [-Wunused-variable]
  125 | static int32_t last_gx_mdps, last_gy_mdps, last_gz_mdps;
      |                              ^~~~~~~~~~~~
../Core/Src/main.c:125:16: warning: 'last_gx_mdps' defined but not used [-Wunused-variable]
  125 | static int32_t last_gx_mdps, last_gy_mdps, last_gz_mdps;
      |                ^~~~~~~~~~~~
../Core/Src/main.c:122:43: warning: 'max_total' defined but not used [-Wunused-variable]
  122 | static uint32_t  min_total = 0xFFFFFFFFu, max_total = 0;
      |                                           ^~~~~~~~~
../Core/Src/main.c:122:18: warning: 'min_total' defined but not used [-Wunused-variable]
  122 | static uint32_t  min_total = 0xFFFFFFFFu, max_total = 0;
      |                  ^~~~~~~~~
../Core/Src/main.c:121:60: warning: 'sum_total' defined but not used [-Wunused-variable]
  121 | static uint64_t  sum_setup = 0, sum_dma = 0, sum_post = 0, sum_total = 0;
      |                                                            ^~~~~~~~~
../Core/Src/main.c:121:46: warning: 'sum_post' defined but not used [-Wunused-variable]
  121 | static uint64_t  sum_setup = 0, sum_dma = 0, sum_post = 0, sum_total = 0;
      |                                              ^~~~~~~~
../Core/Src/main.c:121:33: warning: 'sum_dma' defined but not used [-Wunused-variable]
  121 | static uint64_t  sum_setup = 0, sum_dma = 0, sum_post = 0, sum_total = 0;
      |                                 ^~~~~~~
../Core/Src/main.c:121:18: warning: 'sum_setup' defined but not used [-Wunused-variable]
  121 | static uint64_t  sum_setup = 0, sum_dma = 0, sum_post = 0, sum_total = 0;
      |                  ^~~~~~~~~
../Core/Src/main.c:120:18: warning: 'cnt' defined but not used [-Wunused-variable]
  120 | static uint32_t  cnt = 0;
      |                  ^~~
arm-none-eabi-gcc -o "DMA_DHCX.elf" @"objects.list"  -lneai -mcpu=cortex-m33 -T"C:\Users\kerem\STM32CubeIDE\workspace_1.19.0\WorkSpaceSteval\Steval_Anomaly\Demo_Final - Copy\STM32U585AIIXQ_FLASH.ld" --specs=nosys.specs -Wl,-Map="DMA_DHCX.map" -Wl,--gc-sections -static -L"C:\Users\kerem\STM32CubeIDE\workspace_1.19.0\WorkSpaceSteval\Steval_Anomaly\Demo_Final - Copy\libneai_anomaly-17-december-1537_1" --specs=nano.specs -mfpu=fpv5-sp-d16 -mfloat-abi=hard -mthumb -Wl,--start-group -lc -lm -Wl,--end-group
Finished building target: DMA_DHCX.elf
 
arm-none-eabi-size  DMA_DHCX.elf 
arm-none-eabi-objdump -h -S DMA_DHCX.elf  > "DMA_DHCX.list"
arm-none-eabi-objcopy  -O binary DMA_DHCX.elf  "DMA_DHCX.bin"
   text	   data	    bss	    dec	    hex	filename
  47948	   6268	   9148	  63364	   f784	DMA_DHCX.elf
Finished building: default.size.stdout
 
Finished building: DMA_DHCX.bin
 
Finished building: DMA_DHCX.list
 
08:33:38 **** Incremental Build of configuration Debug for project DMA_DHCX ****
make -j8 all 
arm-none-eabi-gcc "../Core/Src/main.c" -mcpu=cortex-m33 -std=gnu11 -g3 -DDEBUG -DUSE_HAL_DRIVER -DSTM32U585xx -c -I../Core/Inc -I"C:/Users/kerem/STM32CubeIDE/workspace_1.19.0/WorkSpaceSteval/Steval_Anomaly/Demo_Final - Copy/libneai_anomaly-17-december-1537_1" -I../Drivers/STM32U5xx_HAL_Driver/Inc -I../Drivers/STM32U5xx_HAL_Driver/Inc/Legacy -I../Drivers/CMSIS/Device/ST/STM32U5xx/Include -I../Drivers/CMSIS/Include -O0 -ffunction-sections -fdata-sections -Wall -fstack-usage -fcyclomatic-complexity -MMD -MP -MF"Core/Src/main.d" -MT"Core/Src/main.o" --specs=nano.specs -mfpu=fpv5-sp-d16 -mfloat-abi=hard -mthumb -o "Core/Src/main.o"
../Core/Src/main.c:1525:13: warning: 'MX_USB_OTG_FS_PCD_Init' defined but not used [-Wunused-function]
 1525 | static void MX_USB_OTG_FS_PCD_Init(void)
      |             ^~~~~~~~~~~~~~~~~~~~~~
../Core/Src/main.c:1477:13: warning: 'MX_USART3_UART_Init' defined but not used [-Wunused-function]
 1477 | static void MX_USART3_UART_Init(void)
      |             ^~~~~~~~~~~~~~~~~~~
../Core/Src/main.c:1381:13: warning: 'MX_TIM3_Init' defined but not used [-Wunused-function]
 1381 | static void MX_TIM3_Init(void)
      |             ^~~~~~~~~~~~
../Core/Src/main.c:1332:13: warning: 'MX_TAMP_RTC_Init' defined but not used [-Wunused-function]
 1332 | static void MX_TAMP_RTC_Init(void)
      |             ^~~~~~~~~~~~~~~~
../Core/Src/main.c:1275:13: warning: 'MX_SPI3_Init' defined but not used [-Wunused-function]
 1275 | static void MX_SPI3_Init(void)
      |             ^~~~~~~~~~~~
../Core/Src/main.c:1161:13: warning: 'MX_SPI1_Init' defined but not used [-Wunused-function]
 1161 | static void MX_SPI1_Init(void)
      |             ^~~~~~~~~~~~
../Core/Src/main.c:1130:13: warning: 'MX_SDMMC1_SD_Init' defined but not used [-Wunused-function]
 1130 | static void MX_SDMMC1_SD_Init(void)
      |             ^~~~~~~~~~~~~~~~~
../Core/Src/main.c:1046:13: warning: 'MX_SAI1_Init' defined but not used [-Wunused-function]
 1046 | static void MX_SAI1_Init(void)
      |             ^~~~~~~~~~~~
../Core/Src/main.c:998:13: warning: 'MX_RTC_Init' defined but not used [-Wunused-function]
  998 | static void MX_RTC_Init(void)
      |             ^~~~~~~~~~~
../Core/Src/main.c:966:13: warning: 'MX_ICACHE_Init' defined but not used [-Wunused-function]
  966 | static void MX_ICACHE_Init(void)
      |             ^~~~~~~~~~~~~~
../Core/Src/main.c:918:13: warning: 'MX_I2C3_Init' defined but not used [-Wunused-function]
  918 | static void MX_I2C3_Init(void)
      |             ^~~~~~~~~~~~
../Core/Src/main.c:870:13: warning: 'MX_I2C2_Init' defined but not used [-Wunused-function]
  870 | static void MX_I2C2_Init(void)
      |             ^~~~~~~~~~~~
../Core/Src/main.c:822:13: warning: 'MX_I2C1_Init' defined but not used [-Wunused-function]
  822 | static void MX_I2C1_Init(void)
      |             ^~~~~~~~~~~~
../Core/Src/main.c:729:13: warning: 'MX_DAC1_Init' defined but not used [-Wunused-function]
  729 | static void MX_DAC1_Init(void)
      |             ^~~~~~~~~~~~
../Core/Src/main.c:675:13: warning: 'MX_MDF1_Init' defined but not used [-Wunused-function]
  675 | static void MX_MDF1_Init(void)
      |             ^~~~~~~~~~~~
../Core/Src/main.c:612:13: warning: 'MX_ADF1_Init' defined but not used [-Wunused-function]
  612 | static void MX_ADF1_Init(void)
      |             ^~~~~~~~~~~~
../Core/Src/main.c:568:13: warning: 'MX_ADC1_Init' defined but not used [-Wunused-function]
  568 | static void MX_ADC1_Init(void)
      |             ^~~~~~~~~~~~
../Core/Src/main.c:551:13: warning: 'SystemPower_Config' defined but not used [-Wunused-function]
  551 | static void SystemPower_Config(void)
      |             ^~~~~~~~~~~~~~~~~~
../Core/Src/main.c:238:13: warning: 'LED_AllOff' defined but not used [-Wunused-function]
  238 | static void LED_AllOff(void)
      |             ^~~~~~~~~~
../Core/Src/main.c:131:17: warning: 'spi_rx' defined but not used [-Wunused-variable]
  131 | static uint8_t  spi_rx[32];
      |                 ^~~~~~
../Core/Src/main.c:130:17: warning: 'spi_tx' defined but not used [-Wunused-variable]
  130 | static uint8_t  spi_tx[32];
      |                 ^~~~~~
../Core/Src/main.c:126:44: warning: 'last_az_mg' defined but not used [-Wunused-variable]
  126 | static int32_t last_ax_mg,   last_ay_mg,   last_az_mg;
      |                                            ^~~~~~~~~~
../Core/Src/main.c:126:30: warning: 'last_ay_mg' defined but not used [-Wunused-variable]
  126 | static int32_t last_ax_mg,   last_ay_mg,   last_az_mg;
      |                              ^~~~~~~~~~
../Core/Src/main.c:126:16: warning: 'last_ax_mg' defined but not used [-Wunused-variable]
  126 | static int32_t last_ax_mg,   last_ay_mg,   last_az_mg;
      |                ^~~~~~~~~~
../Core/Src/main.c:125:44: warning: 'last_gz_mdps' defined but not used [-Wunused-variable]
  125 | static int32_t last_gx_mdps, last_gy_mdps, last_gz_mdps;
      |                                            ^~~~~~~~~~~~
../Core/Src/main.c:125:30: warning: 'last_gy_mdps' defined but not used [-Wunused-variable]
  125 | static int32_t last_gx_mdps, last_gy_mdps, last_gz_mdps;
      |                              ^~~~~~~~~~~~
../Core/Src/main.c:125:16: warning: 'last_gx_mdps' defined but not used [-Wunused-variable]
  125 | static int32_t last_gx_mdps, last_gy_mdps, last_gz_mdps;
      |                ^~~~~~~~~~~~
../Core/Src/main.c:122:43: warning: 'max_total' defined but not used [-Wunused-variable]
  122 | static uint32_t  min_total = 0xFFFFFFFFu, max_total = 0;
      |                                           ^~~~~~~~~
../Core/Src/main.c:122:18: warning: 'min_total' defined but not used [-Wunused-variable]
  122 | static uint32_t  min_total = 0xFFFFFFFFu, max_total = 0;
      |                  ^~~~~~~~~
../Core/Src/main.c:121:60: warning: 'sum_total' defined but not used [-Wunused-variable]
  121 | static uint64_t  sum_setup = 0, sum_dma = 0, sum_post = 0, sum_total = 0;
      |                                                            ^~~~~~~~~
../Core/Src/main.c:121:46: warning: 'sum_post' defined but not used [-Wunused-variable]
  121 | static uint64_t  sum_setup = 0, sum_dma = 0, sum_post = 0, sum_total = 0;
      |                                              ^~~~~~~~
../Core/Src/main.c:121:33: warning: 'sum_dma' defined but not used [-Wunused-variable]
  121 | static uint64_t  sum_setup = 0, sum_dma = 0, sum_post = 0, sum_total = 0;
      |                                 ^~~~~~~
../Core/Src/main.c:121:18: warning: 'sum_setup' defined but not used [-Wunused-variable]
  121 | static uint64_t  sum_setup = 0, sum_dma = 0, sum_post = 0, sum_total = 0;
      |                  ^~~~~~~~~
../Core/Src/main.c:120:18: warning: 'cnt' defined but not used [-Wunused-variable]
  120 | static uint32_t  cnt = 0;
      |                  ^~~
arm-none-eabi-gcc -o "DMA_DHCX.elf" @"objects.list"  -lneai -mcpu=cortex-m33 -T"C:\Users\kerem\STM32CubeIDE\workspace_1.19.0\WorkSpaceSteval\Steval_Anomaly\Demo_Final - Copy\STM32U585AIIXQ_FLASH.ld" --specs=nosys.specs -Wl,-Map="DMA_DHCX.map" -Wl,--gc-sections -static -L"C:\Users\kerem\STM32CubeIDE\workspace_1.19.0\WorkSpaceSteval\Steval_Anomaly\Demo_Final - Copy\libneai_anomaly-17-december-1537_1" --specs=nano.specs -mfpu=fpv5-sp-d16 -mfloat-abi=hard -mthumb -Wl,--start-group -lc -lm -Wl,--end-group
Finished building target: DMA_DHCX.elf
 
arm-none-eabi-size  DMA_DHCX.elf 
arm-none-eabi-objdump -h -S DMA_DHCX.elf  > "DMA_DHCX.list"
arm-none-eabi-objcopy  -O binary DMA_DHCX.elf  "DMA_DHCX.bin"
   text	   data	    bss	    dec	    hex	filename
  47948	   6268	   9148	  63364	   f784	DMA_DHCX.elf
Finished building: default.size.stdout
 
Finished building: DMA_DHCX.bin
 
Finished building: DMA_DHCX.list
 
