C:/Users/kerem/OneDrive/Documents/magic-time - Copy/BLESensorsPnPL/Drivers/BSP/Components/iis2iclx/iis2iclx.c:85:9:IIS2ICLX_RegisterBusIO	24	static
C:/Users/kerem/OneDrive/Documents/magic-time - Copy/BLESensorsPnPL/Drivers/BSP/Components/iis2iclx/iis2iclx.c:143:9:IIS2ICLX_Init	16	static
C:/Users/kerem/OneDrive/Documents/magic-time - Copy/BLESensorsPnPL/Drivers/BSP/Components/iis2iclx/iis2iclx.c:202:9:IIS2ICLX_DeInit	16	static
C:/Users/kerem/OneDrive/Documents/magic-time - Copy/BLESensorsPnPL/Drivers/BSP/Components/iis2iclx/iis2iclx.c:224:9:IIS2ICLX_ReadID	16	static
C:/Users/kerem/OneDrive/Documents/magic-time - Copy/BLESensorsPnPL/Drivers/BSP/Components/iis2iclx/iis2iclx.c:240:9:IIS2ICLX_GetCapabilities	16	static
C:/Users/kerem/OneDrive/Documents/magic-time - Copy/BLESensorsPnPL/Drivers/BSP/Components/iis2iclx/iis2iclx.c:263:9:IIS2ICLX_ACC_Enable	16	static
C:/Users/kerem/OneDrive/Documents/magic-time - Copy/BLESensorsPnPL/Drivers/BSP/Components/iis2iclx/iis2iclx.c:287:9:IIS2ICLX_ACC_Disable	16	static
C:/Users/kerem/OneDrive/Documents/magic-time - Copy/BLESensorsPnPL/Drivers/BSP/Components/iis2iclx/iis2iclx.c:318:9:IIS2ICLX_ACC_GetSensitivity	24	static
C:/Users/kerem/OneDrive/Documents/magic-time - Copy/BLESensorsPnPL/Drivers/BSP/Components/iis2iclx/iis2iclx.c:362:9:IIS2ICLX_ACC_GetOutputDataRate	24	static
C:/Users/kerem/OneDrive/Documents/magic-time - Copy/BLESensorsPnPL/Drivers/BSP/Components/iis2iclx/iis2iclx.c:421:9:IIS2ICLX_ACC_SetOutputDataRate	16	static
C:/Users/kerem/OneDrive/Documents/magic-time - Copy/BLESensorsPnPL/Drivers/BSP/Components/iis2iclx/iis2iclx.c:440:9:IIS2ICLX_ACC_GetFullScale	24	static
C:/Users/kerem/OneDrive/Documents/magic-time - Copy/BLESensorsPnPL/Drivers/BSP/Components/iis2iclx/iis2iclx.c:483:9:IIS2ICLX_ACC_SetFullScale	24	static
C:/Users/kerem/OneDrive/Documents/magic-time - Copy/BLESensorsPnPL/Drivers/BSP/Components/iis2iclx/iis2iclx.c:508:9:IIS2ICLX_ACC_GetAxesRaw	24	static
C:/Users/kerem/OneDrive/Documents/magic-time - Copy/BLESensorsPnPL/Drivers/BSP/Components/iis2iclx/iis2iclx.c:532:9:IIS2ICLX_ACC_GetAxes	32	static
C:/Users/kerem/OneDrive/Documents/magic-time - Copy/BLESensorsPnPL/Drivers/BSP/Components/iis2iclx/iis2iclx.c:564:9:IIS2ICLX_Read_Reg	24	static
C:/Users/kerem/OneDrive/Documents/magic-time - Copy/BLESensorsPnPL/Drivers/BSP/Components/iis2iclx/iis2iclx.c:581:9:IIS2ICLX_Write_Reg	16	static
C:/Users/kerem/OneDrive/Documents/magic-time - Copy/BLESensorsPnPL/Drivers/BSP/Components/iis2iclx/iis2iclx.c:597:9:IIS2ICLX_Set_Interrupt_Latch	16	static
C:/Users/kerem/OneDrive/Documents/magic-time - Copy/BLESensorsPnPL/Drivers/BSP/Components/iis2iclx/iis2iclx.c:618:9:IIS2ICLX_ACC_Enable_Wake_Up_Detection	40	static
C:/Users/kerem/OneDrive/Documents/magic-time - Copy/BLESensorsPnPL/Drivers/BSP/Components/iis2iclx/iis2iclx.c:692:9:IIS2ICLX_ACC_Disable_Wake_Up_Detection	32	static
C:/Users/kerem/OneDrive/Documents/magic-time - Copy/BLESensorsPnPL/Drivers/BSP/Components/iis2iclx/iis2iclx.c:743:9:IIS2ICLX_ACC_Set_Wake_Up_Threshold	16	static
C:/Users/kerem/OneDrive/Documents/magic-time - Copy/BLESensorsPnPL/Drivers/BSP/Components/iis2iclx/iis2iclx.c:760:9:IIS2ICLX_ACC_Set_Wake_Up_Duration	16	static
C:/Users/kerem/OneDrive/Documents/magic-time - Copy/BLESensorsPnPL/Drivers/BSP/Components/iis2iclx/iis2iclx.c:777:9:IIS2ICLX_ACC_Enable_Single_Tap_Detection	40	static
C:/Users/kerem/OneDrive/Documents/magic-time - Copy/BLESensorsPnPL/Drivers/BSP/Components/iis2iclx/iis2iclx.c:873:9:IIS2ICLX_ACC_Disable_Single_Tap_Detection	32	static
C:/Users/kerem/OneDrive/Documents/magic-time - Copy/BLESensorsPnPL/Drivers/BSP/Components/iis2iclx/iis2iclx.c:942:9:IIS2ICLX_ACC_Enable_Double_Tap_Detection	40	static
C:/Users/kerem/OneDrive/Documents/magic-time - Copy/BLESensorsPnPL/Drivers/BSP/Components/iis2iclx/iis2iclx.c:1046:9:IIS2ICLX_ACC_Disable_Double_Tap_Detection	32	static
C:/Users/kerem/OneDrive/Documents/magic-time - Copy/BLESensorsPnPL/Drivers/BSP/Components/iis2iclx/iis2iclx.c:1127:9:IIS2ICLX_ACC_Set_Tap_Threshold	16	static
C:/Users/kerem/OneDrive/Documents/magic-time - Copy/BLESensorsPnPL/Drivers/BSP/Components/iis2iclx/iis2iclx.c:1144:9:IIS2ICLX_ACC_Set_Tap_Shock_Time	16	static
C:/Users/kerem/OneDrive/Documents/magic-time - Copy/BLESensorsPnPL/Drivers/BSP/Components/iis2iclx/iis2iclx.c:1161:9:IIS2ICLX_ACC_Set_Tap_Quiet_Time	16	static
C:/Users/kerem/OneDrive/Documents/magic-time - Copy/BLESensorsPnPL/Drivers/BSP/Components/iis2iclx/iis2iclx.c:1178:9:IIS2ICLX_ACC_Set_Tap_Duration_Time	16	static
C:/Users/kerem/OneDrive/Documents/magic-time - Copy/BLESensorsPnPL/Drivers/BSP/Components/iis2iclx/iis2iclx.c:1195:9:IIS2ICLX_ACC_Get_DRDY_Status	16	static
C:/Users/kerem/OneDrive/Documents/magic-time - Copy/BLESensorsPnPL/Drivers/BSP/Components/iis2iclx/iis2iclx.c:1211:9:IIS2ICLX_ACC_Get_Event_Status	40	static
C:/Users/kerem/OneDrive/Documents/magic-time - Copy/BLESensorsPnPL/Drivers/BSP/Components/iis2iclx/iis2iclx.c:1295:9:IIS2ICLX_ACC_Set_SelfTest	24	static
C:/Users/kerem/OneDrive/Documents/magic-time - Copy/BLESensorsPnPL/Drivers/BSP/Components/iis2iclx/iis2iclx.c:1318:9:IIS2ICLX_FIFO_Get_Num_Samples	16	static
C:/Users/kerem/OneDrive/Documents/magic-time - Copy/BLESensorsPnPL/Drivers/BSP/Components/iis2iclx/iis2iclx.c:1334:9:IIS2ICLX_FIFO_Get_Full_Status	24	static
C:/Users/kerem/OneDrive/Documents/magic-time - Copy/BLESensorsPnPL/Drivers/BSP/Components/iis2iclx/iis2iclx.c:1354:9:IIS2ICLX_FIFO_Set_INT1_FIFO_Full	24	static
C:/Users/kerem/OneDrive/Documents/magic-time - Copy/BLESensorsPnPL/Drivers/BSP/Components/iis2iclx/iis2iclx.c:1379:9:IIS2ICLX_FIFO_Set_Watermark_Level	16	static
C:/Users/kerem/OneDrive/Documents/magic-time - Copy/BLESensorsPnPL/Drivers/BSP/Components/iis2iclx/iis2iclx.c:1395:9:IIS2ICLX_FIFO_Set_Stop_On_Fth	16	static
C:/Users/kerem/OneDrive/Documents/magic-time - Copy/BLESensorsPnPL/Drivers/BSP/Components/iis2iclx/iis2iclx.c:1411:9:IIS2ICLX_FIFO_Set_Mode	24	static
C:/Users/kerem/OneDrive/Documents/magic-time - Copy/BLESensorsPnPL/Drivers/BSP/Components/iis2iclx/iis2iclx.c:1449:9:IIS2ICLX_FIFO_Get_Tag	24	static
C:/Users/kerem/OneDrive/Documents/magic-time - Copy/BLESensorsPnPL/Drivers/BSP/Components/iis2iclx/iis2iclx.c:1469:9:IIS2ICLX_FIFO_Get_Data	16	static
C:/Users/kerem/OneDrive/Documents/magic-time - Copy/BLESensorsPnPL/Drivers/BSP/Components/iis2iclx/iis2iclx.c:1485:9:IIS2ICLX_FIFO_ACC_Get_Axes	48	static
C:/Users/kerem/OneDrive/Documents/magic-time - Copy/BLESensorsPnPL/Drivers/BSP/Components/iis2iclx/iis2iclx.c:1523:9:IIS2ICLX_FIFO_ACC_Set_BDR	24	static
C:/Users/kerem/OneDrive/Documents/magic-time - Copy/BLESensorsPnPL/Drivers/BSP/Components/iis2iclx/iis2iclx.c:1551:9:IIS2ICLX_Set_Mem_Bank	24	static
C:/Users/kerem/OneDrive/Documents/magic-time - Copy/BLESensorsPnPL/Drivers/BSP/Components/iis2iclx/iis2iclx.c:1582:16:IIS2ICLX_ACC_SetOutputDataRate_When_Enabled	24	static
C:/Users/kerem/OneDrive/Documents/magic-time - Copy/BLESensorsPnPL/Drivers/BSP/Components/iis2iclx/iis2iclx.c:1609:16:IIS2ICLX_ACC_SetOutputDataRate_When_Disabled	16	static
C:/Users/kerem/OneDrive/Documents/magic-time - Copy/BLESensorsPnPL/Drivers/BSP/Components/iis2iclx/iis2iclx.c:1627:9:IIS2ICLX_ACC_Enable_DRDY_Interrupt	24	static
C:/Users/kerem/OneDrive/Documents/magic-time - Copy/BLESensorsPnPL/Drivers/BSP/Components/iis2iclx/iis2iclx.c:1652:9:IIS2ICLX_ACC_Set_Filter_Mode	16	static
C:/Users/kerem/OneDrive/Documents/magic-time - Copy/BLESensorsPnPL/Drivers/BSP/Components/iis2iclx/iis2iclx.c:1685:9:IIS2ICLX_ACC_Set_Sleep_Duration	16	static
C:/Users/kerem/OneDrive/Documents/magic-time - Copy/BLESensorsPnPL/Drivers/BSP/Components/iis2iclx/iis2iclx.c:1704:16:ReadRegWrap	40	static
C:/Users/kerem/OneDrive/Documents/magic-time - Copy/BLESensorsPnPL/Drivers/BSP/Components/iis2iclx/iis2iclx.c:1719:16:WriteRegWrap	40	static
