C:/Users/kerem/OneDrive/Documents/magic-time - Copy/BLESensorsPnPL/Drivers/STM32U5xx_HAL_Driver/Src/stm32u5xx_hal_sd.c:337:19:HAL_SD_Init	48	static
C:/Users/kerem/OneDrive/Documents/magic-time - Copy/BLESensorsPnPL/Drivers/STM32U5xx_HAL_Driver/Src/stm32u5xx_hal_sd.c:466:19:HAL_SD_InitCard	64	static
C:/Users/kerem/OneDrive/Documents/magic-time - Copy/BLESensorsPnPL/Drivers/STM32U5xx_HAL_Driver/Src/stm32u5xx_hal_sd.c:556:19:HAL_SD_DeInit	16	static
C:/Users/kerem/OneDrive/Documents/magic-time - Copy/BLESensorsPnPL/Drivers/STM32U5xx_HAL_Driver/Src/stm32u5xx_hal_sd.c:612:13:HAL_SD_MspInit	16	static
C:/Users/kerem/OneDrive/Documents/magic-time - Copy/BLESensorsPnPL/Drivers/STM32U5xx_HAL_Driver/Src/stm32u5xx_hal_sd.c:627:13:HAL_SD_MspDeInit	16	static
C:/Users/kerem/OneDrive/Documents/magic-time - Copy/BLESensorsPnPL/Drivers/STM32U5xx_HAL_Driver/Src/stm32u5xx_hal_sd.c:668:19:HAL_SD_ReadBlocks	80	static
C:/Users/kerem/OneDrive/Documents/magic-time - Copy/BLESensorsPnPL/Drivers/STM32U5xx_HAL_Driver/Src/stm32u5xx_hal_sd.c:853:19:HAL_SD_WriteBlocks	80	static
C:/Users/kerem/OneDrive/Documents/magic-time - Copy/BLESensorsPnPL/Drivers/STM32U5xx_HAL_Driver/Src/stm32u5xx_hal_sd.c:1040:19:HAL_SD_ReadBlocks_IT	56	static
C:/Users/kerem/OneDrive/Documents/magic-time - Copy/BLESensorsPnPL/Drivers/STM32U5xx_HAL_Driver/Src/stm32u5xx_hal_sd.c:1135:19:HAL_SD_WriteBlocks_IT	56	static
C:/Users/kerem/OneDrive/Documents/magic-time - Copy/BLESensorsPnPL/Drivers/STM32U5xx_HAL_Driver/Src/stm32u5xx_hal_sd.c:1232:19:HAL_SD_ReadBlocks_DMA	56	static
C:/Users/kerem/OneDrive/Documents/magic-time - Copy/BLESensorsPnPL/Drivers/STM32U5xx_HAL_Driver/Src/stm32u5xx_hal_sd.c:1330:19:HAL_SD_WriteBlocks_DMA	56	static
C:/Users/kerem/OneDrive/Documents/magic-time - Copy/BLESensorsPnPL/Drivers/STM32U5xx_HAL_Driver/Src/stm32u5xx_hal_sd.c:1425:19:HAL_SD_Erase	40	static
C:/Users/kerem/OneDrive/Documents/magic-time - Copy/BLESensorsPnPL/Drivers/STM32U5xx_HAL_Driver/Src/stm32u5xx_hal_sd.c:1527:6:HAL_SD_IRQHandler	24	static
C:/Users/kerem/OneDrive/Documents/magic-time - Copy/BLESensorsPnPL/Drivers/STM32U5xx_HAL_Driver/Src/stm32u5xx_hal_sd.c:1739:21:HAL_SD_GetState	16	static
C:/Users/kerem/OneDrive/Documents/magic-time - Copy/BLESensorsPnPL/Drivers/STM32U5xx_HAL_Driver/Src/stm32u5xx_hal_sd.c:1750:10:HAL_SD_GetError	16	static
C:/Users/kerem/OneDrive/Documents/magic-time - Copy/BLESensorsPnPL/Drivers/STM32U5xx_HAL_Driver/Src/stm32u5xx_hal_sd.c:1760:13:HAL_SD_TxCpltCallback	16	static
C:/Users/kerem/OneDrive/Documents/magic-time - Copy/BLESensorsPnPL/Drivers/STM32U5xx_HAL_Driver/Src/stm32u5xx_hal_sd.c:1775:13:HAL_SD_RxCpltCallback	16	static
C:/Users/kerem/OneDrive/Documents/magic-time - Copy/BLESensorsPnPL/Drivers/STM32U5xx_HAL_Driver/Src/stm32u5xx_hal_sd.c:1790:13:HAL_SD_ErrorCallback	16	static
C:/Users/kerem/OneDrive/Documents/magic-time - Copy/BLESensorsPnPL/Drivers/STM32U5xx_HAL_Driver/Src/stm32u5xx_hal_sd.c:1805:13:HAL_SD_AbortCallback	16	static
C:/Users/kerem/OneDrive/Documents/magic-time - Copy/BLESensorsPnPL/Drivers/STM32U5xx_HAL_Driver/Src/stm32u5xx_hal_sd.c:2115:19:HAL_SD_GetCardCID	16	static
C:/Users/kerem/OneDrive/Documents/magic-time - Copy/BLESensorsPnPL/Drivers/STM32U5xx_HAL_Driver/Src/stm32u5xx_hal_sd.c:2148:19:HAL_SD_GetCardCSD	16	static
C:/Users/kerem/OneDrive/Documents/magic-time - Copy/BLESensorsPnPL/Drivers/STM32U5xx_HAL_Driver/Src/stm32u5xx_hal_sd.c:2262:19:HAL_SD_GetCardStatus	88	static
C:/Users/kerem/OneDrive/Documents/magic-time - Copy/BLESensorsPnPL/Drivers/STM32U5xx_HAL_Driver/Src/stm32u5xx_hal_sd.c:2331:19:HAL_SD_GetCardInfo	16	static
C:/Users/kerem/OneDrive/Documents/magic-time - Copy/BLESensorsPnPL/Drivers/STM32U5xx_HAL_Driver/Src/stm32u5xx_hal_sd.c:2356:19:HAL_SD_ConfigWideBusOperation	64	static
C:/Users/kerem/OneDrive/Documents/magic-time - Copy/BLESensorsPnPL/Drivers/STM32U5xx_HAL_Driver/Src/stm32u5xx_hal_sd.c:2521:19:HAL_SD_ConfigSpeedBusOperation	32	static
C:/Users/kerem/OneDrive/Documents/magic-time - Copy/BLESensorsPnPL/Drivers/STM32U5xx_HAL_Driver/Src/stm32u5xx_hal_sd.c:2819:25:HAL_SD_GetCardState	32	static
C:/Users/kerem/OneDrive/Documents/magic-time - Copy/BLESensorsPnPL/Drivers/STM32U5xx_HAL_Driver/Src/stm32u5xx_hal_sd.c:2842:19:HAL_SD_Abort	24	static
C:/Users/kerem/OneDrive/Documents/magic-time - Copy/BLESensorsPnPL/Drivers/STM32U5xx_HAL_Driver/Src/stm32u5xx_hal_sd.c:2938:19:HAL_SD_Abort_IT	24	static
C:/Users/kerem/OneDrive/Documents/magic-time - Copy/BLESensorsPnPL/Drivers/STM32U5xx_HAL_Driver/Src/stm32u5xx_hal_sd.c:2994:17:SD_InitCard	72	static
C:/Users/kerem/OneDrive/Documents/magic-time - Copy/BLESensorsPnPL/Drivers/STM32U5xx_HAL_Driver/Src/stm32u5xx_hal_sd.c:3091:17:SD_PowerON	32	static
C:/Users/kerem/OneDrive/Documents/magic-time - Copy/BLESensorsPnPL/Drivers/STM32U5xx_HAL_Driver/Src/stm32u5xx_hal_sd.c:3260:13:SD_PowerOFF	16	static
C:/Users/kerem/OneDrive/Documents/magic-time - Copy/BLESensorsPnPL/Drivers/STM32U5xx_HAL_Driver/Src/stm32u5xx_hal_sd.c:3273:17:SD_SendSDStatus	56	static
C:/Users/kerem/OneDrive/Documents/magic-time - Copy/BLESensorsPnPL/Drivers/STM32U5xx_HAL_Driver/Src/stm32u5xx_hal_sd.c:3379:17:SD_SendStatus	24	static
C:/Users/kerem/OneDrive/Documents/magic-time - Copy/BLESensorsPnPL/Drivers/STM32U5xx_HAL_Driver/Src/stm32u5xx_hal_sd.c:3406:17:SD_WideBus_Enable	32	static
C:/Users/kerem/OneDrive/Documents/magic-time - Copy/BLESensorsPnPL/Drivers/STM32U5xx_HAL_Driver/Src/stm32u5xx_hal_sd.c:3453:17:SD_WideBus_Disable	32	static
C:/Users/kerem/OneDrive/Documents/magic-time - Copy/BLESensorsPnPL/Drivers/STM32U5xx_HAL_Driver/Src/stm32u5xx_hal_sd.c:3501:17:SD_FindSCR	64	static
C:/Users/kerem/OneDrive/Documents/magic-time - Copy/BLESensorsPnPL/Drivers/STM32U5xx_HAL_Driver/Src/stm32u5xx_hal_sd.c:3596:13:SD_Read_IT	32	static
C:/Users/kerem/OneDrive/Documents/magic-time - Copy/BLESensorsPnPL/Drivers/STM32U5xx_HAL_Driver/Src/stm32u5xx_hal_sd.c:3631:13:SD_Write_IT	32	static
C:/Users/kerem/OneDrive/Documents/magic-time - Copy/BLESensorsPnPL/Drivers/STM32U5xx_HAL_Driver/Src/stm32u5xx_hal_sd.c:3669:10:SD_SwitchSpeed	128	static
C:/Users/kerem/OneDrive/Documents/magic-time - Copy/BLESensorsPnPL/Drivers/STM32U5xx_HAL_Driver/Src/stm32u5xx_hal_sd.c:4034:13:HAL_SDEx_Read_DMALnkLstBufCpltCallback	16	static
C:/Users/kerem/OneDrive/Documents/magic-time - Copy/BLESensorsPnPL/Drivers/STM32U5xx_HAL_Driver/Src/stm32u5xx_hal_sd.c:4048:13:HAL_SDEx_Write_DMALnkLstBufCpltCallback	16	static
