../Core/Src/stm32u5xx_hal_msp.c:82:6:HAL_MspInit	16	static
../Core/Src/stm32u5xx_hal_msp.c:107:6:HAL_ADC_MspInit	48	static
../Core/Src/stm32u5xx_hal_msp.c:143:6:HAL_ADC_MspDeInit	16	static
../Core/Src/stm32u5xx_hal_msp.c:173:6:HAL_MDF_MspInit	160	static
../Core/Src/stm32u5xx_hal_msp.c:345:6:HAL_MDF_MspDeInit	16	static
../Core/Src/stm32u5xx_hal_msp.c:395:6:HAL_DAC_MspInit	248	static
../Core/Src/stm32u5xx_hal_msp.c:440:6:HAL_DAC_MspDeInit	16	static
../Core/Src/stm32u5xx_hal_msp.c:468:6:HAL_I2C_MspInit	272	static
../Core/Src/stm32u5xx_hal_msp.c:644:6:HAL_I2C_MspDeInit	16	static
../Core/Src/stm32u5xx_hal_msp.c:718:6:HAL_RTC_MspInit	224	static
../Core/Src/stm32u5xx_hal_msp.c:754:6:HAL_RTC_MspDeInit	16	static
../Core/Src/stm32u5xx_hal_msp.c:778:6:HAL_SD_MspInit	256	static
../Core/Src/stm32u5xx_hal_msp.c:840:6:HAL_SD_MspDeInit	16	static
../Core/Src/stm32u5xx_hal_msp.c:876:6:HAL_SPI_MspInit	280	static
../Core/Src/stm32u5xx_hal_msp.c:1077:6:HAL_SPI_MspDeInit	16	static
../Core/Src/stm32u5xx_hal_msp.c:1158:6:HAL_TIM_IC_MspInit	48	static
../Core/Src/stm32u5xx_hal_msp.c:1194:6:HAL_TIM_Base_MspInit	24	static
../Core/Src/stm32u5xx_hal_msp.c:1227:6:HAL_TIM_IC_MspDeInit	16	static
../Core/Src/stm32u5xx_hal_msp.c:1255:6:HAL_TIM_Base_MspDeInit	16	static
../Core/Src/stm32u5xx_hal_msp.c:1288:6:HAL_UART_MspInit	264	static
../Core/Src/stm32u5xx_hal_msp.c:1380:6:HAL_UART_MspDeInit	16	static
../Core/Src/stm32u5xx_hal_msp.c:1432:6:HAL_PCD_MspInit	256	static
../Core/Src/stm32u5xx_hal_msp.c:1491:6:HAL_PCD_MspDeInit	16	static
../Core/Src/stm32u5xx_hal_msp.c:1516:6:HAL_SAI_MspInit	248	static
../Core/Src/stm32u5xx_hal_msp.c:1587:6:HAL_SAI_MspDeInit	16	static
