C:/Users/kerem/OneDrive/Documents/bro-to_type/BLEDefaultFw/Drivers/BSP/Components/iis3dwb/iis3dwb_reg.c:49:16:iis3dwb_read_reg	32	static
C:/Users/kerem/OneDrive/Documents/bro-to_type/BLEDefaultFw/Drivers/BSP/Components/iis3dwb/iis3dwb_reg.c:68:16:iis3dwb_write_reg	32	static
C:/Users/kerem/OneDrive/Documents/bro-to_type/BLEDefaultFw/Drivers/BSP/Components/iis3dwb/iis3dwb_reg.c:89:13:bytecpy	16	static
C:/Users/kerem/OneDrive/Documents/bro-to_type/BLEDefaultFw/Drivers/BSP/Components/iis3dwb/iis3dwb_reg.c:109:9:iis3dwb_from_fs2g_to_mg	16	static
C:/Users/kerem/OneDrive/Documents/bro-to_type/BLEDefaultFw/Drivers/BSP/Components/iis3dwb/iis3dwb_reg.c:114:9:iis3dwb_from_fs4g_to_mg	16	static
C:/Users/kerem/OneDrive/Documents/bro-to_type/BLEDefaultFw/Drivers/BSP/Components/iis3dwb/iis3dwb_reg.c:119:9:iis3dwb_from_fs8g_to_mg	16	static
C:/Users/kerem/OneDrive/Documents/bro-to_type/BLEDefaultFw/Drivers/BSP/Components/iis3dwb/iis3dwb_reg.c:124:9:iis3dwb_from_fs16g_to_mg	16	static
C:/Users/kerem/OneDrive/Documents/bro-to_type/BLEDefaultFw/Drivers/BSP/Components/iis3dwb/iis3dwb_reg.c:129:9:iis3dwb_from_lsb_to_celsius	16	static
C:/Users/kerem/OneDrive/Documents/bro-to_type/BLEDefaultFw/Drivers/BSP/Components/iis3dwb/iis3dwb_reg.c:134:9:iis3dwb_from_lsb_to_nsec	16	static
C:/Users/kerem/OneDrive/Documents/bro-to_type/BLEDefaultFw/Drivers/BSP/Components/iis3dwb/iis3dwb_reg.c:160:9:iis3dwb_xl_full_scale_set	24	static
C:/Users/kerem/OneDrive/Documents/bro-to_type/BLEDefaultFw/Drivers/BSP/Components/iis3dwb/iis3dwb_reg.c:185:9:iis3dwb_xl_full_scale_get	24	static
C:/Users/kerem/OneDrive/Documents/bro-to_type/BLEDefaultFw/Drivers/BSP/Components/iis3dwb/iis3dwb_reg.c:226:9:iis3dwb_xl_data_rate_set	24	static
C:/Users/kerem/OneDrive/Documents/bro-to_type/BLEDefaultFw/Drivers/BSP/Components/iis3dwb/iis3dwb_reg.c:251:9:iis3dwb_xl_data_rate_get	24	static
C:/Users/kerem/OneDrive/Documents/bro-to_type/BLEDefaultFw/Drivers/BSP/Components/iis3dwb/iis3dwb_reg.c:284:9:iis3dwb_block_data_update_set	24	static
C:/Users/kerem/OneDrive/Documents/bro-to_type/BLEDefaultFw/Drivers/BSP/Components/iis3dwb/iis3dwb_reg.c:307:9:iis3dwb_block_data_update_get	24	static
C:/Users/kerem/OneDrive/Documents/bro-to_type/BLEDefaultFw/Drivers/BSP/Components/iis3dwb/iis3dwb_reg.c:326:9:iis3dwb_xl_offset_weight_set	24	static
C:/Users/kerem/OneDrive/Documents/bro-to_type/BLEDefaultFw/Drivers/BSP/Components/iis3dwb/iis3dwb_reg.c:351:9:iis3dwb_xl_offset_weight_get	24	static
C:/Users/kerem/OneDrive/Documents/bro-to_type/BLEDefaultFw/Drivers/BSP/Components/iis3dwb/iis3dwb_reg.c:385:9:iis3dwb_xl_axis_selection_set	32	static
C:/Users/kerem/OneDrive/Documents/bro-to_type/BLEDefaultFw/Drivers/BSP/Components/iis3dwb/iis3dwb_reg.c:422:9:iis3dwb_xl_axis_selection_get	32	static
C:/Users/kerem/OneDrive/Documents/bro-to_type/BLEDefaultFw/Drivers/BSP/Components/iis3dwb/iis3dwb_reg.c:483:9:iis3dwb_all_sources_get	24	static
C:/Users/kerem/OneDrive/Documents/bro-to_type/BLEDefaultFw/Drivers/BSP/Components/iis3dwb/iis3dwb_reg.c:512:9:iis3dwb_status_reg_get	24	static
C:/Users/kerem/OneDrive/Documents/bro-to_type/BLEDefaultFw/Drivers/BSP/Components/iis3dwb/iis3dwb_reg.c:528:9:iis3dwb_xl_flag_data_ready_get	24	static
C:/Users/kerem/OneDrive/Documents/bro-to_type/BLEDefaultFw/Drivers/BSP/Components/iis3dwb/iis3dwb_reg.c:548:9:iis3dwb_temp_flag_data_ready_get	24	static
C:/Users/kerem/OneDrive/Documents/bro-to_type/BLEDefaultFw/Drivers/BSP/Components/iis3dwb/iis3dwb_reg.c:569:9:iis3dwb_usr_offset_block_set	24	static
C:/Users/kerem/OneDrive/Documents/bro-to_type/BLEDefaultFw/Drivers/BSP/Components/iis3dwb/iis3dwb_reg.c:593:9:iis3dwb_usr_offset_block_get	24	static
C:/Users/kerem/OneDrive/Documents/bro-to_type/BLEDefaultFw/Drivers/BSP/Components/iis3dwb/iis3dwb_reg.c:613:9:iis3dwb_xl_usr_offset_x_set	24	static
C:/Users/kerem/OneDrive/Documents/bro-to_type/BLEDefaultFw/Drivers/BSP/Components/iis3dwb/iis3dwb_reg.c:630:9:iis3dwb_xl_usr_offset_x_get	24	static
C:/Users/kerem/OneDrive/Documents/bro-to_type/BLEDefaultFw/Drivers/BSP/Components/iis3dwb/iis3dwb_reg.c:647:9:iis3dwb_xl_usr_offset_y_set	24	static
C:/Users/kerem/OneDrive/Documents/bro-to_type/BLEDefaultFw/Drivers/BSP/Components/iis3dwb/iis3dwb_reg.c:664:9:iis3dwb_xl_usr_offset_y_get	24	static
C:/Users/kerem/OneDrive/Documents/bro-to_type/BLEDefaultFw/Drivers/BSP/Components/iis3dwb/iis3dwb_reg.c:681:9:iis3dwb_xl_usr_offset_z_set	24	static
C:/Users/kerem/OneDrive/Documents/bro-to_type/BLEDefaultFw/Drivers/BSP/Components/iis3dwb/iis3dwb_reg.c:698:9:iis3dwb_xl_usr_offset_z_get	24	static
C:/Users/kerem/OneDrive/Documents/bro-to_type/BLEDefaultFw/Drivers/BSP/Components/iis3dwb/iis3dwb_reg.c:725:9:iis3dwb_timestamp_rst	24	static
C:/Users/kerem/OneDrive/Documents/bro-to_type/BLEDefaultFw/Drivers/BSP/Components/iis3dwb/iis3dwb_reg.c:739:9:iis3dwb_timestamp_set	24	static
C:/Users/kerem/OneDrive/Documents/bro-to_type/BLEDefaultFw/Drivers/BSP/Components/iis3dwb/iis3dwb_reg.c:763:9:iis3dwb_timestamp_get	24	static
C:/Users/kerem/OneDrive/Documents/bro-to_type/BLEDefaultFw/Drivers/BSP/Components/iis3dwb/iis3dwb_reg.c:783:9:iis3dwb_timestamp_raw_get	24	static
C:/Users/kerem/OneDrive/Documents/bro-to_type/BLEDefaultFw/Drivers/BSP/Components/iis3dwb/iis3dwb_reg.c:816:9:iis3dwb_rounding_mode_set	24	static
C:/Users/kerem/OneDrive/Documents/bro-to_type/BLEDefaultFw/Drivers/BSP/Components/iis3dwb/iis3dwb_reg.c:840:9:iis3dwb_rounding_mode_get	24	static
C:/Users/kerem/OneDrive/Documents/bro-to_type/BLEDefaultFw/Drivers/BSP/Components/iis3dwb/iis3dwb_reg.c:875:9:iis3dwb_temperature_raw_get	24	static
C:/Users/kerem/OneDrive/Documents/bro-to_type/BLEDefaultFw/Drivers/BSP/Components/iis3dwb/iis3dwb_reg.c:895:9:iis3dwb_acceleration_raw_get	32	static
C:/Users/kerem/OneDrive/Documents/bro-to_type/BLEDefaultFw/Drivers/BSP/Components/iis3dwb/iis3dwb_reg.c:918:9:iis3dwb_fifo_out_raw_get	24	static
C:/Users/kerem/OneDrive/Documents/bro-to_type/BLEDefaultFw/Drivers/BSP/Components/iis3dwb/iis3dwb_reg.c:934:9:iis3dwb_fifo_out_multi_raw_get	32	static
C:/Users/kerem/OneDrive/Documents/bro-to_type/BLEDefaultFw/Drivers/BSP/Components/iis3dwb/iis3dwb_reg.c:954:9:iis3dwb_fifo_sensor_tag_get	24	static
C:/Users/kerem/OneDrive/Documents/bro-to_type/BLEDefaultFw/Drivers/BSP/Components/iis3dwb/iis3dwb_reg.c:1006:9:iis3dwb_odr_cal_reg_set	24	static
C:/Users/kerem/OneDrive/Documents/bro-to_type/BLEDefaultFw/Drivers/BSP/Components/iis3dwb/iis3dwb_reg.c:1033:9:iis3dwb_odr_cal_reg_get	24	static
C:/Users/kerem/OneDrive/Documents/bro-to_type/BLEDefaultFw/Drivers/BSP/Components/iis3dwb/iis3dwb_reg.c:1053:9:iis3dwb_data_ready_mode_set	24	static
C:/Users/kerem/OneDrive/Documents/bro-to_type/BLEDefaultFw/Drivers/BSP/Components/iis3dwb/iis3dwb_reg.c:1080:9:iis3dwb_data_ready_mode_get	24	static
C:/Users/kerem/OneDrive/Documents/bro-to_type/BLEDefaultFw/Drivers/BSP/Components/iis3dwb/iis3dwb_reg.c:1114:9:iis3dwb_device_id_get	24	static
C:/Users/kerem/OneDrive/Documents/bro-to_type/BLEDefaultFw/Drivers/BSP/Components/iis3dwb/iis3dwb_reg.c:1129:9:iis3dwb_reset_set	24	static
C:/Users/kerem/OneDrive/Documents/bro-to_type/BLEDefaultFw/Drivers/BSP/Components/iis3dwb/iis3dwb_reg.c:1152:9:iis3dwb_reset_get	24	static
C:/Users/kerem/OneDrive/Documents/bro-to_type/BLEDefaultFw/Drivers/BSP/Components/iis3dwb/iis3dwb_reg.c:1171:9:iis3dwb_auto_increment_set	24	static
C:/Users/kerem/OneDrive/Documents/bro-to_type/BLEDefaultFw/Drivers/BSP/Components/iis3dwb/iis3dwb_reg.c:1195:9:iis3dwb_auto_increment_get	24	static
C:/Users/kerem/OneDrive/Documents/bro-to_type/BLEDefaultFw/Drivers/BSP/Components/iis3dwb/iis3dwb_reg.c:1213:9:iis3dwb_boot_set	24	static
C:/Users/kerem/OneDrive/Documents/bro-to_type/BLEDefaultFw/Drivers/BSP/Components/iis3dwb/iis3dwb_reg.c:1236:9:iis3dwb_boot_get	24	static
C:/Users/kerem/OneDrive/Documents/bro-to_type/BLEDefaultFw/Drivers/BSP/Components/iis3dwb/iis3dwb_reg.c:1256:9:iis3dwb_xl_self_test_set	24	static
C:/Users/kerem/OneDrive/Documents/bro-to_type/BLEDefaultFw/Drivers/BSP/Components/iis3dwb/iis3dwb_reg.c:1280:9:iis3dwb_xl_self_test_get	24	static
C:/Users/kerem/OneDrive/Documents/bro-to_type/BLEDefaultFw/Drivers/BSP/Components/iis3dwb/iis3dwb_reg.c:1333:9:iis3dwb_filter_settling_mask_set	24	static
C:/Users/kerem/OneDrive/Documents/bro-to_type/BLEDefaultFw/Drivers/BSP/Components/iis3dwb/iis3dwb_reg.c:1358:9:iis3dwb_filter_settling_mask_get	24	static
C:/Users/kerem/OneDrive/Documents/bro-to_type/BLEDefaultFw/Drivers/BSP/Components/iis3dwb/iis3dwb_reg.c:1376:9:iis3dwb_xl_filt_path_on_out_set	32	static
C:/Users/kerem/OneDrive/Documents/bro-to_type/BLEDefaultFw/Drivers/BSP/Components/iis3dwb/iis3dwb_reg.c:1414:9:iis3dwb_xl_filt_path_on_out_get	32	static
C:/Users/kerem/OneDrive/Documents/bro-to_type/BLEDefaultFw/Drivers/BSP/Components/iis3dwb/iis3dwb_reg.c:1517:9:iis3dwb_xl_fast_settling_set	24	static
C:/Users/kerem/OneDrive/Documents/bro-to_type/BLEDefaultFw/Drivers/BSP/Components/iis3dwb/iis3dwb_reg.c:1543:9:iis3dwb_xl_fast_settling_get	24	static
C:/Users/kerem/OneDrive/Documents/bro-to_type/BLEDefaultFw/Drivers/BSP/Components/iis3dwb/iis3dwb_reg.c:1562:9:iis3dwb_xl_hp_path_internal_set	24	static
C:/Users/kerem/OneDrive/Documents/bro-to_type/BLEDefaultFw/Drivers/BSP/Components/iis3dwb/iis3dwb_reg.c:1588:9:iis3dwb_xl_hp_path_internal_get	24	static
C:/Users/kerem/OneDrive/Documents/bro-to_type/BLEDefaultFw/Drivers/BSP/Components/iis3dwb/iis3dwb_reg.c:1634:9:iis3dwb_sdo_sa0_mode_set	24	static
C:/Users/kerem/OneDrive/Documents/bro-to_type/BLEDefaultFw/Drivers/BSP/Components/iis3dwb/iis3dwb_reg.c:1658:9:iis3dwb_sdo_sa0_mode_get	24	static
C:/Users/kerem/OneDrive/Documents/bro-to_type/BLEDefaultFw/Drivers/BSP/Components/iis3dwb/iis3dwb_reg.c:1691:9:iis3dwb_spi_mode_set	24	static
C:/Users/kerem/OneDrive/Documents/bro-to_type/BLEDefaultFw/Drivers/BSP/Components/iis3dwb/iis3dwb_reg.c:1714:9:iis3dwb_spi_mode_get	24	static
C:/Users/kerem/OneDrive/Documents/bro-to_type/BLEDefaultFw/Drivers/BSP/Components/iis3dwb/iis3dwb_reg.c:1746:9:iis3dwb_i2c_interface_set	24	static
C:/Users/kerem/OneDrive/Documents/bro-to_type/BLEDefaultFw/Drivers/BSP/Components/iis3dwb/iis3dwb_reg.c:1770:9:iis3dwb_i2c_interface_get	24	static
C:/Users/kerem/OneDrive/Documents/bro-to_type/BLEDefaultFw/Drivers/BSP/Components/iis3dwb/iis3dwb_reg.c:1816:9:iis3dwb_pin_int1_route_set	32	static
C:/Users/kerem/OneDrive/Documents/bro-to_type/BLEDefaultFw/Drivers/BSP/Components/iis3dwb/iis3dwb_reg.c:1861:9:iis3dwb_pin_int1_route_get	32	static
C:/Users/kerem/OneDrive/Documents/bro-to_type/BLEDefaultFw/Drivers/BSP/Components/iis3dwb/iis3dwb_reg.c:1909:9:iis3dwb_pin_int2_route_set	32	static
C:/Users/kerem/OneDrive/Documents/bro-to_type/BLEDefaultFw/Drivers/BSP/Components/iis3dwb/iis3dwb_reg.c:1955:9:iis3dwb_pin_int2_route_get	32	static
C:/Users/kerem/OneDrive/Documents/bro-to_type/BLEDefaultFw/Drivers/BSP/Components/iis3dwb/iis3dwb_reg.c:2004:9:iis3dwb_pin_mode_set	24	static
C:/Users/kerem/OneDrive/Documents/bro-to_type/BLEDefaultFw/Drivers/BSP/Components/iis3dwb/iis3dwb_reg.c:2027:9:iis3dwb_pin_mode_get	24	static
C:/Users/kerem/OneDrive/Documents/bro-to_type/BLEDefaultFw/Drivers/BSP/Components/iis3dwb/iis3dwb_reg.c:2059:9:iis3dwb_pin_polarity_set	24	static
C:/Users/kerem/OneDrive/Documents/bro-to_type/BLEDefaultFw/Drivers/BSP/Components/iis3dwb/iis3dwb_reg.c:2083:9:iis3dwb_pin_polarity_get	24	static
C:/Users/kerem/OneDrive/Documents/bro-to_type/BLEDefaultFw/Drivers/BSP/Components/iis3dwb/iis3dwb_reg.c:2116:9:iis3dwb_all_on_int1_set	24	static
C:/Users/kerem/OneDrive/Documents/bro-to_type/BLEDefaultFw/Drivers/BSP/Components/iis3dwb/iis3dwb_reg.c:2139:9:iis3dwb_all_on_int1_get	24	static
C:/Users/kerem/OneDrive/Documents/bro-to_type/BLEDefaultFw/Drivers/BSP/Components/iis3dwb/iis3dwb_reg.c:2157:9:iis3dwb_int_notification_set	24	static
C:/Users/kerem/OneDrive/Documents/bro-to_type/BLEDefaultFw/Drivers/BSP/Components/iis3dwb/iis3dwb_reg.c:2181:9:iis3dwb_int_notification_get	24	static
C:/Users/kerem/OneDrive/Documents/bro-to_type/BLEDefaultFw/Drivers/BSP/Components/iis3dwb/iis3dwb_reg.c:2229:9:iis3dwb_wkup_ths_weight_set	24	static
C:/Users/kerem/OneDrive/Documents/bro-to_type/BLEDefaultFw/Drivers/BSP/Components/iis3dwb/iis3dwb_reg.c:2257:9:iis3dwb_wkup_ths_weight_get	24	static
C:/Users/kerem/OneDrive/Documents/bro-to_type/BLEDefaultFw/Drivers/BSP/Components/iis3dwb/iis3dwb_reg.c:2293:9:iis3dwb_wkup_threshold_set	32	static
C:/Users/kerem/OneDrive/Documents/bro-to_type/BLEDefaultFw/Drivers/BSP/Components/iis3dwb/iis3dwb_reg.c:2333:9:iis3dwb_wkup_threshold_get	24	static
C:/Users/kerem/OneDrive/Documents/bro-to_type/BLEDefaultFw/Drivers/BSP/Components/iis3dwb/iis3dwb_reg.c:2352:9:iis3dwb_xl_usr_offset_on_wkup_set	24	static
C:/Users/kerem/OneDrive/Documents/bro-to_type/BLEDefaultFw/Drivers/BSP/Components/iis3dwb/iis3dwb_reg.c:2378:9:iis3dwb_xl_usr_offset_on_wkup_get	24	static
C:/Users/kerem/OneDrive/Documents/bro-to_type/BLEDefaultFw/Drivers/BSP/Components/iis3dwb/iis3dwb_reg.c:2398:9:iis3dwb_wkup_dur_set	24	static
C:/Users/kerem/OneDrive/Documents/bro-to_type/BLEDefaultFw/Drivers/BSP/Components/iis3dwb/iis3dwb_reg.c:2423:9:iis3dwb_wkup_dur_get	24	static
C:/Users/kerem/OneDrive/Documents/bro-to_type/BLEDefaultFw/Drivers/BSP/Components/iis3dwb/iis3dwb_reg.c:2455:9:iis3dwb_act_sleep_dur_set	24	static
C:/Users/kerem/OneDrive/Documents/bro-to_type/BLEDefaultFw/Drivers/BSP/Components/iis3dwb/iis3dwb_reg.c:2480:9:iis3dwb_act_sleep_dur_get	24	static
C:/Users/kerem/OneDrive/Documents/bro-to_type/BLEDefaultFw/Drivers/BSP/Components/iis3dwb/iis3dwb_reg.c:2512:9:iis3dwb_fifo_watermark_set	32	static
C:/Users/kerem/OneDrive/Documents/bro-to_type/BLEDefaultFw/Drivers/BSP/Components/iis3dwb/iis3dwb_reg.c:2545:9:iis3dwb_fifo_watermark_get	32	static
C:/Users/kerem/OneDrive/Documents/bro-to_type/BLEDefaultFw/Drivers/BSP/Components/iis3dwb/iis3dwb_reg.c:2575:9:iis3dwb_fifo_stop_on_wtm_set	24	static
C:/Users/kerem/OneDrive/Documents/bro-to_type/BLEDefaultFw/Drivers/BSP/Components/iis3dwb/iis3dwb_reg.c:2601:9:iis3dwb_fifo_stop_on_wtm_get	24	static
C:/Users/kerem/OneDrive/Documents/bro-to_type/BLEDefaultFw/Drivers/BSP/Components/iis3dwb/iis3dwb_reg.c:2621:9:iis3dwb_fifo_xl_batch_set	24	static
C:/Users/kerem/OneDrive/Documents/bro-to_type/BLEDefaultFw/Drivers/BSP/Components/iis3dwb/iis3dwb_reg.c:2648:9:iis3dwb_fifo_xl_batch_get	24	static
C:/Users/kerem/OneDrive/Documents/bro-to_type/BLEDefaultFw/Drivers/BSP/Components/iis3dwb/iis3dwb_reg.c:2682:9:iis3dwb_fifo_mode_set	24	static
C:/Users/kerem/OneDrive/Documents/bro-to_type/BLEDefaultFw/Drivers/BSP/Components/iis3dwb/iis3dwb_reg.c:2708:9:iis3dwb_fifo_mode_get	24	static
C:/Users/kerem/OneDrive/Documents/bro-to_type/BLEDefaultFw/Drivers/BSP/Components/iis3dwb/iis3dwb_reg.c:2759:9:iis3dwb_fifo_temp_batch_set	24	static
C:/Users/kerem/OneDrive/Documents/bro-to_type/BLEDefaultFw/Drivers/BSP/Components/iis3dwb/iis3dwb_reg.c:2786:9:iis3dwb_fifo_temp_batch_get	24	static
C:/Users/kerem/OneDrive/Documents/bro-to_type/BLEDefaultFw/Drivers/BSP/Components/iis3dwb/iis3dwb_reg.c:2822:9:iis3dwb_fifo_timestamp_batch_set	24	static
C:/Users/kerem/OneDrive/Documents/bro-to_type/BLEDefaultFw/Drivers/BSP/Components/iis3dwb/iis3dwb_reg.c:2851:9:iis3dwb_fifo_timestamp_batch_get	24	static
C:/Users/kerem/OneDrive/Documents/bro-to_type/BLEDefaultFw/Drivers/BSP/Components/iis3dwb/iis3dwb_reg.c:2894:9:iis3dwb_rst_batch_counter_set	24	static
C:/Users/kerem/OneDrive/Documents/bro-to_type/BLEDefaultFw/Drivers/BSP/Components/iis3dwb/iis3dwb_reg.c:2920:9:iis3dwb_rst_batch_counter_get	24	static
C:/Users/kerem/OneDrive/Documents/bro-to_type/BLEDefaultFw/Drivers/BSP/Components/iis3dwb/iis3dwb_reg.c:2940:9:iis3dwb_batch_counter_threshold_set	32	static
C:/Users/kerem/OneDrive/Documents/bro-to_type/BLEDefaultFw/Drivers/BSP/Components/iis3dwb/iis3dwb_reg.c:2975:9:iis3dwb_batch_counter_threshold_get	32	static
C:/Users/kerem/OneDrive/Documents/bro-to_type/BLEDefaultFw/Drivers/BSP/Components/iis3dwb/iis3dwb_reg.c:3006:9:iis3dwb_fifo_data_level_get	32	static
C:/Users/kerem/OneDrive/Documents/bro-to_type/BLEDefaultFw/Drivers/BSP/Components/iis3dwb/iis3dwb_reg.c:3034:9:iis3dwb_fifo_status_get	32	static
