C:/Users/kerem/OneDrive/Documents/bro-to_type/BLEDefaultFw/Drivers/BSP/Components/ilps22qs/ilps22qs_reg.c:48:16:ilps22qs_read_reg	40	static
C:/Users/kerem/OneDrive/Documents/bro-to_type/BLEDefaultFw/Drivers/BSP/Components/ilps22qs/ilps22qs_reg.c:73:16:ilps22qs_write_reg	40	static
C:/Users/kerem/OneDrive/Documents/bro-to_type/BLEDefaultFw/Drivers/BSP/Components/ilps22qs/ilps22qs_reg.c:100:13:bytecpy	16	static
C:/Users/kerem/OneDrive/Documents/bro-to_type/BLEDefaultFw/Drivers/BSP/Components/ilps22qs/ilps22qs_reg.c:120:9:ilps22qs_from_fs1260_to_hPa	16	static
C:/Users/kerem/OneDrive/Documents/bro-to_type/BLEDefaultFw/Drivers/BSP/Components/ilps22qs/ilps22qs_reg.c:125:9:ilps22qs_from_fs4000_to_hPa	16	static
C:/Users/kerem/OneDrive/Documents/bro-to_type/BLEDefaultFw/Drivers/BSP/Components/ilps22qs/ilps22qs_reg.c:130:9:ilps22qs_from_lsb_to_celsius	16	static
C:/Users/kerem/OneDrive/Documents/bro-to_type/BLEDefaultFw/Drivers/BSP/Components/ilps22qs/ilps22qs_reg.c:135:9:ilps22qs_from_lsb_to_mv	16	static
C:/Users/kerem/OneDrive/Documents/bro-to_type/BLEDefaultFw/Drivers/BSP/Components/ilps22qs/ilps22qs_reg.c:161:9:ilps22qs_id_get	24	static
C:/Users/kerem/OneDrive/Documents/bro-to_type/BLEDefaultFw/Drivers/BSP/Components/ilps22qs/ilps22qs_reg.c:180:9:ilps22qs_bus_mode_set	32	static
C:/Users/kerem/OneDrive/Documents/bro-to_type/BLEDefaultFw/Drivers/BSP/Components/ilps22qs/ilps22qs_reg.c:215:9:ilps22qs_bus_mode_get	32	static
C:/Users/kerem/OneDrive/Documents/bro-to_type/BLEDefaultFw/Drivers/BSP/Components/ilps22qs/ilps22qs_reg.c:265:9:ilps22qs_init_set	48	static
C:/Users/kerem/OneDrive/Documents/bro-to_type/BLEDefaultFw/Drivers/BSP/Components/ilps22qs/ilps22qs_reg.c:378:9:ilps22qs_status_get	40	static
C:/Users/kerem/OneDrive/Documents/bro-to_type/BLEDefaultFw/Drivers/BSP/Components/ilps22qs/ilps22qs_reg.c:421:9:ilps22qs_pin_conf_set	24	static
C:/Users/kerem/OneDrive/Documents/bro-to_type/BLEDefaultFw/Drivers/BSP/Components/ilps22qs/ilps22qs_reg.c:446:9:ilps22qs_pin_conf_get	24	static
C:/Users/kerem/OneDrive/Documents/bro-to_type/BLEDefaultFw/Drivers/BSP/Components/ilps22qs/ilps22qs_reg.c:467:9:ilps22qs_all_sources_get	32	static
C:/Users/kerem/OneDrive/Documents/bro-to_type/BLEDefaultFw/Drivers/BSP/Components/ilps22qs/ilps22qs_reg.c:508:9:ilps22qs_mode_set	48	static
C:/Users/kerem/OneDrive/Documents/bro-to_type/BLEDefaultFw/Drivers/BSP/Components/ilps22qs/ilps22qs_reg.c:587:9:ilps22qs_mode_get	40	static
C:/Users/kerem/OneDrive/Documents/bro-to_type/BLEDefaultFw/Drivers/BSP/Components/ilps22qs/ilps22qs_reg.c:709:9:ilps22qs_trigger_sw	24	static
C:/Users/kerem/OneDrive/Documents/bro-to_type/BLEDefaultFw/Drivers/BSP/Components/ilps22qs/ilps22qs_reg.c:734:9:ilps22qs_ah_qvar_en_set	24	static
C:/Users/kerem/OneDrive/Documents/bro-to_type/BLEDefaultFw/Drivers/BSP/Components/ilps22qs/ilps22qs_reg.c:758:9:ilps22qs_ah_qvar_en_get	24	static
C:/Users/kerem/OneDrive/Documents/bro-to_type/BLEDefaultFw/Drivers/BSP/Components/ilps22qs/ilps22qs_reg.c:778:9:ilps22qs_data_get	40	static
C:/Users/kerem/OneDrive/Documents/bro-to_type/BLEDefaultFw/Drivers/BSP/Components/ilps22qs/ilps22qs_reg.c:852:9:ilps22qs_pressure_raw_get	24	static
C:/Users/kerem/OneDrive/Documents/bro-to_type/BLEDefaultFw/Drivers/BSP/Components/ilps22qs/ilps22qs_reg.c:874:9:ilps22qs_temperature_raw_get	24	static
C:/Users/kerem/OneDrive/Documents/bro-to_type/BLEDefaultFw/Drivers/BSP/Components/ilps22qs/ilps22qs_reg.c:895:9:ilps22qs_ah_qvar_data_get	32	static
C:/Users/kerem/OneDrive/Documents/bro-to_type/BLEDefaultFw/Drivers/BSP/Components/ilps22qs/ilps22qs_reg.c:936:9:ilps22qs_fifo_mode_set	32	static
C:/Users/kerem/OneDrive/Documents/bro-to_type/BLEDefaultFw/Drivers/BSP/Components/ilps22qs/ilps22qs_reg.c:979:9:ilps22qs_fifo_mode_get	32	static
C:/Users/kerem/OneDrive/Documents/bro-to_type/BLEDefaultFw/Drivers/BSP/Components/ilps22qs/ilps22qs_reg.c:1029:9:ilps22qs_fifo_level_get	24	static
C:/Users/kerem/OneDrive/Documents/bro-to_type/BLEDefaultFw/Drivers/BSP/Components/ilps22qs/ilps22qs_reg.c:1052:9:ilps22qs_fifo_data_get	48	static
C:/Users/kerem/OneDrive/Documents/bro-to_type/BLEDefaultFw/Drivers/BSP/Components/ilps22qs/ilps22qs_reg.c:1134:9:ilps22qs_interrupt_mode_set	24	static
C:/Users/kerem/OneDrive/Documents/bro-to_type/BLEDefaultFw/Drivers/BSP/Components/ilps22qs/ilps22qs_reg.c:1159:9:ilps22qs_interrupt_mode_get	24	static
C:/Users/kerem/OneDrive/Documents/bro-to_type/BLEDefaultFw/Drivers/BSP/Components/ilps22qs/ilps22qs_reg.c:1180:9:ilps22qs_ah_qvar_disable	24	static
C:/Users/kerem/OneDrive/Documents/bro-to_type/BLEDefaultFw/Drivers/BSP/Components/ilps22qs/ilps22qs_reg.c:1211:9:ilps22qs_int_on_threshold_mode_set	40	static
C:/Users/kerem/OneDrive/Documents/bro-to_type/BLEDefaultFw/Drivers/BSP/Components/ilps22qs/ilps22qs_reg.c:1250:9:ilps22qs_int_on_threshold_mode_get	40	static
C:/Users/kerem/OneDrive/Documents/bro-to_type/BLEDefaultFw/Drivers/BSP/Components/ilps22qs/ilps22qs_reg.c:1294:9:ilps22qs_reference_mode_set	24	static
C:/Users/kerem/OneDrive/Documents/bro-to_type/BLEDefaultFw/Drivers/BSP/Components/ilps22qs/ilps22qs_reg.c:1324:9:ilps22qs_reference_mode_get	24	static
C:/Users/kerem/OneDrive/Documents/bro-to_type/BLEDefaultFw/Drivers/BSP/Components/ilps22qs/ilps22qs_reg.c:1359:9:ilps22qs_opc_set	24	static
C:/Users/kerem/OneDrive/Documents/bro-to_type/BLEDefaultFw/Drivers/BSP/Components/ilps22qs/ilps22qs_reg.c:1380:9:ilps22qs_opc_get	24	static
