../Core/Src/main.c:195:24:cycles_now	1
../Core/Src/main.c:238:13:LED_AllOff	1
../Core/Src/main.c:244:13:LED_ShowTraining	1
../Core/Src/main.c:252:13:LED_ShowHealthy	1
../Core/Src/main.c:258:13:LED_ShowAnomaly	1
../Core/Src/main.c:264:13:process_window	7
../Core/Src/main.c:318:5:main	7
../Core/Src/main.c:454:6:SystemClock_Config	4
../Core/Src/main.c:512:6:PeriphCommonClock_Config	2
../Core/Src/main.c:551:13:SystemPower_Config	1
../Core/Src/main.c:568:13:MX_ADC1_Init	2
../Core/Src/main.c:612:13:MX_ADF1_Init	2
../Core/Src/main.c:675:13:MX_MDF1_Init	2
../Core/Src/main.c:729:13:MX_DAC1_Init	4
../Core/Src/main.c:784:13:MX_GPDMA1_Init	1
../Core/Src/main.c:822:13:MX_I2C1_Init	4
../Core/Src/main.c:870:13:MX_I2C2_Init	4
../Core/Src/main.c:918:13:MX_I2C3_Init	4
../Core/Src/main.c:966:13:MX_ICACHE_Init	3
../Core/Src/main.c:998:13:MX_RTC_Init	3
../Core/Src/main.c:1046:13:MX_SAI1_Init	3
../Core/Src/main.c:1130:13:MX_SDMMC1_SD_Init	2
../Core/Src/main.c:1161:13:MX_SPI1_Init	3
../Core/Src/main.c:1218:13:MX_SPI2_Init	3
../Core/Src/main.c:1275:13:MX_SPI3_Init	3
../Core/Src/main.c:1332:13:MX_TAMP_RTC_Init	3
../Core/Src/main.c:1381:13:MX_TIM3_Init	4
../Core/Src/main.c:1429:13:MX_USART2_UART_Init	5
../Core/Src/main.c:1477:13:MX_USART3_UART_Init	5
../Core/Src/main.c:1525:13:MX_USB_OTG_FS_PCD_Init	2
../Core/Src/main.c:1561:13:MX_GPIO_Init	1
../Core/Src/main.c:1770:20:cs_low	1
../Core/Src/main.c:1771:20:cs_high	1
../Core/Src/main.c:1775:6:HAL_SPI_TxRxCpltCallback	2
../Core/Src/main.c:1781:6:HAL_SPI_ErrorCallback	2
../Core/Src/main.c:1790:26:dhcx_write	1
../Core/Src/main.c:1799:26:dhcx_read_dma	4
../Core/Src/main.c:1845:13:dhcx_init	1
../Core/Src/main.c:1851:16:dhcx_both_ready	2
../Core/Src/main.c:1857:26:dhcx_read_gyro_accel_dma	2
../Core/Src/main.c:1880:6:Error_Handler	1
