C:/Users/kerem/OneDrive/Documents/stm32-prototype/BLESensorsPnPL/Src/main.c:72:5:main	1
C:/Users/kerem/OneDrive/Documents/stm32-prototype/BLESensorsPnPL/Src/main.c:125:6:SystemClock_Config	4
C:/Users/kerem/OneDrive/Documents/stm32-prototype/BLESensorsPnPL/Src/main.c:183:6:PeriphCommonClock_Config	2
C:/Users/kerem/OneDrive/Documents/stm32-prototype/BLESensorsPnPL/Src/main.c:222:13:SystemPower_Config	2
C:/Users/kerem/OneDrive/Documents/stm32-prototype/BLESensorsPnPL/Src/main.c:247:13:MX_CRC_Init	2
C:/Users/kerem/OneDrive/Documents/stm32-prototype/BLESensorsPnPL/Src/main.c:278:13:MX_ICACHE_Init	3
C:/Users/kerem/OneDrive/Documents/stm32-prototype/BLESensorsPnPL/Src/main.c:310:6:MX_TIM1_Init	7
C:/Users/kerem/OneDrive/Documents/stm32-prototype/BLESensorsPnPL/Src/main.c:392:6:Error_Handler	1
