C:/Users/kerem/OneDrive/Documents/stm32-prototype/BLESensorsPnPL/Src/main.c:72:5:main	8	static
C:/Users/kerem/OneDrive/Documents/stm32-prototype/BLESensorsPnPL/Src/main.c:125:6:SystemClock_Config	128	static
C:/Users/kerem/OneDrive/Documents/stm32-prototype/BLESensorsPnPL/Src/main.c:183:6:PeriphCommonClock_Config	208	static
C:/Users/kerem/OneDrive/Documents/stm32-prototype/BLESensorsPnPL/Src/main.c:222:13:SystemPower_Config	8	static
C:/Users/kerem/OneDrive/Documents/stm32-prototype/BLESensorsPnPL/Src/main.c:247:13:MX_CRC_Init	8	static
C:/Users/kerem/OneDrive/Documents/stm32-prototype/BLESensorsPnPL/Src/main.c:278:13:MX_ICACHE_Init	8	static
C:/Users/kerem/OneDrive/Documents/stm32-prototype/BLESensorsPnPL/Src/main.c:310:6:MX_TIM1_Init	104	static
C:/Users/kerem/OneDrive/Documents/stm32-prototype/BLESensorsPnPL/Src/main.c:392:6:Error_Handler	4	static,ignoring_inline_asm
