../Core/Src/main.c:195:24:cycles_now	1
../Core/Src/main.c:260:13:win_reset	1
../Core/Src/main.c:267:13:LED_AllOff	1
../Core/Src/main.c:273:13:LED_ShowTraining	1
../Core/Src/main.c:281:13:LED_ShowHealthy	1
../Core/Src/main.c:287:13:LED_ShowAnomaly	1
../Core/Src/main.c:293:13:process_window	14
../Core/Src/main.c:406:5:main	12
../Core/Src/main.c:582:6:SystemClock_Config	4
../Core/Src/main.c:640:6:PeriphCommonClock_Config	2
../Core/Src/main.c:679:13:SystemPower_Config	1
../Core/Src/main.c:696:13:MX_ADC1_Init	2
../Core/Src/main.c:740:13:MX_ADF1_Init	2
../Core/Src/main.c:803:13:MX_MDF1_Init	2
../Core/Src/main.c:857:13:MX_DAC1_Init	4
../Core/Src/main.c:912:13:MX_GPDMA1_Init	1
../Core/Src/main.c:950:13:MX_I2C1_Init	4
../Core/Src/main.c:998:13:MX_I2C2_Init	4
../Core/Src/main.c:1046:13:MX_I2C3_Init	4
../Core/Src/main.c:1094:13:MX_ICACHE_Init	3
../Core/Src/main.c:1126:13:MX_RTC_Init	3
../Core/Src/main.c:1174:13:MX_SAI1_Init	3
../Core/Src/main.c:1258:13:MX_SDMMC1_SD_Init	2
../Core/Src/main.c:1289:13:MX_SPI1_Init	3
../Core/Src/main.c:1346:13:MX_SPI2_Init	3
../Core/Src/main.c:1403:13:MX_SPI3_Init	3
../Core/Src/main.c:1460:13:MX_TAMP_RTC_Init	3
../Core/Src/main.c:1509:13:MX_TIM3_Init	4
../Core/Src/main.c:1557:13:MX_USART2_UART_Init	5
../Core/Src/main.c:1605:13:MX_USART3_UART_Init	5
../Core/Src/main.c:1653:13:MX_USB_OTG_FS_PCD_Init	2
../Core/Src/main.c:1689:13:MX_GPIO_Init	1
../Core/Src/main.c:1898:20:cs_low	1
../Core/Src/main.c:1899:20:cs_high	1
../Core/Src/main.c:1903:6:HAL_SPI_TxRxCpltCallback	2
../Core/Src/main.c:1909:6:HAL_SPI_ErrorCallback	2
../Core/Src/main.c:1918:26:dhcx_write	1
../Core/Src/main.c:1927:26:dhcx_read_dma	4
../Core/Src/main.c:1973:13:dhcx_init	1
../Core/Src/main.c:1979:16:dhcx_both_ready	2
../Core/Src/main.c:1985:26:dhcx_read_gyro_accel_dma	2
../Core/Src/main.c:2008:6:Error_Handler	1
