C:/Users/kerem/OneDrive/Documents/magic-time/BLESensorsPnPL/Src/app_model.c:55:13:getAppModel	4	static
C:/Users/kerem/OneDrive/Documents/magic-time/BLESensorsPnPL/Src/app_model.c:63:9:environmental_comp_init	8	static
C:/Users/kerem/OneDrive/Documents/magic-time/BLESensorsPnPL/Src/app_model.c:70:7:environmental_get_key	4	static
C:/Users/kerem/OneDrive/Documents/magic-time/BLESensorsPnPL/Src/app_model.c:75:9:environmental_get_samplerate	16	static
C:/Users/kerem/OneDrive/Documents/magic-time/BLESensorsPnPL/Src/app_model.c:81:9:environmental_set_samplerate	24	static
C:/Users/kerem/OneDrive/Documents/magic-time/BLESensorsPnPL/Src/app_model.c:123:9:inertial_comp_init	8	static
C:/Users/kerem/OneDrive/Documents/magic-time/BLESensorsPnPL/Src/app_model.c:130:7:inertial_get_key	4	static
C:/Users/kerem/OneDrive/Documents/magic-time/BLESensorsPnPL/Src/app_model.c:135:9:inertial_get_samplerate	16	static
C:/Users/kerem/OneDrive/Documents/magic-time/BLESensorsPnPL/Src/app_model.c:141:9:inertial_get_change_acc	16	static
C:/Users/kerem/OneDrive/Documents/magic-time/BLESensorsPnPL/Src/app_model.c:154:9:inertial_set_samplerate	24	static
C:/Users/kerem/OneDrive/Documents/magic-time/BLESensorsPnPL/Src/app_model.c:194:9:inertial_set_change_acc	16	static
C:/Users/kerem/OneDrive/Documents/magic-time/BLESensorsPnPL/Src/app_model.c:211:9:control_comp_init	8	static
C:/Users/kerem/OneDrive/Documents/magic-time/BLESensorsPnPL/Src/app_model.c:218:7:control_get_key	4	static
C:/Users/kerem/OneDrive/Documents/magic-time/BLESensorsPnPL/Src/app_model.c:223:9:control_get_fw_status	16	static
C:/Users/kerem/OneDrive/Documents/magic-time/BLESensorsPnPL/Src/app_model.c:239:9:control_pause_resume	104	static
C:/Users/kerem/OneDrive/Documents/magic-time/BLESensorsPnPL/Src/app_model.c:307:9:configuration_comp_init	8	static
C:/Users/kerem/OneDrive/Documents/magic-time/BLESensorsPnPL/Src/app_model.c:314:7:configuration_get_key	4	static
C:/Users/kerem/OneDrive/Documents/magic-time/BLESensorsPnPL/Src/app_model.c:319:9:configuration_get_version_fw	32	static
C:/Users/kerem/OneDrive/Documents/magic-time/BLESensorsPnPL/Src/app_model.c:332:9:configuration_get_board_name	16	static
C:/Users/kerem/OneDrive/Documents/magic-time/BLESensorsPnPL/Src/app_model.c:340:9:configuration_set_board_name	40	static
C:/Users/kerem/OneDrive/Documents/magic-time/BLESensorsPnPL/Src/app_model.c:358:9:DeviceInformation_comp_init	4	static
C:/Users/kerem/OneDrive/Documents/magic-time/BLESensorsPnPL/Src/app_model.c:364:7:DeviceInformation_get_key	4	static
C:/Users/kerem/OneDrive/Documents/magic-time/BLESensorsPnPL/Src/app_model.c:369:9:DeviceInformation_get_manufacturer	16	static
C:/Users/kerem/OneDrive/Documents/magic-time/BLESensorsPnPL/Src/app_model.c:378:9:DeviceInformation_get_model	16	static
C:/Users/kerem/OneDrive/Documents/magic-time/BLESensorsPnPL/Src/app_model.c:387:9:DeviceInformation_get_swVersion	32	static
C:/Users/kerem/OneDrive/Documents/magic-time/BLESensorsPnPL/Src/app_model.c:400:9:DeviceInformation_get_osName	16	static
C:/Users/kerem/OneDrive/Documents/magic-time/BLESensorsPnPL/Src/app_model.c:408:9:DeviceInformation_get_processorArchitecture	16	static
C:/Users/kerem/OneDrive/Documents/magic-time/BLESensorsPnPL/Src/app_model.c:416:9:DeviceInformation_get_processorManufacturer	16	static
C:/Users/kerem/OneDrive/Documents/magic-time/BLESensorsPnPL/Src/app_model.c:424:9:DeviceInformation_get_totalStorage	16	static
C:/Users/kerem/OneDrive/Documents/magic-time/BLESensorsPnPL/Src/app_model.c:430:9:DeviceInformation_get_totalMemory	16	static
