C:/Users/kerem/OneDrive/Documents/magic-time/BLESensorsPnPL/Src/main.c:72:13:MX_GPDMA1_Init	16	static
C:/Users/kerem/OneDrive/Documents/magic-time/BLESensorsPnPL/Src/main.c:111:5:main	8	static
C:/Users/kerem/OneDrive/Documents/magic-time/BLESensorsPnPL/Src/main.c:168:6:SystemClock_Config	128	static
C:/Users/kerem/OneDrive/Documents/magic-time/BLESensorsPnPL/Src/main.c:226:6:PeriphCommonClock_Config	208	static
C:/Users/kerem/OneDrive/Documents/magic-time/BLESensorsPnPL/Src/main.c:265:13:SystemPower_Config	8	static
C:/Users/kerem/OneDrive/Documents/magic-time/BLESensorsPnPL/Src/main.c:290:13:MX_CRC_Init	8	static
C:/Users/kerem/OneDrive/Documents/magic-time/BLESensorsPnPL/Src/main.c:321:13:MX_ICACHE_Init	8	static
C:/Users/kerem/OneDrive/Documents/magic-time/BLESensorsPnPL/Src/main.c:353:6:MX_TIM1_Init	104	static
C:/Users/kerem/OneDrive/Documents/magic-time/BLESensorsPnPL/Src/main.c:435:6:Error_Handler	4	static,ignoring_inline_asm
