C:/Users/kerem/OneDrive/Documents/magic-time/BLESensorsPnPL/Src/main.c:72:13:MX_GPDMA1_Init	1
C:/Users/kerem/OneDrive/Documents/magic-time/BLESensorsPnPL/Src/main.c:111:5:main	1
C:/Users/kerem/OneDrive/Documents/magic-time/BLESensorsPnPL/Src/main.c:168:6:SystemClock_Config	4
C:/Users/kerem/OneDrive/Documents/magic-time/BLESensorsPnPL/Src/main.c:226:6:PeriphCommonClock_Config	2
C:/Users/kerem/OneDrive/Documents/magic-time/BLESensorsPnPL/Src/main.c:265:13:SystemPower_Config	2
C:/Users/kerem/OneDrive/Documents/magic-time/BLESensorsPnPL/Src/main.c:290:13:MX_CRC_Init	2
C:/Users/kerem/OneDrive/Documents/magic-time/BLESensorsPnPL/Src/main.c:321:13:MX_ICACHE_Init	3
C:/Users/kerem/OneDrive/Documents/magic-time/BLESensorsPnPL/Src/main.c:353:6:MX_TIM1_Init	7
C:/Users/kerem/OneDrive/Documents/magic-time/BLESensorsPnPL/Src/main.c:435:6:Error_Handler	1
