C:/Users/kerem/OneDrive/Documents/magic-time - Copy/BLESensorsPnPL/Src/control_pn_p_l.c:72:19:Control_PnPLAlloc	16	static
C:/Users/kerem/OneDrive/Documents/magic-time - Copy/BLESensorsPnPL/Src/control_pn_p_l.c:82:9:Control_PnPLInit	24	static
C:/Users/kerem/OneDrive/Documents/magic-time - Copy/BLESensorsPnPL/Src/control_pn_p_l.c:93:7:Control_PnPL_vtblGetKey	16	static
C:/Users/kerem/OneDrive/Documents/magic-time - Copy/BLESensorsPnPL/Src/control_pn_p_l.c:98:9:Control_PnPL_vtblGetNCommands	16	static
C:/Users/kerem/OneDrive/Documents/magic-time - Copy/BLESensorsPnPL/Src/control_pn_p_l.c:103:7:Control_PnPL_vtblGetCommandKey	16	static
C:/Users/kerem/OneDrive/Documents/magic-time - Copy/BLESensorsPnPL/Src/control_pn_p_l.c:114:9:Control_PnPL_vtblGetStatus	40	static
C:/Users/kerem/OneDrive/Documents/magic-time - Copy/BLESensorsPnPL/Src/control_pn_p_l.c:144:9:Control_PnPL_vtblSetProperty	16	static
C:/Users/kerem/OneDrive/Documents/magic-time - Copy/BLESensorsPnPL/Src/control_pn_p_l.c:149:9:Control_PnPL_vtblExecuteFunction	32	static
