../Application/User/dhcx_dma_pipe.c:270:20:dhcx_cs_low	8	static
../Application/User/dhcx_dma_pipe.c:277:20:dhcx_cs_high	8	static
../Application/User/dhcx_dma_pipe.c:288:6:HAL_SPI_TxRxCpltCallback	16	static
../Application/User/dhcx_dma_pipe.c:297:6:HAL_SPI_ErrorCallback	16	static
../Application/User/dhcx_dma_pipe.c:317:13:DHCX_SPI2_DMA_Init	16	static
../Application/User/dhcx_dma_pipe.c:389:26:dhcx_write	24	static
../Application/User/dhcx_dma_pipe.c:408:27:dhcx_read_blocking	88	static
../Application/User/dhcx_dma_pipe.c:443:27:dhcx_read_dma	24	static
../Application/User/dhcx_dma_pipe.c:539:16:dhcx_both_ready	16	static
../Application/User/dhcx_dma_pipe.c:550:26:dhcx_read_gyro_accel_dma	32	static
../Application/User/dhcx_dma_pipe.c:583:13:DHCX_SD_AppendWindow	56	static
../Application/User/dhcx_dma_pipe.c:701:13:DHCX_SD_LoadNextWindowForReplay	32	static
../Application/User/dhcx_dma_pipe.c:842:6:DHCX_Pipeline_Init	16	static
../Application/User/dhcx_dma_pipe.c:895:6:DHCX_Pipeline_Step	136	static
