C:/Users/kerem/OneDrive/Documents/magic-time - Copy/BLESensorsPnPL/Src/steval_stwinbx1_bus.c:115:9:BSP_SPI2_Init	16	static
C:/Users/kerem/OneDrive/Documents/magic-time - Copy/BLESensorsPnPL/Src/steval_stwinbx1_bus.c:156:9:BSP_SPI2_DeInit	16	static
C:/Users/kerem/OneDrive/Documents/magic-time - Copy/BLESensorsPnPL/Src/steval_stwinbx1_bus.c:182:9:BSP_SPI2_Send	24	static
C:/Users/kerem/OneDrive/Documents/magic-time - Copy/BLESensorsPnPL/Src/steval_stwinbx1_bus.c:199:10:BSP_SPI2_Recv	24	static
C:/Users/kerem/OneDrive/Documents/magic-time - Copy/BLESensorsPnPL/Src/steval_stwinbx1_bus.c:216:9:BSP_SPI2_SendRecv	40	static
C:/Users/kerem/OneDrive/Documents/magic-time - Copy/BLESensorsPnPL/Src/steval_stwinbx1_bus.c:233:9:BSP_SPI2_Send_DMA	24	static
C:/Users/kerem/OneDrive/Documents/magic-time - Copy/BLESensorsPnPL/Src/steval_stwinbx1_bus.c:250:10:BSP_SPI2_Recv_DMA	24	static
C:/Users/kerem/OneDrive/Documents/magic-time - Copy/BLESensorsPnPL/Src/steval_stwinbx1_bus.c:267:9:BSP_SPI2_SendRecv_DMA	32	static
C:/Users/kerem/OneDrive/Documents/magic-time - Copy/BLESensorsPnPL/Src/steval_stwinbx1_bus.c:285:9:BSP_I2C2_Init	16	static
C:/Users/kerem/OneDrive/Documents/magic-time - Copy/BLESensorsPnPL/Src/steval_stwinbx1_bus.c:333:9:BSP_I2C2_DeInit	16	static
C:/Users/kerem/OneDrive/Documents/magic-time - Copy/BLESensorsPnPL/Src/steval_stwinbx1_bus.c:361:9:BSP_I2C2_IsReady	24	static
C:/Users/kerem/OneDrive/Documents/magic-time - Copy/BLESensorsPnPL/Src/steval_stwinbx1_bus.c:382:9:BSP_I2C2_WriteReg	48	static
C:/Users/kerem/OneDrive/Documents/magic-time - Copy/BLESensorsPnPL/Src/steval_stwinbx1_bus.c:408:10:BSP_I2C2_ReadReg	48	static
C:/Users/kerem/OneDrive/Documents/magic-time - Copy/BLESensorsPnPL/Src/steval_stwinbx1_bus.c:436:9:BSP_I2C2_WriteReg16	48	static
C:/Users/kerem/OneDrive/Documents/magic-time - Copy/BLESensorsPnPL/Src/steval_stwinbx1_bus.c:461:10:BSP_I2C2_ReadReg16	48	static
C:/Users/kerem/OneDrive/Documents/magic-time - Copy/BLESensorsPnPL/Src/steval_stwinbx1_bus.c:486:9:BSP_I2C2_Send	32	static
C:/Users/kerem/OneDrive/Documents/magic-time - Copy/BLESensorsPnPL/Src/steval_stwinbx1_bus.c:511:9:BSP_I2C2_Recv	32	static
C:/Users/kerem/OneDrive/Documents/magic-time - Copy/BLESensorsPnPL/Src/steval_stwinbx1_bus.c:535:9:BSP_SPI3_Init	16	static
C:/Users/kerem/OneDrive/Documents/magic-time - Copy/BLESensorsPnPL/Src/steval_stwinbx1_bus.c:576:9:BSP_SPI3_DeInit	16	static
C:/Users/kerem/OneDrive/Documents/magic-time - Copy/BLESensorsPnPL/Src/steval_stwinbx1_bus.c:602:9:BSP_SPI3_Send	24	static
C:/Users/kerem/OneDrive/Documents/magic-time - Copy/BLESensorsPnPL/Src/steval_stwinbx1_bus.c:619:10:BSP_SPI3_Recv	24	static
C:/Users/kerem/OneDrive/Documents/magic-time - Copy/BLESensorsPnPL/Src/steval_stwinbx1_bus.c:636:9:BSP_SPI3_SendRecv	40	static
C:/Users/kerem/OneDrive/Documents/magic-time - Copy/BLESensorsPnPL/Src/steval_stwinbx1_bus.c:811:9:BSP_GetTick	8	static
C:/Users/kerem/OneDrive/Documents/magic-time - Copy/BLESensorsPnPL/Src/steval_stwinbx1_bus.c:817:26:MX_SPI2_Init	32	static
C:/Users/kerem/OneDrive/Documents/magic-time - Copy/BLESensorsPnPL/Src/steval_stwinbx1_bus.c:862:13:SPI2_MspInit	256	static
C:/Users/kerem/OneDrive/Documents/magic-time - Copy/BLESensorsPnPL/Src/steval_stwinbx1_bus.c:957:13:SPI2_MspDeInit	16	static
C:/Users/kerem/OneDrive/Documents/magic-time - Copy/BLESensorsPnPL/Src/steval_stwinbx1_bus.c:990:26:MX_SPI3_Init	32	static
C:/Users/kerem/OneDrive/Documents/magic-time - Copy/BLESensorsPnPL/Src/steval_stwinbx1_bus.c:1033:13:SPI3_MspInit	256	static
C:/Users/kerem/OneDrive/Documents/magic-time - Copy/BLESensorsPnPL/Src/steval_stwinbx1_bus.c:1092:13:SPI3_MspDeInit	16	static
C:/Users/kerem/OneDrive/Documents/magic-time - Copy/BLESensorsPnPL/Src/steval_stwinbx1_bus.c:1121:26:MX_I2C2_Init	24	static
C:/Users/kerem/OneDrive/Documents/magic-time - Copy/BLESensorsPnPL/Src/steval_stwinbx1_bus.c:1152:13:I2C2_MspInit	256	static
C:/Users/kerem/OneDrive/Documents/magic-time - Copy/BLESensorsPnPL/Src/steval_stwinbx1_bus.c:1199:13:I2C2_MspDeInit	16	static
