../Core/Src/main.c:261:13:uart_print	1
../Core/Src/main.c:267:5:_write	1
../Core/Src/main.c:282:5:main	3
../Core/Src/main.c:392:6:SystemClock_Config	4
../Core/Src/main.c:450:6:PeriphCommonClock_Config	2
../Core/Src/main.c:489:13:SystemPower_Config	1
../Core/Src/main.c:506:13:MX_ADC1_Init	2
../Core/Src/main.c:550:13:MX_ADF1_Init	2
../Core/Src/main.c:613:13:MX_MDF1_Init	2
../Core/Src/main.c:667:13:MX_DAC1_Init	4
../Core/Src/main.c:722:13:MX_GPDMA1_Init	1
../Core/Src/main.c:760:13:MX_I2C1_Init	4
../Core/Src/main.c:808:13:MX_I2C2_Init	4
../Core/Src/main.c:856:13:MX_I2C3_Init	4
../Core/Src/main.c:904:13:MX_ICACHE_Init	3
../Core/Src/main.c:936:13:MX_RTC_Init	3
../Core/Src/main.c:984:13:MX_SAI1_Init	3
../Core/Src/main.c:1068:13:MX_SDMMC1_SD_Init	2
../Core/Src/main.c:1099:13:MX_SPI1_Init	3
../Core/Src/main.c:1156:13:MX_SPI2_Init	3
../Core/Src/main.c:1213:13:MX_SPI3_Init	3
../Core/Src/main.c:1270:13:MX_TAMP_RTC_Init	3
../Core/Src/main.c:1319:13:MX_TIM3_Init	4
../Core/Src/main.c:1367:13:MX_USART2_UART_Init	5
../Core/Src/main.c:1415:13:MX_USART3_UART_Init	5
../Core/Src/main.c:1463:13:MX_USB_OTG_FS_PCD_Init	2
../Core/Src/main.c:1499:13:MX_GPIO_Init	1
../Core/Src/main.c:1701:13:iis3dwb_set_scale_from_fs	5
../Core/Src/main.c:1713:13:iis3dwb_config_startup	1
../Core/Src/main.c:1745:16:iis3dwb_rd8	2
../Core/Src/main.c:1756:13:iis3dwb_readback_cfg	1
../Core/Src/main.c:1773:13:iis3dwb_init_sequence	1
../Core/Src/main.c:1786:26:iis3dwb_read	4
../Core/Src/main.c:1812:26:iis3dwb_write	5
../Core/Src/main.c:1830:26:iis3dwb_read_blocking	2
../Core/Src/main.c:1843:13:iis3dwb_reach_test	4
../Core/Src/main.c:1865:13:iis3dwb_set_scale	5
../Core/Src/main.c:1878:16:iis3dwb_data_ready	2
../Core/Src/main.c:1886:26:iis3dwb_read_axes	2
../Core/Src/main.c:1903:13:print_g3_from_ug	2
../Core/Src/main.c:1913:13:dbg_clear_snap	2
../Core/Src/main.c:1920:13:dbg_capture_tx	5
../Core/Src/main.c:1930:13:dbg_capture_rx	2
../Core/Src/main.c:1937:20:CS_DWB_Low	1
../Core/Src/main.c:1942:20:CS_DWB_High	1
../Core/Src/main.c:1949:13:dbg_update_regs	1
../Core/Src/main.c:1959:13:dbg_probe_once	4
../Core/Src/main.c:1976:6:HAL_SPI_TxRxCpltCallback	2
../Core/Src/main.c:1984:6:HAL_SPI_TxCpltCallback	2
../Core/Src/main.c:1992:6:HAL_SPI_ErrorCallback	2
../Core/Src/main.c:2026:6:Error_Handler	1
