C:/Users/kerem/OneDrive/Documents/magic-time - Copy/BLESensorsPnPL/Src/ble_function.c:80:6:set_board_name	8	static
C:/Users/kerem/OneDrive/Documents/magic-time - Copy/BLESensorsPnPL/Src/ble_function.c:90:6:ble_set_custom_advertise_data	16	static
C:/Users/kerem/OneDrive/Documents/magic-time - Copy/BLESensorsPnPL/Src/ble_function.c:105:10:debug_console_parsing	24	static
C:/Users/kerem/OneDrive/Documents/magic-time - Copy/BLESensorsPnPL/Src/ble_function.c:142:10:DebugConsoleCommandParsing	120	static
C:/Users/kerem/OneDrive/Documents/magic-time - Copy/BLESensorsPnPL/Src/ble_function.c:288:6:disconnection_completed_function	8	static
C:/Users/kerem/OneDrive/Documents/magic-time - Copy/BLESensorsPnPL/Src/ble_function.c:363:6:connection_completed_function	16	static
C:/Users/kerem/OneDrive/Documents/magic-time - Copy/BLESensorsPnPL/Src/ble_function.c:388:6:mtu_exchange_resp_event_function	16	static
C:/Users/kerem/OneDrive/Documents/magic-time - Copy/BLESensorsPnPL/Src/ble_function.c:402:6:aci_gatt_tx_pool_available_event_function	8	static
C:/Users/kerem/OneDrive/Documents/magic-time - Copy/BLESensorsPnPL/Src/ble_function.c:414:14:PnPLikeEncapsulate	32	static
C:/Users/kerem/OneDrive/Documents/magic-time - Copy/BLESensorsPnPL/Src/ble_function.c:453:6:PnPLikeSendChunckData	16	static
C:/Users/kerem/OneDrive/Documents/magic-time - Copy/BLESensorsPnPL/Src/ble_function.c:489:6:notify_event_battery	24	static
C:/Users/kerem/OneDrive/Documents/magic-time - Copy/BLESensorsPnPL/Src/ble_function.c:528:6:notify_event_env	24	static
C:/Users/kerem/OneDrive/Documents/magic-time - Copy/BLESensorsPnPL/Src/ble_function.c:593:6:notify_event_inertial	24	static
C:/Users/kerem/OneDrive/Documents/magic-time - Copy/BLESensorsPnPL/Src/ble_function.c:658:6:notify_event_pn_p_like	16	static
C:/Users/kerem/OneDrive/Documents/magic-time - Copy/BLESensorsPnPL/Src/ble_function.c:672:6:write_request_pn_p_like_function	96	static
C:/Users/kerem/OneDrive/Documents/magic-time - Copy/BLESensorsPnPL/Src/ble_function.c:702:6:read_request_env_function	32	static
C:/Users/kerem/OneDrive/Documents/magic-time - Copy/BLESensorsPnPL/Src/ble_function.c:717:6:EnableDisableDualBoot	64	static
C:/Users/kerem/OneDrive/Documents/magic-time - Copy/BLESensorsPnPL/Src/ble_function.c:778:6:ext_ext_config_uid_command_callback	16	static
C:/Users/kerem/OneDrive/Documents/magic-time - Copy/BLESensorsPnPL/Src/ble_function.c:788:6:ext_config_version_fw_command_callback	32	static
C:/Users/kerem/OneDrive/Documents/magic-time - Copy/BLESensorsPnPL/Src/ble_function.c:803:6:ext_config_info_command_callback	72	static
C:/Users/kerem/OneDrive/Documents/magic-time - Copy/BLESensorsPnPL/Src/ble_function.c:833:6:ext_config_help_command_callback	16	static
C:/Users/kerem/OneDrive/Documents/magic-time - Copy/BLESensorsPnPL/Src/ble_function.c:843:6:ext_config_set_name_command_callback	16	static
C:/Users/kerem/OneDrive/Documents/magic-time - Copy/BLESensorsPnPL/Src/ble_function.c:860:6:ext_config_read_banks_fw_id_command_callback	24	static
C:/Users/kerem/OneDrive/Documents/magic-time - Copy/BLESensorsPnPL/Src/ble_function.c:871:6:ext_config_banks_swap_command_callback	16	static
