C:/Users/kerem/OneDrive/Documents/magic-time - Copy/BLESensorsPnPL/Src/main.c:120:5:main	32	static
C:/Users/kerem/OneDrive/Documents/magic-time - Copy/BLESensorsPnPL/Src/main.c:249:6:SystemClock_Config	128	static
C:/Users/kerem/OneDrive/Documents/magic-time - Copy/BLESensorsPnPL/Src/main.c:307:6:PeriphCommonClock_Config	208	static
C:/Users/kerem/OneDrive/Documents/magic-time - Copy/BLESensorsPnPL/Src/main.c:346:13:SystemPower_Config	8	static
C:/Users/kerem/OneDrive/Documents/magic-time - Copy/BLESensorsPnPL/Src/main.c:371:13:MX_CRC_Init	8	static
C:/Users/kerem/OneDrive/Documents/magic-time - Copy/BLESensorsPnPL/Src/main.c:425:13:MX_SDMMC1_SD_Init_Simple	8	static
C:/Users/kerem/OneDrive/Documents/magic-time - Copy/BLESensorsPnPL/Src/main.c:479:13:MX_ICACHE_Init	8	static
C:/Users/kerem/OneDrive/Documents/magic-time - Copy/BLESensorsPnPL/Src/main.c:511:6:MX_TIM1_Init	104	static
C:/Users/kerem/OneDrive/Documents/magic-time - Copy/BLESensorsPnPL/Src/main.c:591:6:SD_Debug_TestWrite	576	static
C:/Users/kerem/OneDrive/Documents/magic-time - Copy/BLESensorsPnPL/Src/main.c:697:6:DHCX_SD_EnsureFileOpen	32	static
C:/Users/kerem/OneDrive/Documents/magic-time - Copy/BLESensorsPnPL/Src/main.c:745:6:Error_Handler	4	static,ignoring_inline_asm
