C:/Users/kerem/OneDrive/Documents/magic-time - Copy/BLESensorsPnPL/Src/stm32u5xx_it.c:85:6:NMI_Handler	4	static
C:/Users/kerem/OneDrive/Documents/magic-time - Copy/BLESensorsPnPL/Src/stm32u5xx_it.c:100:6:HardFault_Handler	4	static
C:/Users/kerem/OneDrive/Documents/magic-time - Copy/BLESensorsPnPL/Src/stm32u5xx_it.c:118:6:MemManage_Handler	4	static
C:/Users/kerem/OneDrive/Documents/magic-time - Copy/BLESensorsPnPL/Src/stm32u5xx_it.c:133:6:BusFault_Handler	4	static
C:/Users/kerem/OneDrive/Documents/magic-time - Copy/BLESensorsPnPL/Src/stm32u5xx_it.c:150:6:SDMMC1_IRQHandler	8	static
C:/Users/kerem/OneDrive/Documents/magic-time - Copy/BLESensorsPnPL/Src/stm32u5xx_it.c:161:6:UsageFault_Handler	4	static
C:/Users/kerem/OneDrive/Documents/magic-time - Copy/BLESensorsPnPL/Src/stm32u5xx_it.c:176:6:SVC_Handler	4	static
C:/Users/kerem/OneDrive/Documents/magic-time - Copy/BLESensorsPnPL/Src/stm32u5xx_it.c:189:6:DebugMon_Handler	4	static
C:/Users/kerem/OneDrive/Documents/magic-time - Copy/BLESensorsPnPL/Src/stm32u5xx_it.c:202:6:PendSV_Handler	4	static
C:/Users/kerem/OneDrive/Documents/magic-time - Copy/BLESensorsPnPL/Src/stm32u5xx_it.c:215:6:SysTick_Handler	8	static
C:/Users/kerem/OneDrive/Documents/magic-time - Copy/BLESensorsPnPL/Src/stm32u5xx_it.c:236:6:EXTI0_IRQHandler	8	static
C:/Users/kerem/OneDrive/Documents/magic-time - Copy/BLESensorsPnPL/Src/stm32u5xx_it.c:250:6:EXTI1_IRQHandler	8	static
C:/Users/kerem/OneDrive/Documents/magic-time - Copy/BLESensorsPnPL/Src/stm32u5xx_it.c:264:6:EXTI2_IRQHandler	8	static
C:/Users/kerem/OneDrive/Documents/magic-time - Copy/BLESensorsPnPL/Src/stm32u5xx_it.c:278:6:EXTI3_IRQHandler	8	static
C:/Users/kerem/OneDrive/Documents/magic-time - Copy/BLESensorsPnPL/Src/stm32u5xx_it.c:292:6:EXTI4_IRQHandler	8	static
C:/Users/kerem/OneDrive/Documents/magic-time - Copy/BLESensorsPnPL/Src/stm32u5xx_it.c:306:6:EXTI5_IRQHandler	8	static
C:/Users/kerem/OneDrive/Documents/magic-time - Copy/BLESensorsPnPL/Src/stm32u5xx_it.c:320:6:EXTI6_IRQHandler	8	static
C:/Users/kerem/OneDrive/Documents/magic-time - Copy/BLESensorsPnPL/Src/stm32u5xx_it.c:334:6:EXTI7_IRQHandler	8	static
C:/Users/kerem/OneDrive/Documents/magic-time - Copy/BLESensorsPnPL/Src/stm32u5xx_it.c:348:6:EXTI8_IRQHandler	8	static
C:/Users/kerem/OneDrive/Documents/magic-time - Copy/BLESensorsPnPL/Src/stm32u5xx_it.c:362:6:EXTI9_IRQHandler	8	static
C:/Users/kerem/OneDrive/Documents/magic-time - Copy/BLESensorsPnPL/Src/stm32u5xx_it.c:376:6:EXTI10_IRQHandler	8	static
C:/Users/kerem/OneDrive/Documents/magic-time - Copy/BLESensorsPnPL/Src/stm32u5xx_it.c:390:6:EXTI11_IRQHandler	8	static
C:/Users/kerem/OneDrive/Documents/magic-time - Copy/BLESensorsPnPL/Src/stm32u5xx_it.c:404:6:EXTI13_IRQHandler	8	static
C:/Users/kerem/OneDrive/Documents/magic-time - Copy/BLESensorsPnPL/Src/stm32u5xx_it.c:418:6:EXTI14_IRQHandler	8	static
C:/Users/kerem/OneDrive/Documents/magic-time - Copy/BLESensorsPnPL/Src/stm32u5xx_it.c:432:6:GPDMA1_Channel0_IRQHandler	4	static
C:/Users/kerem/OneDrive/Documents/magic-time - Copy/BLESensorsPnPL/Src/stm32u5xx_it.c:444:6:GPDMA1_Channel1_IRQHandler	8	static
C:/Users/kerem/OneDrive/Documents/magic-time - Copy/BLESensorsPnPL/Src/stm32u5xx_it.c:462:6:GPDMA1_Channel2_IRQHandler	8	static
C:/Users/kerem/OneDrive/Documents/magic-time - Copy/BLESensorsPnPL/Src/stm32u5xx_it.c:476:6:GPDMA1_Channel3_IRQHandler	4	static
C:/Users/kerem/OneDrive/Documents/magic-time - Copy/BLESensorsPnPL/Src/stm32u5xx_it.c:505:6:GPDMA1_Channel4_IRQHandler	4	static
C:/Users/kerem/OneDrive/Documents/magic-time - Copy/BLESensorsPnPL/Src/stm32u5xx_it.c:518:6:GPDMA1_Channel5_IRQHandler	4	static
C:/Users/kerem/OneDrive/Documents/magic-time - Copy/BLESensorsPnPL/Src/stm32u5xx_it.c:531:6:TIM1_CC_IRQHandler	8	static
C:/Users/kerem/OneDrive/Documents/magic-time - Copy/BLESensorsPnPL/Src/stm32u5xx_it.c:545:6:I2C2_EV_IRQHandler	8	static
C:/Users/kerem/OneDrive/Documents/magic-time - Copy/BLESensorsPnPL/Src/stm32u5xx_it.c:559:6:I2C2_ER_IRQHandler	8	static
C:/Users/kerem/OneDrive/Documents/magic-time - Copy/BLESensorsPnPL/Src/stm32u5xx_it.c:573:6:SPI2_IRQHandler	8	static
