14:25:29 **** Incremental Build of configuration Debug for project SPI2_MDA_Chain_2_Sensor ****
make -j8 all 
arm-none-eabi-gcc "../Core/Src/main.c" -mcpu=cortex-m33 -std=gnu11 -g3 -DDEBUG -DUSE_HAL_DRIVER -DSTM32U585xx -c -I../Core/Inc -I../Drivers/STM32U5xx_HAL_Driver/Inc -I../Drivers/STM32U5xx_HAL_Driver/Inc/Legacy -I../Drivers/CMSIS/Device/ST/STM32U5xx/Include -I../Drivers/CMSIS/Include -O0 -ffunction-sections -fdata-sections -Wall -fstack-usage -fcyclomatic-complexity -MMD -MP -MF"Core/Src/main.d" -MT"Core/Src/main.o" --specs=nano.specs -mfpu=fpv5-sp-d16 -mfloat-abi=hard -mthumb -o "Core/Src/main.o"
arm-none-eabi-gcc -o "SPI2_MDA_Chain_2_Sensor.elf" @"objects.list"   -mcpu=cortex-m33 -T"C:\Users\kerem\STM32CubeIDE\workspace_1.19.0\WorkSpaceSteval\Steval_Anomaly\SPI2_MDA_Chain_2_Sensor\STM32U585AIIXQ_FLASH.ld" --specs=nosys.specs -Wl,-Map="SPI2_MDA_Chain_2_Sensor.map" -Wl,--gc-sections -static --specs=nano.specs -mfpu=fpv5-sp-d16 -mfloat-abi=hard -mthumb -Wl,--start-group -lc -lm -Wl,--end-group
Finished building target: SPI2_MDA_Chain_2_Sensor.elf
 
arm-none-eabi-size  SPI2_MDA_Chain_2_Sensor.elf 
arm-none-eabi-objdump -h -S SPI2_MDA_Chain_2_Sensor.elf  > "SPI2_MDA_Chain_2_Sensor.list"
   text	   data	    bss	    dec	    hex	filename
  42739	     92	   5396	  48227	   bc63	SPI2_MDA_Chain_2_Sensor.elf
Finished building: default.size.stdout
 
Finished building: SPI2_MDA_Chain_2_Sensor.list
 
08:12:47 **** Incremental Build of configuration Debug for project SPI2_MDA_Chain_2_Sensor ****
make -j8 all 
arm-none-eabi-gcc "../Core/Src/main.c" -mcpu=cortex-m33 -std=gnu11 -g3 -DDEBUG -DUSE_HAL_DRIVER -DSTM32U585xx -c -I../Core/Inc -I../Drivers/STM32U5xx_HAL_Driver/Inc -I../Drivers/STM32U5xx_HAL_Driver/Inc/Legacy -I../Drivers/CMSIS/Device/ST/STM32U5xx/Include -I../Drivers/CMSIS/Include -O0 -ffunction-sections -fdata-sections -Wall -fstack-usage -fcyclomatic-complexity -MMD -MP -MF"Core/Src/main.d" -MT"Core/Src/main.o" --specs=nano.specs -mfpu=fpv5-sp-d16 -mfloat-abi=hard -mthumb -o "Core/Src/main.o"
../Core/Src/main.c:499:1: warning: "/*" within comment [-Wcomment]
  499 | /**
      |  
../Core/Src/main.c:632:5: error: stray '@' in program
  632 |   * @brief USART2 Initialization Function
      |     ^
In file included from ../Drivers/CMSIS/Device/ST/STM32U5xx/Include/stm32u5xx.h:114,
                 from ../Drivers/STM32U5xx_HAL_Driver/Inc/stm32u5xx_hal_def.h:33,
                 from ../Drivers/STM32U5xx_HAL_Driver/Inc/stm32u5xx_hal_rcc.h:28,
                 from ../Core/Inc/stm32u5xx_hal_conf.h:264,
                 from ../Drivers/STM32U5xx_HAL_Driver/Inc/stm32u5xx_hal.h:29,
                 from ../Core/Inc/main.h:30,
                 from ../Core/Src/main.c:20:
../Drivers/CMSIS/Device/ST/STM32U5xx/Include/stm32u585xx.h:2202:33: error: expected declaration specifiers or '...' before '(' token
 2202 | #define USART2_NS              ((USART_TypeDef *) USART2_BASE_NS)
      |                                 ^
../Drivers/CMSIS/Device/ST/STM32U5xx/Include/stm32u585xx.h:3247:40: note: in expansion of macro 'USART2_NS'
 3247 | #define USART2                         USART2_NS
      |                                        ^~~~~~~~~
../Core/Src/main.c:632:12: note: in expansion of macro 'USART2'
  632 |   * @brief USART2 Initialization Function
      |            ^~~~~~
../Core/Src/main.c:633:5: error: stray '@' in program
  633 |   * @param None
      |     ^
../Core/Src/main.c:634:5: error: stray '@' in program
  634 |   * @retval None
      |     ^
../Core/Src/main.c:154:13: warning: 'MX_USART2_UART_Init' used but never defined
  154 | static void MX_USART2_UART_Init(void);
      |             ^~~~~~~~~~~~~~~~~~~
../Core/Src/main.c:504:13: warning: 'MX_SDMMC1_SD_Init' defined but not used [-Wunused-function]
  504 | static void MX_SDMMC1_SD_Init(void)
      |             ^~~~~~~~~~~~~~~~~
make: *** [Core/Src/subdir.mk:34: Core/Src/main.o] Error 1
"make -j8 all" terminated with exit code 2. Build might be incomplete.
08:13:38 **** Incremental Build of configuration Debug for project SPI2_MDA_Chain_2_Sensor ****
make -j8 all 
arm-none-eabi-gcc "../Core/Src/main.c" -mcpu=cortex-m33 -std=gnu11 -g3 -DDEBUG -DUSE_HAL_DRIVER -DSTM32U585xx -c -I../Core/Inc -I../Drivers/STM32U5xx_HAL_Driver/Inc -I../Drivers/STM32U5xx_HAL_Driver/Inc/Legacy -I../Drivers/CMSIS/Device/ST/STM32U5xx/Include -I../Drivers/CMSIS/Include -O0 -ffunction-sections -fdata-sections -Wall -fstack-usage -fcyclomatic-complexity -MMD -MP -MF"Core/Src/main.d" -MT"Core/Src/main.o" --specs=nano.specs -mfpu=fpv5-sp-d16 -mfloat-abi=hard -mthumb -o "Core/Src/main.o"
../Core/Src/main.c:499:1: warning: "/*" within comment [-Wcomment]
  499 | /**
      |  
../Core/Src/main.c:504:13: warning: 'MX_SDMMC1_SD_Init' defined but not used [-Wunused-function]
  504 | static void MX_SDMMC1_SD_Init(void)
      |             ^~~~~~~~~~~~~~~~~
arm-none-eabi-gcc -o "SPI2_MDA_Chain_2_Sensor.elf" @"objects.list"   -mcpu=cortex-m33 -T"C:\Users\kerem\STM32CubeIDE\workspace_1.19.0\WorkSpaceSteval\Steval_Anomaly\SPI2_MDA_Chain_2_Sensor\STM32U585AIIXQ_FLASH.ld" --specs=nosys.specs -Wl,-Map="SPI2_MDA_Chain_2_Sensor.map" -Wl,--gc-sections -static --specs=nano.specs -mfpu=fpv5-sp-d16 -mfloat-abi=hard -mthumb -Wl,--start-group -lc -lm -Wl,--end-group
Finished building target: SPI2_MDA_Chain_2_Sensor.elf
 
arm-none-eabi-size  SPI2_MDA_Chain_2_Sensor.elf 
arm-none-eabi-objdump -h -S SPI2_MDA_Chain_2_Sensor.elf  > "SPI2_MDA_Chain_2_Sensor.list"
   text	   data	    bss	    dec	    hex	filename
  44315	     92	   5444	  49851	   c2bb	SPI2_MDA_Chain_2_Sensor.elf
Finished building: default.size.stdout
 
Finished building: SPI2_MDA_Chain_2_Sensor.list
 
08:17:23 **** Incremental Build of configuration Debug for project SPI2_MDA_Chain_2_Sensor ****
make -j8 all 
arm-none-eabi-gcc "../Core/Src/main.c" -mcpu=cortex-m33 -std=gnu11 -g3 -DDEBUG -DUSE_HAL_DRIVER -DSTM32U585xx -c -I../Core/Inc -I../Drivers/STM32U5xx_HAL_Driver/Inc -I../Drivers/STM32U5xx_HAL_Driver/Inc/Legacy -I../Drivers/CMSIS/Device/ST/STM32U5xx/Include -I../Drivers/CMSIS/Include -O0 -ffunction-sections -fdata-sections -Wall -fstack-usage -fcyclomatic-complexity -MMD -MP -MF"Core/Src/main.d" -MT"Core/Src/main.o" --specs=nano.specs -mfpu=fpv5-sp-d16 -mfloat-abi=hard -mthumb -o "Core/Src/main.o"
../Core/Src/main.c:499:13: warning: 'MX_SDMMC1_SD_Init' defined but not used [-Wunused-function]
  499 | static void MX_SDMMC1_SD_Init(void)
      |             ^~~~~~~~~~~~~~~~~
arm-none-eabi-gcc -o "SPI2_MDA_Chain_2_Sensor.elf" @"objects.list"   -mcpu=cortex-m33 -T"C:\Users\kerem\STM32CubeIDE\workspace_1.19.0\WorkSpaceSteval\Steval_Anomaly\SPI2_MDA_Chain_2_Sensor\STM32U585AIIXQ_FLASH.ld" --specs=nosys.specs -Wl,-Map="SPI2_MDA_Chain_2_Sensor.map" -Wl,--gc-sections -static --specs=nano.specs -mfpu=fpv5-sp-d16 -mfloat-abi=hard -mthumb -Wl,--start-group -lc -lm -Wl,--end-group
Finished building target: SPI2_MDA_Chain_2_Sensor.elf
 
arm-none-eabi-size  SPI2_MDA_Chain_2_Sensor.elf 
arm-none-eabi-objdump -h -S SPI2_MDA_Chain_2_Sensor.elf  > "SPI2_MDA_Chain_2_Sensor.list"
   text	   data	    bss	    dec	    hex	filename
  44315	     92	   5444	  49851	   c2bb	SPI2_MDA_Chain_2_Sensor.elf
Finished building: default.size.stdout
 
Finished building: SPI2_MDA_Chain_2_Sensor.list
 
09:28:38 **** Incremental Build of configuration Debug for project SPI2_MDA_Chain_2_Sensor ****
make -j8 all 
arm-none-eabi-gcc "../Core/Src/main.c" -mcpu=cortex-m33 -std=gnu11 -g3 -DDEBUG -DUSE_HAL_DRIVER -DSTM32U585xx -c -I../Core/Inc -I../Drivers/STM32U5xx_HAL_Driver/Inc -I../Drivers/STM32U5xx_HAL_Driver/Inc/Legacy -I../Drivers/CMSIS/Device/ST/STM32U5xx/Include -I../Drivers/CMSIS/Include -O0 -ffunction-sections -fdata-sections -Wall -fstack-usage -fcyclomatic-complexity -MMD -MP -MF"Core/Src/main.d" -MT"Core/Src/main.o" --specs=nano.specs -mfpu=fpv5-sp-d16 -mfloat-abi=hard -mthumb -o "Core/Src/main.o"
../Core/Src/main.c: In function 'main':
../Core/Src/main.c:251:19: warning: implicit declaration of function 'start_sensor_read'; did you mean 'start_sensor_read_chain'? [-Wimplicit-function-declaration]
  251 |                   start_sensor_read();              // Start the DMA read for the ISM330DHCX
      |                   ^~~~~~~~~~~~~~~~~
      |                   start_sensor_read_chain
../Core/Src/main.c: In function 'start_sensor_read_chain':
../Core/Src/main.c:1023:9: error: 'iis3dwb_tx_dma_buf' undeclared (first use in this function); did you mean 'ism330dhcx_tx_dma_buf'?
 1023 |         iis3dwb_tx_dma_buf[0] = 0x28 | 0x80; // OUTX_L_A (0x28) + Read Bit
      |         ^~~~~~~~~~~~~~~~~~
      |         ism330dhcx_tx_dma_buf
../Core/Src/main.c:1023:9: note: each undeclared identifier is reported only once for each function it appears in
../Core/Src/main.c:1028:69: error: 'iis3dwb_rx_dma_buf' undeclared (first use in this function); did you mean 'ism330dhcx_rx_dma_buf'?
 1028 |         if (HAL_SPI_TransmitReceive_DMA(&hspi2, iis3dwb_tx_dma_buf, iis3dwb_rx_dma_buf, IIS3DWB_DMA_LEN) != HAL_OK) {
      |                                                                     ^~~~~~~~~~~~~~~~~~
      |                                                                     ism330dhcx_rx_dma_buf
../Core/Src/main.c:1028:89: error: 'IIS3DWB_DMA_LEN' undeclared (first use in this function)
 1028 |         if (HAL_SPI_TransmitReceive_DMA(&hspi2, iis3dwb_tx_dma_buf, iis3dwb_rx_dma_buf, IIS3DWB_DMA_LEN) != HAL_OK) {
      |                                                                                         ^~~~~~~~~~~~~~~
../Core/Src/main.c: In function 'HAL_SPI_TxRxCpltCallback':
../Core/Src/main.c:1051:22: error: 'iis3dwb_rx_buffer' undeclared (first use in this function); did you mean 'ism330dhcx_rx_buffer'?
 1051 |               memcpy(iis3dwb_rx_buffer, &iis3dwb_rx_dma_buf[1], IIS3DWB_DATA_SIZE);
      |                      ^~~~~~~~~~~~~~~~~
      |                      ism330dhcx_rx_buffer
../Core/Src/main.c:1051:42: error: 'iis3dwb_rx_dma_buf' undeclared (first use in this function); did you mean 'ism330dhcx_rx_dma_buf'?
 1051 |               memcpy(iis3dwb_rx_buffer, &iis3dwb_rx_dma_buf[1], IIS3DWB_DATA_SIZE);
      |                                          ^~~~~~~~~~~~~~~~~~
      |                                          ism330dhcx_rx_dma_buf
../Core/Src/main.c:1051:65: error: 'IIS3DWB_DATA_SIZE' undeclared (first use in this function); did you mean 'IS_SPI_DATASIZE'?
 1051 |               memcpy(iis3dwb_rx_buffer, &iis3dwb_rx_dma_buf[1], IIS3DWB_DATA_SIZE);
      |                                                                 ^~~~~~~~~~~~~~~~~
      |                                                                 IS_SPI_DATASIZE
../Core/Src/main.c: At top level:
../Core/Src/main.c:469:13: warning: 'MX_SDMMC1_SD_Init' defined but not used [-Wunused-function]
  469 | static void MX_SDMMC1_SD_Init(void)
      |             ^~~~~~~~~~~~~~~~~
make: *** [Core/Src/subdir.mk:34: Core/Src/main.o] Error 1
"make -j8 all" terminated with exit code 2. Build might be incomplete.
09:30:44 **** Incremental Build of configuration Debug for project SPI2_MDA_Chain_2_Sensor ****
make -j8 all 
arm-none-eabi-gcc "../Core/Src/main.c" -mcpu=cortex-m33 -std=gnu11 -g3 -DDEBUG -DUSE_HAL_DRIVER -DSTM32U585xx -c -I../Core/Inc -I../Drivers/STM32U5xx_HAL_Driver/Inc -I../Drivers/STM32U5xx_HAL_Driver/Inc/Legacy -I../Drivers/CMSIS/Device/ST/STM32U5xx/Include -I../Drivers/CMSIS/Include -O0 -ffunction-sections -fdata-sections -Wall -fstack-usage -fcyclomatic-complexity -MMD -MP -MF"Core/Src/main.d" -MT"Core/Src/main.o" --specs=nano.specs -mfpu=fpv5-sp-d16 -mfloat-abi=hard -mthumb -o "Core/Src/main.o"
../Core/Src/main.c: In function 'main':
../Core/Src/main.c:251:19: warning: implicit declaration of function 'start_sensor_read'; did you mean 'start_sensor_read_chain'? [-Wimplicit-function-declaration]
  251 |                   start_sensor_read();              // Start the DMA read for the ISM330DHCX
      |                   ^~~~~~~~~~~~~~~~~
      |                   start_sensor_read_chain
../Core/Src/main.c: At top level:
../Core/Src/main.c:968:6: warning: conflicting types for 'start_sensor_read'; have 'void(void)'
  968 | void start_sensor_read(void) {
      |      ^~~~~~~~~~~~~~~~~
../Core/Src/main.c:251:19: note: previous implicit declaration of 'start_sensor_read' with type 'void(void)'
  251 |                   start_sensor_read();              // Start the DMA read for the ISM330DHCX
      |                   ^~~~~~~~~~~~~~~~~
../Core/Src/main.c:469:13: warning: 'MX_SDMMC1_SD_Init' defined but not used [-Wunused-function]
  469 | static void MX_SDMMC1_SD_Init(void)
      |             ^~~~~~~~~~~~~~~~~
arm-none-eabi-gcc -o "SPI2_MDA_Chain_2_Sensor.elf" @"objects.list"   -mcpu=cortex-m33 -T"C:\Users\kerem\STM32CubeIDE\workspace_1.19.0\WorkSpaceSteval\Steval_Anomaly\SPI2_MDA_Chain_2_Sensor\STM32U585AIIXQ_FLASH.ld" --specs=nosys.specs -Wl,-Map="SPI2_MDA_Chain_2_Sensor.map" -Wl,--gc-sections -static --specs=nano.specs -mfpu=fpv5-sp-d16 -mfloat-abi=hard -mthumb -Wl,--start-group -lc -lm -Wl,--end-group
C:/ST/STM32CubeIDE_1.19.0/STM32CubeIDE/plugins/com.st.stm32cube.ide.mcu.externaltools.gnu-tools-for-stm32.13.3.rel1.win32_1.0.0.202411081344/tools/bin/../lib/gcc/arm-none-eabi/13.3.1/../../../../arm-none-eabi/bin/ld.exe: ./Core/Src/main.o: in function `main':
C:/Users/kerem/STM32CubeIDE/workspace_1.19.0/WorkSpaceSteval/Steval_Anomaly/SPI2_MDA_Chain_2_Sensor/Debug/../Core/Src/main.c:233:(.text.main+0x32): undefined reference to `start_sensor_read_chain'
collect2.exe: error: ld returned 1 exit status
make: *** [makefile:64: SPI2_MDA_Chain_2_Sensor.elf] Error 1
"make -j8 all" terminated with exit code 2. Build might be incomplete.
09:31:40 **** Incremental Build of configuration Debug for project SPI2_MDA_Chain_2_Sensor ****
make -j8 all 
arm-none-eabi-gcc "../Core/Src/main.c" -mcpu=cortex-m33 -std=gnu11 -g3 -DDEBUG -DUSE_HAL_DRIVER -DSTM32U585xx -c -I../Core/Inc -I../Drivers/STM32U5xx_HAL_Driver/Inc -I../Drivers/STM32U5xx_HAL_Driver/Inc/Legacy -I../Drivers/CMSIS/Device/ST/STM32U5xx/Include -I../Drivers/CMSIS/Include -O0 -ffunction-sections -fdata-sections -Wall -fstack-usage -fcyclomatic-complexity -MMD -MP -MF"Core/Src/main.d" -MT"Core/Src/main.o" --specs=nano.specs -mfpu=fpv5-sp-d16 -mfloat-abi=hard -mthumb -o "Core/Src/main.o"
../Core/Src/main.c: In function 'main':
../Core/Src/main.c:234:59: warning: implicit declaration of function 'start_sensor_read_chain'; did you mean 'start_sensor_read'? [-Wimplicit-function-declaration]
  234 |                                                           start_sensor_read_chain();
      |                                                           ^~~~~~~~~~~~~~~~~~~~~~~
      |                                                           start_sensor_read
../Core/Src/main.c: At top level:
../Core/Src/main.c:470:13: warning: 'MX_SDMMC1_SD_Init' defined but not used [-Wunused-function]
  470 | static void MX_SDMMC1_SD_Init(void)
      |             ^~~~~~~~~~~~~~~~~
arm-none-eabi-gcc -o "SPI2_MDA_Chain_2_Sensor.elf" @"objects.list"   -mcpu=cortex-m33 -T"C:\Users\kerem\STM32CubeIDE\workspace_1.19.0\WorkSpaceSteval\Steval_Anomaly\SPI2_MDA_Chain_2_Sensor\STM32U585AIIXQ_FLASH.ld" --specs=nosys.specs -Wl,-Map="SPI2_MDA_Chain_2_Sensor.map" -Wl,--gc-sections -static --specs=nano.specs -mfpu=fpv5-sp-d16 -mfloat-abi=hard -mthumb -Wl,--start-group -lc -lm -Wl,--end-group
C:/ST/STM32CubeIDE_1.19.0/STM32CubeIDE/plugins/com.st.stm32cube.ide.mcu.externaltools.gnu-tools-for-stm32.13.3.rel1.win32_1.0.0.202411081344/tools/bin/../lib/gcc/arm-none-eabi/13.3.1/../../../../arm-none-eabi/bin/ld.exe: ./Core/Src/main.o: in function `main':
C:/Users/kerem/STM32CubeIDE/workspace_1.19.0/WorkSpaceSteval/Steval_Anomaly/SPI2_MDA_Chain_2_Sensor/Debug/../Core/Src/main.c:234:(.text.main+0x32): undefined reference to `start_sensor_read_chain'
collect2.exe: error: ld returned 1 exit status
make: *** [makefile:64: SPI2_MDA_Chain_2_Sensor.elf] Error 1
"make -j8 all" terminated with exit code 2. Build might be incomplete.
09:32:08 **** Incremental Build of configuration Debug for project SPI2_MDA_Chain_2_Sensor ****
make -j8 all 
arm-none-eabi-gcc "../Core/Src/main.c" -mcpu=cortex-m33 -std=gnu11 -g3 -DDEBUG -DUSE_HAL_DRIVER -DSTM32U585xx -c -I../Core/Inc -I../Drivers/STM32U5xx_HAL_Driver/Inc -I../Drivers/STM32U5xx_HAL_Driver/Inc/Legacy -I../Drivers/CMSIS/Device/ST/STM32U5xx/Include -I../Drivers/CMSIS/Include -O0 -ffunction-sections -fdata-sections -Wall -fstack-usage -fcyclomatic-complexity -MMD -MP -MF"Core/Src/main.d" -MT"Core/Src/main.o" --specs=nano.specs -mfpu=fpv5-sp-d16 -mfloat-abi=hard -mthumb -o "Core/Src/main.o"
../Core/Src/main.c:470:13: warning: 'MX_SDMMC1_SD_Init' defined but not used [-Wunused-function]
  470 | static void MX_SDMMC1_SD_Init(void)
      |             ^~~~~~~~~~~~~~~~~
arm-none-eabi-gcc -o "SPI2_MDA_Chain_2_Sensor.elf" @"objects.list"   -mcpu=cortex-m33 -T"C:\Users\kerem\STM32CubeIDE\workspace_1.19.0\WorkSpaceSteval\Steval_Anomaly\SPI2_MDA_Chain_2_Sensor\STM32U585AIIXQ_FLASH.ld" --specs=nosys.specs -Wl,-Map="SPI2_MDA_Chain_2_Sensor.map" -Wl,--gc-sections -static --specs=nano.specs -mfpu=fpv5-sp-d16 -mfloat-abi=hard -mthumb -Wl,--start-group -lc -lm -Wl,--end-group
Finished building target: SPI2_MDA_Chain_2_Sensor.elf
 
arm-none-eabi-size  SPI2_MDA_Chain_2_Sensor.elf 
arm-none-eabi-objdump -h -S SPI2_MDA_Chain_2_Sensor.elf  > "SPI2_MDA_Chain_2_Sensor.list"
   text	   data	    bss	    dec	    hex	filename
  43479	     92	   4620	  48191	   bc3f	SPI2_MDA_Chain_2_Sensor.elf
Finished building: default.size.stdout
 
Finished building: SPI2_MDA_Chain_2_Sensor.list
 
09:39:11 **** Incremental Build of configuration Debug for project SPI2_MDA_Chain_2_Sensor ****
make -j8 all 
arm-none-eabi-gcc "../Core/Src/main.c" -mcpu=cortex-m33 -std=gnu11 -g3 -DDEBUG -DUSE_HAL_DRIVER -DSTM32U585xx -c -I../Core/Inc -I../Drivers/STM32U5xx_HAL_Driver/Inc -I../Drivers/STM32U5xx_HAL_Driver/Inc/Legacy -I../Drivers/CMSIS/Device/ST/STM32U5xx/Include -I../Drivers/CMSIS/Include -O0 -ffunction-sections -fdata-sections -Wall -fstack-usage -fcyclomatic-complexity -MMD -MP -MF"Core/Src/main.d" -MT"Core/Src/main.o" --specs=nano.specs -mfpu=fpv5-sp-d16 -mfloat-abi=hard -mthumb -o "Core/Src/main.o"
arm-none-eabi-gcc -o "SPI2_MDA_Chain_2_Sensor.elf" @"objects.list"   -mcpu=cortex-m33 -T"C:\Users\kerem\STM32CubeIDE\workspace_1.19.0\WorkSpaceSteval\Steval_Anomaly\SPI2_MDA_Chain_2_Sensor\STM32U585AIIXQ_FLASH.ld" --specs=nosys.specs -Wl,-Map="SPI2_MDA_Chain_2_Sensor.map" -Wl,--gc-sections -static --specs=nano.specs -mfpu=fpv5-sp-d16 -mfloat-abi=hard -mthumb -Wl,--start-group -lc -lm -Wl,--end-group
Finished building target: SPI2_MDA_Chain_2_Sensor.elf
 
arm-none-eabi-size  SPI2_MDA_Chain_2_Sensor.elf 
arm-none-eabi-objdump -h -S SPI2_MDA_Chain_2_Sensor.elf  > "SPI2_MDA_Chain_2_Sensor.list"
   text	   data	    bss	    dec	    hex	filename
  50703	     92	   4740	  55535	   d8ef	SPI2_MDA_Chain_2_Sensor.elf
Finished building: default.size.stdout
 
Finished building: SPI2_MDA_Chain_2_Sensor.list
 
09:39:24 **** Incremental Build of configuration Debug for project SPI2_MDA_Chain_2_Sensor ****
make -j8 all 
arm-none-eabi-size  SPI2_MDA_Chain_2_Sensor.elf 
   text	   data	    bss	    dec	    hex	filename
  50703	     92	   4740	  55535	   d8ef	SPI2_MDA_Chain_2_Sensor.elf
Finished building: default.size.stdout
 
09:42:46 **** Incremental Build of configuration Debug for project SPI2_MDA_Chain_2_Sensor ****
make -j8 all 
arm-none-eabi-size  SPI2_MDA_Chain_2_Sensor.elf 
   text	   data	    bss	    dec	    hex	filename
  50703	     92	   4740	  55535	   d8ef	SPI2_MDA_Chain_2_Sensor.elf
Finished building: default.size.stdout
 
10:19:04 **** Clean-only build of configuration Debug for project SPI2_MDA_Chain_2_Sensor ****
make -j8 clean 
rm -rf ./Drivers/STM32U5xx_HAL_Driver/Src/stm32u5xx_hal.cyclo ./Drivers/STM32U5xx_HAL_Driver/Src/stm32u5xx_hal.d ./Drivers/STM32U5xx_HAL_Driver/Src/stm32u5xx_hal.o ./Drivers/STM32U5xx_HAL_Driver/Src/stm32u5xx_hal.su ./Drivers/STM32U5xx_HAL_Driver/Src/stm32u5xx_hal_adc.cyclo ./Drivers/STM32U5xx_HAL_Driver/Src/stm32u5xx_hal_adc.d ./Drivers/STM32U5xx_HAL_Driver/Src/stm32u5xx_hal_adc.o ./Drivers/STM32U5xx_HAL_Driver/Src/stm32u5xx_hal_adc.su ./Drivers/STM32U5xx_HAL_Driver/Src/stm32u5xx_hal_adc_ex.cyclo ./Drivers/STM32U5xx_HAL_Driver/Src/stm32u5xx_hal_adc_ex.d ./Drivers/STM32U5xx_HAL_Driver/Src/stm32u5xx_hal_adc_ex.o ./Drivers/STM32U5xx_HAL_Driver/Src/stm32u5xx_hal_adc_ex.su ./Drivers/STM32U5xx_HAL_Driver/Src/stm32u5xx_hal_cortex.cyclo ./Drivers/STM32U5xx_HAL_Driver/Src/stm32u5xx_hal_cortex.d ./Drivers/STM32U5xx_HAL_Driver/Src/stm32u5xx_hal_cortex.o ./Drivers/STM32U5xx_HAL_Driver/Src/stm32u5xx_hal_cortex.su ./Drivers/STM32U5xx_HAL_Driver/Src/stm32u5xx_hal_dac.cyclo ./Drivers/STM32U5xx_HAL_Driver/Src/stm32u5xx_hal_dac.d ./Drivers/STM32U5xx_HAL_Driver/Src/stm32u5xx_hal_dac.o ./Drivers/STM32U5xx_HAL_Driver/Src/stm32u5xx_hal_dac.su ./Drivers/STM32U5xx_HAL_Driver/Src/stm32u5xx_hal_dac_ex.cyclo ./Drivers/STM32U5xx_HAL_Driver/Src/stm32u5xx_hal_dac_ex.d ./Drivers/STM32U5xx_HAL_Driver/Src/stm32u5xx_hal_dac_ex.o ./Drivers/STM32U5xx_HAL_Driver/Src/stm32u5xx_hal_dac_ex.su ./Drivers/STM32U5xx_HAL_Driver/Src/stm32u5xx_hal_dma.cyclo ./Drivers/STM32U5xx_HAL_Driver/Src/stm32u5xx_hal_dma.d ./Drivers/STM32U5xx_HAL_Driver/Src/stm32u5xx_hal_dma.o ./Drivers/STM32U5xx_HAL_Driver/Src/stm32u5xx_hal_dma.su ./Drivers/STM32U5xx_HAL_Driver/Src/stm32u5xx_hal_dma_ex.cyclo ./Drivers/STM32U5xx_HAL_Driver/Src/stm32u5xx_hal_dma_ex.d ./Drivers/STM32U5xx_HAL_Driver/Src/stm32u5xx_hal_dma_ex.o ./Drivers/STM32U5xx_HAL_Driver/Src/stm32u5xx_hal_dma_ex.su ./Drivers/STM32U5xx_HAL_Driver/Src/stm32u5xx_hal_exti.cyclo ./Drivers/STM32U5xx_HAL_Driver/Src/stm32u5xx_hal_exti.d ./Drivers/STM32U5xx_HAL_Driver/Src/stm32u5xx_hal_exti.o ./Drivers/STM32U5xx_HAL_Driver/Src/stm32u5xx_hal_exti.su ./Drivers/STM32U5xx_HAL_Driver/Src/stm32u5xx_hal_flash.cyclo ./Drivers/STM32U5xx_HAL_Driver/Src/stm32u5xx_hal_flash.d ./Drivers/STM32U5xx_HAL_Driver/Src/stm32u5xx_hal_flash.o ./Drivers/STM32U5xx_HAL_Driver/Src/stm32u5xx_hal_flash.su ./Drivers/STM32U5xx_HAL_Driver/Src/stm32u5xx_hal_flash_ex.cyclo ./Drivers/STM32U5xx_HAL_Driver/Src/stm32u5xx_hal_flash_ex.d ./Drivers/STM32U5xx_HAL_Driver/Src/stm32u5xx_hal_flash_ex.o ./Drivers/STM32U5xx_HAL_Driver/Src/stm32u5xx_hal_flash_ex.su ./Drivers/STM32U5xx_HAL_Driver/Src/stm32u5xx_hal_gpio.cyclo ./Drivers/STM32U5xx_HAL_Driver/Src/stm32u5xx_hal_gpio.d ./Drivers/STM32U5xx_HAL_Driver/Src/stm32u5xx_hal_gpio.o ./Drivers/STM32U5xx_HAL_Driver/Src/stm32u5xx_hal_gpio.su ./Drivers/STM32U5xx_HAL_Driver/Src/stm32u5xx_hal_gtzc.cyclo ./Drivers/STM32U5xx_HAL_Driver/Src/stm32u5xx_hal_gtzc.d ./Drivers/STM32U5xx_HAL_Driver/Src/stm32u5xx_hal_gtzc.o ./Drivers/STM32U5xx_HAL_Driver/Src/stm32u5xx_hal_gtzc.su ./Drivers/STM32U5xx_HAL_Driver/Src/stm32u5xx_hal_i2c.cyclo ./Drivers/STM32U5xx_HAL_Driver/Src/stm32u5xx_hal_i2c.d ./Drivers/STM32U5xx_HAL_Driver/Src/stm32u5xx_hal_i2c.o ./Drivers/STM32U5xx_HAL_Driver/Src/stm32u5xx_hal_i2c.su ./Drivers/STM32U5xx_HAL_Driver/Src/stm32u5xx_hal_i2c_ex.cyclo ./Drivers/STM32U5xx_HAL_Driver/Src/stm32u5xx_hal_i2c_ex.d ./Drivers/STM32U5xx_HAL_Driver/Src/stm32u5xx_hal_i2c_ex.o ./Drivers/STM32U5xx_HAL_Driver/Src/stm32u5xx_hal_i2c_ex.su ./Drivers/STM32U5xx_HAL_Driver/Src/stm32u5xx_hal_icache.cyclo ./Drivers/STM32U5xx_HAL_Driver/Src/stm32u5xx_hal_icache.d ./Drivers/STM32U5xx_HAL_Driver/Src/stm32u5xx_hal_icache.o ./Drivers/STM32U5xx_HAL_Driver/Src/stm32u5xx_hal_icache.su ./Drivers/STM32U5xx_HAL_Driver/Src/stm32u5xx_hal_mdf.cyclo ./Drivers/STM32U5xx_HAL_Driver/Src/stm32u5xx_hal_mdf.d ./Drivers/STM32U5xx_HAL_Driver/Src/stm32u5xx_hal_mdf.o ./Drivers/STM32U5xx_HAL_Driver/Src/stm32u5xx_hal_mdf.su ./Drivers/STM32U5xx_HAL_Driver/Src/stm32u5xx_hal_mmc.cyclo ./Drivers/STM32U5xx_HAL_Driver/Src/stm32u5xx_hal_mmc.d ./Drivers/STM32U5xx_HAL_Driver/Src/stm32u5xx_hal_mmc.o ./Drivers/STM32U5xx_HAL_Driver/Src/stm32u5xx_hal_mmc.su ./Drivers/STM32U5xx_HAL_Driver/Src/stm32u5xx_hal_mmc_ex.cyclo ./Drivers/STM32U5xx_HAL_Driver/Src/stm32u5xx_hal_mmc_ex.d ./Drivers/STM32U5xx_HAL_Driver/Src/stm32u5xx_hal_mmc_ex.o ./Drivers/STM32U5xx_HAL_Driver/Src/stm32u5xx_hal_mmc_ex.su ./Drivers/STM32U5xx_HAL_Driver/Src/stm32u5xx_hal_pcd.cyclo ./Drivers/STM32U5xx_HAL_Driver/Src/stm32u5xx_hal_pcd.d ./Drivers/STM32U5xx_HAL_Driver/Src/stm32u5xx_hal_pcd.o ./Drivers/STM32U5xx_HAL_Driver/Src/stm32u5xx_hal_pcd.su ./Drivers/STM32U5xx_HAL_Driver/Src/stm32u5xx_hal_pcd_ex.cyclo ./Drivers/STM32U5xx_HAL_Driver/Src/stm32u5xx_hal_pcd_ex.d ./Drivers/STM32U5xx_HAL_Driver/Src/stm32u5xx_hal_pcd_ex.o ./Drivers/STM32U5xx_HAL_Driver/Src/stm32u5xx_hal_pcd_ex.su ./Drivers/STM32U5xx_HAL_Driver/Src/stm32u5xx_hal_pwr.cyclo ./Drivers/STM32U5xx_HAL_Driver/Src/stm32u5xx_hal_pwr.d ./Drivers/STM32U5xx_HAL_Driver/Src/stm32u5xx_hal_pwr.o ./Drivers/STM32U5xx_HAL_Driver/Src/stm32u5xx_hal_pwr.su ./Drivers/STM32U5xx_HAL_Driver/Src/stm32u5xx_hal_pwr_ex.cyclo ./Drivers/STM32U5xx_HAL_Driver/Src/stm32u5xx_hal_pwr_ex.d ./Drivers/STM32U5xx_HAL_Driver/Src/stm32u5xx_hal_pwr_ex.o ./Drivers/STM32U5xx_HAL_Driver/Src/stm32u5xx_hal_pwr_ex.su ./Drivers/STM32U5xx_HAL_Driver/Src/stm32u5xx_hal_rcc.cyclo ./Drivers/STM32U5xx_HAL_Driver/Src/stm32u5xx_hal_rcc.d ./Drivers/STM32U5xx_HAL_Driver/Src/stm32u5xx_hal_rcc.o ./Drivers/STM32U5xx_HAL_Driver/Src/stm32u5xx_hal_rcc.su ./Drivers/STM32U5xx_HAL_Driver/Src/stm32u5xx_hal_rcc_ex.cyclo ./Drivers/STM32U5xx_HAL_Driver/Src/stm32u5xx_hal_rcc_ex.d ./Drivers/STM32U5xx_HAL_Driver/Src/stm32u5xx_hal_rcc_ex.o ./Drivers/STM32U5xx_HAL_Driver/Src/stm32u5xx_hal_rcc_ex.su ./Drivers/STM32U5xx_HAL_Driver/Src/stm32u5xx_hal_rtc.cyclo ./Drivers/STM32U5xx_HAL_Driver/Src/stm32u5xx_hal_rtc.d ./Drivers/STM32U5xx_HAL_Driver/Src/stm32u5xx_hal_rtc.o ./Drivers/STM32U5xx_HAL_Driver/Src/stm32u5xx_hal_rtc.su
rm -rf ./Core/Startup/startup_stm32u585aiixq.d ./Core/Startup/startup_stm32u585aiixq.o
rm -rf ./Core/Src/main.cyclo ./Core/Src/main.d ./Core/Src/main.o ./Core/Src/main.su ./Core/Src/stm32u5xx_hal_msp.cyclo ./Core/Src/stm32u5xx_hal_msp.d ./Core/Src/stm32u5xx_hal_msp.o ./Core/Src/stm32u5xx_hal_msp.su ./Core/Src/stm32u5xx_it.cyclo ./Core/Src/stm32u5xx_it.d ./Core/Src/stm32u5xx_it.o ./Core/Src/stm32u5xx_it.su ./Core/Src/syscalls.cyclo ./Core/Src/syscalls.d ./Core/Src/syscalls.o ./Core/Src/syscalls.su ./Core/Src/sysmem.cyclo ./Core/Src/sysmem.d ./Core/Src/sysmem.o ./Core/Src/sysmem.su ./Core/Src/system_stm32u5xx.cyclo ./Core/Src/system_stm32u5xx.d ./Core/Src/system_stm32u5xx.o ./Core/Src/system_stm32u5xx.su
rm -rf ./Drivers/STM32U5xx_HAL_Driver/Src/stm32u5xx_hal_rtc_ex.cyclo ./Drivers/STM32U5xx_HAL_Driver/Src/stm32u5xx_hal_rtc_ex.d ./Drivers/STM32U5xx_HAL_Driver/Src/stm32u5xx_hal_rtc_ex.o ./Drivers/STM32U5xx_HAL_Driver/Src/stm32u5xx_hal_rtc_ex.su ./Drivers/STM32U5xx_HAL_Driver/Src/stm32u5xx_hal_sai.cyclo ./Drivers/STM32U5xx_HAL_Driver/Src/stm32u5xx_hal_sai.d ./Drivers/STM32U5xx_HAL_Driver/Src/stm32u5xx_hal_sai.o ./Drivers/STM32U5xx_HAL_Driver/Src/stm32u5xx_hal_sai.su ./Drivers/STM32U5xx_HAL_Driver/Src/stm32u5xx_hal_sai_ex.cyclo ./Drivers/STM32U5xx_HAL_Driver/Src/stm32u5xx_hal_sai_ex.d ./Drivers/STM32U5xx_HAL_Driver/Src/stm32u5xx_hal_sai_ex.o ./Drivers/STM32U5xx_HAL_Driver/Src/stm32u5xx_hal_sai_ex.su ./Drivers/STM32U5xx_HAL_Driver/Src/stm32u5xx_hal_sd.cyclo ./Drivers/STM32U5xx_HAL_Driver/Src/stm32u5xx_hal_sd.d ./Drivers/STM32U5xx_HAL_Driver/Src/stm32u5xx_hal_sd.o ./Drivers/STM32U5xx_HAL_Driver/Src/stm32u5xx_hal_sd.su ./Drivers/STM32U5xx_HAL_Driver/Src/stm32u5xx_hal_sd_ex.cyclo ./Drivers/STM32U5xx_HAL_Driver/Src/stm32u5xx_hal_sd_ex.d ./Drivers/STM32U5xx_HAL_Driver/Src/stm32u5xx_hal_sd_ex.o ./Drivers/STM32U5xx_HAL_Driver/Src/stm32u5xx_hal_sd_ex.su ./Drivers/STM32U5xx_HAL_Driver/Src/stm32u5xx_hal_sdio.cyclo ./Drivers/STM32U5xx_HAL_Driver/Src/stm32u5xx_hal_sdio.d ./Drivers/STM32U5xx_HAL_Driver/Src/stm32u5xx_hal_sdio.o ./Drivers/STM32U5xx_HAL_Driver/Src/stm32u5xx_hal_sdio.su ./Drivers/STM32U5xx_HAL_Driver/Src/stm32u5xx_hal_spi.cyclo ./Drivers/STM32U5xx_HAL_Driver/Src/stm32u5xx_hal_spi.d ./Drivers/STM32U5xx_HAL_Driver/Src/stm32u5xx_hal_spi.o ./Drivers/STM32U5xx_HAL_Driver/Src/stm32u5xx_hal_spi.su ./Drivers/STM32U5xx_HAL_Driver/Src/stm32u5xx_hal_spi_ex.cyclo ./Drivers/STM32U5xx_HAL_Driver/Src/stm32u5xx_hal_spi_ex.d ./Drivers/STM32U5xx_HAL_Driver/Src/stm32u5xx_hal_spi_ex.o ./Drivers/STM32U5xx_HAL_Driver/Src/stm32u5xx_hal_spi_ex.su ./Drivers/STM32U5xx_HAL_Driver/Src/stm32u5xx_hal_tim.cyclo ./Drivers/STM32U5xx_HAL_Driver/Src/stm32u5xx_hal_tim.d ./Drivers/STM32U5xx_HAL_Driver/Src/stm32u5xx_hal_tim.o ./Drivers/STM32U5xx_HAL_Driver/Src/stm32u5xx_hal_tim.su ./Drivers/STM32U5xx_HAL_Driver/Src/stm32u5xx_hal_tim_ex.cyclo ./Drivers/STM32U5xx_HAL_Driver/Src/stm32u5xx_hal_tim_ex.d ./Drivers/STM32U5xx_HAL_Driver/Src/stm32u5xx_hal_tim_ex.o ./Drivers/STM32U5xx_HAL_Driver/Src/stm32u5xx_hal_tim_ex.su ./Drivers/STM32U5xx_HAL_Driver/Src/stm32u5xx_hal_uart.cyclo ./Drivers/STM32U5xx_HAL_Driver/Src/stm32u5xx_hal_uart.d ./Drivers/STM32U5xx_HAL_Driver/Src/stm32u5xx_hal_uart.o ./Drivers/STM32U5xx_HAL_Driver/Src/stm32u5xx_hal_uart.su ./Drivers/STM32U5xx_HAL_Driver/Src/stm32u5xx_hal_uart_ex.cyclo ./Drivers/STM32U5xx_HAL_Driver/Src/stm32u5xx_hal_uart_ex.d ./Drivers/STM32U5xx_HAL_Driver/Src/stm32u5xx_hal_uart_ex.o ./Drivers/STM32U5xx_HAL_Driver/Src/stm32u5xx_hal_uart_ex.su ./Drivers/STM32U5xx_HAL_Driver/Src/stm32u5xx_ll_dlyb.cyclo ./Drivers/STM32U5xx_HAL_Driver/Src/stm32u5xx_ll_dlyb.d ./Drivers/STM32U5xx_HAL_Driver/Src/stm32u5xx_ll_dlyb.o ./Drivers/STM32U5xx_HAL_Driver/Src/stm32u5xx_ll_dlyb.su ./Drivers/STM32U5xx_HAL_Driver/Src/stm32u5xx_ll_sdmmc.cyclo ./Drivers/STM32U5xx_HAL_Driver/Src/stm32u5xx_ll_sdmmc.d ./Drivers/STM32U5xx_HAL_Driver/Src/stm32u5xx_ll_sdmmc.o ./Drivers/STM32U5xx_HAL_Driver/Src/stm32u5xx_ll_sdmmc.su ./Drivers/STM32U5xx_HAL_Driver/Src/stm32u5xx_ll_usb.cyclo ./Drivers/STM32U5xx_HAL_Driver/Src/stm32u5xx_ll_usb.d ./Drivers/STM32U5xx_HAL_Driver/Src/stm32u5xx_ll_usb.o ./Drivers/STM32U5xx_HAL_Driver/Src/stm32u5xx_ll_usb.su
rm -rf SPI2_MDA_Chain_2_Sensor.elf SPI2_MDA_Chain_2_Sensor.list SPI2_MDA_Chain_2_Sensor.map default.size.stdout
 
10:19:07 **** Incremental Build of configuration Debug for project SPI2_MDA_Chain_2_Sensor ****
make -j8 all 
arm-none-eabi-gcc "../Middlewares/ST/filex/common/src/fx_directory_attributes_read.c" -mcpu=cortex-m33 -std=gnu11 -g3 -DDEBUG -DUSE_HAL_DRIVER -DSTM32U585xx -DFX_INCLUDE_USER_DEFINE_FILE -c -I../Core/Inc -I../Drivers/STM32U5xx_HAL_Driver/Inc -I../Drivers/STM32U5xx_HAL_Driver/Inc/Legacy -I../Drivers/CMSIS/Device/ST/STM32U5xx/Include -I../Drivers/CMSIS/Include -I../FileX/App -I../FileX/Target -I../Middlewares/ST/filex/common/inc -I../Middlewares/ST/filex/ports/generic/inc -O0 -ffunction-sections -fdata-sections -Wall -fstack-usage -fcyclomatic-complexity -MMD -MP -MF"Middlewares/ST/filex/common/src/fx_directory_attributes_read.d" -MT"Middlewares/ST/filex/common/src/fx_directory_attributes_read.o" --specs=nano.specs -mfpu=fpv5-sp-d16 -mfloat-abi=hard -mthumb -o "Middlewares/ST/filex/common/src/fx_directory_attributes_read.o"
arm-none-eabi-gcc "../Middlewares/ST/filex/common/src/fx_directory_attributes_set.c" -mcpu=cortex-m33 -std=gnu11 -g3 -DDEBUG -DUSE_HAL_DRIVER -DSTM32U585xx -DFX_INCLUDE_USER_DEFINE_FILE -c -I../Core/Inc -I../Drivers/STM32U5xx_HAL_Driver/Inc -I../Drivers/STM32U5xx_HAL_Driver/Inc/Legacy -I../Drivers/CMSIS/Device/ST/STM32U5xx/Include -I../Drivers/CMSIS/Include -I../FileX/App -I../FileX/Target -I../Middlewares/ST/filex/common/inc -I../Middlewares/ST/filex/ports/generic/inc -O0 -ffunction-sections -fdata-sections -Wall -fstack-usage -fcyclomatic-complexity -MMD -MP -MF"Middlewares/ST/filex/common/src/fx_directory_attributes_set.d" -MT"Middlewares/ST/filex/common/src/fx_directory_attributes_set.o" --specs=nano.specs -mfpu=fpv5-sp-d16 -mfloat-abi=hard -mthumb -o "Middlewares/ST/filex/common/src/fx_directory_attributes_set.o"
arm-none-eabi-gcc "../Middlewares/ST/filex/common/src/fx_directory_create.c" -mcpu=cortex-m33 -std=gnu11 -g3 -DDEBUG -DUSE_HAL_DRIVER -DSTM32U585xx -DFX_INCLUDE_USER_DEFINE_FILE -c -I../Core/Inc -I../Drivers/STM32U5xx_HAL_Driver/Inc -I../Drivers/STM32U5xx_HAL_Driver/Inc/Legacy -I../Drivers/CMSIS/Device/ST/STM32U5xx/Include -I../Drivers/CMSIS/Include -I../FileX/App -I../FileX/Target -I../Middlewares/ST/filex/common/inc -I../Middlewares/ST/filex/ports/generic/inc -O0 -ffunction-sections -fdata-sections -Wall -fstack-usage -fcyclomatic-complexity -MMD -MP -MF"Middlewares/ST/filex/common/src/fx_directory_create.d" -MT"Middlewares/ST/filex/common/src/fx_directory_create.o" --specs=nano.specs -mfpu=fpv5-sp-d16 -mfloat-abi=hard -mthumb -o "Middlewares/ST/filex/common/src/fx_directory_create.o"
arm-none-eabi-gcc "../Middlewares/ST/filex/common/src/fx_directory_default_get.c" -mcpu=cortex-m33 -std=gnu11 -g3 -DDEBUG -DUSE_HAL_DRIVER -DSTM32U585xx -DFX_INCLUDE_USER_DEFINE_FILE -c -I../Core/Inc -I../Drivers/STM32U5xx_HAL_Driver/Inc -I../Drivers/STM32U5xx_HAL_Driver/Inc/Legacy -I../Drivers/CMSIS/Device/ST/STM32U5xx/Include -I../Drivers/CMSIS/Include -I../FileX/App -I../FileX/Target -I../Middlewares/ST/filex/common/inc -I../Middlewares/ST/filex/ports/generic/inc -O0 -ffunction-sections -fdata-sections -Wall -fstack-usage -fcyclomatic-complexity -MMD -MP -MF"Middlewares/ST/filex/common/src/fx_directory_default_get.d" -MT"Middlewares/ST/filex/common/src/fx_directory_default_get.o" --specs=nano.specs -mfpu=fpv5-sp-d16 -mfloat-abi=hard -mthumb -o "Middlewares/ST/filex/common/src/fx_directory_default_get.o"
arm-none-eabi-gcc "../Middlewares/ST/filex/common/src/fx_directory_default_get_copy.c" -mcpu=cortex-m33 -std=gnu11 -g3 -DDEBUG -DUSE_HAL_DRIVER -DSTM32U585xx -DFX_INCLUDE_USER_DEFINE_FILE -c -I../Core/Inc -I../Drivers/STM32U5xx_HAL_Driver/Inc -I../Drivers/STM32U5xx_HAL_Driver/Inc/Legacy -I../Drivers/CMSIS/Device/ST/STM32U5xx/Include -I../Drivers/CMSIS/Include -I../FileX/App -I../FileX/Target -I../Middlewares/ST/filex/common/inc -I../Middlewares/ST/filex/ports/generic/inc -O0 -ffunction-sections -fdata-sections -Wall -fstack-usage -fcyclomatic-complexity -MMD -MP -MF"Middlewares/ST/filex/common/src/fx_directory_default_get_copy.d" -MT"Middlewares/ST/filex/common/src/fx_directory_default_get_copy.o" --specs=nano.specs -mfpu=fpv5-sp-d16 -mfloat-abi=hard -mthumb -o "Middlewares/ST/filex/common/src/fx_directory_default_get_copy.o"
arm-none-eabi-gcc "../Middlewares/ST/filex/common/src/fx_directory_default_set.c" -mcpu=cortex-m33 -std=gnu11 -g3 -DDEBUG -DUSE_HAL_DRIVER -DSTM32U585xx -DFX_INCLUDE_USER_DEFINE_FILE -c -I../Core/Inc -I../Drivers/STM32U5xx_HAL_Driver/Inc -I../Drivers/STM32U5xx_HAL_Driver/Inc/Legacy -I../Drivers/CMSIS/Device/ST/STM32U5xx/Include -I../Drivers/CMSIS/Include -I../FileX/App -I../FileX/Target -I../Middlewares/ST/filex/common/inc -I../Middlewares/ST/filex/ports/generic/inc -O0 -ffunction-sections -fdata-sections -Wall -fstack-usage -fcyclomatic-complexity -MMD -MP -MF"Middlewares/ST/filex/common/src/fx_directory_default_set.d" -MT"Middlewares/ST/filex/common/src/fx_directory_default_set.o" --specs=nano.specs -mfpu=fpv5-sp-d16 -mfloat-abi=hard -mthumb -o "Middlewares/ST/filex/common/src/fx_directory_default_set.o"
arm-none-eabi-gcc "../Middlewares/ST/filex/common/src/fx_directory_delete.c" -mcpu=cortex-m33 -std=gnu11 -g3 -DDEBUG -DUSE_HAL_DRIVER -DSTM32U585xx -DFX_INCLUDE_USER_DEFINE_FILE -c -I../Core/Inc -I../Drivers/STM32U5xx_HAL_Driver/Inc -I../Drivers/STM32U5xx_HAL_Driver/Inc/Legacy -I../Drivers/CMSIS/Device/ST/STM32U5xx/Include -I../Drivers/CMSIS/Include -I../FileX/App -I../FileX/Target -I../Middlewares/ST/filex/common/inc -I../Middlewares/ST/filex/ports/generic/inc -O0 -ffunction-sections -fdata-sections -Wall -fstack-usage -fcyclomatic-complexity -MMD -MP -MF"Middlewares/ST/filex/common/src/fx_directory_delete.d" -MT"Middlewares/ST/filex/common/src/fx_directory_delete.o" --specs=nano.specs -mfpu=fpv5-sp-d16 -mfloat-abi=hard -mthumb -o "Middlewares/ST/filex/common/src/fx_directory_delete.o"
arm-none-eabi-gcc "../Middlewares/ST/filex/common/src/fx_directory_entry_read.c" -mcpu=cortex-m33 -std=gnu11 -g3 -DDEBUG -DUSE_HAL_DRIVER -DSTM32U585xx -DFX_INCLUDE_USER_DEFINE_FILE -c -I../Core/Inc -I../Drivers/STM32U5xx_HAL_Driver/Inc -I../Drivers/STM32U5xx_HAL_Driver/Inc/Legacy -I../Drivers/CMSIS/Device/ST/STM32U5xx/Include -I../Drivers/CMSIS/Include -I../FileX/App -I../FileX/Target -I../Middlewares/ST/filex/common/inc -I../Middlewares/ST/filex/ports/generic/inc -O0 -ffunction-sections -fdata-sections -Wall -fstack-usage -fcyclomatic-complexity -MMD -MP -MF"Middlewares/ST/filex/common/src/fx_directory_entry_read.d" -MT"Middlewares/ST/filex/common/src/fx_directory_entry_read.o" --specs=nano.specs -mfpu=fpv5-sp-d16 -mfloat-abi=hard -mthumb -o "Middlewares/ST/filex/common/src/fx_directory_entry_read.o"
arm-none-eabi-gcc "../Middlewares/ST/filex/common/src/fx_directory_entry_write.c" -mcpu=cortex-m33 -std=gnu11 -g3 -DDEBUG -DUSE_HAL_DRIVER -DSTM32U585xx -DFX_INCLUDE_USER_DEFINE_FILE -c -I../Core/Inc -I../Drivers/STM32U5xx_HAL_Driver/Inc -I../Drivers/STM32U5xx_HAL_Driver/Inc/Legacy -I../Drivers/CMSIS/Device/ST/STM32U5xx/Include -I../Drivers/CMSIS/Include -I../FileX/App -I../FileX/Target -I../Middlewares/ST/filex/common/inc -I../Middlewares/ST/filex/ports/generic/inc -O0 -ffunction-sections -fdata-sections -Wall -fstack-usage -fcyclomatic-complexity -MMD -MP -MF"Middlewares/ST/filex/common/src/fx_directory_entry_write.d" -MT"Middlewares/ST/filex/common/src/fx_directory_entry_write.o" --specs=nano.specs -mfpu=fpv5-sp-d16 -mfloat-abi=hard -mthumb -o "Middlewares/ST/filex/common/src/fx_directory_entry_write.o"
arm-none-eabi-gcc "../Middlewares/ST/filex/common/src/fx_directory_exFAT_entry_read.c" -mcpu=cortex-m33 -std=gnu11 -g3 -DDEBUG -DUSE_HAL_DRIVER -DSTM32U585xx -DFX_INCLUDE_USER_DEFINE_FILE -c -I../Core/Inc -I../Drivers/STM32U5xx_HAL_Driver/Inc -I../Drivers/STM32U5xx_HAL_Driver/Inc/Legacy -I../Drivers/CMSIS/Device/ST/STM32U5xx/Include -I../Drivers/CMSIS/Include -I../FileX/App -I../FileX/Target -I../Middlewares/ST/filex/common/inc -I../Middlewares/ST/filex/ports/generic/inc -O0 -ffunction-sections -fdata-sections -Wall -fstack-usage -fcyclomatic-complexity -MMD -MP -MF"Middlewares/ST/filex/common/src/fx_directory_exFAT_entry_read.d" -MT"Middlewares/ST/filex/common/src/fx_directory_exFAT_entry_read.o" --specs=nano.specs -mfpu=fpv5-sp-d16 -mfloat-abi=hard -mthumb -o "Middlewares/ST/filex/common/src/fx_directory_exFAT_entry_read.o"
arm-none-eabi-gcc "../Middlewares/ST/filex/common/src/fx_directory_exFAT_entry_write.c" -mcpu=cortex-m33 -std=gnu11 -g3 -DDEBUG -DUSE_HAL_DRIVER -DSTM32U585xx -DFX_INCLUDE_USER_DEFINE_FILE -c -I../Core/Inc -I../Drivers/STM32U5xx_HAL_Driver/Inc -I../Drivers/STM32U5xx_HAL_Driver/Inc/Legacy -I../Drivers/CMSIS/Device/ST/STM32U5xx/Include -I../Drivers/CMSIS/Include -I../FileX/App -I../FileX/Target -I../Middlewares/ST/filex/common/inc -I../Middlewares/ST/filex/ports/generic/inc -O0 -ffunction-sections -fdata-sections -Wall -fstack-usage -fcyclomatic-complexity -MMD -MP -MF"Middlewares/ST/filex/common/src/fx_directory_exFAT_entry_write.d" -MT"Middlewares/ST/filex/common/src/fx_directory_exFAT_entry_write.o" --specs=nano.specs -mfpu=fpv5-sp-d16 -mfloat-abi=hard -mthumb -o "Middlewares/ST/filex/common/src/fx_directory_exFAT_entry_write.o"
arm-none-eabi-gcc "../Middlewares/ST/filex/common/src/fx_directory_exFAT_free_search.c" -mcpu=cortex-m33 -std=gnu11 -g3 -DDEBUG -DUSE_HAL_DRIVER -DSTM32U585xx -DFX_INCLUDE_USER_DEFINE_FILE -c -I../Core/Inc -I../Drivers/STM32U5xx_HAL_Driver/Inc -I../Drivers/STM32U5xx_HAL_Driver/Inc/Legacy -I../Drivers/CMSIS/Device/ST/STM32U5xx/Include -I../Drivers/CMSIS/Include -I../FileX/App -I../FileX/Target -I../Middlewares/ST/filex/common/inc -I../Middlewares/ST/filex/ports/generic/inc -O0 -ffunction-sections -fdata-sections -Wall -fstack-usage -fcyclomatic-complexity -MMD -MP -MF"Middlewares/ST/filex/common/src/fx_directory_exFAT_free_search.d" -MT"Middlewares/ST/filex/common/src/fx_directory_exFAT_free_search.o" --specs=nano.specs -mfpu=fpv5-sp-d16 -mfloat-abi=hard -mthumb -o "Middlewares/ST/filex/common/src/fx_directory_exFAT_free_search.o"
arm-none-eabi-gcc "../Middlewares/ST/filex/common/src/fx_directory_exFAT_unicode_entry_write.c" -mcpu=cortex-m33 -std=gnu11 -g3 -DDEBUG -DUSE_HAL_DRIVER -DSTM32U585xx -DFX_INCLUDE_USER_DEFINE_FILE -c -I../Core/Inc -I../Drivers/STM32U5xx_HAL_Driver/Inc -I../Drivers/STM32U5xx_HAL_Driver/Inc/Legacy -I../Drivers/CMSIS/Device/ST/STM32U5xx/Include -I../Drivers/CMSIS/Include -I../FileX/App -I../FileX/Target -I../Middlewares/ST/filex/common/inc -I../Middlewares/ST/filex/ports/generic/inc -O0 -ffunction-sections -fdata-sections -Wall -fstack-usage -fcyclomatic-complexity -MMD -MP -MF"Middlewares/ST/filex/common/src/fx_directory_exFAT_unicode_entry_write.d" -MT"Middlewares/ST/filex/common/src/fx_directory_exFAT_unicode_entry_write.o" --specs=nano.specs -mfpu=fpv5-sp-d16 -mfloat-abi=hard -mthumb -o "Middlewares/ST/filex/common/src/fx_directory_exFAT_unicode_entry_write.o"
arm-none-eabi-gcc "../Middlewares/ST/filex/common/src/fx_directory_first_entry_find.c" -mcpu=cortex-m33 -std=gnu11 -g3 -DDEBUG -DUSE_HAL_DRIVER -DSTM32U585xx -DFX_INCLUDE_USER_DEFINE_FILE -c -I../Core/Inc -I../Drivers/STM32U5xx_HAL_Driver/Inc -I../Drivers/STM32U5xx_HAL_Driver/Inc/Legacy -I../Drivers/CMSIS/Device/ST/STM32U5xx/Include -I../Drivers/CMSIS/Include -I../FileX/App -I../FileX/Target -I../Middlewares/ST/filex/common/inc -I../Middlewares/ST/filex/ports/generic/inc -O0 -ffunction-sections -fdata-sections -Wall -fstack-usage -fcyclomatic-complexity -MMD -MP -MF"Middlewares/ST/filex/common/src/fx_directory_first_entry_find.d" -MT"Middlewares/ST/filex/common/src/fx_directory_first_entry_find.o" --specs=nano.specs -mfpu=fpv5-sp-d16 -mfloat-abi=hard -mthumb -o "Middlewares/ST/filex/common/src/fx_directory_first_entry_find.o"
arm-none-eabi-gcc "../Middlewares/ST/filex/common/src/fx_directory_first_full_entry_find.c" -mcpu=cortex-m33 -std=gnu11 -g3 -DDEBUG -DUSE_HAL_DRIVER -DSTM32U585xx -DFX_INCLUDE_USER_DEFINE_FILE -c -I../Core/Inc -I../Drivers/STM32U5xx_HAL_Driver/Inc -I../Drivers/STM32U5xx_HAL_Driver/Inc/Legacy -I../Drivers/CMSIS/Device/ST/STM32U5xx/Include -I../Drivers/CMSIS/Include -I../FileX/App -I../FileX/Target -I../Middlewares/ST/filex/common/inc -I../Middlewares/ST/filex/ports/generic/inc -O0 -ffunction-sections -fdata-sections -Wall -fstack-usage -fcyclomatic-complexity -MMD -MP -MF"Middlewares/ST/filex/common/src/fx_directory_first_full_entry_find.d" -MT"Middlewares/ST/filex/common/src/fx_directory_first_full_entry_find.o" --specs=nano.specs -mfpu=fpv5-sp-d16 -mfloat-abi=hard -mthumb -o "Middlewares/ST/filex/common/src/fx_directory_first_full_entry_find.o"
arm-none-eabi-gcc "../Middlewares/ST/filex/common/src/fx_directory_free_search.c" -mcpu=cortex-m33 -std=gnu11 -g3 -DDEBUG -DUSE_HAL_DRIVER -DSTM32U585xx -DFX_INCLUDE_USER_DEFINE_FILE -c -I../Core/Inc -I../Drivers/STM32U5xx_HAL_Driver/Inc -I../Drivers/STM32U5xx_HAL_Driver/Inc/Legacy -I../Drivers/CMSIS/Device/ST/STM32U5xx/Include -I../Drivers/CMSIS/Include -I../FileX/App -I../FileX/Target -I../Middlewares/ST/filex/common/inc -I../Middlewares/ST/filex/ports/generic/inc -O0 -ffunction-sections -fdata-sections -Wall -fstack-usage -fcyclomatic-complexity -MMD -MP -MF"Middlewares/ST/filex/common/src/fx_directory_free_search.d" -MT"Middlewares/ST/filex/common/src/fx_directory_free_search.o" --specs=nano.specs -mfpu=fpv5-sp-d16 -mfloat-abi=hard -mthumb -o "Middlewares/ST/filex/common/src/fx_directory_free_search.o"
arm-none-eabi-gcc "../Middlewares/ST/filex/common/src/fx_directory_information_get.c" -mcpu=cortex-m33 -std=gnu11 -g3 -DDEBUG -DUSE_HAL_DRIVER -DSTM32U585xx -DFX_INCLUDE_USER_DEFINE_FILE -c -I../Core/Inc -I../Drivers/STM32U5xx_HAL_Driver/Inc -I../Drivers/STM32U5xx_HAL_Driver/Inc/Legacy -I../Drivers/CMSIS/Device/ST/STM32U5xx/Include -I../Drivers/CMSIS/Include -I../FileX/App -I../FileX/Target -I../Middlewares/ST/filex/common/inc -I../Middlewares/ST/filex/ports/generic/inc -O0 -ffunction-sections -fdata-sections -Wall -fstack-usage -fcyclomatic-complexity -MMD -MP -MF"Middlewares/ST/filex/common/src/fx_directory_information_get.d" -MT"Middlewares/ST/filex/common/src/fx_directory_information_get.o" --specs=nano.specs -mfpu=fpv5-sp-d16 -mfloat-abi=hard -mthumb -o "Middlewares/ST/filex/common/src/fx_directory_information_get.o"
arm-none-eabi-gcc "../Middlewares/ST/filex/common/src/fx_directory_local_path_clear.c" -mcpu=cortex-m33 -std=gnu11 -g3 -DDEBUG -DUSE_HAL_DRIVER -DSTM32U585xx -DFX_INCLUDE_USER_DEFINE_FILE -c -I../Core/Inc -I../Drivers/STM32U5xx_HAL_Driver/Inc -I../Drivers/STM32U5xx_HAL_Driver/Inc/Legacy -I../Drivers/CMSIS/Device/ST/STM32U5xx/Include -I../Drivers/CMSIS/Include -I../FileX/App -I../FileX/Target -I../Middlewares/ST/filex/common/inc -I../Middlewares/ST/filex/ports/generic/inc -O0 -ffunction-sections -fdata-sections -Wall -fstack-usage -fcyclomatic-complexity -MMD -MP -MF"Middlewares/ST/filex/common/src/fx_directory_local_path_clear.d" -MT"Middlewares/ST/filex/common/src/fx_directory_local_path_clear.o" --specs=nano.specs -mfpu=fpv5-sp-d16 -mfloat-abi=hard -mthumb -o "Middlewares/ST/filex/common/src/fx_directory_local_path_clear.o"
arm-none-eabi-gcc "../Middlewares/ST/filex/common/src/fx_directory_local_path_get.c" -mcpu=cortex-m33 -std=gnu11 -g3 -DDEBUG -DUSE_HAL_DRIVER -DSTM32U585xx -DFX_INCLUDE_USER_DEFINE_FILE -c -I../Core/Inc -I../Drivers/STM32U5xx_HAL_Driver/Inc -I../Drivers/STM32U5xx_HAL_Driver/Inc/Legacy -I../Drivers/CMSIS/Device/ST/STM32U5xx/Include -I../Drivers/CMSIS/Include -I../FileX/App -I../FileX/Target -I../Middlewares/ST/filex/common/inc -I../Middlewares/ST/filex/ports/generic/inc -O0 -ffunction-sections -fdata-sections -Wall -fstack-usage -fcyclomatic-complexity -MMD -MP -MF"Middlewares/ST/filex/common/src/fx_directory_local_path_get.d" -MT"Middlewares/ST/filex/common/src/fx_directory_local_path_get.o" --specs=nano.specs -mfpu=fpv5-sp-d16 -mfloat-abi=hard -mthumb -o "Middlewares/ST/filex/common/src/fx_directory_local_path_get.o"
arm-none-eabi-gcc "../Middlewares/ST/filex/common/src/fx_directory_local_path_get_copy.c" -mcpu=cortex-m33 -std=gnu11 -g3 -DDEBUG -DUSE_HAL_DRIVER -DSTM32U585xx -DFX_INCLUDE_USER_DEFINE_FILE -c -I../Core/Inc -I../Drivers/STM32U5xx_HAL_Driver/Inc -I../Drivers/STM32U5xx_HAL_Driver/Inc/Legacy -I../Drivers/CMSIS/Device/ST/STM32U5xx/Include -I../Drivers/CMSIS/Include -I../FileX/App -I../FileX/Target -I../Middlewares/ST/filex/common/inc -I../Middlewares/ST/filex/ports/generic/inc -O0 -ffunction-sections -fdata-sections -Wall -fstack-usage -fcyclomatic-complexity -MMD -MP -MF"Middlewares/ST/filex/common/src/fx_directory_local_path_get_copy.d" -MT"Middlewares/ST/filex/common/src/fx_directory_local_path_get_copy.o" --specs=nano.specs -mfpu=fpv5-sp-d16 -mfloat-abi=hard -mthumb -o "Middlewares/ST/filex/common/src/fx_directory_local_path_get_copy.o"
arm-none-eabi-gcc "../Middlewares/ST/filex/common/src/fx_directory_local_path_restore.c" -mcpu=cortex-m33 -std=gnu11 -g3 -DDEBUG -DUSE_HAL_DRIVER -DSTM32U585xx -DFX_INCLUDE_USER_DEFINE_FILE -c -I../Core/Inc -I../Drivers/STM32U5xx_HAL_Driver/Inc -I../Drivers/STM32U5xx_HAL_Driver/Inc/Legacy -I../Drivers/CMSIS/Device/ST/STM32U5xx/Include -I../Drivers/CMSIS/Include -I../FileX/App -I../FileX/Target -I../Middlewares/ST/filex/common/inc -I../Middlewares/ST/filex/ports/generic/inc -O0 -ffunction-sections -fdata-sections -Wall -fstack-usage -fcyclomatic-complexity -MMD -MP -MF"Middlewares/ST/filex/common/src/fx_directory_local_path_restore.d" -MT"Middlewares/ST/filex/common/src/fx_directory_local_path_restore.o" --specs=nano.specs -mfpu=fpv5-sp-d16 -mfloat-abi=hard -mthumb -o "Middlewares/ST/filex/common/src/fx_directory_local_path_restore.o"
arm-none-eabi-gcc "../Middlewares/ST/filex/common/src/fx_directory_local_path_set.c" -mcpu=cortex-m33 -std=gnu11 -g3 -DDEBUG -DUSE_HAL_DRIVER -DSTM32U585xx -DFX_INCLUDE_USER_DEFINE_FILE -c -I../Core/Inc -I../Drivers/STM32U5xx_HAL_Driver/Inc -I../Drivers/STM32U5xx_HAL_Driver/Inc/Legacy -I../Drivers/CMSIS/Device/ST/STM32U5xx/Include -I../Drivers/CMSIS/Include -I../FileX/App -I../FileX/Target -I../Middlewares/ST/filex/common/inc -I../Middlewares/ST/filex/ports/generic/inc -O0 -ffunction-sections -fdata-sections -Wall -fstack-usage -fcyclomatic-complexity -MMD -MP -MF"Middlewares/ST/filex/common/src/fx_directory_local_path_set.d" -MT"Middlewares/ST/filex/common/src/fx_directory_local_path_set.o" --specs=nano.specs -mfpu=fpv5-sp-d16 -mfloat-abi=hard -mthumb -o "Middlewares/ST/filex/common/src/fx_directory_local_path_set.o"
arm-none-eabi-gcc "../Middlewares/ST/filex/common/src/fx_directory_long_name_get.c" -mcpu=cortex-m33 -std=gnu11 -g3 -DDEBUG -DUSE_HAL_DRIVER -DSTM32U585xx -DFX_INCLUDE_USER_DEFINE_FILE -c -I../Core/Inc -I../Drivers/STM32U5xx_HAL_Driver/Inc -I../Drivers/STM32U5xx_HAL_Driver/Inc/Legacy -I../Drivers/CMSIS/Device/ST/STM32U5xx/Include -I../Drivers/CMSIS/Include -I../FileX/App -I../FileX/Target -I../Middlewares/ST/filex/common/inc -I../Middlewares/ST/filex/ports/generic/inc -O0 -ffunction-sections -fdata-sections -Wall -fstack-usage -fcyclomatic-complexity -MMD -MP -MF"Middlewares/ST/filex/common/src/fx_directory_long_name_get.d" -MT"Middlewares/ST/filex/common/src/fx_directory_long_name_get.o" --specs=nano.specs -mfpu=fpv5-sp-d16 -mfloat-abi=hard -mthumb -o "Middlewares/ST/filex/common/src/fx_directory_long_name_get.o"
arm-none-eabi-gcc "../Middlewares/ST/filex/common/src/fx_directory_long_name_get_extended.c" -mcpu=cortex-m33 -std=gnu11 -g3 -DDEBUG -DUSE_HAL_DRIVER -DSTM32U585xx -DFX_INCLUDE_USER_DEFINE_FILE -c -I../Core/Inc -I../Drivers/STM32U5xx_HAL_Driver/Inc -I../Drivers/STM32U5xx_HAL_Driver/Inc/Legacy -I../Drivers/CMSIS/Device/ST/STM32U5xx/Include -I../Drivers/CMSIS/Include -I../FileX/App -I../FileX/Target -I../Middlewares/ST/filex/common/inc -I../Middlewares/ST/filex/ports/generic/inc -O0 -ffunction-sections -fdata-sections -Wall -fstack-usage -fcyclomatic-complexity -MMD -MP -MF"Middlewares/ST/filex/common/src/fx_directory_long_name_get_extended.d" -MT"Middlewares/ST/filex/common/src/fx_directory_long_name_get_extended.o" --specs=nano.specs -mfpu=fpv5-sp-d16 -mfloat-abi=hard -mthumb -o "Middlewares/ST/filex/common/src/fx_directory_long_name_get_extended.o"
arm-none-eabi-gcc "../Middlewares/ST/filex/common/src/fx_directory_name_extract.c" -mcpu=cortex-m33 -std=gnu11 -g3 -DDEBUG -DUSE_HAL_DRIVER -DSTM32U585xx -DFX_INCLUDE_USER_DEFINE_FILE -c -I../Core/Inc -I../Drivers/STM32U5xx_HAL_Driver/Inc -I../Drivers/STM32U5xx_HAL_Driver/Inc/Legacy -I../Drivers/CMSIS/Device/ST/STM32U5xx/Include -I../Drivers/CMSIS/Include -I../FileX/App -I../FileX/Target -I../Middlewares/ST/filex/common/inc -I../Middlewares/ST/filex/ports/generic/inc -O0 -ffunction-sections -fdata-sections -Wall -fstack-usage -fcyclomatic-complexity -MMD -MP -MF"Middlewares/ST/filex/common/src/fx_directory_name_extract.d" -MT"Middlewares/ST/filex/common/src/fx_directory_name_extract.o" --specs=nano.specs -mfpu=fpv5-sp-d16 -mfloat-abi=hard -mthumb -o "Middlewares/ST/filex/common/src/fx_directory_name_extract.o"
arm-none-eabi-gcc "../Middlewares/ST/filex/common/src/fx_directory_name_test.c" -mcpu=cortex-m33 -std=gnu11 -g3 -DDEBUG -DUSE_HAL_DRIVER -DSTM32U585xx -DFX_INCLUDE_USER_DEFINE_FILE -c -I../Core/Inc -I../Drivers/STM32U5xx_HAL_Driver/Inc -I../Drivers/STM32U5xx_HAL_Driver/Inc/Legacy -I../Drivers/CMSIS/Device/ST/STM32U5xx/Include -I../Drivers/CMSIS/Include -I../FileX/App -I../FileX/Target -I../Middlewares/ST/filex/common/inc -I../Middlewares/ST/filex/ports/generic/inc -O0 -ffunction-sections -fdata-sections -Wall -fstack-usage -fcyclomatic-complexity -MMD -MP -MF"Middlewares/ST/filex/common/src/fx_directory_name_test.d" -MT"Middlewares/ST/filex/common/src/fx_directory_name_test.o" --specs=nano.specs -mfpu=fpv5-sp-d16 -mfloat-abi=hard -mthumb -o "Middlewares/ST/filex/common/src/fx_directory_name_test.o"
arm-none-eabi-gcc "../Middlewares/ST/filex/common/src/fx_directory_next_entry_find.c" -mcpu=cortex-m33 -std=gnu11 -g3 -DDEBUG -DUSE_HAL_DRIVER -DSTM32U585xx -DFX_INCLUDE_USER_DEFINE_FILE -c -I../Core/Inc -I../Drivers/STM32U5xx_HAL_Driver/Inc -I../Drivers/STM32U5xx_HAL_Driver/Inc/Legacy -I../Drivers/CMSIS/Device/ST/STM32U5xx/Include -I../Drivers/CMSIS/Include -I../FileX/App -I../FileX/Target -I../Middlewares/ST/filex/common/inc -I../Middlewares/ST/filex/ports/generic/inc -O0 -ffunction-sections -fdata-sections -Wall -fstack-usage -fcyclomatic-complexity -MMD -MP -MF"Middlewares/ST/filex/common/src/fx_directory_next_entry_find.d" -MT"Middlewares/ST/filex/common/src/fx_directory_next_entry_find.o" --specs=nano.specs -mfpu=fpv5-sp-d16 -mfloat-abi=hard -mthumb -o "Middlewares/ST/filex/common/src/fx_directory_next_entry_find.o"
arm-none-eabi-gcc "../Middlewares/ST/filex/common/src/fx_directory_next_full_entry_find.c" -mcpu=cortex-m33 -std=gnu11 -g3 -DDEBUG -DUSE_HAL_DRIVER -DSTM32U585xx -DFX_INCLUDE_USER_DEFINE_FILE -c -I../Core/Inc -I../Drivers/STM32U5xx_HAL_Driver/Inc -I../Drivers/STM32U5xx_HAL_Driver/Inc/Legacy -I../Drivers/CMSIS/Device/ST/STM32U5xx/Include -I../Drivers/CMSIS/Include -I../FileX/App -I../FileX/Target -I../Middlewares/ST/filex/common/inc -I../Middlewares/ST/filex/ports/generic/inc -O0 -ffunction-sections -fdata-sections -Wall -fstack-usage -fcyclomatic-complexity -MMD -MP -MF"Middlewares/ST/filex/common/src/fx_directory_next_full_entry_find.d" -MT"Middlewares/ST/filex/common/src/fx_directory_next_full_entry_find.o" --specs=nano.specs -mfpu=fpv5-sp-d16 -mfloat-abi=hard -mthumb -o "Middlewares/ST/filex/common/src/fx_directory_next_full_entry_find.o"
arm-none-eabi-gcc "../Middlewares/ST/filex/common/src/fx_directory_rename.c" -mcpu=cortex-m33 -std=gnu11 -g3 -DDEBUG -DUSE_HAL_DRIVER -DSTM32U585xx -DFX_INCLUDE_USER_DEFINE_FILE -c -I../Core/Inc -I../Drivers/STM32U5xx_HAL_Driver/Inc -I../Drivers/STM32U5xx_HAL_Driver/Inc/Legacy -I../Drivers/CMSIS/Device/ST/STM32U5xx/Include -I../Drivers/CMSIS/Include -I../FileX/App -I../FileX/Target -I../Middlewares/ST/filex/common/inc -I../Middlewares/ST/filex/ports/generic/inc -O0 -ffunction-sections -fdata-sections -Wall -fstack-usage -fcyclomatic-complexity -MMD -MP -MF"Middlewares/ST/filex/common/src/fx_directory_rename.d" -MT"Middlewares/ST/filex/common/src/fx_directory_rename.o" --specs=nano.specs -mfpu=fpv5-sp-d16 -mfloat-abi=hard -mthumb -o "Middlewares/ST/filex/common/src/fx_directory_rename.o"
arm-none-eabi-gcc "../Middlewares/ST/filex/common/src/fx_directory_search.c" -mcpu=cortex-m33 -std=gnu11 -g3 -DDEBUG -DUSE_HAL_DRIVER -DSTM32U585xx -DFX_INCLUDE_USER_DEFINE_FILE -c -I../Core/Inc -I../Drivers/STM32U5xx_HAL_Driver/Inc -I../Drivers/STM32U5xx_HAL_Driver/Inc/Legacy -I../Drivers/CMSIS/Device/ST/STM32U5xx/Include -I../Drivers/CMSIS/Include -I../FileX/App -I../FileX/Target -I../Middlewares/ST/filex/common/inc -I../Middlewares/ST/filex/ports/generic/inc -O0 -ffunction-sections -fdata-sections -Wall -fstack-usage -fcyclomatic-complexity -MMD -MP -MF"Middlewares/ST/filex/common/src/fx_directory_search.d" -MT"Middlewares/ST/filex/common/src/fx_directory_search.o" --specs=nano.specs -mfpu=fpv5-sp-d16 -mfloat-abi=hard -mthumb -o "Middlewares/ST/filex/common/src/fx_directory_search.o"
arm-none-eabi-gcc "../Middlewares/ST/filex/common/src/fx_directory_short_name_get.c" -mcpu=cortex-m33 -std=gnu11 -g3 -DDEBUG -DUSE_HAL_DRIVER -DSTM32U585xx -DFX_INCLUDE_USER_DEFINE_FILE -c -I../Core/Inc -I../Drivers/STM32U5xx_HAL_Driver/Inc -I../Drivers/STM32U5xx_HAL_Driver/Inc/Legacy -I../Drivers/CMSIS/Device/ST/STM32U5xx/Include -I../Drivers/CMSIS/Include -I../FileX/App -I../FileX/Target -I../Middlewares/ST/filex/common/inc -I../Middlewares/ST/filex/ports/generic/inc -O0 -ffunction-sections -fdata-sections -Wall -fstack-usage -fcyclomatic-complexity -MMD -MP -MF"Middlewares/ST/filex/common/src/fx_directory_short_name_get.d" -MT"Middlewares/ST/filex/common/src/fx_directory_short_name_get.o" --specs=nano.specs -mfpu=fpv5-sp-d16 -mfloat-abi=hard -mthumb -o "Middlewares/ST/filex/common/src/fx_directory_short_name_get.o"
arm-none-eabi-gcc "../Middlewares/ST/filex/common/src/fx_directory_short_name_get_extended.c" -mcpu=cortex-m33 -std=gnu11 -g3 -DDEBUG -DUSE_HAL_DRIVER -DSTM32U585xx -DFX_INCLUDE_USER_DEFINE_FILE -c -I../Core/Inc -I../Drivers/STM32U5xx_HAL_Driver/Inc -I../Drivers/STM32U5xx_HAL_Driver/Inc/Legacy -I../Drivers/CMSIS/Device/ST/STM32U5xx/Include -I../Drivers/CMSIS/Include -I../FileX/App -I../FileX/Target -I../Middlewares/ST/filex/common/inc -I../Middlewares/ST/filex/ports/generic/inc -O0 -ffunction-sections -fdata-sections -Wall -fstack-usage -fcyclomatic-complexity -MMD -MP -MF"Middlewares/ST/filex/common/src/fx_directory_short_name_get_extended.d" -MT"Middlewares/ST/filex/common/src/fx_directory_short_name_get_extended.o" --specs=nano.specs -mfpu=fpv5-sp-d16 -mfloat-abi=hard -mthumb -o "Middlewares/ST/filex/common/src/fx_directory_short_name_get_extended.o"
arm-none-eabi-gcc "../Middlewares/ST/filex/common/src/fx_fault_tolerant_add_FAT_log.c" -mcpu=cortex-m33 -std=gnu11 -g3 -DDEBUG -DUSE_HAL_DRIVER -DSTM32U585xx -DFX_INCLUDE_USER_DEFINE_FILE -c -I../Core/Inc -I../Drivers/STM32U5xx_HAL_Driver/Inc -I../Drivers/STM32U5xx_HAL_Driver/Inc/Legacy -I../Drivers/CMSIS/Device/ST/STM32U5xx/Include -I../Drivers/CMSIS/Include -I../FileX/App -I../FileX/Target -I../Middlewares/ST/filex/common/inc -I../Middlewares/ST/filex/ports/generic/inc -O0 -ffunction-sections -fdata-sections -Wall -fstack-usage -fcyclomatic-complexity -MMD -MP -MF"Middlewares/ST/filex/common/src/fx_fault_tolerant_add_FAT_log.d" -MT"Middlewares/ST/filex/common/src/fx_fault_tolerant_add_FAT_log.o" --specs=nano.specs -mfpu=fpv5-sp-d16 -mfloat-abi=hard -mthumb -o "Middlewares/ST/filex/common/src/fx_fault_tolerant_add_FAT_log.o"
arm-none-eabi-gcc "../Middlewares/ST/filex/common/src/fx_fault_tolerant_add_bitmap_log.c" -mcpu=cortex-m33 -std=gnu11 -g3 -DDEBUG -DUSE_HAL_DRIVER -DSTM32U585xx -DFX_INCLUDE_USER_DEFINE_FILE -c -I../Core/Inc -I../Drivers/STM32U5xx_HAL_Driver/Inc -I../Drivers/STM32U5xx_HAL_Driver/Inc/Legacy -I../Drivers/CMSIS/Device/ST/STM32U5xx/Include -I../Drivers/CMSIS/Include -I../FileX/App -I../FileX/Target -I../Middlewares/ST/filex/common/inc -I../Middlewares/ST/filex/ports/generic/inc -O0 -ffunction-sections -fdata-sections -Wall -fstack-usage -fcyclomatic-complexity -MMD -MP -MF"Middlewares/ST/filex/common/src/fx_fault_tolerant_add_bitmap_log.d" -MT"Middlewares/ST/filex/common/src/fx_fault_tolerant_add_bitmap_log.o" --specs=nano.specs -mfpu=fpv5-sp-d16 -mfloat-abi=hard -mthumb -o "Middlewares/ST/filex/common/src/fx_fault_tolerant_add_bitmap_log.o"
arm-none-eabi-gcc "../Middlewares/ST/filex/common/src/fx_fault_tolerant_add_checksum_log.c" -mcpu=cortex-m33 -std=gnu11 -g3 -DDEBUG -DUSE_HAL_DRIVER -DSTM32U585xx -DFX_INCLUDE_USER_DEFINE_FILE -c -I../Core/Inc -I../Drivers/STM32U5xx_HAL_Driver/Inc -I../Drivers/STM32U5xx_HAL_Driver/Inc/Legacy -I../Drivers/CMSIS/Device/ST/STM32U5xx/Include -I../Drivers/CMSIS/Include -I../FileX/App -I../FileX/Target -I../Middlewares/ST/filex/common/inc -I../Middlewares/ST/filex/ports/generic/inc -O0 -ffunction-sections -fdata-sections -Wall -fstack-usage -fcyclomatic-complexity -MMD -MP -MF"Middlewares/ST/filex/common/src/fx_fault_tolerant_add_checksum_log.d" -MT"Middlewares/ST/filex/common/src/fx_fault_tolerant_add_checksum_log.o" --specs=nano.specs -mfpu=fpv5-sp-d16 -mfloat-abi=hard -mthumb -o "Middlewares/ST/filex/common/src/fx_fault_tolerant_add_checksum_log.o"
arm-none-eabi-gcc "../Middlewares/ST/filex/common/src/fx_fault_tolerant_add_dir_log.c" -mcpu=cortex-m33 -std=gnu11 -g3 -DDEBUG -DUSE_HAL_DRIVER -DSTM32U585xx -DFX_INCLUDE_USER_DEFINE_FILE -c -I../Core/Inc -I../Drivers/STM32U5xx_HAL_Driver/Inc -I../Drivers/STM32U5xx_HAL_Driver/Inc/Legacy -I../Drivers/CMSIS/Device/ST/STM32U5xx/Include -I../Drivers/CMSIS/Include -I../FileX/App -I../FileX/Target -I../Middlewares/ST/filex/common/inc -I../Middlewares/ST/filex/ports/generic/inc -O0 -ffunction-sections -fdata-sections -Wall -fstack-usage -fcyclomatic-complexity -MMD -MP -MF"Middlewares/ST/filex/common/src/fx_fault_tolerant_add_dir_log.d" -MT"Middlewares/ST/filex/common/src/fx_fault_tolerant_add_dir_log.o" --specs=nano.specs -mfpu=fpv5-sp-d16 -mfloat-abi=hard -mthumb -o "Middlewares/ST/filex/common/src/fx_fault_tolerant_add_dir_log.o"
arm-none-eabi-gcc "../Middlewares/ST/filex/common/src/fx_fault_tolerant_apply_logs.c" -mcpu=cortex-m33 -std=gnu11 -g3 -DDEBUG -DUSE_HAL_DRIVER -DSTM32U585xx -DFX_INCLUDE_USER_DEFINE_FILE -c -I../Core/Inc -I../Drivers/STM32U5xx_HAL_Driver/Inc -I../Drivers/STM32U5xx_HAL_Driver/Inc/Legacy -I../Drivers/CMSIS/Device/ST/STM32U5xx/Include -I../Drivers/CMSIS/Include -I../FileX/App -I../FileX/Target -I../Middlewares/ST/filex/common/inc -I../Middlewares/ST/filex/ports/generic/inc -O0 -ffunction-sections -fdata-sections -Wall -fstack-usage -fcyclomatic-complexity -MMD -MP -MF"Middlewares/ST/filex/common/src/fx_fault_tolerant_apply_logs.d" -MT"Middlewares/ST/filex/common/src/fx_fault_tolerant_apply_logs.o" --specs=nano.specs -mfpu=fpv5-sp-d16 -mfloat-abi=hard -mthumb -o "Middlewares/ST/filex/common/src/fx_fault_tolerant_apply_logs.o"
arm-none-eabi-gcc "../Middlewares/ST/filex/common/src/fx_fault_tolerant_calculate_checksum.c" -mcpu=cortex-m33 -std=gnu11 -g3 -DDEBUG -DUSE_HAL_DRIVER -DSTM32U585xx -DFX_INCLUDE_USER_DEFINE_FILE -c -I../Core/Inc -I../Drivers/STM32U5xx_HAL_Driver/Inc -I../Drivers/STM32U5xx_HAL_Driver/Inc/Legacy -I../Drivers/CMSIS/Device/ST/STM32U5xx/Include -I../Drivers/CMSIS/Include -I../FileX/App -I../FileX/Target -I../Middlewares/ST/filex/common/inc -I../Middlewares/ST/filex/ports/generic/inc -O0 -ffunction-sections -fdata-sections -Wall -fstack-usage -fcyclomatic-complexity -MMD -MP -MF"Middlewares/ST/filex/common/src/fx_fault_tolerant_calculate_checksum.d" -MT"Middlewares/ST/filex/common/src/fx_fault_tolerant_calculate_checksum.o" --specs=nano.specs -mfpu=fpv5-sp-d16 -mfloat-abi=hard -mthumb -o "Middlewares/ST/filex/common/src/fx_fault_tolerant_calculate_checksum.o"
arm-none-eabi-gcc "../Middlewares/ST/filex/common/src/fx_fault_tolerant_cleanup_FAT_chain.c" -mcpu=cortex-m33 -std=gnu11 -g3 -DDEBUG -DUSE_HAL_DRIVER -DSTM32U585xx -DFX_INCLUDE_USER_DEFINE_FILE -c -I../Core/Inc -I../Drivers/STM32U5xx_HAL_Driver/Inc -I../Drivers/STM32U5xx_HAL_Driver/Inc/Legacy -I../Drivers/CMSIS/Device/ST/STM32U5xx/Include -I../Drivers/CMSIS/Include -I../FileX/App -I../FileX/Target -I../Middlewares/ST/filex/common/inc -I../Middlewares/ST/filex/ports/generic/inc -O0 -ffunction-sections -fdata-sections -Wall -fstack-usage -fcyclomatic-complexity -MMD -MP -MF"Middlewares/ST/filex/common/src/fx_fault_tolerant_cleanup_FAT_chain.d" -MT"Middlewares/ST/filex/common/src/fx_fault_tolerant_cleanup_FAT_chain.o" --specs=nano.specs -mfpu=fpv5-sp-d16 -mfloat-abi=hard -mthumb -o "Middlewares/ST/filex/common/src/fx_fault_tolerant_cleanup_FAT_chain.o"
arm-none-eabi-gcc "../Middlewares/ST/filex/common/src/fx_fault_tolerant_create_log_file.c" -mcpu=cortex-m33 -std=gnu11 -g3 -DDEBUG -DUSE_HAL_DRIVER -DSTM32U585xx -DFX_INCLUDE_USER_DEFINE_FILE -c -I../Core/Inc -I../Drivers/STM32U5xx_HAL_Driver/Inc -I../Drivers/STM32U5xx_HAL_Driver/Inc/Legacy -I../Drivers/CMSIS/Device/ST/STM32U5xx/Include -I../Drivers/CMSIS/Include -I../FileX/App -I../FileX/Target -I../Middlewares/ST/filex/common/inc -I../Middlewares/ST/filex/ports/generic/inc -O0 -ffunction-sections -fdata-sections -Wall -fstack-usage -fcyclomatic-complexity -MMD -MP -MF"Middlewares/ST/filex/common/src/fx_fault_tolerant_create_log_file.d" -MT"Middlewares/ST/filex/common/src/fx_fault_tolerant_create_log_file.o" --specs=nano.specs -mfpu=fpv5-sp-d16 -mfloat-abi=hard -mthumb -o "Middlewares/ST/filex/common/src/fx_fault_tolerant_create_log_file.o"
arm-none-eabi-gcc "../Middlewares/ST/filex/common/src/fx_fault_tolerant_enable.c" -mcpu=cortex-m33 -std=gnu11 -g3 -DDEBUG -DUSE_HAL_DRIVER -DSTM32U585xx -DFX_INCLUDE_USER_DEFINE_FILE -c -I../Core/Inc -I../Drivers/STM32U5xx_HAL_Driver/Inc -I../Drivers/STM32U5xx_HAL_Driver/Inc/Legacy -I../Drivers/CMSIS/Device/ST/STM32U5xx/Include -I../Drivers/CMSIS/Include -I../FileX/App -I../FileX/Target -I../Middlewares/ST/filex/common/inc -I../Middlewares/ST/filex/ports/generic/inc -O0 -ffunction-sections -fdata-sections -Wall -fstack-usage -fcyclomatic-complexity -MMD -MP -MF"Middlewares/ST/filex/common/src/fx_fault_tolerant_enable.d" -MT"Middlewares/ST/filex/common/src/fx_fault_tolerant_enable.o" --specs=nano.specs -mfpu=fpv5-sp-d16 -mfloat-abi=hard -mthumb -o "Middlewares/ST/filex/common/src/fx_fault_tolerant_enable.o"
arm-none-eabi-gcc "../Middlewares/ST/filex/common/src/fx_fault_tolerant_read_FAT.c" -mcpu=cortex-m33 -std=gnu11 -g3 -DDEBUG -DUSE_HAL_DRIVER -DSTM32U585xx -DFX_INCLUDE_USER_DEFINE_FILE -c -I../Core/Inc -I../Drivers/STM32U5xx_HAL_Driver/Inc -I../Drivers/STM32U5xx_HAL_Driver/Inc/Legacy -I../Drivers/CMSIS/Device/ST/STM32U5xx/Include -I../Drivers/CMSIS/Include -I../FileX/App -I../FileX/Target -I../Middlewares/ST/filex/common/inc -I../Middlewares/ST/filex/ports/generic/inc -O0 -ffunction-sections -fdata-sections -Wall -fstack-usage -fcyclomatic-complexity -MMD -MP -MF"Middlewares/ST/filex/common/src/fx_fault_tolerant_read_FAT.d" -MT"Middlewares/ST/filex/common/src/fx_fault_tolerant_read_FAT.o" --specs=nano.specs -mfpu=fpv5-sp-d16 -mfloat-abi=hard -mthumb -o "Middlewares/ST/filex/common/src/fx_fault_tolerant_read_FAT.o"
arm-none-eabi-gcc "../Middlewares/ST/filex/common/src/fx_fault_tolerant_read_directory_sector.c" -mcpu=cortex-m33 -std=gnu11 -g3 -DDEBUG -DUSE_HAL_DRIVER -DSTM32U585xx -DFX_INCLUDE_USER_DEFINE_FILE -c -I../Core/Inc -I../Drivers/STM32U5xx_HAL_Driver/Inc -I../Drivers/STM32U5xx_HAL_Driver/Inc/Legacy -I../Drivers/CMSIS/Device/ST/STM32U5xx/Include -I../Drivers/CMSIS/Include -I../FileX/App -I../FileX/Target -I../Middlewares/ST/filex/common/inc -I../Middlewares/ST/filex/ports/generic/inc -O0 -ffunction-sections -fdata-sections -Wall -fstack-usage -fcyclomatic-complexity -MMD -MP -MF"Middlewares/ST/filex/common/src/fx_fault_tolerant_read_directory_sector.d" -MT"Middlewares/ST/filex/common/src/fx_fault_tolerant_read_directory_sector.o" --specs=nano.specs -mfpu=fpv5-sp-d16 -mfloat-abi=hard -mthumb -o "Middlewares/ST/filex/common/src/fx_fault_tolerant_read_directory_sector.o"
arm-none-eabi-gcc "../Middlewares/ST/filex/common/src/fx_fault_tolerant_read_log_file.c" -mcpu=cortex-m33 -std=gnu11 -g3 -DDEBUG -DUSE_HAL_DRIVER -DSTM32U585xx -DFX_INCLUDE_USER_DEFINE_FILE -c -I../Core/Inc -I../Drivers/STM32U5xx_HAL_Driver/Inc -I../Drivers/STM32U5xx_HAL_Driver/Inc/Legacy -I../Drivers/CMSIS/Device/ST/STM32U5xx/Include -I../Drivers/CMSIS/Include -I../FileX/App -I../FileX/Target -I../Middlewares/ST/filex/common/inc -I../Middlewares/ST/filex/ports/generic/inc -O0 -ffunction-sections -fdata-sections -Wall -fstack-usage -fcyclomatic-complexity -MMD -MP -MF"Middlewares/ST/filex/common/src/fx_fault_tolerant_read_log_file.d" -MT"Middlewares/ST/filex/common/src/fx_fault_tolerant_read_log_file.o" --specs=nano.specs -mfpu=fpv5-sp-d16 -mfloat-abi=hard -mthumb -o "Middlewares/ST/filex/common/src/fx_fault_tolerant_read_log_file.o"
arm-none-eabi-gcc "../Middlewares/ST/filex/common/src/fx_fault_tolerant_recover.c" -mcpu=cortex-m33 -std=gnu11 -g3 -DDEBUG -DUSE_HAL_DRIVER -DSTM32U585xx -DFX_INCLUDE_USER_DEFINE_FILE -c -I../Core/Inc -I../Drivers/STM32U5xx_HAL_Driver/Inc -I../Drivers/STM32U5xx_HAL_Driver/Inc/Legacy -I../Drivers/CMSIS/Device/ST/STM32U5xx/Include -I../Drivers/CMSIS/Include -I../FileX/App -I../FileX/Target -I../Middlewares/ST/filex/common/inc -I../Middlewares/ST/filex/ports/generic/inc -O0 -ffunction-sections -fdata-sections -Wall -fstack-usage -fcyclomatic-complexity -MMD -MP -MF"Middlewares/ST/filex/common/src/fx_fault_tolerant_recover.d" -MT"Middlewares/ST/filex/common/src/fx_fault_tolerant_recover.o" --specs=nano.specs -mfpu=fpv5-sp-d16 -mfloat-abi=hard -mthumb -o "Middlewares/ST/filex/common/src/fx_fault_tolerant_recover.o"
arm-none-eabi-gcc "../Middlewares/ST/filex/common/src/fx_fault_tolerant_reset_log_file.c" -mcpu=cortex-m33 -std=gnu11 -g3 -DDEBUG -DUSE_HAL_DRIVER -DSTM32U585xx -DFX_INCLUDE_USER_DEFINE_FILE -c -I../Core/Inc -I../Drivers/STM32U5xx_HAL_Driver/Inc -I../Drivers/STM32U5xx_HAL_Driver/Inc/Legacy -I../Drivers/CMSIS/Device/ST/STM32U5xx/Include -I../Drivers/CMSIS/Include -I../FileX/App -I../FileX/Target -I../Middlewares/ST/filex/common/inc -I../Middlewares/ST/filex/ports/generic/inc -O0 -ffunction-sections -fdata-sections -Wall -fstack-usage -fcyclomatic-complexity -MMD -MP -MF"Middlewares/ST/filex/common/src/fx_fault_tolerant_reset_log_file.d" -MT"Middlewares/ST/filex/common/src/fx_fault_tolerant_reset_log_file.o" --specs=nano.specs -mfpu=fpv5-sp-d16 -mfloat-abi=hard -mthumb -o "Middlewares/ST/filex/common/src/fx_fault_tolerant_reset_log_file.o"
arm-none-eabi-gcc "../Middlewares/ST/filex/common/src/fx_fault_tolerant_set_FAT_chain.c" -mcpu=cortex-m33 -std=gnu11 -g3 -DDEBUG -DUSE_HAL_DRIVER -DSTM32U585xx -DFX_INCLUDE_USER_DEFINE_FILE -c -I../Core/Inc -I../Drivers/STM32U5xx_HAL_Driver/Inc -I../Drivers/STM32U5xx_HAL_Driver/Inc/Legacy -I../Drivers/CMSIS/Device/ST/STM32U5xx/Include -I../Drivers/CMSIS/Include -I../FileX/App -I../FileX/Target -I../Middlewares/ST/filex/common/inc -I../Middlewares/ST/filex/ports/generic/inc -O0 -ffunction-sections -fdata-sections -Wall -fstack-usage -fcyclomatic-complexity -MMD -MP -MF"Middlewares/ST/filex/common/src/fx_fault_tolerant_set_FAT_chain.d" -MT"Middlewares/ST/filex/common/src/fx_fault_tolerant_set_FAT_chain.o" --specs=nano.specs -mfpu=fpv5-sp-d16 -mfloat-abi=hard -mthumb -o "Middlewares/ST/filex/common/src/fx_fault_tolerant_set_FAT_chain.o"
arm-none-eabi-gcc "../Middlewares/ST/filex/common/src/fx_fault_tolerant_transaction_end.c" -mcpu=cortex-m33 -std=gnu11 -g3 -DDEBUG -DUSE_HAL_DRIVER -DSTM32U585xx -DFX_INCLUDE_USER_DEFINE_FILE -c -I../Core/Inc -I../Drivers/STM32U5xx_HAL_Driver/Inc -I../Drivers/STM32U5xx_HAL_Driver/Inc/Legacy -I../Drivers/CMSIS/Device/ST/STM32U5xx/Include -I../Drivers/CMSIS/Include -I../FileX/App -I../FileX/Target -I../Middlewares/ST/filex/common/inc -I../Middlewares/ST/filex/ports/generic/inc -O0 -ffunction-sections -fdata-sections -Wall -fstack-usage -fcyclomatic-complexity -MMD -MP -MF"Middlewares/ST/filex/common/src/fx_fault_tolerant_transaction_end.d" -MT"Middlewares/ST/filex/common/src/fx_fault_tolerant_transaction_end.o" --specs=nano.specs -mfpu=fpv5-sp-d16 -mfloat-abi=hard -mthumb -o "Middlewares/ST/filex/common/src/fx_fault_tolerant_transaction_end.o"
arm-none-eabi-gcc "../Middlewares/ST/filex/common/src/fx_fault_tolerant_transaction_fail.c" -mcpu=cortex-m33 -std=gnu11 -g3 -DDEBUG -DUSE_HAL_DRIVER -DSTM32U585xx -DFX_INCLUDE_USER_DEFINE_FILE -c -I../Core/Inc -I../Drivers/STM32U5xx_HAL_Driver/Inc -I../Drivers/STM32U5xx_HAL_Driver/Inc/Legacy -I../Drivers/CMSIS/Device/ST/STM32U5xx/Include -I../Drivers/CMSIS/Include -I../FileX/App -I../FileX/Target -I../Middlewares/ST/filex/common/inc -I../Middlewares/ST/filex/ports/generic/inc -O0 -ffunction-sections -fdata-sections -Wall -fstack-usage -fcyclomatic-complexity -MMD -MP -MF"Middlewares/ST/filex/common/src/fx_fault_tolerant_transaction_fail.d" -MT"Middlewares/ST/filex/common/src/fx_fault_tolerant_transaction_fail.o" --specs=nano.specs -mfpu=fpv5-sp-d16 -mfloat-abi=hard -mthumb -o "Middlewares/ST/filex/common/src/fx_fault_tolerant_transaction_fail.o"
arm-none-eabi-gcc "../Middlewares/ST/filex/common/src/fx_fault_tolerant_transaction_start.c" -mcpu=cortex-m33 -std=gnu11 -g3 -DDEBUG -DUSE_HAL_DRIVER -DSTM32U585xx -DFX_INCLUDE_USER_DEFINE_FILE -c -I../Core/Inc -I../Drivers/STM32U5xx_HAL_Driver/Inc -I../Drivers/STM32U5xx_HAL_Driver/Inc/Legacy -I../Drivers/CMSIS/Device/ST/STM32U5xx/Include -I../Drivers/CMSIS/Include -I../FileX/App -I../FileX/Target -I../Middlewares/ST/filex/common/inc -I../Middlewares/ST/filex/ports/generic/inc -O0 -ffunction-sections -fdata-sections -Wall -fstack-usage -fcyclomatic-complexity -MMD -MP -MF"Middlewares/ST/filex/common/src/fx_fault_tolerant_transaction_start.d" -MT"Middlewares/ST/filex/common/src/fx_fault_tolerant_transaction_start.o" --specs=nano.specs -mfpu=fpv5-sp-d16 -mfloat-abi=hard -mthumb -o "Middlewares/ST/filex/common/src/fx_fault_tolerant_transaction_start.o"
arm-none-eabi-gcc "../Middlewares/ST/filex/common/src/fx_fault_tolerant_write_log_file.c" -mcpu=cortex-m33 -std=gnu11 -g3 -DDEBUG -DUSE_HAL_DRIVER -DSTM32U585xx -DFX_INCLUDE_USER_DEFINE_FILE -c -I../Core/Inc -I../Drivers/STM32U5xx_HAL_Driver/Inc -I../Drivers/STM32U5xx_HAL_Driver/Inc/Legacy -I../Drivers/CMSIS/Device/ST/STM32U5xx/Include -I../Drivers/CMSIS/Include -I../FileX/App -I../FileX/Target -I../Middlewares/ST/filex/common/inc -I../Middlewares/ST/filex/ports/generic/inc -O0 -ffunction-sections -fdata-sections -Wall -fstack-usage -fcyclomatic-complexity -MMD -MP -MF"Middlewares/ST/filex/common/src/fx_fault_tolerant_write_log_file.d" -MT"Middlewares/ST/filex/common/src/fx_fault_tolerant_write_log_file.o" --specs=nano.specs -mfpu=fpv5-sp-d16 -mfloat-abi=hard -mthumb -o "Middlewares/ST/filex/common/src/fx_fault_tolerant_write_log_file.o"
arm-none-eabi-gcc "../Middlewares/ST/filex/common/src/fx_file_allocate.c" -mcpu=cortex-m33 -std=gnu11 -g3 -DDEBUG -DUSE_HAL_DRIVER -DSTM32U585xx -DFX_INCLUDE_USER_DEFINE_FILE -c -I../Core/Inc -I../Drivers/STM32U5xx_HAL_Driver/Inc -I../Drivers/STM32U5xx_HAL_Driver/Inc/Legacy -I../Drivers/CMSIS/Device/ST/STM32U5xx/Include -I../Drivers/CMSIS/Include -I../FileX/App -I../FileX/Target -I../Middlewares/ST/filex/common/inc -I../Middlewares/ST/filex/ports/generic/inc -O0 -ffunction-sections -fdata-sections -Wall -fstack-usage -fcyclomatic-complexity -MMD -MP -MF"Middlewares/ST/filex/common/src/fx_file_allocate.d" -MT"Middlewares/ST/filex/common/src/fx_file_allocate.o" --specs=nano.specs -mfpu=fpv5-sp-d16 -mfloat-abi=hard -mthumb -o "Middlewares/ST/filex/common/src/fx_file_allocate.o"
arm-none-eabi-gcc "../Middlewares/ST/filex/common/src/fx_file_attributes_read.c" -mcpu=cortex-m33 -std=gnu11 -g3 -DDEBUG -DUSE_HAL_DRIVER -DSTM32U585xx -DFX_INCLUDE_USER_DEFINE_FILE -c -I../Core/Inc -I../Drivers/STM32U5xx_HAL_Driver/Inc -I../Drivers/STM32U5xx_HAL_Driver/Inc/Legacy -I../Drivers/CMSIS/Device/ST/STM32U5xx/Include -I../Drivers/CMSIS/Include -I../FileX/App -I../FileX/Target -I../Middlewares/ST/filex/common/inc -I../Middlewares/ST/filex/ports/generic/inc -O0 -ffunction-sections -fdata-sections -Wall -fstack-usage -fcyclomatic-complexity -MMD -MP -MF"Middlewares/ST/filex/common/src/fx_file_attributes_read.d" -MT"Middlewares/ST/filex/common/src/fx_file_attributes_read.o" --specs=nano.specs -mfpu=fpv5-sp-d16 -mfloat-abi=hard -mthumb -o "Middlewares/ST/filex/common/src/fx_file_attributes_read.o"
arm-none-eabi-gcc "../Middlewares/ST/filex/common/src/fx_file_attributes_set.c" -mcpu=cortex-m33 -std=gnu11 -g3 -DDEBUG -DUSE_HAL_DRIVER -DSTM32U585xx -DFX_INCLUDE_USER_DEFINE_FILE -c -I../Core/Inc -I../Drivers/STM32U5xx_HAL_Driver/Inc -I../Drivers/STM32U5xx_HAL_Driver/Inc/Legacy -I../Drivers/CMSIS/Device/ST/STM32U5xx/Include -I../Drivers/CMSIS/Include -I../FileX/App -I../FileX/Target -I../Middlewares/ST/filex/common/inc -I../Middlewares/ST/filex/ports/generic/inc -O0 -ffunction-sections -fdata-sections -Wall -fstack-usage -fcyclomatic-complexity -MMD -MP -MF"Middlewares/ST/filex/common/src/fx_file_attributes_set.d" -MT"Middlewares/ST/filex/common/src/fx_file_attributes_set.o" --specs=nano.specs -mfpu=fpv5-sp-d16 -mfloat-abi=hard -mthumb -o "Middlewares/ST/filex/common/src/fx_file_attributes_set.o"
arm-none-eabi-gcc "../Middlewares/ST/filex/common/src/fx_file_best_effort_allocate.c" -mcpu=cortex-m33 -std=gnu11 -g3 -DDEBUG -DUSE_HAL_DRIVER -DSTM32U585xx -DFX_INCLUDE_USER_DEFINE_FILE -c -I../Core/Inc -I../Drivers/STM32U5xx_HAL_Driver/Inc -I../Drivers/STM32U5xx_HAL_Driver/Inc/Legacy -I../Drivers/CMSIS/Device/ST/STM32U5xx/Include -I../Drivers/CMSIS/Include -I../FileX/App -I../FileX/Target -I../Middlewares/ST/filex/common/inc -I../Middlewares/ST/filex/ports/generic/inc -O0 -ffunction-sections -fdata-sections -Wall -fstack-usage -fcyclomatic-complexity -MMD -MP -MF"Middlewares/ST/filex/common/src/fx_file_best_effort_allocate.d" -MT"Middlewares/ST/filex/common/src/fx_file_best_effort_allocate.o" --specs=nano.specs -mfpu=fpv5-sp-d16 -mfloat-abi=hard -mthumb -o "Middlewares/ST/filex/common/src/fx_file_best_effort_allocate.o"
arm-none-eabi-gcc "../Middlewares/ST/filex/common/src/fx_file_close.c" -mcpu=cortex-m33 -std=gnu11 -g3 -DDEBUG -DUSE_HAL_DRIVER -DSTM32U585xx -DFX_INCLUDE_USER_DEFINE_FILE -c -I../Core/Inc -I../Drivers/STM32U5xx_HAL_Driver/Inc -I../Drivers/STM32U5xx_HAL_Driver/Inc/Legacy -I../Drivers/CMSIS/Device/ST/STM32U5xx/Include -I../Drivers/CMSIS/Include -I../FileX/App -I../FileX/Target -I../Middlewares/ST/filex/common/inc -I../Middlewares/ST/filex/ports/generic/inc -O0 -ffunction-sections -fdata-sections -Wall -fstack-usage -fcyclomatic-complexity -MMD -MP -MF"Middlewares/ST/filex/common/src/fx_file_close.d" -MT"Middlewares/ST/filex/common/src/fx_file_close.o" --specs=nano.specs -mfpu=fpv5-sp-d16 -mfloat-abi=hard -mthumb -o "Middlewares/ST/filex/common/src/fx_file_close.o"
arm-none-eabi-gcc "../Middlewares/ST/filex/common/src/fx_file_create.c" -mcpu=cortex-m33 -std=gnu11 -g3 -DDEBUG -DUSE_HAL_DRIVER -DSTM32U585xx -DFX_INCLUDE_USER_DEFINE_FILE -c -I../Core/Inc -I../Drivers/STM32U5xx_HAL_Driver/Inc -I../Drivers/STM32U5xx_HAL_Driver/Inc/Legacy -I../Drivers/CMSIS/Device/ST/STM32U5xx/Include -I../Drivers/CMSIS/Include -I../FileX/App -I../FileX/Target -I../Middlewares/ST/filex/common/inc -I../Middlewares/ST/filex/ports/generic/inc -O0 -ffunction-sections -fdata-sections -Wall -fstack-usage -fcyclomatic-complexity -MMD -MP -MF"Middlewares/ST/filex/common/src/fx_file_create.d" -MT"Middlewares/ST/filex/common/src/fx_file_create.o" --specs=nano.specs -mfpu=fpv5-sp-d16 -mfloat-abi=hard -mthumb -o "Middlewares/ST/filex/common/src/fx_file_create.o"
arm-none-eabi-gcc "../Middlewares/ST/filex/common/src/fx_file_date_time_set.c" -mcpu=cortex-m33 -std=gnu11 -g3 -DDEBUG -DUSE_HAL_DRIVER -DSTM32U585xx -DFX_INCLUDE_USER_DEFINE_FILE -c -I../Core/Inc -I../Drivers/STM32U5xx_HAL_Driver/Inc -I../Drivers/STM32U5xx_HAL_Driver/Inc/Legacy -I../Drivers/CMSIS/Device/ST/STM32U5xx/Include -I../Drivers/CMSIS/Include -I../FileX/App -I../FileX/Target -I../Middlewares/ST/filex/common/inc -I../Middlewares/ST/filex/ports/generic/inc -O0 -ffunction-sections -fdata-sections -Wall -fstack-usage -fcyclomatic-complexity -MMD -MP -MF"Middlewares/ST/filex/common/src/fx_file_date_time_set.d" -MT"Middlewares/ST/filex/common/src/fx_file_date_time_set.o" --specs=nano.specs -mfpu=fpv5-sp-d16 -mfloat-abi=hard -mthumb -o "Middlewares/ST/filex/common/src/fx_file_date_time_set.o"
arm-none-eabi-gcc "../Middlewares/ST/filex/common/src/fx_file_delete.c" -mcpu=cortex-m33 -std=gnu11 -g3 -DDEBUG -DUSE_HAL_DRIVER -DSTM32U585xx -DFX_INCLUDE_USER_DEFINE_FILE -c -I../Core/Inc -I../Drivers/STM32U5xx_HAL_Driver/Inc -I../Drivers/STM32U5xx_HAL_Driver/Inc/Legacy -I../Drivers/CMSIS/Device/ST/STM32U5xx/Include -I../Drivers/CMSIS/Include -I../FileX/App -I../FileX/Target -I../Middlewares/ST/filex/common/inc -I../Middlewares/ST/filex/ports/generic/inc -O0 -ffunction-sections -fdata-sections -Wall -fstack-usage -fcyclomatic-complexity -MMD -MP -MF"Middlewares/ST/filex/common/src/fx_file_delete.d" -MT"Middlewares/ST/filex/common/src/fx_file_delete.o" --specs=nano.specs -mfpu=fpv5-sp-d16 -mfloat-abi=hard -mthumb -o "Middlewares/ST/filex/common/src/fx_file_delete.o"
[...]
 1645 | static void MX_USB_OTG_FS_PCD_Init(void)
      |             ^~~~~~~~~~~~~~~~~~~~~~
../Core/Src/main.c:1597:13: warning: 'MX_USART3_UART_Init' defined but not used [-Wunused-function]
 1597 | static void MX_USART3_UART_Init(void)
      |             ^~~~~~~~~~~~~~~~~~~
../Core/Src/main.c:1501:13: warning: 'MX_TIM3_Init' defined but not used [-Wunused-function]
 1501 | static void MX_TIM3_Init(void)
      |             ^~~~~~~~~~~~
../Core/Src/main.c:1395:13: warning: 'MX_SPI3_Init' defined but not used [-Wunused-function]
 1395 | static void MX_SPI3_Init(void)
      |             ^~~~~~~~~~~~
../Core/Src/main.c:1281:13: warning: 'MX_SPI1_Init' defined but not used [-Wunused-function]
 1281 | static void MX_SPI1_Init(void)
      |             ^~~~~~~~~~~~
../Core/Src/main.c:1166:13: warning: 'MX_SAI1_Init' defined but not used [-Wunused-function]
 1166 | static void MX_SAI1_Init(void)
      |             ^~~~~~~~~~~~
../Core/Src/main.c:1011:13: warning: 'MX_I2C3_Init' defined but not used [-Wunused-function]
 1011 | static void MX_I2C3_Init(void)
      |             ^~~~~~~~~~~~
../Core/Src/main.c:963:13: warning: 'MX_I2C2_Init' defined but not used [-Wunused-function]
  963 | static void MX_I2C2_Init(void)
      |             ^~~~~~~~~~~~
../Core/Src/main.c:915:13: warning: 'MX_I2C1_Init' defined but not used [-Wunused-function]
  915 | static void MX_I2C1_Init(void)
      |             ^~~~~~~~~~~~
../Core/Src/main.c:822:13: warning: 'MX_DAC1_Init' defined but not used [-Wunused-function]
  822 | static void MX_DAC1_Init(void)
      |             ^~~~~~~~~~~~
../Core/Src/main.c:768:13: warning: 'MX_MDF1_Init' defined but not used [-Wunused-function]
  768 | static void MX_MDF1_Init(void)
      |             ^~~~~~~~~~~~
../Core/Src/main.c:705:13: warning: 'MX_ADF1_Init' defined but not used [-Wunused-function]
  705 | static void MX_ADF1_Init(void)
      |             ^~~~~~~~~~~~
../Core/Src/main.c:661:13: warning: 'MX_ADC1_Init' defined but not used [-Wunused-function]
  661 | static void MX_ADC1_Init(void)
      |             ^~~~~~~~~~~~
../Core/Src/main.c:57:14: warning: 'media_buffer' defined but not used [-Wunused-variable]
   57 | static UCHAR media_buffer[4096];  // 8 sectors, aligned
      |              ^~~~~~~~~~~~
arm-none-eabi-gcc -o "SPI2_MDA_Chain_2_Sensor.elf" @"objects.list"   -mcpu=cortex-m33 -T"C:\Users\kerem\STM32CubeIDE\workspace_1.19.0\WorkSpaceSteval\Steval_Anomaly\SPI2_MDA_Chain_2_Sensor\STM32U585AIIXQ_FLASH.ld" --specs=nosys.specs -Wl,-Map="SPI2_MDA_Chain_2_Sensor.map" -Wl,--gc-sections -static --specs=nano.specs -mfpu=fpv5-sp-d16 -mfloat-abi=hard -mthumb -Wl,--start-group -lc -lm -Wl,--end-group
Finished building target: SPI2_MDA_Chain_2_Sensor.elf
 
arm-none-eabi-size  SPI2_MDA_Chain_2_Sensor.elf 
arm-none-eabi-objdump -h -S SPI2_MDA_Chain_2_Sensor.elf  > "SPI2_MDA_Chain_2_Sensor.list"
   text	   data	    bss	    dec	    hex	filename
 104561	    184	  32704	 137449	  218e9	SPI2_MDA_Chain_2_Sensor.elf
Finished building: default.size.stdout
 
Finished building: SPI2_MDA_Chain_2_Sensor.list
 
16:14:31 **** Incremental Build of configuration Debug for project SPI2_MDA_Chain_2_Sensor ****
make -j8 all 
arm-none-eabi-size  SPI2_MDA_Chain_2_Sensor.elf 
   text	   data	    bss	    dec	    hex	filename
 104561	    184	  32704	 137449	  218e9	SPI2_MDA_Chain_2_Sensor.elf
Finished building: default.size.stdout
 
16:24:15 **** Incremental Build of configuration Debug for project SPI2_MDA_Chain_2_Sensor ****
make -j8 all 
arm-none-eabi-gcc "../Core/Src/main.c" -mcpu=cortex-m33 -std=gnu11 -g3 -DDEBUG -DUSE_HAL_DRIVER -DSTM32U585xx -DFX_INCLUDE_USER_DEFINE_FILE -c -I../Core/Inc -I../Drivers/STM32U5xx_HAL_Driver/Inc -I../Drivers/STM32U5xx_HAL_Driver/Inc/Legacy -I../Drivers/CMSIS/Device/ST/STM32U5xx/Include -I../Drivers/CMSIS/Include -I../FileX/App -I../FileX/Target -I../Middlewares/ST/filex/common/inc -I../Middlewares/ST/filex/ports/generic/inc -O0 -ffunction-sections -fdata-sections -Wall -fstack-usage -fcyclomatic-complexity -MMD -MP -MF"Core/Src/main.d" -MT"Core/Src/main.o" --specs=nano.specs -mfpu=fpv5-sp-d16 -mfloat-abi=hard -mthumb -o "Core/Src/main.o"
../Core/Src/main.c: In function 'main':
../Core/Src/main.c:316:80: warning: unused variable 'm' [-Wunused-variable]
  316 |                                                                           char m[64];
      |                                                                                ^
../Core/Src/main.c: In function 'Initialize_Sensors':
../Core/Src/main.c:1889:10: warning: unused variable 'uart_buf' [-Wunused-variable]
 1889 |     char uart_buf[100];
      |          ^~~~~~~~
../Core/Src/main.c: At top level:
../Core/Src/main.c:1651:13: warning: 'MX_USB_OTG_FS_PCD_Init' defined but not used [-Wunused-function]
 1651 | static void MX_USB_OTG_FS_PCD_Init(void)
      |             ^~~~~~~~~~~~~~~~~~~~~~
../Core/Src/main.c:1603:13: warning: 'MX_USART3_UART_Init' defined but not used [-Wunused-function]
 1603 | static void MX_USART3_UART_Init(void)
      |             ^~~~~~~~~~~~~~~~~~~
../Core/Src/main.c:1507:13: warning: 'MX_TIM3_Init' defined but not used [-Wunused-function]
 1507 | static void MX_TIM3_Init(void)
      |             ^~~~~~~~~~~~
../Core/Src/main.c:1401:13: warning: 'MX_SPI3_Init' defined but not used [-Wunused-function]
 1401 | static void MX_SPI3_Init(void)
      |             ^~~~~~~~~~~~
../Core/Src/main.c:1287:13: warning: 'MX_SPI1_Init' defined but not used [-Wunused-function]
 1287 | static void MX_SPI1_Init(void)
      |             ^~~~~~~~~~~~
../Core/Src/main.c:1172:13: warning: 'MX_SAI1_Init' defined but not used [-Wunused-function]
 1172 | static void MX_SAI1_Init(void)
      |             ^~~~~~~~~~~~
../Core/Src/main.c:1017:13: warning: 'MX_I2C3_Init' defined but not used [-Wunused-function]
 1017 | static void MX_I2C3_Init(void)
      |             ^~~~~~~~~~~~
../Core/Src/main.c:969:13: warning: 'MX_I2C2_Init' defined but not used [-Wunused-function]
  969 | static void MX_I2C2_Init(void)
      |             ^~~~~~~~~~~~
../Core/Src/main.c:921:13: warning: 'MX_I2C1_Init' defined but not used [-Wunused-function]
  921 | static void MX_I2C1_Init(void)
      |             ^~~~~~~~~~~~
../Core/Src/main.c:828:13: warning: 'MX_DAC1_Init' defined but not used [-Wunused-function]
  828 | static void MX_DAC1_Init(void)
      |             ^~~~~~~~~~~~
../Core/Src/main.c:774:13: warning: 'MX_MDF1_Init' defined but not used [-Wunused-function]
  774 | static void MX_MDF1_Init(void)
      |             ^~~~~~~~~~~~
../Core/Src/main.c:711:13: warning: 'MX_ADF1_Init' defined but not used [-Wunused-function]
  711 | static void MX_ADF1_Init(void)
      |             ^~~~~~~~~~~~
../Core/Src/main.c:667:13: warning: 'MX_ADC1_Init' defined but not used [-Wunused-function]
  667 | static void MX_ADC1_Init(void)
      |             ^~~~~~~~~~~~
../Core/Src/main.c:57:14: warning: 'media_buffer' defined but not used [-Wunused-variable]
   57 | static UCHAR media_buffer[4096];  // 8 sectors, aligned
      |              ^~~~~~~~~~~~
arm-none-eabi-gcc -o "SPI2_MDA_Chain_2_Sensor.elf" @"objects.list"   -mcpu=cortex-m33 -T"C:\Users\kerem\STM32CubeIDE\workspace_1.19.0\WorkSpaceSteval\Steval_Anomaly\SPI2_MDA_Chain_2_Sensor\STM32U585AIIXQ_FLASH.ld" --specs=nosys.specs -Wl,-Map="SPI2_MDA_Chain_2_Sensor.map" -Wl,--gc-sections -static --specs=nano.specs -mfpu=fpv5-sp-d16 -mfloat-abi=hard -mthumb -Wl,--start-group -lc -lm -Wl,--end-group
Finished building target: SPI2_MDA_Chain_2_Sensor.elf
 
arm-none-eabi-size  SPI2_MDA_Chain_2_Sensor.elf 
arm-none-eabi-objdump -h -S SPI2_MDA_Chain_2_Sensor.elf  > "SPI2_MDA_Chain_2_Sensor.list"
   text	   data	    bss	    dec	    hex	filename
 105729	    184	  32704	 138617	  21d79	SPI2_MDA_Chain_2_Sensor.elf
Finished building: default.size.stdout
 
Finished building: SPI2_MDA_Chain_2_Sensor.list
 
16:24:30 **** Incremental Build of configuration Debug for project SPI2_MDA_Chain_2_Sensor ****
make -j8 all 
arm-none-eabi-size  SPI2_MDA_Chain_2_Sensor.elf 
   text	   data	    bss	    dec	    hex	filename
 105729	    184	  32704	 138617	  21d79	SPI2_MDA_Chain_2_Sensor.elf
Finished building: default.size.stdout
 
16:24:57 **** Incremental Build of configuration Debug for project SPI2_MDA_Chain_2_Sensor ****
make -j8 all 
arm-none-eabi-size  SPI2_MDA_Chain_2_Sensor.elf 
   text	   data	    bss	    dec	    hex	filename
 105729	    184	  32704	 138617	  21d79	SPI2_MDA_Chain_2_Sensor.elf
Finished building: default.size.stdout
 
16:27:03 **** Incremental Build of configuration Debug for project SPI2_MDA_Chain_2_Sensor ****
make -j8 all 
arm-none-eabi-gcc "../Core/Src/main.c" -mcpu=cortex-m33 -std=gnu11 -g3 -DDEBUG -DUSE_HAL_DRIVER -DSTM32U585xx -DFX_INCLUDE_USER_DEFINE_FILE -c -I../Core/Inc -I../Drivers/STM32U5xx_HAL_Driver/Inc -I../Drivers/STM32U5xx_HAL_Driver/Inc/Legacy -I../Drivers/CMSIS/Device/ST/STM32U5xx/Include -I../Drivers/CMSIS/Include -I../FileX/App -I../FileX/Target -I../Middlewares/ST/filex/common/inc -I../Middlewares/ST/filex/ports/generic/inc -O0 -ffunction-sections -fdata-sections -Wall -fstack-usage -fcyclomatic-complexity -MMD -MP -MF"Core/Src/main.d" -MT"Core/Src/main.o" --specs=nano.specs -mfpu=fpv5-sp-d16 -mfloat-abi=hard -mthumb -o "Core/Src/main.o"
../Core/Src/main.c: In function 'main':
../Core/Src/main.c:316:80: warning: unused variable 'm' [-Wunused-variable]
  316 |                                                                           char m[64];
      |                                                                                ^
../Core/Src/main.c: In function 'Initialize_Sensors':
../Core/Src/main.c:1889:10: warning: unused variable 'uart_buf' [-Wunused-variable]
 1889 |     char uart_buf[100];
      |          ^~~~~~~~
../Core/Src/main.c: At top level:
../Core/Src/main.c:1651:13: warning: 'MX_USB_OTG_FS_PCD_Init' defined but not used [-Wunused-function]
 1651 | static void MX_USB_OTG_FS_PCD_Init(void)
      |             ^~~~~~~~~~~~~~~~~~~~~~
../Core/Src/main.c:1603:13: warning: 'MX_USART3_UART_Init' defined but not used [-Wunused-function]
 1603 | static void MX_USART3_UART_Init(void)
      |             ^~~~~~~~~~~~~~~~~~~
../Core/Src/main.c:1507:13: warning: 'MX_TIM3_Init' defined but not used [-Wunused-function]
 1507 | static void MX_TIM3_Init(void)
      |             ^~~~~~~~~~~~
../Core/Src/main.c:1401:13: warning: 'MX_SPI3_Init' defined but not used [-Wunused-function]
 1401 | static void MX_SPI3_Init(void)
      |             ^~~~~~~~~~~~
../Core/Src/main.c:1287:13: warning: 'MX_SPI1_Init' defined but not used [-Wunused-function]
 1287 | static void MX_SPI1_Init(void)
      |             ^~~~~~~~~~~~
../Core/Src/main.c:1172:13: warning: 'MX_SAI1_Init' defined but not used [-Wunused-function]
 1172 | static void MX_SAI1_Init(void)
      |             ^~~~~~~~~~~~
../Core/Src/main.c:1017:13: warning: 'MX_I2C3_Init' defined but not used [-Wunused-function]
 1017 | static void MX_I2C3_Init(void)
      |             ^~~~~~~~~~~~
../Core/Src/main.c:969:13: warning: 'MX_I2C2_Init' defined but not used [-Wunused-function]
  969 | static void MX_I2C2_Init(void)
      |             ^~~~~~~~~~~~
../Core/Src/main.c:921:13: warning: 'MX_I2C1_Init' defined but not used [-Wunused-function]
  921 | static void MX_I2C1_Init(void)
      |             ^~~~~~~~~~~~
../Core/Src/main.c:828:13: warning: 'MX_DAC1_Init' defined but not used [-Wunused-function]
  828 | static void MX_DAC1_Init(void)
      |             ^~~~~~~~~~~~
../Core/Src/main.c:774:13: warning: 'MX_MDF1_Init' defined but not used [-Wunused-function]
  774 | static void MX_MDF1_Init(void)
      |             ^~~~~~~~~~~~
../Core/Src/main.c:711:13: warning: 'MX_ADF1_Init' defined but not used [-Wunused-function]
  711 | static void MX_ADF1_Init(void)
      |             ^~~~~~~~~~~~
../Core/Src/main.c:667:13: warning: 'MX_ADC1_Init' defined but not used [-Wunused-function]
  667 | static void MX_ADC1_Init(void)
      |             ^~~~~~~~~~~~
../Core/Src/main.c:57:14: warning: 'media_buffer' defined but not used [-Wunused-variable]
   57 | static UCHAR media_buffer[4096];  // 8 sectors, aligned
      |              ^~~~~~~~~~~~
arm-none-eabi-gcc -o "SPI2_MDA_Chain_2_Sensor.elf" @"objects.list"   -mcpu=cortex-m33 -T"C:\Users\kerem\STM32CubeIDE\workspace_1.19.0\WorkSpaceSteval\Steval_Anomaly\SPI2_MDA_Chain_2_Sensor\STM32U585AIIXQ_FLASH.ld" --specs=nosys.specs -Wl,-Map="SPI2_MDA_Chain_2_Sensor.map" -Wl,--gc-sections -static --specs=nano.specs -mfpu=fpv5-sp-d16 -mfloat-abi=hard -mthumb -Wl,--start-group -lc -lm -Wl,--end-group
Finished building target: SPI2_MDA_Chain_2_Sensor.elf
 
arm-none-eabi-size  SPI2_MDA_Chain_2_Sensor.elf 
arm-none-eabi-objdump -h -S SPI2_MDA_Chain_2_Sensor.elf  > "SPI2_MDA_Chain_2_Sensor.list"
   text	   data	    bss	    dec	    hex	filename
 105729	    184	  32704	 138617	  21d79	SPI2_MDA_Chain_2_Sensor.elf
Finished building: default.size.stdout
 
Finished building: SPI2_MDA_Chain_2_Sensor.list
 
16:27:27 **** Incremental Build of configuration Debug for project SPI2_MDA_Chain_2_Sensor ****
make -j8 all 
arm-none-eabi-size  SPI2_MDA_Chain_2_Sensor.elf 
   text	   data	    bss	    dec	    hex	filename
 105729	    184	  32704	 138617	  21d79	SPI2_MDA_Chain_2_Sensor.elf
Finished building: default.size.stdout
 
16:29:54 **** Incremental Build of configuration Debug for project SPI2_MDA_Chain_2_Sensor ****
make -j8 all 
arm-none-eabi-size  SPI2_MDA_Chain_2_Sensor.elf 
   text	   data	    bss	    dec	    hex	filename
 105729	    184	  32704	 138617	  21d79	SPI2_MDA_Chain_2_Sensor.elf
Finished building: default.size.stdout
 
16:30:20 **** Incremental Build of configuration Debug for project SPI2_MDA_Chain_2_Sensor ****
make -j8 all 
arm-none-eabi-size  SPI2_MDA_Chain_2_Sensor.elf 
   text	   data	    bss	    dec	    hex	filename
 105729	    184	  32704	 138617	  21d79	SPI2_MDA_Chain_2_Sensor.elf
Finished building: default.size.stdout
 
16:30:56 **** Incremental Build of configuration Debug for project SPI2_MDA_Chain_2_Sensor ****
make -j8 all 
arm-none-eabi-size  SPI2_MDA_Chain_2_Sensor.elf 
   text	   data	    bss	    dec	    hex	filename
 105729	    184	  32704	 138617	  21d79	SPI2_MDA_Chain_2_Sensor.elf
Finished building: default.size.stdout
 
16:37:44 **** Incremental Build of configuration Debug for project SPI2_MDA_Chain_2_Sensor ****
make -j8 all 
arm-none-eabi-gcc "../Core/Src/main.c" -mcpu=cortex-m33 -std=gnu11 -g3 -DDEBUG -DUSE_HAL_DRIVER -DSTM32U585xx -DFX_INCLUDE_USER_DEFINE_FILE -c -I../Core/Inc -I../Drivers/STM32U5xx_HAL_Driver/Inc -I../Drivers/STM32U5xx_HAL_Driver/Inc/Legacy -I../Drivers/CMSIS/Device/ST/STM32U5xx/Include -I../Drivers/CMSIS/Include -I../FileX/App -I../FileX/Target -I../Middlewares/ST/filex/common/inc -I../Middlewares/ST/filex/ports/generic/inc -O0 -ffunction-sections -fdata-sections -Wall -fstack-usage -fcyclomatic-complexity -MMD -MP -MF"Core/Src/main.d" -MT"Core/Src/main.o" --specs=nano.specs -mfpu=fpv5-sp-d16 -mfloat-abi=hard -mthumb -o "Core/Src/main.o"
../Core/Src/main.c: In function 'main':
../Core/Src/main.c:316:80: warning: unused variable 'm' [-Wunused-variable]
  316 |                                                                           char m[64];
      |                                                                                ^
../Core/Src/main.c: In function 'Initialize_Sensors':
../Core/Src/main.c:1889:10: warning: unused variable 'uart_buf' [-Wunused-variable]
 1889 |     char uart_buf[100];
      |          ^~~~~~~~
../Core/Src/main.c: At top level:
../Core/Src/main.c:1651:13: warning: 'MX_USB_OTG_FS_PCD_Init' defined but not used [-Wunused-function]
 1651 | static void MX_USB_OTG_FS_PCD_Init(void)
      |             ^~~~~~~~~~~~~~~~~~~~~~
../Core/Src/main.c:1603:13: warning: 'MX_USART3_UART_Init' defined but not used [-Wunused-function]
 1603 | static void MX_USART3_UART_Init(void)
      |             ^~~~~~~~~~~~~~~~~~~
../Core/Src/main.c:1507:13: warning: 'MX_TIM3_Init' defined but not used [-Wunused-function]
 1507 | static void MX_TIM3_Init(void)
      |             ^~~~~~~~~~~~
../Core/Src/main.c:1401:13: warning: 'MX_SPI3_Init' defined but not used [-Wunused-function]
 1401 | static void MX_SPI3_Init(void)
      |             ^~~~~~~~~~~~
../Core/Src/main.c:1287:13: warning: 'MX_SPI1_Init' defined but not used [-Wunused-function]
 1287 | static void MX_SPI1_Init(void)
      |             ^~~~~~~~~~~~
../Core/Src/main.c:1172:13: warning: 'MX_SAI1_Init' defined but not used [-Wunused-function]
 1172 | static void MX_SAI1_Init(void)
      |             ^~~~~~~~~~~~
../Core/Src/main.c:1017:13: warning: 'MX_I2C3_Init' defined but not used [-Wunused-function]
 1017 | static void MX_I2C3_Init(void)
      |             ^~~~~~~~~~~~
../Core/Src/main.c:969:13: warning: 'MX_I2C2_Init' defined but not used [-Wunused-function]
  969 | static void MX_I2C2_Init(void)
      |             ^~~~~~~~~~~~
../Core/Src/main.c:921:13: warning: 'MX_I2C1_Init' defined but not used [-Wunused-function]
  921 | static void MX_I2C1_Init(void)
      |             ^~~~~~~~~~~~
../Core/Src/main.c:828:13: warning: 'MX_DAC1_Init' defined but not used [-Wunused-function]
  828 | static void MX_DAC1_Init(void)
      |             ^~~~~~~~~~~~
../Core/Src/main.c:774:13: warning: 'MX_MDF1_Init' defined but not used [-Wunused-function]
  774 | static void MX_MDF1_Init(void)
      |             ^~~~~~~~~~~~
../Core/Src/main.c:711:13: warning: 'MX_ADF1_Init' defined but not used [-Wunused-function]
  711 | static void MX_ADF1_Init(void)
      |             ^~~~~~~~~~~~
../Core/Src/main.c:667:13: warning: 'MX_ADC1_Init' defined but not used [-Wunused-function]
  667 | static void MX_ADC1_Init(void)
      |             ^~~~~~~~~~~~
../Core/Src/main.c:57:14: warning: 'media_buffer' defined but not used [-Wunused-variable]
   57 | static UCHAR media_buffer[4096];  // 8 sectors, aligned
      |              ^~~~~~~~~~~~
arm-none-eabi-gcc -o "SPI2_MDA_Chain_2_Sensor.elf" @"objects.list"   -mcpu=cortex-m33 -T"C:\Users\kerem\STM32CubeIDE\workspace_1.19.0\WorkSpaceSteval\Steval_Anomaly\SPI2_MDA_Chain_2_Sensor\STM32U585AIIXQ_FLASH.ld" --specs=nosys.specs -Wl,-Map="SPI2_MDA_Chain_2_Sensor.map" -Wl,--gc-sections -static --specs=nano.specs -mfpu=fpv5-sp-d16 -mfloat-abi=hard -mthumb -Wl,--start-group -lc -lm -Wl,--end-group
Finished building target: SPI2_MDA_Chain_2_Sensor.elf
 
arm-none-eabi-size  SPI2_MDA_Chain_2_Sensor.elf 
arm-none-eabi-objdump -h -S SPI2_MDA_Chain_2_Sensor.elf  > "SPI2_MDA_Chain_2_Sensor.list"
   text	   data	    bss	    dec	    hex	filename
 105729	    184	  32704	 138617	  21d79	SPI2_MDA_Chain_2_Sensor.elf
Finished building: default.size.stdout
 
Finished building: SPI2_MDA_Chain_2_Sensor.list
 
16:38:58 **** Incremental Build of configuration Debug for project SPI2_MDA_Chain_2_Sensor ****
make -j8 all 
arm-none-eabi-size  SPI2_MDA_Chain_2_Sensor.elf 
   text	   data	    bss	    dec	    hex	filename
 105729	    184	  32704	 138617	  21d79	SPI2_MDA_Chain_2_Sensor.elf
Finished building: default.size.stdout
 
16:39:21 **** Incremental Build of configuration Debug for project SPI2_MDA_Chain_2_Sensor ****
make -j8 all 
arm-none-eabi-size  SPI2_MDA_Chain_2_Sensor.elf 
   text	   data	    bss	    dec	    hex	filename
 105729	    184	  32704	 138617	  21d79	SPI2_MDA_Chain_2_Sensor.elf
Finished building: default.size.stdout
 
16:41:10 **** Incremental Build of configuration Debug for project SPI2_MDA_Chain_2_Sensor ****
make -j8 all 
arm-none-eabi-size  SPI2_MDA_Chain_2_Sensor.elf 
   text	   data	    bss	    dec	    hex	filename
 105729	    184	  32704	 138617	  21d79	SPI2_MDA_Chain_2_Sensor.elf
Finished building: default.size.stdout
 
16:43:47 **** Incremental Build of configuration Debug for project SPI2_MDA_Chain_2_Sensor ****
make -j8 all 
arm-none-eabi-size  SPI2_MDA_Chain_2_Sensor.elf 
   text	   data	    bss	    dec	    hex	filename
 105729	    184	  32704	 138617	  21d79	SPI2_MDA_Chain_2_Sensor.elf
Finished building: default.size.stdout
 
