14:25:29 **** Incremental Build of configuration Debug for project SPI2_MDA_Chain_2_Sensor ****
make -j8 all 
arm-none-eabi-gcc "../Core/Src/main.c" -mcpu=cortex-m33 -std=gnu11 -g3 -DDEBUG -DUSE_HAL_DRIVER -DSTM32U585xx -c -I../Core/Inc -I../Drivers/STM32U5xx_HAL_Driver/Inc -I../Drivers/STM32U5xx_HAL_Driver/Inc/Legacy -I../Drivers/CMSIS/Device/ST/STM32U5xx/Include -I../Drivers/CMSIS/Include -O0 -ffunction-sections -fdata-sections -Wall -fstack-usage -fcyclomatic-complexity -MMD -MP -MF"Core/Src/main.d" -MT"Core/Src/main.o" --specs=nano.specs -mfpu=fpv5-sp-d16 -mfloat-abi=hard -mthumb -o "Core/Src/main.o"
arm-none-eabi-gcc -o "SPI2_MDA_Chain_2_Sensor.elf" @"objects.list"   -mcpu=cortex-m33 -T"C:\Users\kerem\STM32CubeIDE\workspace_1.19.0\WorkSpaceSteval\Steval_Anomaly\SPI2_MDA_Chain_2_Sensor\STM32U585AIIXQ_FLASH.ld" --specs=nosys.specs -Wl,-Map="SPI2_MDA_Chain_2_Sensor.map" -Wl,--gc-sections -static --specs=nano.specs -mfpu=fpv5-sp-d16 -mfloat-abi=hard -mthumb -Wl,--start-group -lc -lm -Wl,--end-group
Finished building target: SPI2_MDA_Chain_2_Sensor.elf
 
arm-none-eabi-size  SPI2_MDA_Chain_2_Sensor.elf 
arm-none-eabi-objdump -h -S SPI2_MDA_Chain_2_Sensor.elf  > "SPI2_MDA_Chain_2_Sensor.list"
   text	   data	    bss	    dec	    hex	filename
  42739	     92	   5396	  48227	   bc63	SPI2_MDA_Chain_2_Sensor.elf
Finished building: default.size.stdout
 
Finished building: SPI2_MDA_Chain_2_Sensor.list
 
