../Core/Src/main.c:173:5:main	352	static
../Core/Src/main.c:329:6:SystemClock_Config	128	static
../Core/Src/main.c:396:13:MX_GPDMA1_Init	16	static
../Core/Src/main.c:435:13:MX_SPI2_Init	24	static
../Core/Src/main.c:497:13:MX_USART2_UART_Init	8	static
../Core/Src/main.c:550:13:MX_GPIO_Init	64	static
../Core/Src/main.c:751:6:Initialize_Sensors	136	static
../Core/Src/main.c:860:10:start_sensor_read_chain	8	static
../Core/Src/main.c:880:6:HAL_SPI_TxRxCpltCallback	16	static
../Core/Src/main.c:933:6:Error_Handler	4	static,ignoring_inline_asm
