../Core/Src/main.c:206:5:main	11
../Core/Src/main.c:539:6:SystemClock_Config	4
../Core/Src/main.c:597:6:PeriphCommonClock_Config	2
../Core/Src/main.c:636:13:SystemPower_Config	1
../Core/Src/main.c:667:13:MX_ADC1_Init	2
../Core/Src/main.c:711:13:MX_ADF1_Init	2
../Core/Src/main.c:774:13:MX_MDF1_Init	2
../Core/Src/main.c:828:13:MX_DAC1_Init	4
../Core/Src/main.c:883:13:MX_GPDMA1_Init	1
../Core/Src/main.c:921:13:MX_I2C1_Init	4
../Core/Src/main.c:969:13:MX_I2C2_Init	4
../Core/Src/main.c:1017:13:MX_I2C3_Init	4
../Core/Src/main.c:1065:13:MX_ICACHE_Init	3
../Core/Src/main.c:1097:13:MX_RTC_Init	5
../Core/Src/main.c:1172:13:MX_SAI1_Init	3
../Core/Src/main.c:1256:13:MX_SDMMC1_SD_Init	2
../Core/Src/main.c:1287:13:MX_SPI1_Init	3
../Core/Src/main.c:1344:13:MX_SPI2_Init	3
../Core/Src/main.c:1401:13:MX_SPI3_Init	3
../Core/Src/main.c:1458:13:MX_TAMP_RTC_Init	3
../Core/Src/main.c:1507:13:MX_TIM3_Init	4
../Core/Src/main.c:1555:13:MX_USART2_UART_Init	5
../Core/Src/main.c:1603:13:MX_USART3_UART_Init	5
../Core/Src/main.c:1651:13:MX_USB_OTG_FS_PCD_Init	2
../Core/Src/main.c:1687:13:MX_GPIO_Init	1
../Core/Src/main.c:1888:6:Initialize_Sensors	2
../Core/Src/main.c:1944:6:start_sensor_read	2
../Core/Src/main.c:1961:6:HAL_SPI_TxRxCpltCallback	2
../Core/Src/main.c:1986:6:Error_Handler	1
