../Core/Src/stm32u5xx_hal_msp.c:82:6:HAL_MspInit	16	static
../Core/Src/stm32u5xx_hal_msp.c:107:6:HAL_ADC_MspInit	48	static
../Core/Src/stm32u5xx_hal_msp.c:146:6:HAL_ADC_MspDeInit	16	static
../Core/Src/stm32u5xx_hal_msp.c:178:6:HAL_MDF_MspInit	160	static
../Core/Src/stm32u5xx_hal_msp.c:350:6:HAL_MDF_MspDeInit	16	static
../Core/Src/stm32u5xx_hal_msp.c:400:6:HAL_DAC_MspInit	248	static
../Core/Src/stm32u5xx_hal_msp.c:445:6:HAL_DAC_MspDeInit	16	static
../Core/Src/stm32u5xx_hal_msp.c:473:6:HAL_I2C_MspInit	272	static
../Core/Src/stm32u5xx_hal_msp.c:649:6:HAL_I2C_MspDeInit	16	static
../Core/Src/stm32u5xx_hal_msp.c:723:6:HAL_RTC_MspInit	224	static
../Core/Src/stm32u5xx_hal_msp.c:759:6:HAL_RTC_MspDeInit	16	static
../Core/Src/stm32u5xx_hal_msp.c:783:6:HAL_SD_MspInit	256	static
../Core/Src/stm32u5xx_hal_msp.c:848:6:HAL_SD_MspDeInit	16	static
../Core/Src/stm32u5xx_hal_msp.c:886:6:HAL_SPI_MspInit	280	static
../Core/Src/stm32u5xx_hal_msp.c:1087:6:HAL_SPI_MspDeInit	16	static
../Core/Src/stm32u5xx_hal_msp.c:1168:6:HAL_TIM_IC_MspInit	48	static
../Core/Src/stm32u5xx_hal_msp.c:1204:6:HAL_TIM_IC_MspDeInit	16	static
../Core/Src/stm32u5xx_hal_msp.c:1232:6:HAL_UART_MspInit	264	static
../Core/Src/stm32u5xx_hal_msp.c:1324:6:HAL_UART_MspDeInit	16	static
../Core/Src/stm32u5xx_hal_msp.c:1376:6:HAL_PCD_MspInit	256	static
../Core/Src/stm32u5xx_hal_msp.c:1435:6:HAL_PCD_MspDeInit	16	static
../Core/Src/stm32u5xx_hal_msp.c:1460:6:HAL_SAI_MspInit	248	static
../Core/Src/stm32u5xx_hal_msp.c:1531:6:HAL_SAI_MspDeInit	16	static
